
[1m[46m RUN [49m[22m [36mv3.2.6 [39m[90mC:/Users/User/Alternate me/backend/src[39m

{"level":"info","time":"2026-09-16T09:59:36.345Z","pid":3524,"hostname":"DESKTOP-6F2E0JQ","timestamp":"2026-09-16T09:59:36.344Z","message":"Starting a postgresql pool with 5 connections in PgBouncer mode.","target":"quaint::pooled","msg":"prisma info"}
{"level":"info","time":"2026-09-16T09:59:36.355Z","pid":25716,"hostname":"DESKTOP-6F2E0JQ","timestamp":"2026-09-16T09:59:36.354Z","message":"Starting a postgresql pool with 5 connections in PgBouncer mode.","target":"quaint::pooled","msg":"prisma info"}
{"level":"info","time":"2026-09-16T09:59:36.825Z","pid":36860,"hostname":"DESKTOP-6F2E0JQ","timestamp":"2026-09-16T09:59:36.824Z","message":"Starting a postgresql pool with 5 connections in PgBouncer mode.","target":"quaint::pooled","msg":"prisma info"}
{"level":"info","time":"2026-09-16T09:59:37.901Z","pid":37800,"hostname":"DESKTOP-6F2E0JQ","timestamp":"2026-09-16T09:59:37.900Z","message":"Starting a postgresql pool with 5 connections in PgBouncer mode.","target":"quaint::pooled","msg":"prisma info"}
{"level":"debug","time":"2026-09-16T09:59:38.490Z","pid":25716,"hostname":"DESKTOP-6F2E0JQ","query":"BEGIN","duration":255,"msg":"prisma query"}
{"level":"debug","time":"2026-09-16T09:59:38.490Z","pid":3524,"hostname":"DESKTOP-6F2E0JQ","query":"BEGIN","duration":257,"msg":"prisma query"}
{"level":"info","time":"2026-09-16T09:59:38.504Z","pid":37044,"hostname":"DESKTOP-6F2E0JQ","timestamp":"2026-09-16T09:59:38.503Z","message":"Starting a postgresql pool with 5 connections in PgBouncer mode.","target":"quaint::pooled","msg":"prisma info"}
{"level":"debug","time":"2026-09-16T09:59:38.737Z","pid":3524,"hostname":"DESKTOP-6F2E0JQ","query":"DEALLOCATE ALL","duration":246,"msg":"prisma query"}
{"level":"debug","time":"2026-09-16T09:59:38.738Z","pid":25716,"hostname":"DESKTOP-6F2E0JQ","query":"DEALLOCATE ALL","duration":247,"msg":"prisma query"}
{"level":"debug","time":"2026-09-16T09:59:38.979Z","pid":36860,"hostname":"DESKTOP-6F2E0JQ","query":"BEGIN","duration":247,"msg":"prisma query"}
{"level":"debug","time":"2026-09-16T09:59:39.247Z","pid":36860,"hostname":"DESKTOP-6F2E0JQ","query":"DEALLOCATE ALL","duration":267,"msg":"prisma query"}
{"level":"debug","time":"2026-09-16T09:59:39.274Z","pid":3524,"hostname":"DESKTOP-6F2E0JQ","query":"SELECT 1","duration":540,"msg":"prisma query"}
{"level":"debug","time":"2026-09-16T09:59:39.547Z","pid":3524,"hostname":"DESKTOP-6F2E0JQ","query":"COMMIT","duration":272,"msg":"prisma query"}
{"level":"debug","time":"2026-09-16T09:59:39.786Z","pid":25716,"hostname":"DESKTOP-6F2E0JQ","query":"SELECT 1","duration":1031,"msg":"prisma query"}
{"level":"debug","time":"2026-09-16T09:59:39.788Z","pid":36860,"hostname":"DESKTOP-6F2E0JQ","query":"SELECT 1","duration":527,"msg":"prisma query"}
 [31m├ù[39m tests/integration/onboarding-flow.test.ts[2m > [22mOnboarding Flow Integration Tests[2m > [22mAuthentication[2m > [22mregisters User A[32m 130[2mms[22m[39m
[31m   ΓåÆ fetch failed[39m
 [31m├ù[39m tests/integration/onboarding-flow.test.ts[2m > [22mOnboarding Flow Integration Tests[2m > [22mAuthentication[2m > [22mregisters User B[32m 15[2mms[22m[39m
[31m   ΓåÆ fetch failed[39m
 [31m├ù[39m tests/integration/onboarding-flow.test.ts[2m > [22mOnboarding Flow Integration Tests[2m > [22mAuthentication[2m > [22mrejects login with unverified email[32m 8[2mms[22m[39m
[31m   ΓåÆ fetch failed[39m
 [31m├ù[39m tests/integration/onboarding-flow.test.ts[2m > [22mOnboarding Flow Integration Tests[2m > [22mAuthentication[2m > [22mgets current user with registration token[32m 7[2mms[22m[39m
[31m   ΓåÆ fetch failed[39m
 [31m├ù[39m tests/integration/onboarding-flow.test.ts[2m > [22mOnboarding Flow Integration Tests[2m > [22mAlternate Creation[2m > [22mstarts onboarding and creates alternate[32m 26[2mms[22m[39m
[31m   ΓåÆ fetch failed[39m
 [31m├ù[39m tests/integration/onboarding-flow.test.ts[2m > [22mOnboarding Flow Integration Tests[2m > [22mAlternate Creation[2m > [22mrejects duplicate username[32m 14[2mms[22m[39m
[31m   ΓåÆ fetch failed[39m
 [31m├ù[39m tests/integration/onboarding-flow.test.ts[2m > [22mOnboarding Flow Integration Tests[2m > [22mAlternate Creation[2m > [22mrejects reserved username[32m 8[2mms[22m[39m
[31m   ΓåÆ fetch failed[39m
 [31m├ù[39m tests/integration/onboarding-flow.test.ts[2m > [22mOnboarding Flow Integration Tests[2m > [22mOnboarding[2m > [22mgets onboarding status[32m 47[2mms[22m[39m
[31m   ΓåÆ fetch failed[39m
 [31m├ù[39m tests/integration/onboarding-flow.test.ts[2m > [22mOnboarding Flow Integration Tests[2m > [22mOnboarding[2m > [22msaves personal info[32m 16[2mms[22m[39m
[31m   ΓåÆ fetch failed[39m
 [31m├ù[39m tests/integration/onboarding-flow.test.ts[2m > [22mOnboarding Flow Integration Tests[2m > [22mOnboarding[2m > [22mrejects unauthenticated access[32m 14[2mms[22m[39m
[31m   ΓåÆ fetch failed[39m
 [31m├ù[39m tests/integration/onboarding-flow.test.ts[2m > [22mOnboarding Flow Integration Tests[2m > [22mPersona[2m > [22msaves persona[32m 22[2mms[22m[39m
[31m   ΓåÆ fetch failed[39m
 [31m├ù[39m tests/integration/onboarding-flow.test.ts[2m > [22mOnboarding Flow Integration Tests[2m > [22mPersona[2m > [22mupserts persona (no duplicates)[32m 16[2mms[22m[39m
[31m   ΓåÆ fetch failed[39m
{"level":"debug","time":"2026-09-16T09:59:40.007Z","pid":36860,"hostname":"DESKTOP-6F2E0JQ","query":"COMMIT","duration":240,"msg":"prisma query"}
{"level":"debug","time":"2026-09-16T09:59:40.012Z","pid":25716,"hostname":"DESKTOP-6F2E0JQ","query":"COMMIT","duration":244,"msg":"prisma query"}
{"level":"debug","time":"2026-09-16T09:59:40.121Z","pid":37800,"hostname":"DESKTOP-6F2E0JQ","query":"BEGIN","duration":251,"msg":"prisma query"}
{"level":"error","time":"2026-09-16T09:59:40.140Z","pid":3524,"hostname":"DESKTOP-6F2E0JQ","message":"\nInvalid `prisma.aIProviderConfig.findUnique()` invocation in\nC:\\Users\\User\\Alternate me\\backend\\src\\tests\\integration\\onboarding-flow.test.ts:245:52\n\n  242 });\n  243 \n  244 it('stores API key encrypted (not plaintext)', async () => {\nΓåÆ 245   const config = await prisma.aIProviderConfig.findUnique({\n          where: {\n            alternateId: undefined,\n        ?   id?: String,\n        ?   AND?: AIProviderConfigWhereInput | AIProviderConfigWhereInput[],\n        ?   OR?: AIProviderConfigWhereInput[],\n        ?   NOT?: AIProviderConfigWhereInput | AIProviderConfigWhereInput[],\n        ?   userId?: UuidFilter | String,\n        ?   provider?: EnumAIProviderFilter | AIProvider,\n        ?   encryptedApiKey?: StringFilter | String,\n        ?   keyLabel?: StringNullableFilter | String | Null,\n        ?   status?: StringFilter | String,\n        ?   defaultModel?: StringNullableFilter | String | Null,\n        ?   createdAt?: DateTimeFilter | DateTime,\n        ?   updatedAt?: DateTimeFilter | DateTime,\n        ?   lastValidatedAt?: DateTimeNullableFilter | DateTime | Null,\n        ?   user?: UserScalarRelationFilter | UserWhereInput,\n        ?   alternate?: AlternateScalarRelationFilter | AlternateWhereInput\n          }\n        })\n\nArgument `where` of type AIProviderConfigWhereUniqueInput needs at least one of `id` or `alternateId` arguments. Available options are marked with ?.","target":"aIProviderConfig.findUnique","timestamp":"2026-09-16T09:59:40.140Z","msg":"prisma error"}
 [31m├ù[39m tests/integration/onboarding-flow.test.ts[2m > [22mOnboarding Flow Integration Tests[2m > [22mTraining Sources[2m > [22mcreates a URL source[32m 21[2mms[22m[39m
[31m   ΓåÆ fetch failed[39m
 [31m├ù[39m tests/integration/onboarding-flow.test.ts[2m > [22mOnboarding Flow Integration Tests[2m > [22mTraining Sources[2m > [22mrejects SSRF-unsafe URL[32m 7[2mms[22m[39m
[31m   ΓåÆ fetch failed[39m
 [31m├ù[39m tests/integration/onboarding-flow.test.ts[2m > [22mOnboarding Flow Integration Tests[2m > [22mTraining Sources[2m > [22mdeletes a source[32m 7[2mms[22m[39m
[31m   ΓåÆ fetch failed[39m
 [31m├ù[39m tests/integration/onboarding-flow.test.ts[2m > [22mOnboarding Flow Integration Tests[2m > [22mVoice Profile[2m > [22msaves provider voice[32m 10[2mms[22m[39m
[31m   ΓåÆ fetch failed[39m
 [31m├ù[39m tests/integration/onboarding-flow.test.ts[2m > [22mOnboarding Flow Integration Tests[2m > [22mVoice Profile[2m > [22mrejects voice cloning without consent[32m 8[2mms[22m[39m
[31m   ΓåÆ fetch failed[39m
 [31m├ù[39m tests/integration/onboarding-flow.test.ts[2m > [22mOnboarding Flow Integration Tests[2m > [22mVoice Profile[2m > [22maccepts voice cloning with consent[32m 11[2mms[22m[39m
[31m   ΓåÆ fetch failed[39m
 [31m├ù[39m tests/integration/onboarding-flow.test.ts[2m > [22mOnboarding Flow Integration Tests[2m > [22mAI Provider[2m > [22msaves AI provider with encrypted key[32m 19[2mms[22m[39m
[31m   ΓåÆ fetch failed[39m
{"level":"error","time":"2026-09-16T09:59:40.164Z","pid":36860,"hostname":"DESKTOP-6F2E0JQ","message":"\nInvalid `prisma.user.create()` invocation in\nC:\\Users\\User\\Alternate me\\backend\\src\\tests\\rag.service.test.ts:27:40\n\n  24 \n  25 describe('RAG Service', () => {\n  26   beforeAll(async () => {\nΓåÆ 27     const testUser = await prisma.user.create({\n           data: {\n             email: \"rag-test-1789552780016@test.com\",\n             username: \"ragtest1789552780016\",\n             passwordHash: \"test-hash\",\n             emailVerified: true\n                            ~~~~\n           }\n         })\n\nArgument `emailVerified`: Invalid value provided. Expected DateTime or Null, provided Boolean.","target":"user.create","timestamp":"2026-09-16T09:59:40.164Z","msg":"prisma error"}
{"level":"error","time":"2026-09-16T09:59:40.200Z","pid":25716,"hostname":"DESKTOP-6F2E0JQ","message":"\nInvalid `prisma.user.create()` invocation in\nC:\\Users\\User\\Alternate me\\backend\\src\\tests\\chat.service.test.ts:15:40\n\n  12 \n  13 describe('Chat Service - Conversations', () => {\n  14   beforeAll(async () => {\nΓåÆ 15     const testUser = await prisma.user.create({\n           data: {\n             email: \"chat-test-1789552780019@test.com\",\n             username: \"chattest1789552780019\",\n             passwordHash: \"test-hash\",\n             emailVerified: true\n                            ~~~~\n           }\n         })\n\nArgument `emailVerified`: Invalid value provided. Expected DateTime or Null, provided Boolean.","target":"user.create","timestamp":"2026-09-16T09:59:40.200Z","msg":"prisma error"}
 [2m[90mΓåô[39m[22m tests/chat.service.test.ts[2m > [22mChat Service - Conversations[2m > [22mshould create a new conversation
 [2m[90mΓåô[39m[22m tests/rag.service.test.ts[2m > [22mRAG Service[2m > [22mQuery Embedding[2m > [22mshould generate query embedding with correct dimensions
 [2m[90mΓåô[39m[22m tests/rag.service.test.ts[2m > [22mRAG Service[2m > [22mQuery Embedding[2m > [22mshould normalize query correctly
 [2m[90mΓåô[39m[22m tests/rag.service.test.ts[2m > [22mRAG Service[2m > [22mVector Search[2m > [22mshould return empty results when no embeddings exist
 [2m[90mΓåô[39m[22m tests/rag.service.test.ts[2m > [22mRAG Service[2m > [22mVector Search[2m > [22mshould enforce multi-tenant isolation
{"level":"error","time":"2026-09-16T09:59:40.225Z","pid":3524,"hostname":"DESKTOP-6F2E0JQ","message":"\nInvalid `prisma.alternate.findUnique()` invocation in\nC:\\Users\\User\\Alternate me\\backend\\src\\tests\\integration\\onboarding-flow.test.ts:281:48\n\n  278 });\n  279 \n  280 it('updates alternate status to PUBLISHED', async () => {\nΓåÆ 281   const alternate = await prisma.alternate.findUnique({\n          where: {\n            id: undefined,\n        ?   username?: String,\n        ?   AND?: AlternateWhereInput | AlternateWhereInput[],\n        ?   OR?: AlternateWhereInput[],\n        ?   NOT?: AlternateWhereInput | AlternateWhereInput[],\n        ?   userId?: UuidFilter | String,\n        ?   displayName?: StringFilter | String,\n        ?   title?: StringNullableFilter | String | Null,\n        ?   bio?: StringNullableFilter | String | Null,\n        ?   avatarUrl?: StringNullableFilter | String | Null,\n        ?   visibility?: EnumAlternateVisibilityFilter | AlternateVisibility,\n        ?   status?: EnumAlternateStatusFilter | AlternateStatus,\n        ?   personaPrompt?: StringNullableFilter | String | Null,\n        ?   modelId?: StringNullableFilter | String | Null,\n        ?   publishedAt?: DateTimeNullableFilter | DateTime | Null,\n        ?   memoryEnabled?: BoolFilter | Boolean,\n        ?   createdAt?: DateTimeFilter | DateTime,\n        ?   updatedAt?: DateTimeFilter | DateTime,\n        ?   deletedAt?: DateTimeNullableFilter | DateTime | Null,\n        ?   user?: UserScalarRelationFilter | UserWhereInput,\n        ?   onboarding?: OnboardingNullableScalarRelationFilter | OnboardingWhereInput | Null,\n        ?   persona?: PersonaNullableScalarRelationFilter | PersonaWhereInput | Null,\n        ?   sources?: TrainingSourceListRelationFilter,\n        ?   voiceProfile?: VoiceProfileNullableScalarRelationFilter | VoiceProfileWhereInput | Null,\n        ?   aiProvider?: AIProviderConfigNullableScalarRelationFilter | AIProviderConfigWhereInput | Null,\n        ?   conversations?: ConversationListRelationFilter,\n        ?   trainingJobs?: TrainingJobListRelationFilter,\n        ?   emailThreads?: EmailThreadListRelationFilter,\n        ?   callRecords?: CallRecordListRelationFilter,\n        ?   chunks?: ContentChunkListRelationFilter,\n        ?   knowledgeDocuments?: KnowledgeDocumentListRelationFilter,\n        ?   documentChunks?: DocumentChunkListRelationFilter,\n        ?   embeddings?: EmbeddingListRelationFilter,\n        ?   knowledgeJobs?: IngestionJobListRelationFilter,\n        ?   knowledgeVersions?: KnowledgeVersionListRelationFilter,\n        ?   memories?: MemoryListRelationFilter,\n        ?   memoryEmbeddings?: MemoryEmbeddingListRelationFilter,\n        ?   conversationSummaries?: ConversationSummaryListRelationFilter,\n        ?   memoryExtractionJobs?: MemoryExtractionJobListRelationFilter\n          }\n        })\n\nArgument `where` of type AlternateWhereUniqueInput needs at least one of `id` or `username` arguments. Available options are marked with ?.","target":"alternate.findUnique","timestamp":"2026-09-16T09:59:40.225Z","msg":"prisma error"}
 [31m├ù[39m tests/integration/onboarding-flow.test.ts[2m > [22mOnboarding Flow Integration Tests[2m > [22mAI Provider[2m > [22mstores API key encrypted (not plaintext)[32m 188[2mms[22m[39m
[31m   ΓåÆ 
Invalid `prisma.aIProviderConfig.findUnique()` invocation in
C:\Users\User\Alternate me\backend\src\tests\integration\onboarding-flow.test.ts:245:52

  242 });
  243 
  244 it('stores API key encrypted (not plaintext)', async () => {
ΓåÆ 245   const config = await prisma.aIProviderConfig.findUnique({
          where: {
            alternateId: undefined,
        ?   id?: String,
        ?   AND?: AIProviderConfigWhereInput | AIProviderConfigWhereInput[],
        ?   OR?: AIProviderConfigWhereInput[],
        ?   NOT?: AIProviderConfigWhereInput | AIProviderConfigWhereInput[],
        ?   userId?: UuidFilter | String,
        ?   provider?: EnumAIProviderFilter | AIProvider,
        ?   encryptedApiKey?: StringFilter | String,
        ?   keyLabel?: StringNullableFilter | String | Null,
        ?   status?: StringFilter | String,
        ?   defaultModel?: StringNullableFilter | String | Null,
        ?   createdAt?: DateTimeFilter | DateTime,
        ?   updatedAt?: DateTimeFilter | DateTime,
        ?   lastValidatedAt?: DateTimeNullableFilter | DateTime | Null,
        ?   user?: UserScalarRelationFilter | UserWhereInput,
        ?   alternate?: AlternateScalarRelationFilter | AlternateWhereInput
          }
        })

Argument `where` of type AIProviderConfigWhereUniqueInput needs at least one of `id` or `alternateId` arguments. Available options are marked with ?.[39m
 [31m├ù[39m tests/integration/onboarding-flow.test.ts[2m > [22mOnboarding Flow Integration Tests[2m > [22mAI Provider[2m > [22mdoes not return API key in response[32m 33[2mms[22m[39m
[31m   ΓåÆ fetch failed[39m
 [31m├ù[39m tests/integration/onboarding-flow.test.ts[2m > [22mOnboarding Flow Integration Tests[2m > [22mPreview[2m > [22mreturns preview data[32m 8[2mms[22m[39m
[31m   ΓåÆ fetch failed[39m
 [31m├ù[39m tests/integration/onboarding-flow.test.ts[2m > [22mOnboarding Flow Integration Tests[2m > [22mPublish[2m > [22mpublishes alternate[32m 19[2mms[22m[39m
[31m   ΓåÆ fetch failed[39m
 [31m├ù[39m tests/integration/onboarding-flow.test.ts[2m > [22mOnboarding Flow Integration Tests[2m > [22mPublish[2m > [22mupdates alternate status to PUBLISHED[32m 15[2mms[22m[39m
[31m   ΓåÆ 
Invalid `prisma.alternate.findUnique()` invocation in
C:\Users\User\Alternate me\backend\src\tests\integration\onboarding-flow.test.ts:281:48

  278 });
  279 
  280 it('updates alternate status to PUBLISHED', async () => {
ΓåÆ 281   const alternate = await prisma.alternate.findUnique({
          where: {
            id: undefined,
        ?   username?: String,
        ?   AND?: AlternateWhereInput | AlternateWhereInput[],
        ?   OR?: AlternateWhereInput[],
        ?   NOT?: AlternateWhereInput | AlternateWhereInput[],
        ?   userId?: UuidFilter | String,
        ?   displayName?: StringFilter | String,
        ?   title?: StringNullableFilter | String | Null,
        ?   bio?: StringNullableFilter | String | Null,
        ?   avatarUrl?: StringNullableFilter | String | Null,
        ?   visibility?: EnumAlternateVisibilityFilter | AlternateVisibility,
        ?   status?: EnumAlternateStatusFilter | AlternateStatus,
        ?   personaPrompt?: StringNullableFilter | String | Null,
        ?   modelId?: StringNullableFilter | String | Null,
        ?   publishedAt?: DateTimeNullableFilter | DateTime | Null,
        ?   memoryEnabled?: BoolFilter | Boolean,
        ?   createdAt?: DateTimeFilter | DateTime,
        ?   updatedAt?: DateTimeFilter | DateTime,
        ?   deletedAt?: DateTimeNullableFilter | DateTime | Null,
        ?   user?: UserScalarRelationFilter | UserWhereInput,
        ?   onboarding?: OnboardingNullableScalarRelationFilter | OnboardingWhereInput | Null,
        ?   persona?: PersonaNullableScalarRelationFilter | PersonaWhereInput | Null,
        ?   sources?: TrainingSourceListRelationFilter,
        ?   voiceProfile?: VoiceProfileNullableScalarRelationFilter | VoiceProfileWhereInput | Null,
        ?   aiProvider?: AIProviderConfigNullableScalarRelationFilter | AIProviderConfigWhereInput | Null,
        ?   conversations?: ConversationListRelationFilter,
        ?   trainingJobs?: TrainingJobListRelationFilter,
        ?   emailThreads?: EmailThreadListRelationFilter,
        ?   callRecords?: CallRecordListRelationFilter,
        ?   chunks?: ContentChunkListRelationFilter,
        ?   knowledgeDocuments?: KnowledgeDocumentListRelationFilter,
        ?   documentChunks?: DocumentChunkListRelationFilter,
        ?   embeddings?: EmbeddingListRelationFilter,
        ?   knowledgeJobs?: IngestionJobListRelationFilter,
        ?   knowledgeVersions?: KnowledgeVersionListRelationFilter,
        ?   memories?: MemoryListRelationFilter,
        ?   memoryEmbeddings?: MemoryEmbeddingListRelationFilter,
        ?   conversationSummaries?: ConversationSummaryListRelationFilter,
        ?   memoryExtractionJobs?: MemoryExtractionJobListRelationFilter
          }
        })

Argument `where` of type AlternateWhereUniqueInput needs at least one of `id` or `username` arguments. Available options are marked with ?.[39m
 [2m[90mΓåô[39m[22m tests/chat.service.test.ts[2m > [22mChat Service - Conversations[2m > [22mshould retrieve conversation by ID
 [2m[90mΓåô[39m[22m tests/chat.service.test.ts[2m > [22mChat Service - Conversations[2m > [22mshould prevent cross-user conversation access
 [2m[90mΓåô[39m[22m tests/chat.service.test.ts[2m > [22mChat Service - Conversations[2m > [22mshould list conversations for an alternate
 [2m[90mΓåô[39m[22m tests/chat.service.test.ts[2m > [22mChat Service - Conversations[2m > [22mshould delete a conversation
 [2m[90mΓåô[39m[22m tests/chat.service.test.ts[2m > [22mChat Service - Conversations[2m > [22mshould add and retrieve messages
{"level":"debug","time":"2026-09-16T09:59:40.342Z","pid":37800,"hostname":"DESKTOP-6F2E0JQ","query":"DEALLOCATE ALL","duration":244,"msg":"prisma query"}
{"level":"debug","time":"2026-09-16T09:59:40.467Z","pid":25716,"hostname":"DESKTOP-6F2E0JQ","query":"BEGIN","duration":243,"msg":"prisma query"}
{"level":"debug","time":"2026-09-16T09:59:40.475Z","pid":3524,"hostname":"DESKTOP-6F2E0JQ","query":"BEGIN","duration":245,"msg":"prisma query"}
{"level":"debug","time":"2026-09-16T09:59:40.627Z","pid":37044,"hostname":"DESKTOP-6F2E0JQ","query":"BEGIN","duration":243,"msg":"prisma query"}
{"level":"debug","time":"2026-09-16T09:59:40.713Z","pid":25716,"hostname":"DESKTOP-6F2E0JQ","query":"DEALLOCATE ALL","duration":248,"msg":"prisma query"}
{"level":"debug","time":"2026-09-16T09:59:40.724Z","pid":3524,"hostname":"DESKTOP-6F2E0JQ","query":"DEALLOCATE ALL","duration":247,"msg":"prisma query"}
{"level":"debug","time":"2026-09-16T09:59:40.826Z","pid":37800,"hostname":"DESKTOP-6F2E0JQ","query":"SELECT 1","duration":487,"msg":"prisma query"}
{"level":"debug","time":"2026-09-16T09:59:40.879Z","pid":37044,"hostname":"DESKTOP-6F2E0JQ","query":"DEALLOCATE ALL","duration":250,"msg":"prisma query"}
{"level":"debug","time":"2026-09-16T09:59:41.095Z","pid":37800,"hostname":"DESKTOP-6F2E0JQ","query":"COMMIT","duration":271,"msg":"prisma query"}
{"level":"debug","time":"2026-09-16T09:59:41.203Z","pid":25716,"hostname":"DESKTOP-6F2E0JQ","query":"DELETE FROM \"public\".\"messages\" WHERE 1=1","duration":489,"msg":"prisma query"}
{"level":"debug","time":"2026-09-16T09:59:41.269Z","pid":3524,"hostname":"DESKTOP-6F2E0JQ","query":"SELECT \"public\".\"onboardings\".\"id\", \"public\".\"onboardings\".\"userId\", \"public\".\"onboardings\".\"alternateId\", \"public\".\"onboardings\".\"currentStep\"::text, \"public\".\"onboardings\".\"completedSteps\"::text[], \"public\".\"onboardings\".\"status\"::text, \"public\".\"onboardings\".\"startedAt\", \"public\".\"onboardings\".\"completedAt\", \"public\".\"onboardings\".\"createdAt\", \"public\".\"onboardings\".\"updatedAt\" FROM \"public\".\"onboardings\" WHERE 1=1 LIMIT $1 OFFSET $2","duration":544,"msg":"prisma query"}
{"level":"debug","time":"2026-09-16T09:59:41.375Z","pid":37800,"hostname":"DESKTOP-6F2E0JQ","query":"BEGIN","duration":260,"msg":"prisma query"}
{"level":"debug","time":"2026-09-16T09:59:41.451Z","pid":25716,"hostname":"DESKTOP-6F2E0JQ","query":"COMMIT","duration":249,"msg":"prisma query"}
{"level":"debug","time":"2026-09-16T09:59:41.511Z","pid":3524,"hostname":"DESKTOP-6F2E0JQ","query":"COMMIT","duration":243,"msg":"prisma query"}
{"level":"debug","time":"2026-09-16T09:59:41.645Z","pid":37800,"hostname":"DESKTOP-6F2E0JQ","query":"DEALLOCATE ALL","duration":273,"msg":"prisma query"}
{"level":"debug","time":"2026-09-16T09:59:41.705Z","pid":25716,"hostname":"DESKTOP-6F2E0JQ","query":"BEGIN","duration":242,"msg":"prisma query"}
 [31m├ù[39m tests/integration/onboarding-flow.test.ts[2m > [22mOnboarding Flow Integration Tests[2m > [22mPublish[2m > [22mupdates onboarding status to COMPLETED[33m 1418[2mms[22m[39m
[31m   ΓåÆ expected undefined to be 'COMPLETED' // Object.is equality[39m
 [31m├ù[39m tests/integration/onboarding-flow.test.ts[2m > [22mOnboarding Flow Integration Tests[2m > [22mPublic Alternate[2m > [22mreturns public alternate[32m 14[2mms[22m[39m
[31m   ΓåÆ fetch failed[39m
 [31m├ù[39m tests/integration/onboarding-flow.test.ts[2m > [22mOnboarding Flow Integration Tests[2m > [22mPublic Alternate[2m > [22mdoes not expose API key or sensitive data[32m 6[2mms[22m[39m
[31m   ΓåÆ fetch failed[39m
 [31m├ù[39m tests/integration/onboarding-flow.test.ts[2m > [22mOnboarding Flow Integration Tests[2m > [22mPublic Alternate[2m > [22mreturns 404 for non-existent alternate[32m 17[2mms[22m[39m
[31m   ΓåÆ fetch failed[39m
 [31m├ù[39m tests/integration/onboarding-flow.test.ts[2m > [22mOnboarding Flow Integration Tests[2m > [22mOwnership[2m > [22mUser B cannot GET User A alternate[32m 27[2mms[22m[39m
[31m   ΓåÆ fetch failed[39m
 [31m├ù[39m tests/integration/onboarding-flow.test.ts[2m > [22mOnboarding Flow Integration Tests[2m > [22mOwnership[2m > [22mUser B cannot UPDATE User A alternate[32m 12[2mms[22m[39m
[31m   ΓåÆ fetch failed[39m
 [31m├ù[39m tests/integration/onboarding-flow.test.ts[2m > [22mOnboarding Flow Integration Tests[2m > [22mOwnership[2m > [22mUser B cannot DELETE User A alternate[32m 10[2mms[22m[39m
[31m   ΓåÆ fetch failed[39m
{"level":"error","time":"2026-09-16T09:59:41.819Z","pid":3524,"hostname":"DESKTOP-6F2E0JQ","message":"\nInvalid `prisma.aIProviderConfig.findUnique()` invocation in\nC:\\Users\\User\\Alternate me\\backend\\src\\tests\\integration\\onboarding-flow.test.ts:356:52\n\n  353 // Test 13: API Key Security\n  354 describe('API Key Security', () => {\n  355   it('encrypts API key in database', async () => {\nΓåÆ 356     const config = await prisma.aIProviderConfig.findUnique({\n            where: {\n              alternateId: undefined,\n          ?   id?: String,\n          ?   AND?: AIProviderConfigWhereInput | AIProviderConfigWhereInput[],\n          ?   OR?: AIProviderConfigWhereInput[],\n          ?   NOT?: AIProviderConfigWhereInput | AIProviderConfigWhereInput[],\n          ?   userId?: UuidFilter | String,\n          ?   provider?: EnumAIProviderFilter | AIProvider,\n          ?   encryptedApiKey?: StringFilter | String,\n          ?   keyLabel?: StringNullableFilter | String | Null,\n          ?   status?: StringFilter | String,\n          ?   defaultModel?: StringNullableFilter | String | Null,\n          ?   createdAt?: DateTimeFilter | DateTime,\n          ?   updatedAt?: DateTimeFilter | DateTime,\n          ?   lastValidatedAt?: DateTimeNullableFilter | DateTime | Null,\n          ?   user?: UserScalarRelationFilter | UserWhereInput,\n          ?   alternate?: AlternateScalarRelationFilter | AlternateWhereInput\n            }\n          })\n\nArgument `where` of type AIProviderConfigWhereUniqueInput needs at least one of `id` or `alternateId` arguments. Available options are marked with ?.","target":"aIProviderConfig.findUnique","timestamp":"2026-09-16T09:59:41.819Z","msg":"prisma error"}
 [31m├ù[39m tests/integration/onboarding-flow.test.ts[2m > [22mOnboarding Flow Integration Tests[2m > [22mOwnership[2m > [22mUser B cannot access User A preview[32m 21[2mms[22m[39m
[31m   ΓåÆ fetch failed[39m
 [31m├ù[39m tests/integration/onboarding-flow.test.ts[2m > [22mOnboarding Flow Integration Tests[2m > [22mUnauthorized Access[2m > [22mreturns 401 without token[32m 19[2mms[22m[39m
[31m   ΓåÆ fetch failed[39m
 [31m├ù[39m tests/integration/onboarding-flow.test.ts[2m > [22mOnboarding Flow Integration Tests[2m > [22mUnauthorized Access[2m > [22mreturns 401 with invalid token[32m 38[2mms[22m[39m
[31m   ΓåÆ fetch failed[39m
 [31m├ù[39m tests/integration/onboarding-flow.test.ts[2m > [22mOnboarding Flow Integration Tests[2m > [22mAPI Key Security[2m > [22mencrypts API key in database[32m 10[2mms[22m[39m
[31m   ΓåÆ 
Invalid `prisma.aIProviderConfig.findUnique()` invocation in
C:\Users\User\Alternate me\backend\src\tests\integration\onboarding-flow.test.ts:356:52

  353 // Test 13: API Key Security
  354 describe('API Key Security', () => {
  355   it('encrypts API key in database', async () => {
ΓåÆ 356     const config = await prisma.aIProviderConfig.findUnique({
            where: {
              alternateId: undefined,
          ?   id?: String,
          ?   AND?: AIProviderConfigWhereInput | AIProviderConfigWhereInput[],
          ?   OR?: AIProviderConfigWhereInput[],
          ?   NOT?: AIProviderConfigWhereInput | AIProviderConfigWhereInput[],
          ?   userId?: UuidFilter | String,
          ?   provider?: EnumAIProviderFilter | AIProvider,
          ?   encryptedApiKey?: StringFilter | String,
          ?   keyLabel?: StringNullableFilter | String | Null,
          ?   status?: StringFilter | String,
          ?   defaultModel?: StringNullableFilter | String | Null,
          ?   createdAt?: DateTimeFilter | DateTime,
          ?   updatedAt?: DateTimeFilter | DateTime,
          ?   lastValidatedAt?: DateTimeNullableFilter | DateTime | Null,
          ?   user?: UserScalarRelationFilter | UserWhereInput,
          ?   alternate?: AlternateScalarRelationFilter | AlternateWhereInput
            }
          })

Argument `where` of type AIProviderConfigWhereUniqueInput needs at least one of `id` or `alternateId` arguments. Available options are marked with ?.[39m
{"level":"debug","time":"2026-09-16T09:59:41.880Z","pid":37044,"hostname":"DESKTOP-6F2E0JQ","query":"SELECT 1","duration":999,"msg":"prisma query"}
{"level":"error","time":"2026-09-16T09:59:41.893Z","pid":3524,"hostname":"DESKTOP-6F2E0JQ","message":"\nInvalid `prisma.alternate.findUnique()` invocation in\nC:\\Users\\User\\Alternate me\\backend\\src\\tests\\integration\\onboarding-flow.test.ts:371:48\n\n  368 // Test 14: Database Persistence\n  369 describe('Database Persistence', () => {\n  370   it('persists all onboarding data', async () => {\nΓåÆ 371     const alternate = await prisma.alternate.findUnique({\n            where: {\n              id: undefined,\n          ?   username?: String,\n          ?   AND?: AlternateWhereInput | AlternateWhereInput[],\n          ?   OR?: AlternateWhereInput[],\n          ?   NOT?: AlternateWhereInput | AlternateWhereInput[],\n          ?   userId?: UuidFilter | String,\n          ?   displayName?: StringFilter | String,\n          ?   title?: StringNullableFilter | String | Null,\n          ?   bio?: StringNullableFilter | String | Null,\n          ?   avatarUrl?: StringNullableFilter | String | Null,\n          ?   visibility?: EnumAlternateVisibilityFilter | AlternateVisibility,\n          ?   status?: EnumAlternateStatusFilter | AlternateStatus,\n          ?   personaPrompt?: StringNullableFilter | String | Null,\n          ?   modelId?: StringNullableFilter | String | Null,\n          ?   publishedAt?: DateTimeNullableFilter | DateTime | Null,\n          ?   memoryEnabled?: BoolFilter | Boolean,\n          ?   createdAt?: DateTimeFilter | DateTime,\n          ?   updatedAt?: DateTimeFilter | DateTime,\n          ?   deletedAt?: DateTimeNullableFilter | DateTime | Null,\n          ?   user?: UserScalarRelationFilter | UserWhereInput,\n          ?   onboarding?: OnboardingNullableScalarRelationFilter | OnboardingWhereInput | Null,\n          ?   persona?: PersonaNullableScalarRelationFilter | PersonaWhereInput | Null,\n          ?   sources?: TrainingSourceListRelationFilter,\n          ?   voiceProfile?: VoiceProfileNullableScalarRelationFilter | VoiceProfileWhereInput | Null,\n          ?   aiProvider?: AIProviderConfigNullableScalarRelationFilter | AIProviderConfigWhereInput | Null,\n          ?   conversations?: ConversationListRelationFilter,\n          ?   trainingJobs?: TrainingJobListRelationFilter,\n          ?   emailThreads?: EmailThreadListRelationFilter,\n          ?   callRecords?: CallRecordListRelationFilter,\n          ?   chunks?: ContentChunkListRelationFilter,\n          ?   knowledgeDocuments?: KnowledgeDocumentListRelationFilter,\n          ?   documentChunks?: DocumentChunkListRelationFilter,\n          ?   embeddings?: EmbeddingListRelationFilter,\n          ?   knowledgeJobs?: IngestionJobListRelationFilter,\n          ?   knowledgeVersions?: KnowledgeVersionListRelationFilter,\n          ?   memories?: MemoryListRelationFilter,\n          ?   memoryEmbeddings?: MemoryEmbeddingListRelationFilter,\n          ?   conversationSummaries?: ConversationSummaryListRelationFilter,\n          ?   memoryExtractionJobs?: MemoryExtractionJobListRelationFilter\n            },\n            include: {\n              persona: true,\n              voiceProfile: true,\n              aiProvider: true,\n              sources: true,\n              onboarding: true\n            }\n          })\n\nArgument `where` of type AlternateWhereUniqueInput needs at least one of `id` or `username` arguments. Available options are marked with ?.","target":"alternate.findUnique","timestamp":"2026-09-16T09:59:41.893Z","msg":"prisma error"}
{"level":"debug","time":"2026-09-16T09:59:41.948Z","pid":25716,"hostname":"DESKTOP-6F2E0JQ","query":"DEALLOCATE ALL","duration":244,"msg":"prisma query"}
 [31m├ù[39m tests/integration/onboarding-flow.test.ts[2m > [22mOnboarding Flow Integration Tests[2m > [22mAPI Key Security[2m > [22mdoes not log API key[32m 29[2mms[22m[39m
[31m   ΓåÆ fetch failed[39m
 [31m├ù[39m tests/integration/onboarding-flow.test.ts[2m > [22mOnboarding Flow Integration Tests[2m > [22mDatabase Persistence[2m > [22mpersists all onboarding data[32m 56[2mms[22m[39m
[31m   ΓåÆ 
Invalid `prisma.alternate.findUnique()` invocation in
C:\Users\User\Alternate me\backend\src\tests\integration\onboarding-flow.test.ts:371:48

  368 // Test 14: Database Persistence
  369 describe('Database Persistence', () => {
  370   it('persists all onboarding data', async () => {
ΓåÆ 371     const alternate = await prisma.alternate.findUnique({
            where: {
              id: undefined,
          ?   username?: String,
          ?   AND?: AlternateWhereInput | AlternateWhereInput[],
          ?   OR?: AlternateWhereInput[],
          ?   NOT?: AlternateWhereInput | AlternateWhereInput[],
          ?   userId?: UuidFilter | String,
          ?   displayName?: StringFilter | String,
          ?   title?: StringNullableFilter | String | Null,
          ?   bio?: StringNullableFilter | String | Null,
          ?   avatarUrl?: StringNullableFilter | String | Null,
          ?   visibility?: EnumAlternateVisibilityFilter | AlternateVisibility,
          ?   status?: EnumAlternateStatusFilter | AlternateStatus,
          ?   personaPrompt?: StringNullableFilter | String | Null,
          ?   modelId?: StringNullableFilter | String | Null,
          ?   publishedAt?: DateTimeNullableFilter | DateTime | Null,
          ?   memoryEnabled?: BoolFilter | Boolean,
          ?   createdAt?: DateTimeFilter | DateTime,
          ?   updatedAt?: DateTimeFilter | DateTime,
          ?   deletedAt?: DateTimeNullableFilter | DateTime | Null,
          ?   user?: UserScalarRelationFilter | UserWhereInput,
          ?   onboarding?: OnboardingNullableScalarRelationFilter | OnboardingWhereInput | Null,
          ?   persona?: PersonaNullableScalarRelationFilter | PersonaWhereInput | Null,
          ?   sources?: TrainingSourceListRelationFilter,
          ?   voiceProfile?: VoiceProfileNullableScalarRelationFilter | VoiceProfileWhereInput | Null,
          ?   aiProvider?: AIProviderConfigNullableScalarRelationFilter | AIProviderConfigWhereInput | Null,
          ?   conversations?: ConversationListRelationFilter,
          ?   trainingJobs?: TrainingJobListRelationFilter,
          ?   emailThreads?: EmailThreadListRelationFilter,
          ?   callRecords?: CallRecordListRelationFilter,
          ?   chunks?: ContentChunkListRelationFilter,
          ?   knowledgeDocuments?: KnowledgeDocumentListRelationFilter,
          ?   documentChunks?: DocumentChunkListRelationFilter,
          ?   embeddings?: EmbeddingListRelationFilter,
          ?   knowledgeJobs?: IngestionJobListRelationFilter,
          ?   knowledgeVersions?: KnowledgeVersionListRelationFilter,
          ?   memories?: MemoryListRelationFilter,
          ?   memoryEmbeddings?: MemoryEmbeddingListRelationFilter,
          ?   conversationSummaries?: ConversationSummaryListRelationFilter,
          ?   memoryExtractionJobs?: MemoryExtractionJobListRelationFilter
            },
            include: {
              persona: true,
              voiceProfile: true,
              aiProvider: true,
              sources: true,
              onboarding: true
            }
          })

Argument `where` of type AlternateWhereUniqueInput needs at least one of `id` or `username` arguments. Available options are marked with ?.[39m
{"level":"debug","time":"2026-09-16T09:59:42.117Z","pid":37044,"hostname":"DESKTOP-6F2E0JQ","query":"COMMIT","duration":239,"msg":"prisma query"}
{"level":"debug","time":"2026-09-16T09:59:42.154Z","pid":3524,"hostname":"DESKTOP-6F2E0JQ","query":"BEGIN","duration":242,"msg":"prisma query"}
{"level":"debug","time":"2026-09-16T09:59:42.155Z","pid":37800,"hostname":"DESKTOP-6F2E0JQ","query":"DELETE FROM \"public\".\"training_sources\" WHERE EXISTS(SELECT \"t0\".\"id\" FROM \"public\".\"users\" AS \"t0\" WHERE (\"t0\".\"email\"::text LIKE $1 AND (\"public\".\"training_sources\".\"userId\") = (\"t0\".\"id\") AND \"t0\".\"id\" IS NOT NULL))","duration":503,"msg":"prisma query"}
{"level":"error","time":"2026-09-16T09:59:42.277Z","pid":37044,"hostname":"DESKTOP-6F2E0JQ","message":"\nInvalid `prisma.user.create()` invocation in\nC:\\Users\\User\\Alternate me\\backend\\src\\tests\\chat.security.test.ts:21:40\n\n  18 \n  19 describe('Chat Security', () => {\n  20   beforeAll(async () => {\nΓåÆ 21     const testUser = await prisma.user.create({\n           data: {\n             email: \"chat-sec-1789552782124@test.com\",\n             username: \"chatsec1789552782124\",\n             passwordHash: \"test-hash\",\n             emailVerified: true\n                            ~~~~\n           }\n         })\n\nArgument `emailVerified`: Invalid value provided. Expected DateTime or Null, provided Boolean.","target":"user.create","timestamp":"2026-09-16T09:59:42.277Z","msg":"prisma error"}
 [2m[90mΓåô[39m[22m tests/chat.security.test.ts[2m > [22mChat Security[2m > [22mshould reject empty messages
{"level":"info","time":"2026-09-16T09:59:42.318Z","pid":37320,"hostname":"DESKTOP-6F2E0JQ","timestamp":"2026-09-16T09:59:42.317Z","message":"Starting a postgresql pool with 5 connections in PgBouncer mode.","target":"quaint::pooled","msg":"prisma info"}
{"level":"info","time":"2026-09-16T09:59:42.328Z","pid":32548,"hostname":"DESKTOP-6F2E0JQ","timestamp":"2026-09-16T09:59:42.327Z","message":"Starting a postgresql pool with 5 connections in PgBouncer mode.","target":"quaint::pooled","msg":"prisma info"}
{"level":"info","time":"2026-09-16T09:59:42.359Z","pid":33248,"hostname":"DESKTOP-6F2E0JQ","timestamp":"2026-09-16T09:59:42.357Z","message":"Starting a postgresql pool with 5 connections in PgBouncer mode.","target":"quaint::pooled","msg":"prisma info"}
 [2m[90mΓåô[39m[22m tests/chat.security.test.ts[2m > [22mChat Security[2m > [22mshould reject messages that are too long
 [2m[90mΓåô[39m[22m tests/chat.security.test.ts[2m > [22mChat Security[2m > [22mshould prevent unauthorized user from chatting with alternate
 [2m[90mΓåô[39m[22m tests/chat.security.test.ts[2m > [22mChat Security[2m > [22mshould validate message type
{"level":"debug","time":"2026-09-16T09:59:42.425Z","pid":37800,"hostname":"DESKTOP-6F2E0JQ","query":"COMMIT","duration":275,"msg":"prisma query"}
{"level":"debug","time":"2026-09-16T09:59:42.428Z","pid":3524,"hostname":"DESKTOP-6F2E0JQ","query":"DEALLOCATE ALL","duration":273,"msg":"prisma query"}
{"level":"debug","time":"2026-09-16T09:59:42.474Z","pid":25716,"hostname":"DESKTOP-6F2E0JQ","query":"DELETE FROM \"public\".\"conversations\" WHERE 1=1","duration":528,"msg":"prisma query"}
{"level":"debug","time":"2026-09-16T09:59:42.552Z","pid":37044,"hostname":"DESKTOP-6F2E0JQ","query":"BEGIN","duration":259,"msg":"prisma query"}
{"level":"debug","time":"2026-09-16T09:59:42.672Z","pid":37800,"hostname":"DESKTOP-6F2E0JQ","query":"BEGIN","duration":242,"msg":"prisma query"}
{"level":"debug","time":"2026-09-16T09:59:42.719Z","pid":25716,"hostname":"DESKTOP-6F2E0JQ","query":"COMMIT","duration":245,"msg":"prisma query"}
{"level":"debug","time":"2026-09-16T09:59:42.797Z","pid":37044,"hostname":"DESKTOP-6F2E0JQ","query":"DEALLOCATE ALL","duration":244,"msg":"prisma query"}
{"level":"debug","time":"2026-09-16T09:59:42.914Z","pid":3524,"hostname":"DESKTOP-6F2E0JQ","query":"DELETE FROM \"public\".\"users\" WHERE \"public\".\"users\".\"email\" IN ($1,$2)","duration":486,"msg":"prisma query"}
{"level":"debug","time":"2026-09-16T09:59:42.925Z","pid":37800,"hostname":"DESKTOP-6F2E0JQ","query":"DEALLOCATE ALL","duration":253,"msg":"prisma query"}
{"level":"debug","time":"2026-09-16T09:59:42.963Z","pid":25716,"hostname":"DESKTOP-6F2E0JQ","query":"BEGIN","duration":241,"msg":"prisma query"}
{"level":"debug","time":"2026-09-16T09:59:43.157Z","pid":3524,"hostname":"DESKTOP-6F2E0JQ","query":"COMMIT","duration":242,"msg":"prisma query"}
{"level":"debug","time":"2026-09-16T09:59:43.205Z","pid":25716,"hostname":"DESKTOP-6F2E0JQ","query":"DEALLOCATE ALL","duration":241,"msg":"prisma query"}
{"level":"debug","time":"2026-09-16T09:59:43.300Z","pid":37044,"hostname":"DESKTOP-6F2E0JQ","query":"DELETE FROM \"public\".\"messages\" WHERE 1=1","duration":502,"msg":"prisma query"}
{"level":"debug","time":"2026-09-16T09:59:43.416Z","pid":37800,"hostname":"DESKTOP-6F2E0JQ","query":"DELETE FROM \"public\".\"ai_provider_configs\" WHERE EXISTS(SELECT \"t0\".\"id\" FROM \"public\".\"users\" AS \"t0\" WHERE (\"t0\".\"email\"::text LIKE $1 AND (\"public\".\"ai_provider_configs\".\"userId\") = (\"t0\".\"id\") AND \"t0\".\"id\" IS NOT NULL))","duration":491,"msg":"prisma query"}
{"level":"debug","time":"2026-09-16T09:59:43.539Z","pid":37044,"hostname":"DESKTOP-6F2E0JQ","query":"COMMIT","duration":239,"msg":"prisma query"}
{"level":"debug","time":"2026-09-16T09:59:43.660Z","pid":37800,"hostname":"DESKTOP-6F2E0JQ","query":"COMMIT","duration":243,"msg":"prisma query"}
{"level":"debug","time":"2026-09-16T09:59:43.692Z","pid":25716,"hostname":"DESKTOP-6F2E0JQ","query":"DELETE FROM \"public\".\"alternates\" WHERE 1=1","duration":486,"msg":"prisma query"}
{"level":"debug","time":"2026-09-16T09:59:43.779Z","pid":37044,"hostname":"DESKTOP-6F2E0JQ","query":"BEGIN","duration":238,"msg":"prisma query"}
{"level":"debug","time":"2026-09-16T09:59:43.909Z","pid":37800,"hostname":"DESKTOP-6F2E0JQ","query":"BEGIN","duration":247,"msg":"prisma query"}
{"level":"debug","time":"2026-09-16T09:59:43.948Z","pid":25716,"hostname":"DESKTOP-6F2E0JQ","query":"COMMIT","duration":256,"msg":"prisma query"}
{"level":"debug","time":"2026-09-16T09:59:44.024Z","pid":37044,"hostname":"DESKTOP-6F2E0JQ","query":"DEALLOCATE ALL","duration":245,"msg":"prisma query"}
{"level":"debug","time":"2026-09-16T09:59:44.152Z","pid":37800,"hostname":"DESKTOP-6F2E0JQ","query":"DEALLOCATE ALL","duration":242,"msg":"prisma query"}
{"level":"debug","time":"2026-09-16T09:59:44.273Z","pid":32548,"hostname":"DESKTOP-6F2E0JQ","query":"BEGIN","duration":241,"msg":"prisma query"}
{"level":"debug","time":"2026-09-16T09:59:44.305Z","pid":37320,"hostname":"DESKTOP-6F2E0JQ","query":"BEGIN","duration":236,"msg":"prisma query"}
{"level":"info","time":"2026-09-16T09:59:44.328Z","pid":32716,"hostname":"DESKTOP-6F2E0JQ","timestamp":"2026-09-16T09:59:44.327Z","message":"Starting a postgresql pool with 5 connections in PgBouncer mode.","target":"quaint::pooled","msg":"prisma info"}
{"level":"debug","time":"2026-09-16T09:59:44.446Z","pid":33248,"hostname":"DESKTOP-6F2E0JQ","query":"BEGIN","duration":248,"msg":"prisma query"}
{"level":"debug","time":"2026-09-16T09:59:44.499Z","pid":32548,"hostname":"DESKTOP-6F2E0JQ","query":"DEALLOCATE ALL","duration":226,"msg":"prisma query"}
{"level":"debug","time":"2026-09-16T09:59:44.514Z","pid":37044,"hostname":"DESKTOP-6F2E0JQ","query":"DELETE FROM \"public\".\"conversations\" WHERE 1=1","duration":489,"msg":"prisma query"}
{"level":"debug","time":"2026-09-16T09:59:44.547Z","pid":37320,"hostname":"DESKTOP-6F2E0JQ","query":"DEALLOCATE ALL","duration":240,"msg":"prisma query"}
{"level":"debug","time":"2026-09-16T09:59:44.643Z","pid":37800,"hostname":"DESKTOP-6F2E0JQ","query":"DELETE FROM \"public\".\"voice_profiles\" WHERE EXISTS(SELECT \"t0\".\"id\" FROM \"public\".\"users\" AS \"t0\" WHERE (\"t0\".\"email\"::text LIKE $1 AND (\"public\".\"voice_profiles\".\"userId\") = (\"t0\".\"id\") AND \"t0\".\"id\" IS NOT NULL))","duration":490,"msg":"prisma query"}
{"level":"debug","time":"2026-09-16T09:59:44.694Z","pid":33248,"hostname":"DESKTOP-6F2E0JQ","query":"DEALLOCATE ALL","duration":248,"msg":"prisma query"}
{"level":"debug","time":"2026-09-16T09:59:44.760Z","pid":37044,"hostname":"DESKTOP-6F2E0JQ","query":"COMMIT","duration":246,"msg":"prisma query"}
{"level":"debug","time":"2026-09-16T09:59:44.889Z","pid":37800,"hostname":"DESKTOP-6F2E0JQ","query":"COMMIT","duration":246,"msg":"prisma query"}
{"level":"debug","time":"2026-09-16T09:59:44.951Z","pid":32548,"hostname":"DESKTOP-6F2E0JQ","query":"SELECT 1","duration":451,"msg":"prisma query"}
{"level":"debug","time":"2026-09-16T09:59:45.004Z","pid":37044,"hostname":"DESKTOP-6F2E0JQ","query":"BEGIN","duration":242,"msg":"prisma query"}
{"level":"debug","time":"2026-09-16T09:59:45.023Z","pid":37320,"hostname":"DESKTOP-6F2E0JQ","query":"SELECT 1","duration":477,"msg":"prisma query"}
{"level":"info","time":"2026-09-16T09:59:45.023Z","pid":18288,"hostname":"DESKTOP-6F2E0JQ","timestamp":"2026-09-16T09:59:45.022Z","message":"Starting a postgresql pool with 5 connections in PgBouncer mode.","target":"quaint::pooled","msg":"prisma info"}
{"level":"debug","time":"2026-09-16T09:59:45.151Z","pid":37800,"hostname":"DESKTOP-6F2E0JQ","query":"BEGIN","duration":259,"msg":"prisma query"}
{"level":"debug","time":"2026-09-16T09:59:45.181Z","pid":32548,"hostname":"DESKTOP-6F2E0JQ","query":"COMMIT","duration":229,"msg":"prisma query"}
{"level":"debug","time":"2026-09-16T09:59:45.194Z","pid":33248,"hostname":"DESKTOP-6F2E0JQ","query":"SELECT 1","duration":499,"msg":"prisma query"}
{"level":"debug","time":"2026-09-16T09:59:45.249Z","pid":37044,"hostname":"DESKTOP-6F2E0JQ","query":"DEALLOCATE ALL","duration":245,"msg":"prisma query"}
{"level":"debug","time":"2026-09-16T09:59:45.271Z","pid":37320,"hostname":"DESKTOP-6F2E0JQ","query":"COMMIT","duration":247,"msg":"prisma query"}
 [32mΓ£ô[39m tests/unit/knowledge.test.ts[2m > [22mtokenizer[2m > [22mestimates latin tokens at roughly one per four characters[32m 2[2mms[22m[39m
 [32mΓ£ô[39m tests/unit/knowledge.test.ts[2m > [22mtokenizer[2m > [22mcounts CJK characters individually[32m 0[2mms[22m[39m
 [32mΓ£ô[39m tests/unit/knowledge.test.ts[2m > [22mtokenizer[2m > [22mis monotonic and never zero for non-empty text[32m 1[2mms[22m[39m
 [32mΓ£ô[39m tests/unit/knowledge.test.ts[2m > [22msplitIntoSentences[2m > [22msplits at sentence punctuation followed by a capital letter[32m 2[2mms[22m[39m
 [32mΓ£ô[39m tests/unit/knowledge.test.ts[2m > [22msplitIntoSentences[2m > [22mkeeps decimal abbreviations intact[32m 0[2mms[22m[39m
 [32mΓ£ô[39m tests/unit/knowledge.test.ts[2m > [22mtokenizeSegments[2m > [22mkeeps fenced code blocks intact as a single segment[32m 1[2mms[22m[39m
 [32mΓ£ô[39m tests/unit/knowledge.test.ts[2m > [22mtokenizeSegments[2m > [22mtreats headings as their own segment[32m 0[2mms[22m[39m
 [32mΓ£ô[39m tests/unit/knowledge.test.ts[2m > [22mChunkingService[2m > [22mproduces deterministic output[32m 2[2mms[22m[39m
 [32mΓ£ô[39m tests/unit/knowledge.test.ts[2m > [22mChunkingService[2m > [22massigns sequential indexes and rich metadata to chunks[32m 2[2mms[22m[39m
 [32mΓ£ô[39m tests/unit/knowledge.test.ts[2m > [22mChunkingService[2m > [22mnever exceeds maxChunkSize[32m 4[2mms[22m[39m
 [32mΓ£ô[39m tests/unit/knowledge.test.ts[2m > [22mChunkingService[2m > [22mkeeps code blocks whole when they fit[32m 0[2mms[22m[39m
 [32mΓ£ô[39m tests/unit/knowledge.test.ts[2m > [22mContentCleaner[2m > [22mstrips HTML tags and decodes entities[32m 4[2mms[22m[39m
 [32mΓ£ô[39m tests/unit/knowledge.test.ts[2m > [22mContentCleaner[2m > [22mnormalizes unicode NFKC and removes zero-width characters[32m 1[2mms[22m[39m
 [32mΓ£ô[39m tests/unit/knowledge.test.ts[2m > [22mContentCleaner[2m > [22mremoves control characters and normalizes line endings[32m 0[2mms[22m[39m
 [32mΓ£ô[39m tests/unit/knowledge.test.ts[2m > [22mContentCleaner[2m > [22mfixes double-encoded mojibake[32m 0[2mms[22m[39m
 [32mΓ£ô[39m tests/unit/knowledge.test.ts[2m > [22mContentCleaner[2m > [22mdrops repeated boilerplate lines but keeps markdown headings[32m 1[2mms[22m[39m
 [32mΓ£ô[39m tests/unit/knowledge.test.ts[2m > [22mContentCleaner[2m > [22mremoves empty sections entirely[32m 0[2mms[22m[39m
 [32mΓ£ô[39m tests/unit/knowledge.test.ts[2m > [22mfile-validator[2m > [22maccepts a real PDF by magic bytes regardless of the file name[32m 3[2mms[22m[39m
 [32mΓ£ô[39m tests/unit/knowledge.test.ts[2m > [22mfile-validator[2m > [22mrejects executables even when renamed to .pdf[32m 1[2mms[22m[39m
 [32mΓ£ô[39m tests/unit/knowledge.test.ts[2m > [22mfile-validator[2m > [22mrejects empty buffers with EMPTY_DOCUMENT[32m 0[2mms[22m[39m
 [32mΓ£ô[39m tests/unit/knowledge.test.ts[2m > [22mfile-validator[2m > [22mrejects path-traversal filenames[32m 0[2mms[22m[39m
 [32mΓ£ô[39m tests/unit/knowledge.test.ts[2m > [22mfile-validator[2m > [22mrejects oversized uploads with FILE_TOO_LARGE[32m 7[2mms[22m[39m
 [32mΓ£ô[39m tests/unit/knowledge.test.ts[2m > [22murl-fetcher guards[2m > [22mdetects private/reserved IPv4 addresses[32m 1[2mms[22m[39m
 [32mΓ£ô[39m tests/unit/knowledge.test.ts[2m > [22murl-fetcher guards[2m > [22mdetects private/reserved IPv6 addresses[32m 8[2mms[22m[39m
 [32mΓ£ô[39m tests/unit/knowledge.test.ts[2m > [22murl-fetcher guards[2m > [22menforces an allowlist of ingestible content types[32m 1[2mms[22m[39m
 [32mΓ£ô[39m tests/unit/knowledge.test.ts[2m > [22mextractor registry routing[2m > [22mroutes each extension/MIME to the correct adapter[32m 2[2mms[22m[39m
 [32mΓ£ô[39m tests/unit/knowledge.test.ts[2m > [22mfile extractors[2m > [22mextracts TXT exactly as given[32m 2[2mms[22m[39m
 [32mΓ£ô[39m tests/unit/knowledge.test.ts[2m > [22mfile extractors[2m > [22mextracts Markdown preserving structure[32m 1[2mms[22m[39m
 [32mΓ£ô[39m tests/unit/knowledge.test.ts[2m > [22mfile extractors[2m > [22mextracts DOCX with headings, paragraphs, lists and tables[32m 61[2mms[22m[39m
{"level":"debug","time":"2026-09-16T09:59:45.402Z","pid":37800,"hostname":"DESKTOP-6F2E0JQ","query":"DEALLOCATE ALL","duration":250,"msg":"prisma query"}
{"level":"debug","time":"2026-09-16T09:59:45.448Z","pid":33248,"hostname":"DESKTOP-6F2E0JQ","query":"COMMIT","duration":254,"msg":"prisma query"}
 [32mΓ£ô[39m tests/unit/errors.test.ts[2m > [22mBaseError[2m > [22mcreates error with correct properties[32m 4[2mms[22m[39m
 [32mΓ£ô[39m tests/unit/errors.test.ts[2m > [22mValidationError[2m > [22mhas correct defaults[32m 1[2mms[22m[39m
 [32mΓ£ô[39m tests/unit/errors.test.ts[2m > [22mAuthenticationError[2m > [22mhas correct defaults[32m 1[2mms[22m[39m
 [32mΓ£ô[39m tests/unit/errors.test.ts[2m > [22mAuthorizationError[2m > [22mhas correct defaults[32m 1[2mms[22m[39m
 [32mΓ£ô[39m tests/unit/errors.test.ts[2m > [22mNotFoundError[2m > [22mhas correct defaults[32m 1[2mms[22m[39m
{"level":"debug","time":"2026-09-16T09:59:45.514Z","pid":37320,"hostname":"DESKTOP-6F2E0JQ","query":"BEGIN","duration":238,"msg":"prisma query"}
 [32mΓ£ô[39m tests/unit/knowledge.test.ts[2m > [22mfile extractors[2m > [22mextracts PDF text and reports page count[33m 309[2mms[22m[39m
{"level":"warn","time":"2026-09-16T09:59:45.621Z","pid":32548,"hostname":"DESKTOP-6F2E0JQ","err":{"type":"InvalidPDFException","message":"Invalid PDF structure.: Invalid PDF structure.","stack":"InvalidPDFException: Invalid PDF structure.\n    at getException (file:///C:/Users/User/Alternate%20me/backend/node_modules/.pnpm/pdf-parse@2.4.5/node_modules/pdf-parse/dist/pdf-parse/esm/Exception.js:197:24)\n    at PDFParse.load (file:///C:/Users/User/Alternate%20me/backend/node_modules/.pnpm/pdf-parse@2.4.5/node_modules/pdf-parse/dist/pdf-parse/esm/PDFParse.js:159:19)\n    at PDFParse.getText (file:///C:/Users/User/Alternate%20me/backend/node_modules/.pnpm/pdf-parse@2.4.5/node_modules/pdf-parse/dist/pdf-parse/esm/PDFParse.js:122:21)\n    at PdfExtractor.extract (C:\\Users\\User\\Alternate me\\backend\\src\\knowledge\\extractors\\pdf.extractor.ts:30:26)\n    at C:\\Users\\User\\Alternate me\\backend\\src\\tests\\unit\\knowledge.test.ts:363:5\n    at file:///C:/Users/User/Alternate%20me/backend/node_modules/.pnpm/@vitest+runner@3.2.6/node_modules/@vitest/runner/dist/chunk-hooks.js:752:20\ncaused by: Error: \n    at BaseExceptionClosure (file:///C:/Users/User/Alternate%20me/backend/node_modules/.pnpm/pdfjs-dist@5.4.296/node_modules/pdfjs-dist/legacy/build/pdf.mjs:6418:29)\n    at file:///C:/Users/User/Alternate%20me/backend/node_modules/.pnpm/pdfjs-dist@5.4.296/node_modules/pdfjs-dist/legacy/build/pdf.mjs:6421:2\n    at ModuleJob.run (node:internal/modules/esm/module_job:329:25)\n    at onImport.tracePromise.__proto__ (node:internal/modules/esm/loader:644:26)\n    at VitestExecutor.interopedImport (file:///C:/Users/User/Alternate%20me/backend/node_modules/.pnpm/vite-node@3.2.4_@types+node@22.20.0_jiti@2.7.0_tsx@4.22.4/node_modules/vite-node/dist/client.mjs:450:26)\n    at VitestExecutor.directRequest (file:///C:/Users/User/Alternate%20me/backend/node_modules/.pnpm/vite-node@3.2.4_@types+node@22.20.0_jiti@2.7.0_tsx@4.22.4/node_modules/vite-node/dist/client.mjs:271:20)\n    at VitestExecutor.cachedRequest (file:///C:/Users/User/Alternate%20me/backend/node_modules/.pnpm/vite-node@3.2.4_@types+node@22.20.0_jiti@2.7.0_tsx@4.22.4/node_modules/vite-node/dist/client.mjs:189:11)\n    at VitestExecutor.dependencyRequest (file:///C:/Users/User/Alternate%20me/backend/node_modules/.pnpm/vite-node@3.2.4_@types+node@22.20.0_jiti@2.7.0_tsx@4.22.4/node_modules/vite-node/dist/client.mjs:239:10)\n    at C:\\Users\\User\\Alternate me\\backend\\src\\knowledge\\extractors\\pdf.extractor.ts:1:1\n    at VitestExecutor.runModule (file:///C:/Users/User/Alternate%20me/backend/node_modules/.pnpm/vite-node@3.2.4_@types+node@22.20.0_jiti@2.7.0_tsx@4.22.4/node_modules/vite-node/dist/client.mjs:397:4)","name":"InvalidPDFException"},"fileName":"bad.pdf","msg":"PDF extraction failed"}
 [32mΓ£ô[39m tests/unit/knowledge.test.ts[2m > [22mfile extractors[2m > [22mflags scanned PDFs as OCR_REQUIRED instead of inventing knowledge[32m 7[2mms[22m[39m
 [32mΓ£ô[39m tests/unit/knowledge.test.ts[2m > [22mfile extractors[2m > [22mrejects a corrupt PDF with CORRUPT_DOCUMENT[32m 27[2mms[22m[39m
 [32mΓ£ô[39m tests/unit/knowledge.test.ts[2m > [22mfile extractors[2m > [22mrejects an empty TXT with EMPTY_DOCUMENT[32m 2[2mms[22m[39m
 [32mΓ£ô[39m tests/unit/knowledge.test.ts[2m > [22mdeterministic embedding provider[2m > [22mreturns stable vectors with the configured dimensions[32m 3[2mms[22m[39m
 [32mΓ£ô[39m tests/unit/knowledge.test.ts[2m > [22mEmbeddingService[2m > [22mbatches and returns one vector per text with the configured model[32m 48[2mms[22m[39m
 [32mΓ£ô[39m tests/unit/knowledge.test.ts[2m > [22mEmbeddingService[2m > [22mis a no-op for empty input[32m 2[2mms[22m[39m
 [32mΓ£ô[39m tests/unit/knowledge.test.ts[2m > [22mEmbeddingService[2m > [22mrejects unknown providers with EMBEDDING_PROVIDER_ERROR[32m 1[2mms[22m[39m
{"level":"debug","time":"2026-09-16T09:59:45.732Z","pid":37044,"hostname":"DESKTOP-6F2E0JQ","query":"DELETE FROM \"public\".\"ai_provider_configs\" WHERE 1=1","duration":482,"msg":"prisma query"}
{"level":"debug","time":"2026-09-16T09:59:45.750Z","pid":37320,"hostname":"DESKTOP-6F2E0JQ","query":"DEALLOCATE ALL","duration":236,"msg":"prisma query"}
{"level":"debug","time":"2026-09-16T09:59:45.889Z","pid":37800,"hostname":"DESKTOP-6F2E0JQ","query":"DELETE FROM \"public\".\"personas\" WHERE EXISTS(SELECT \"t0\".\"id\" FROM \"public\".\"users\" AS \"t0\" WHERE (\"t0\".\"email\"::text LIKE $1 AND (\"public\".\"personas\".\"userId\") = (\"t0\".\"id\") AND \"t0\".\"id\" IS NOT NULL))","duration":486,"msg":"prisma query"}
{"level":"debug","time":"2026-09-16T09:59:45.973Z","pid":37044,"hostname":"DESKTOP-6F2E0JQ","query":"COMMIT","duration":240,"msg":"prisma query"}
{"level":"debug","time":"2026-09-16T09:59:46.131Z","pid":37800,"hostname":"DESKTOP-6F2E0JQ","query":"COMMIT","duration":241,"msg":"prisma query"}
{"level":"debug","time":"2026-09-16T09:59:46.220Z","pid":37044,"hostname":"DESKTOP-6F2E0JQ","query":"BEGIN","duration":243,"msg":"prisma query"}
{"level":"debug","time":"2026-09-16T09:59:46.233Z","pid":37320,"hostname":"DESKTOP-6F2E0JQ","query":"INSERT INTO \"public\".\"users\" (\"id\",\"username\",\"email\",\"role\",\"isMfaEnabled\",\"timezone\",\"language\",\"theme\",\"isActive\",\"createdAt\",\"updatedAt\") VALUES ($1,$2,$3,CAST($4::text AS \"public\".\"UserRole\"),$5,$6,$7,$8,$9,$10,$11) RETURNING \"public\".\"users\".\"id\", \"public\".\"users\".\"tenantId\", \"public\".\"users\".\"username\", \"public\".\"users\".\"email\", \"public\".\"users\".\"emailVerified\", \"public\".\"users\".\"name\", \"public\".\"users\".\"avatarUrl\", \"public\".\"users\".\"role\"::text, \"public\".\"users\".\"passwordHash\", \"public\".\"users\".\"isMfaEnabled\", \"public\".\"users\".\"mfaSecret\", \"public\".\"users\".\"bio\", \"public\".\"users\".\"timezone\", \"public\".\"users\".\"language\", \"public\".\"users\".\"theme\", \"public\".\"users\".\"lastLoginAt\", \"public\".\"users\".\"isActive\", \"public\".\"users\".\"deletedAt\", \"public\".\"users\".\"metadata\", \"public\".\"users\".\"createdAt\", \"public\".\"users\".\"updatedAt\"","duration":482,"msg":"prisma query"}
{"level":"debug","time":"2026-09-16T09:59:46.364Z","pid":32716,"hostname":"DESKTOP-6F2E0JQ","query":"BEGIN","duration":245,"msg":"prisma query"}
{"level":"debug","time":"2026-09-16T09:59:46.377Z","pid":37800,"hostname":"DESKTOP-6F2E0JQ","query":"BEGIN","duration":243,"msg":"prisma query"}
{"level":"debug","time":"2026-09-16T09:59:46.459Z","pid":37044,"hostname":"DESKTOP-6F2E0JQ","query":"DEALLOCATE ALL","duration":238,"msg":"prisma query"}
{"level":"debug","time":"2026-09-16T09:59:46.478Z","pid":37320,"hostname":"DESKTOP-6F2E0JQ","query":"COMMIT","duration":242,"msg":"prisma query"}
{"level":"debug","time":"2026-09-16T09:59:46.606Z","pid":32716,"hostname":"DESKTOP-6F2E0JQ","query":"DEALLOCATE ALL","duration":242,"msg":"prisma query"}
{"level":"debug","time":"2026-09-16T09:59:46.621Z","pid":37800,"hostname":"DESKTOP-6F2E0JQ","query":"DEALLOCATE ALL","duration":242,"msg":"prisma query"}
{"level":"debug","time":"2026-09-16T09:59:46.745Z","pid":37320,"hostname":"DESKTOP-6F2E0JQ","query":"BEGIN","duration":250,"msg":"prisma query"}
{"level":"info","time":"2026-09-16T09:59:46.759Z","pid":11104,"hostname":"DESKTOP-6F2E0JQ","timestamp":"2026-09-16T09:59:46.758Z","message":"Starting a postgresql pool with 5 connections in PgBouncer mode.","target":"quaint::pooled","msg":"prisma info"}
{"level":"info","time":"2026-09-16T09:59:46.923Z","pid":16120,"hostname":"DESKTOP-6F2E0JQ","timestamp":"2026-09-16T09:59:46.922Z","message":"Starting a postgresql pool with 5 connections in PgBouncer mode.","target":"quaint::pooled","msg":"prisma info"}
{"level":"debug","time":"2026-09-16T09:59:46.937Z","pid":37044,"hostname":"DESKTOP-6F2E0JQ","query":"DELETE FROM \"public\".\"alternates\" WHERE 1=1","duration":478,"msg":"prisma query"}
{"level":"debug","time":"2026-09-16T09:59:46.981Z","pid":37320,"hostname":"DESKTOP-6F2E0JQ","query":"DEALLOCATE ALL","duration":236,"msg":"prisma query"}
{"level":"debug","time":"2026-09-16T09:59:46.983Z","pid":18288,"hostname":"DESKTOP-6F2E0JQ","query":"BEGIN","duration":225,"msg":"prisma query"}
{"level":"debug","time":"2026-09-16T09:59:47.088Z","pid":32716,"hostname":"DESKTOP-6F2E0JQ","query":"SELECT 1","duration":481,"msg":"prisma query"}
{"level":"debug","time":"2026-09-16T09:59:47.113Z","pid":37800,"hostname":"DESKTOP-6F2E0JQ","query":"DELETE FROM \"public\".\"onboardings\" WHERE EXISTS(SELECT \"t0\".\"id\" FROM \"public\".\"users\" AS \"t0\" WHERE (\"t0\".\"email\"::text LIKE $1 AND (\"public\".\"onboardings\".\"userId\") = (\"t0\".\"id\") AND \"t0\".\"id\" IS NOT NULL))","duration":494,"msg":"prisma query"}
{"level":"debug","time":"2026-09-16T09:59:47.176Z","pid":37044,"hostname":"DESKTOP-6F2E0JQ","query":"COMMIT","duration":238,"msg":"prisma query"}
{"level":"debug","time":"2026-09-16T09:59:47.214Z","pid":18288,"hostname":"DESKTOP-6F2E0JQ","query":"DEALLOCATE ALL","duration":230,"msg":"prisma query"}
{"level":"debug","time":"2026-09-16T09:59:47.332Z","pid":32716,"hostname":"DESKTOP-6F2E0JQ","query":"COMMIT","duration":244,"msg":"prisma query"}
 [32mΓ£ô[39m tests/unit/auth.service.test.ts[2m > [22mregisterUser[2m > [22mre-sends verification for an existing unverified user instead of creating a duplicate account[32m 15[2mms[22m[39m
{"level":"debug","time":"2026-09-16T09:59:47.358Z","pid":37800,"hostname":"DESKTOP-6F2E0JQ","query":"COMMIT","duration":244,"msg":"prisma query"}
{"level":"debug","time":"2026-09-16T09:59:47.498Z","pid":37320,"hostname":"DESKTOP-6F2E0JQ","query":"INSERT INTO \"public\".\"users\" (\"id\",\"username\",\"email\",\"role\",\"isMfaEnabled\",\"timezone\",\"language\",\"theme\",\"isActive\",\"createdAt\",\"updatedAt\") VALUES ($1,$2,$3,CAST($4::text AS \"public\".\"UserRole\"),$5,$6,$7,$8,$9,$10,$11) RETURNING \"public\".\"users\".\"id\", \"public\".\"users\".\"tenantId\", \"public\".\"users\".\"username\", \"public\".\"users\".\"email\", \"public\".\"users\".\"emailVerified\", \"public\".\"users\".\"name\", \"public\".\"users\".\"avatarUrl\", \"public\".\"users\".\"role\"::text, \"public\".\"users\".\"passwordHash\", \"public\".\"users\".\"isMfaEnabled\", \"public\".\"users\".\"mfaSecret\", \"public\".\"users\".\"bio\", \"public\".\"users\".\"timezone\", \"public\".\"users\".\"language\", \"public\".\"users\".\"theme\", \"public\".\"users\".\"lastLoginAt\", \"public\".\"users\".\"isActive\", \"public\".\"users\".\"deletedAt\", \"public\".\"users\".\"metadata\", \"public\".\"users\".\"createdAt\", \"public\".\"users\".\"updatedAt\"","duration":516,"msg":"prisma query"}
{"level":"debug","time":"2026-09-16T09:59:47.776Z","pid":37800,"hostname":"DESKTOP-6F2E0JQ","query":"BEGIN","duration":414,"msg":"prisma query"}
{"level":"debug","time":"2026-09-16T09:59:47.778Z","pid":37320,"hostname":"DESKTOP-6F2E0JQ","query":"COMMIT","duration":279,"msg":"prisma query"}
{"level":"debug","time":"2026-09-16T09:59:47.778Z","pid":18288,"hostname":"DESKTOP-6F2E0JQ","query":"SELECT 1","duration":562,"msg":"prisma query"}
{"level":"debug","time":"2026-09-16T09:59:48.003Z","pid":18288,"hostname":"DESKTOP-6F2E0JQ","query":"COMMIT","duration":225,"msg":"prisma query"}
{"level":"debug","time":"2026-09-16T09:59:48.019Z","pid":37800,"hostname":"DESKTOP-6F2E0JQ","query":"DEALLOCATE ALL","duration":242,"msg":"prisma query"}
{"level":"debug","time":"2026-09-16T09:59:48.034Z","pid":37320,"hostname":"DESKTOP-6F2E0JQ","query":"BEGIN","duration":246,"msg":"prisma query"}
 [32mΓ£ô[39m tests/unit/auth.middleware.test.ts[2m > [22mauth middleware[2m > [22mattaches auth context from a bearer token[32m 40[2mms[22m[39m
 [32mΓ£ô[39m tests/unit/auth.middleware.test.ts[2m > [22mauth middleware[2m > [22mallows optional auth middleware to continue when no token is present[32m 12[2mms[22m[39m
 [32mΓ£ô[39m tests/unit/auth.middleware.test.ts[2m > [22mauth middleware[2m > [22mauthorizes ownership when the requester owns the resource[32m 7[2mms[22m[39m
 [32mΓ£ô[39m tests/unit/auth.middleware.test.ts[2m > [22mauth middleware[2m > [22mrejects ownership when the requester does not own the resource[32m 13[2mms[22m[39m
{"level":"debug","time":"2026-09-16T09:59:48.280Z","pid":37320,"hostname":"DESKTOP-6F2E0JQ","query":"DEALLOCATE ALL","duration":249,"msg":"prisma query"}
{"level":"debug","time":"2026-09-16T09:59:48.752Z","pid":37800,"hostname":"DESKTOP-6F2E0JQ","query":"DELETE FROM \"public\".\"alternates\" WHERE EXISTS(SELECT \"t0\".\"id\" FROM \"public\".\"users\" AS \"t0\" WHERE (\"t0\".\"email\"::text LIKE $1 AND (\"public\".\"alternates\".\"userId\") = (\"t0\".\"id\") AND \"t0\".\"id\" IS NOT NULL))","duration":732,"msg":"prisma query"}
{"level":"debug","time":"2026-09-16T09:59:48.990Z","pid":37320,"hostname":"DESKTOP-6F2E0JQ","query":"SELECT \"public\".\"alternates\".\"id\" FROM \"public\".\"alternates\" WHERE (\"public\".\"alternates\".\"username\" = $1 AND \"public\".\"alternates\".\"deletedAt\" IS NULL) LIMIT $2 OFFSET $3","duration":708,"msg":"prisma query"}
{"level":"debug","time":"2026-09-16T09:59:49.003Z","pid":37800,"hostname":"DESKTOP-6F2E0JQ","query":"COMMIT","duration":250,"msg":"prisma query"}
{"level":"debug","time":"2026-09-16T09:59:49.026Z","pid":11104,"hostname":"DESKTOP-6F2E0JQ","query":"BEGIN","duration":256,"msg":"prisma query"}
{"level":"debug","time":"2026-09-16T09:59:49.215Z","pid":16120,"hostname":"DESKTOP-6F2E0JQ","query":"BEGIN","duration":403,"msg":"prisma query"}
{"level":"debug","time":"2026-09-16T09:59:49.231Z","pid":37320,"hostname":"DESKTOP-6F2E0JQ","query":"COMMIT","duration":241,"msg":"prisma query"}
{"level":"debug","time":"2026-09-16T09:59:49.251Z","pid":37800,"hostname":"DESKTOP-6F2E0JQ","query":"BEGIN","duration":243,"msg":"prisma query"}
{"level":"debug","time":"2026-09-16T09:59:49.271Z","pid":11104,"hostname":"DESKTOP-6F2E0JQ","query":"DEALLOCATE ALL","duration":245,"msg":"prisma query"}
{"level":"debug","time":"2026-09-16T09:59:49.470Z","pid":37320,"hostname":"DESKTOP-6F2E0JQ","query":"BEGIN","duration":236,"msg":"prisma query"}
{"level":"debug","time":"2026-09-16T09:59:49.472Z","pid":16120,"hostname":"DESKTOP-6F2E0JQ","query":"DEALLOCATE ALL","duration":256,"msg":"prisma query"}
{"level":"debug","time":"2026-09-16T09:59:49.499Z","pid":37800,"hostname":"DESKTOP-6F2E0JQ","query":"DEALLOCATE ALL","duration":247,"msg":"prisma query"}
{"level":"debug","time":"2026-09-16T09:59:49.706Z","pid":37320,"hostname":"DESKTOP-6F2E0JQ","query":"DEALLOCATE ALL","duration":235,"msg":"prisma query"}
{"level":"debug","time":"2026-09-16T09:59:49.753Z","pid":11104,"hostname":"DESKTOP-6F2E0JQ","query":"SELECT 1","duration":482,"msg":"prisma query"}
{"level":"debug","time":"2026-09-16T09:59:49.942Z","pid":37320,"hostname":"DESKTOP-6F2E0JQ","query":"INSERT INTO \"public\".\"alternates\" (\"id\",\"userId\",\"username\",\"displayName\",\"visibility\",\"status\",\"memoryEnabled\",\"createdAt\",\"updatedAt\") VALUES ($1,$2,$3,$4,CAST($5::text AS \"public\".\"AlternateVisibility\"),CAST($6::text AS \"public\".\"AlternateStatus\"),$7,$8,$9) RETURNING \"public\".\"alternates\".\"id\", \"public\".\"alternates\".\"userId\", \"public\".\"alternates\".\"username\", \"public\".\"alternates\".\"displayName\", \"public\".\"alternates\".\"title\", \"public\".\"alternates\".\"bio\", \"public\".\"alternates\".\"avatarUrl\", \"public\".\"alternates\".\"visibility\"::text, \"public\".\"alternates\".\"status\"::text, \"public\".\"alternates\".\"personaPrompt\", \"public\".\"alternates\".\"modelId\", \"public\".\"alternates\".\"publishedAt\", \"public\".\"alternates\".\"memoryEnabled\", \"public\".\"alternates\".\"createdAt\", \"public\".\"alternates\".\"updatedAt\", \"public\".\"alternates\".\"deletedAt\"","duration":236,"msg":"prisma query"}
{"level":"debug","time":"2026-09-16T09:59:49.995Z","pid":16120,"hostname":"DESKTOP-6F2E0JQ","query":"SELECT 1","duration":522,"msg":"prisma query"}
{"level":"debug","time":"2026-09-16T09:59:50.002Z","pid":37800,"hostname":"DESKTOP-6F2E0JQ","query":"DELETE FROM \"public\".\"users\" WHERE \"public\".\"users\".\"email\"::text LIKE $1","duration":503,"msg":"prisma query"}
{"level":"debug","time":"2026-09-16T09:59:50.002Z","pid":11104,"hostname":"DESKTOP-6F2E0JQ","query":"COMMIT","duration":248,"msg":"prisma query"}
 [32mΓ£ô[39m utils/__tests__/source-security.test.ts[2m > [22mSSRF URL Validation[2m > [22maccepts valid public HTTPS URLs[32m 3[2mms[22m[39m
 [32mΓ£ô[39m utils/__tests__/source-security.test.ts[2m > [22mSSRF URL Validation[2m > [22maccepts valid public HTTP URLs[32m 1[2mms[22m[39m
 [32mΓ£ô[39m utils/__tests__/source-security.test.ts[2m > [22mSSRF URL Validation[2m > [22mrejects file:// protocol[32m 0[2mms[22m[39m
 [32mΓ£ô[39m utils/__tests__/source-security.test.ts[2m > [22mSSRF URL Validation[2m > [22mrejects ftp:// protocol[32m 0[2mms[22m[39m
 [32mΓ£ô[39m utils/__tests__/source-security.test.ts[2m > [22mSSRF URL Validation[2m > [22mrejects data: protocol[32m 0[2mms[22m[39m
 [32mΓ£ô[39m utils/__tests__/source-security.test.ts[2m > [22mSSRF URL Validation[2m > [22mrejects javascript: protocol[32m 0[2mms[22m[39m
 [32mΓ£ô[39m utils/__tests__/source-security.test.ts[2m > [22mSSRF URL Validation[2m > [22mrejects localhost[32m 0[2mms[22m[39m
 [32mΓ£ô[39m utils/__tests__/source-security.test.ts[2m > [22mSSRF URL Validation[2m > [22mrejects 127.0.0.1 loopback[32m 0[2mms[22m[39m
 [32mΓ£ô[39m utils/__tests__/source-security.test.ts[2m > [22mSSRF URL Validation[2m > [22mrejects 10.x private range[32m 0[2mms[22m[39m
 [32mΓ£ô[39m utils/__tests__/source-security.test.ts[2m > [22mSSRF URL Validation[2m > [22mrejects 192.168.x private range[32m 0[2mms[22m[39m
 [32mΓ£ô[39m utils/__tests__/source-security.test.ts[2m > [22mSSRF URL Validation[2m > [22mrejects 172.16.x private range[32m 0[2mms[22m[39m
 [32mΓ£ô[39m utils/__tests__/source-security.test.ts[2m > [22mSSRF URL Validation[2m > [22mrejects metadata service[32m 0[2mms[22m[39m
 [32mΓ£ô[39m utils/__tests__/source-security.test.ts[2m > [22mSSRF URL Validation[2m > [22mrejects invalid URL format[32m 0[2mms[22m[39m
{"level":"debug","time":"2026-09-16T09:59:50.186Z","pid":37320,"hostname":"DESKTOP-6F2E0JQ","query":"ROLLBACK","duration":243,"msg":"prisma query"}
 [2m[90mΓåô[39m[22m tests/integration/knowledge-ingestion.test.ts[2m > [22mPhase 3 ΓÇö Knowledge Ingestion Pipeline (integration)[2m > [22mingests a TXT file end to end (extract ΓåÆ clean ΓåÆ chunk ΓåÆ embed ΓåÆ pgvector ΓåÆ ready)
{"level":"error","time":"2026-09-16T09:59:50.229Z","pid":37320,"hostname":"DESKTOP-6F2E0JQ","message":"\nInvalid `prisma.alternate.create()` invocation in\nC:\\Users\\User\\Alternate me\\backend\\src\\alternates\\alternate.service.ts:35:46\n\n  32   throw new ConflictError('Username is already taken');\n  33 }\n  34 \nΓåÆ 35 const alternate = await prisma.alternate.create(\nThe column `memoryEnabled` does not exist in the current database.","target":"alternate.create","timestamp":"2026-09-16T09:59:50.229Z","msg":"prisma error"}
{"level":"debug","time":"2026-09-16T09:59:50.246Z","pid":37800,"hostname":"DESKTOP-6F2E0JQ","query":"COMMIT","duration":243,"msg":"prisma query"}
{"level":"debug","time":"2026-09-16T09:59:50.250Z","pid":16120,"hostname":"DESKTOP-6F2E0JQ","query":"COMMIT","duration":255,"msg":"prisma query"}
 [32mΓ£ô[39m tests/unit/helpers.test.ts[2m > [22mgenerateSlug[2m > [22mconverts text to slug[32m 3[2mms[22m[39m
 [32mΓ£ô[39m tests/unit/helpers.test.ts[2m > [22mgenerateSlug[2m > [22mhandles special characters[32m 1[2mms[22m[39m
 [32mΓ£ô[39m tests/unit/helpers.test.ts[2m > [22mgenerateSlug[2m > [22mtrims hyphens[32m 0[2mms[22m[39m
 [32mΓ£ô[39m tests/unit/helpers.test.ts[2m > [22mmaskEmail[2m > [22mmasks email[32m 0[2mms[22m[39m
 [32mΓ£ô[39m tests/unit/helpers.test.ts[2m > [22mmaskApiKey[2m > [22mmasks API key[32m 0[2mms[22m[39m
 [32mΓ£ô[39m tests/unit/helpers.test.ts[2m > [22mmaskApiKey[2m > [22mhandles short keys[32m 0[2mms[22m[39m
 [32mΓ£ô[39m tests/unit/helpers.test.ts[2m > [22mtruncate[2m > [22mtruncates long strings[32m 0[2mms[22m[39m
 [32mΓ£ô[39m tests/unit/helpers.test.ts[2m > [22mtruncate[2m > [22mkeeps short strings[32m 0[2mms[22m[39m
 [2m[90mΓåô[39m[22m tests/integration/knowledge-ingestion.test.ts[2m > [22mPhase 3 ΓÇö Knowledge Ingestion Pipeline (integration)[2m > [22mingests PDF, DOCX and Markdown sources
 [2m[90mΓåô[39m[22m tests/integration/knowledge-ingestion.test.ts[2m > [22mPhase 3 ΓÇö Knowledge Ingestion Pipeline (integration)[2m > [22mflags scanned PDFs as OCR_REQUIRED without inventing content
 [2m[90mΓåô[39m[22m tests/integration/knowledge-ingestion.test.ts[2m > [22mPhase 3 ΓÇö Knowledge Ingestion Pipeline (integration)[2m > [22mskips a reprocess when content is unchanged (idempotency)
 [2m[90mΓåô[39m[22m tests/integration/knowledge-ingestion.test.ts[2m > [22mPhase 3 ΓÇö Knowledge Ingestion Pipeline (integration)[2m > [22mcreates a new retrieval-eligible version on forced reprocess
 [2m[90mΓåô[39m[22m tests/integration/knowledge-ingestion.test.ts[2m > [22mPhase 3 ΓÇö Knowledge Ingestion Pipeline (integration)[2m > [22mexcludes deleted sources from retrieval eligibility
 [2m[90mΓåô[39m[22m tests/integration/knowledge-ingestion.test.ts[2m > [22mPhase 3 ΓÇö Knowledge Ingestion Pipeline (integration)[2m > [22menforces cross-user isolation end to end
{"level":"debug","time":"2026-09-16T09:59:50.479Z","pid":37320,"hostname":"DESKTOP-6F2E0JQ","query":"BEGIN","duration":246,"msg":"prisma query"}
{"level":"debug","time":"2026-09-16T09:59:50.495Z","pid":37800,"hostname":"DESKTOP-6F2E0JQ","query":"BEGIN","duration":245,"msg":"prisma query"}
{"level":"debug","time":"2026-09-16T09:59:50.740Z","pid":37320,"hostname":"DESKTOP-6F2E0JQ","query":"DEALLOCATE ALL","duration":261,"msg":"prisma query"}
{"level":"debug","time":"2026-09-16T09:59:50.751Z","pid":37800,"hostname":"DESKTOP-6F2E0JQ","query":"DEALLOCATE ALL","duration":255,"msg":"prisma query"}
{"level":"debug","time":"2026-09-16T09:59:51.343Z","pid":37320,"hostname":"DESKTOP-6F2E0JQ","query":"DELETE FROM \"public\".\"users\" WHERE \"public\".\"users\".\"id\" IN ($1,$2)","duration":602,"msg":"prisma query"}
{"level":"debug","time":"2026-09-16T09:59:51.351Z","pid":37800,"hostname":"DESKTOP-6F2E0JQ","query":"INSERT INTO \"public\".\"users\" (\"id\",\"username\",\"email\",\"role\",\"isMfaEnabled\",\"timezone\",\"language\",\"theme\",\"isActive\",\"createdAt\",\"updatedAt\") VALUES ($1,$2,$3,CAST($4::text AS \"public\".\"UserRole\"),$5,$6,$7,$8,$9,$10,$11) RETURNING \"public\".\"users\".\"id\", \"public\".\"users\".\"tenantId\", \"public\".\"users\".\"username\", \"public\".\"users\".\"email\", \"public\".\"users\".\"emailVerified\", \"public\".\"users\".\"name\", \"public\".\"users\".\"avatarUrl\", \"public\".\"users\".\"role\"::text, \"public\".\"users\".\"passwordHash\", \"public\".\"users\".\"isMfaEnabled\", \"public\".\"users\".\"mfaSecret\", \"public\".\"users\".\"bio\", \"public\".\"users\".\"timezone\", \"public\".\"users\".\"language\", \"public\".\"users\".\"theme\", \"public\".\"users\".\"lastLoginAt\", \"public\".\"users\".\"isActive\", \"public\".\"users\".\"deletedAt\", \"public\".\"users\".\"metadata\", \"public\".\"users\".\"createdAt\", \"public\".\"users\".\"updatedAt\"","duration":599,"msg":"prisma query"}
{"level":"debug","time":"2026-09-16T09:59:51.596Z","pid":37320,"hostname":"DESKTOP-6F2E0JQ","query":"COMMIT","duration":253,"msg":"prisma query"}
{"level":"debug","time":"2026-09-16T09:59:51.606Z","pid":37800,"hostname":"DESKTOP-6F2E0JQ","query":"COMMIT","duration":254,"msg":"prisma query"}
{"level":"debug","time":"2026-09-16T09:59:51.853Z","pid":37800,"hostname":"DESKTOP-6F2E0JQ","query":"BEGIN","duration":243,"msg":"prisma query"}
{"level":"debug","time":"2026-09-16T09:59:52.096Z","pid":37800,"hostname":"DESKTOP-6F2E0JQ","query":"DEALLOCATE ALL","duration":242,"msg":"prisma query"}
{"level":"debug","time":"2026-09-16T09:59:52.584Z","pid":37800,"hostname":"DESKTOP-6F2E0JQ","query":"SELECT \"public\".\"alternates\".\"id\" FROM \"public\".\"alternates\" WHERE (\"public\".\"alternates\".\"username\" = $1 AND \"public\".\"alternates\".\"deletedAt\" IS NULL) LIMIT $2 OFFSET $3","duration":487,"msg":"prisma query"}
{"level":"debug","time":"2026-09-16T09:59:52.832Z","pid":37800,"hostname":"DESKTOP-6F2E0JQ","query":"COMMIT","duration":248,"msg":"prisma query"}
{"level":"debug","time":"2026-09-16T09:59:53.091Z","pid":37800,"hostname":"DESKTOP-6F2E0JQ","query":"BEGIN","duration":256,"msg":"prisma query"}
{"level":"debug","time":"2026-09-16T09:59:53.333Z","pid":37800,"hostname":"DESKTOP-6F2E0JQ","query":"DEALLOCATE ALL","duration":241,"msg":"prisma query"}
{"level":"debug","time":"2026-09-16T09:59:53.580Z","pid":37800,"hostname":"DESKTOP-6F2E0JQ","query":"INSERT INTO \"public\".\"alternates\" (\"id\",\"userId\",\"username\",\"displayName\",\"visibility\",\"status\",\"memoryEnabled\",\"createdAt\",\"updatedAt\") VALUES ($1,$2,$3,$4,CAST($5::text AS \"public\".\"AlternateVisibility\"),CAST($6::text AS \"public\".\"AlternateStatus\"),$7,$8,$9) RETURNING \"public\".\"alternates\".\"id\", \"public\".\"alternates\".\"userId\", \"public\".\"alternates\".\"username\", \"public\".\"alternates\".\"displayName\", \"public\".\"alternates\".\"title\", \"public\".\"alternates\".\"bio\", \"public\".\"alternates\".\"avatarUrl\", \"public\".\"alternates\".\"visibility\"::text, \"public\".\"alternates\".\"status\"::text, \"public\".\"alternates\".\"personaPrompt\", \"public\".\"alternates\".\"modelId\", \"public\".\"alternates\".\"publishedAt\", \"public\".\"alternates\".\"memoryEnabled\", \"public\".\"alternates\".\"createdAt\", \"public\".\"alternates\".\"updatedAt\", \"public\".\"alternates\".\"deletedAt\"","duration":246,"msg":"prisma query"}
{"level":"debug","time":"2026-09-16T09:59:53.946Z","pid":37800,"hostname":"DESKTOP-6F2E0JQ","query":"ROLLBACK","duration":366,"msg":"prisma query"}
{"level":"error","time":"2026-09-16T09:59:53.989Z","pid":37800,"hostname":"DESKTOP-6F2E0JQ","message":"\nInvalid `prisma.alternate.create()` invocation in\nC:\\Users\\User\\Alternate me\\backend\\src\\alternates\\alternate.service.ts:35:46\n\n  32   throw new ConflictError('Username is already taken');\n  33 }\n  34 \nΓåÆ 35 const alternate = await prisma.alternate.create(\nThe column `memoryEnabled` does not exist in the current database.","target":"alternate.create","timestamp":"2026-09-16T09:59:53.989Z","msg":"prisma error"}
 [31m├ù[39m utils/__tests__/alternates.test.ts[2m > [22mAlternates Module[2m > [22mAlternate CRUD[2m > [22mshould create an alternate[33m 12890[2mms[22m[39m
[31m   ΓåÆ 
Invalid `prisma.alternate.create()` invocation in
C:\Users\User\Alternate me\backend\src\alternates\alternate.service.ts:35:46

  32   throw new ConflictError('Username is already taken');
  33 }
  34 
ΓåÆ 35 const alternate = await prisma.alternate.create(
The column `memoryEnabled` does not exist in the current database.[39m
{"level":"debug","time":"2026-09-16T09:59:54.250Z","pid":37800,"hostname":"DESKTOP-6F2E0JQ","query":"BEGIN","duration":254,"msg":"prisma query"}
{"level":"debug","time":"2026-09-16T09:59:54.540Z","pid":37800,"hostname":"DESKTOP-6F2E0JQ","query":"DEALLOCATE ALL","duration":290,"msg":"prisma query"}
{"level":"debug","time":"2026-09-16T09:59:55.030Z","pid":37800,"hostname":"DESKTOP-6F2E0JQ","query":"DELETE FROM \"public\".\"training_sources\" WHERE EXISTS(SELECT \"t0\".\"id\" FROM \"public\".\"users\" AS \"t0\" WHERE (\"t0\".\"email\"::text LIKE $1 AND (\"public\".\"training_sources\".\"userId\") = (\"t0\".\"id\") AND \"t0\".\"id\" IS NOT NULL))","duration":489,"msg":"prisma query"}
{"level":"debug","time":"2026-09-16T09:59:55.341Z","pid":37800,"hostname":"DESKTOP-6F2E0JQ","query":"COMMIT","duration":310,"msg":"prisma query"}
{"level":"debug","time":"2026-09-16T09:59:55.590Z","pid":37800,"hostname":"DESKTOP-6F2E0JQ","query":"SELECT 1","duration":248,"msg":"prisma query"}
{"level":"debug","time":"2026-09-16T09:59:55.833Z","pid":37800,"hostname":"DESKTOP-6F2E0JQ","query":"BEGIN","duration":241,"msg":"prisma query"}
{"level":"debug","time":"2026-09-16T09:59:56.075Z","pid":37800,"hostname":"DESKTOP-6F2E0JQ","query":"DEALLOCATE ALL","duration":242,"msg":"prisma query"}
{"level":"debug","time":"2026-09-16T09:59:56.576Z","pid":37800,"hostname":"DESKTOP-6F2E0JQ","query":"DELETE FROM \"public\".\"ai_provider_configs\" WHERE EXISTS(SELECT \"t0\".\"id\" FROM \"public\".\"users\" AS \"t0\" WHERE (\"t0\".\"email\"::text LIKE $1 AND (\"public\".\"ai_provider_configs\".\"userId\") = (\"t0\".\"id\") AND \"t0\".\"id\" IS NOT NULL))","duration":500,"msg":"prisma query"}
{"level":"debug","time":"2026-09-16T09:59:56.819Z","pid":37800,"hostname":"DESKTOP-6F2E0JQ","query":"COMMIT","duration":242,"msg":"prisma query"}
{"level":"debug","time":"2026-09-16T09:59:57.062Z","pid":37800,"hostname":"DESKTOP-6F2E0JQ","query":"BEGIN","duration":241,"msg":"prisma query"}
{"level":"debug","time":"2026-09-16T09:59:57.303Z","pid":37800,"hostname":"DESKTOP-6F2E0JQ","query":"DEALLOCATE ALL","duration":241,"msg":"prisma query"}
{"level":"debug","time":"2026-09-16T09:59:57.795Z","pid":37800,"hostname":"DESKTOP-6F2E0JQ","query":"DELETE FROM \"public\".\"voice_profiles\" WHERE EXISTS(SELECT \"t0\".\"id\" FROM \"public\".\"users\" AS \"t0\" WHERE (\"t0\".\"email\"::text LIKE $1 AND (\"public\".\"voice_profiles\".\"userId\") = (\"t0\".\"id\") AND \"t0\".\"id\" IS NOT NULL))","duration":490,"msg":"prisma query"}
{"level":"debug","time":"2026-09-16T09:59:58.037Z","pid":37800,"hostname":"DESKTOP-6F2E0JQ","query":"COMMIT","duration":242,"msg":"prisma query"}
{"level":"debug","time":"2026-09-16T09:59:58.280Z","pid":37800,"hostname":"DESKTOP-6F2E0JQ","query":"BEGIN","duration":242,"msg":"prisma query"}
{"level":"debug","time":"2026-09-16T09:59:58.522Z","pid":37800,"hostname":"DESKTOP-6F2E0JQ","query":"DEALLOCATE ALL","duration":242,"msg":"prisma query"}
{"level":"debug","time":"2026-09-16T09:59:59.017Z","pid":37800,"hostname":"DESKTOP-6F2E0JQ","query":"DELETE FROM \"public\".\"personas\" WHERE EXISTS(SELECT \"t0\".\"id\" FROM \"public\".\"users\" AS \"t0\" WHERE (\"t0\".\"email\"::text LIKE $1 AND (\"public\".\"personas\".\"userId\") = (\"t0\".\"id\") AND \"t0\".\"id\" IS NOT NULL))","duration":494,"msg":"prisma query"}
{"level":"debug","time":"2026-09-16T09:59:59.261Z","pid":37800,"hostname":"DESKTOP-6F2E0JQ","query":"COMMIT","duration":243,"msg":"prisma query"}
{"level":"debug","time":"2026-09-16T09:59:59.508Z","pid":37800,"hostname":"DESKTOP-6F2E0JQ","query":"BEGIN","duration":245,"msg":"prisma query"}
{"level":"debug","time":"2026-09-16T09:59:59.751Z","pid":37800,"hostname":"DESKTOP-6F2E0JQ","query":"DEALLOCATE ALL","duration":243,"msg":"prisma query"}
{"level":"debug","time":"2026-09-16T10:00:00.245Z","pid":37800,"hostname":"DESKTOP-6F2E0JQ","query":"DELETE FROM \"public\".\"onboardings\" WHERE EXISTS(SELECT \"t0\".\"id\" FROM \"public\".\"users\" AS \"t0\" WHERE (\"t0\".\"email\"::text LIKE $1 AND (\"public\".\"onboardings\".\"userId\") = (\"t0\".\"id\") AND \"t0\".\"id\" IS NOT NULL))","duration":493,"msg":"prisma query"}
{"level":"debug","time":"2026-09-16T10:00:00.488Z","pid":37800,"hostname":"DESKTOP-6F2E0JQ","query":"COMMIT","duration":242,"msg":"prisma query"}
{"level":"debug","time":"2026-09-16T10:00:00.738Z","pid":37800,"hostname":"DESKTOP-6F2E0JQ","query":"BEGIN","duration":248,"msg":"prisma query"}
{"level":"debug","time":"2026-09-16T10:00:00.988Z","pid":37800,"hostname":"DESKTOP-6F2E0JQ","query":"DEALLOCATE ALL","duration":249,"msg":"prisma query"}
{"level":"debug","time":"2026-09-16T10:00:01.498Z","pid":37800,"hostname":"DESKTOP-6F2E0JQ","query":"DELETE FROM \"public\".\"alternates\" WHERE EXISTS(SELECT \"t0\".\"id\" FROM \"public\".\"users\" AS \"t0\" WHERE (\"t0\".\"email\"::text LIKE $1 AND (\"public\".\"alternates\".\"userId\") = (\"t0\".\"id\") AND \"t0\".\"id\" IS NOT NULL))","duration":509,"msg":"prisma query"}
{"level":"debug","time":"2026-09-16T10:00:01.745Z","pid":37800,"hostname":"DESKTOP-6F2E0JQ","query":"COMMIT","duration":246,"msg":"prisma query"}
{"level":"debug","time":"2026-09-16T10:00:01.989Z","pid":37800,"hostname":"DESKTOP-6F2E0JQ","query":"BEGIN","duration":242,"msg":"prisma query"}
{"level":"debug","time":"2026-09-16T10:00:02.236Z","pid":37800,"hostname":"DESKTOP-6F2E0JQ","query":"DEALLOCATE ALL","duration":246,"msg":"prisma query"}
{"level":"debug","time":"2026-09-16T10:00:02.725Z","pid":37800,"hostname":"DESKTOP-6F2E0JQ","query":"DELETE FROM \"public\".\"users\" WHERE \"public\".\"users\".\"email\"::text LIKE $1","duration":489,"msg":"prisma query"}
{"level":"debug","time":"2026-09-16T10:00:02.986Z","pid":37800,"hostname":"DESKTOP-6F2E0JQ","query":"COMMIT","duration":260,"msg":"prisma query"}
{"level":"debug","time":"2026-09-16T10:00:03.263Z","pid":37800,"hostname":"DESKTOP-6F2E0JQ","query":"BEGIN","duration":275,"msg":"prisma query"}
{"level":"debug","time":"2026-09-16T10:00:03.512Z","pid":37800,"hostname":"DESKTOP-6F2E0JQ","query":"DEALLOCATE ALL","duration":248,"msg":"prisma query"}
{"level":"debug","time":"2026-09-16T10:00:04.008Z","pid":37800,"hostname":"DESKTOP-6F2E0JQ","query":"INSERT INTO \"public\".\"users\" (\"id\",\"username\",\"email\",\"role\",\"isMfaEnabled\",\"timezone\",\"language\",\"theme\",\"isActive\",\"createdAt\",\"updatedAt\") VALUES ($1,$2,$3,CAST($4::text AS \"public\".\"UserRole\"),$5,$6,$7,$8,$9,$10,$11) RETURNING \"public\".\"users\".\"id\", \"public\".\"users\".\"tenantId\", \"public\".\"users\".\"username\", \"public\".\"users\".\"email\", \"public\".\"users\".\"emailVerified\", \"public\".\"users\".\"name\", \"public\".\"users\".\"avatarUrl\", \"public\".\"users\".\"role\"::text, \"public\".\"users\".\"passwordHash\", \"public\".\"users\".\"isMfaEnabled\", \"public\".\"users\".\"mfaSecret\", \"public\".\"users\".\"bio\", \"public\".\"users\".\"timezone\", \"public\".\"users\".\"language\", \"public\".\"users\".\"theme\", \"public\".\"users\".\"lastLoginAt\", \"public\".\"users\".\"isActive\", \"public\".\"users\".\"deletedAt\", \"public\".\"users\".\"metadata\", \"public\".\"users\".\"createdAt\", \"public\".\"users\".\"updatedAt\"","duration":495,"msg":"prisma query"}
{"level":"debug","time":"2026-09-16T10:00:04.251Z","pid":37800,"hostname":"DESKTOP-6F2E0JQ","query":"COMMIT","duration":242,"msg":"prisma query"}
{"level":"debug","time":"2026-09-16T10:00:04.509Z","pid":37800,"hostname":"DESKTOP-6F2E0JQ","query":"BEGIN","duration":256,"msg":"prisma query"}
{"level":"debug","time":"2026-09-16T10:00:04.750Z","pid":37800,"hostname":"DESKTOP-6F2E0JQ","query":"DEALLOCATE ALL","duration":241,"msg":"prisma query"}
{"level":"debug","time":"2026-09-16T10:00:05.242Z","pid":37800,"hostname":"DESKTOP-6F2E0JQ","query":"SELECT \"public\".\"alternates\".\"id\" FROM \"public\".\"alternates\" WHERE (\"public\".\"alternates\".\"username\" = $1 AND \"public\".\"alternates\".\"deletedAt\" IS NULL) LIMIT $2 OFFSET $3","duration":491,"msg":"prisma query"}
{"level":"debug","time":"2026-09-16T10:00:05.485Z","pid":37800,"hostname":"DESKTOP-6F2E0JQ","query":"COMMIT","duration":242,"msg":"prisma query"}
{"level":"debug","time":"2026-09-16T10:00:05.729Z","pid":37800,"hostname":"DESKTOP-6F2E0JQ","query":"BEGIN","duration":242,"msg":"prisma query"}
{"level":"debug","time":"2026-09-16T10:00:05.970Z","pid":37800,"hostname":"DESKTOP-6F2E0JQ","query":"DEALLOCATE ALL","duration":241,"msg":"prisma query"}
{"level":"debug","time":"2026-09-16T10:00:06.214Z","pid":37800,"hostname":"DESKTOP-6F2E0JQ","query":"INSERT INTO \"public\".\"alternates\" (\"id\",\"userId\",\"username\",\"displayName\",\"visibility\",\"status\",\"memoryEnabled\",\"createdAt\",\"updatedAt\") VALUES ($1,$2,$3,$4,CAST($5::text AS \"public\".\"AlternateVisibility\"),CAST($6::text AS \"public\".\"AlternateStatus\"),$7,$8,$9) RETURNING \"public\".\"alternates\".\"id\", \"public\".\"alternates\".\"userId\", \"public\".\"alternates\".\"username\", \"public\".\"alternates\".\"displayName\", \"public\".\"alternates\".\"title\", \"public\".\"alternates\".\"bio\", \"public\".\"alternates\".\"avatarUrl\", \"public\".\"alternates\".\"visibility\"::text, \"public\".\"alternates\".\"status\"::text, \"public\".\"alternates\".\"personaPrompt\", \"public\".\"alternates\".\"modelId\", \"public\".\"alternates\".\"publishedAt\", \"public\".\"alternates\".\"memoryEnabled\", \"public\".\"alternates\".\"createdAt\", \"public\".\"alternates\".\"updatedAt\", \"public\".\"alternates\".\"deletedAt\"","duration":243,"msg":"prisma query"}
{"level":"debug","time":"2026-09-16T10:00:06.461Z","pid":37800,"hostname":"DESKTOP-6F2E0JQ","query":"ROLLBACK","duration":244,"msg":"prisma query"}
{"level":"error","time":"2026-09-16T10:00:06.470Z","pid":37800,"hostname":"DESKTOP-6F2E0JQ","message":"\nInvalid `prisma.alternate.create()` invocation in\nC:\\Users\\User\\Alternate me\\backend\\src\\alternates\\alternate.service.ts:35:46\n\n  32   throw new ConflictError('Username is already taken');\n  33 }\n  34 \nΓåÆ 35 const alternate = await prisma.alternate.create(\nThe column `memoryEnabled` does not exist in the current database.","target":"alternate.create","timestamp":"2026-09-16T10:00:06.470Z","msg":"prisma error"}
 [31m├ù[39m utils/__tests__/alternates.test.ts[2m > [22mAlternates Module[2m > [22mAlternate CRUD[2m > [22mshould enforce unique usernames[33m 12480[2mms[22m[39m
[31m   ΓåÆ 
Invalid `prisma.alternate.create()` invocation in
C:\Users\User\Alternate me\backend\src\alternates\alternate.service.ts:35:46

  32   throw new ConflictError('Username is already taken');
  33 }
  34 
ΓåÆ 35 const alternate = await prisma.alternate.create(
The column `memoryEnabled` does not exist in the current database.[39m
{"level":"debug","time":"2026-09-16T10:00:06.818Z","pid":37800,"hostname":"DESKTOP-6F2E0JQ","query":"BEGIN","duration":341,"msg":"prisma query"}
{"level":"debug","time":"2026-09-16T10:00:07.061Z","pid":37800,"hostname":"DESKTOP-6F2E0JQ","query":"DEALLOCATE ALL","duration":243,"msg":"prisma query"}
{"level":"debug","time":"2026-09-16T10:00:07.549Z","pid":37800,"hostname":"DESKTOP-6F2E0JQ","query":"DELETE FROM \"public\".\"training_sources\" WHERE EXISTS(SELECT \"t0\".\"id\" FROM \"public\".\"users\" AS \"t0\" WHERE (\"t0\".\"email\"::text LIKE $1 AND (\"public\".\"training_sources\".\"userId\") = (\"t0\".\"id\") AND \"t0\".\"id\" IS NOT NULL))","duration":487,"msg":"prisma query"}
{"level":"debug","time":"2026-09-16T10:00:07.799Z","pid":37800,"hostname":"DESKTOP-6F2E0JQ","query":"COMMIT","duration":249,"msg":"prisma query"}
{"level":"debug","time":"2026-09-16T10:00:08.043Z","pid":37800,"hostname":"DESKTOP-6F2E0JQ","query":"BEGIN","duration":243,"msg":"prisma query"}
{"level":"debug","time":"2026-09-16T10:00:08.285Z","pid":37800,"hostname":"DESKTOP-6F2E0JQ","query":"DEALLOCATE ALL","duration":241,"msg":"prisma query"}
{"level":"debug","time":"2026-09-16T10:00:09.113Z","pid":37800,"hostname":"DESKTOP-6F2E0JQ","query":"DELETE FROM \"public\".\"ai_provider_configs\" WHERE EXISTS(SELECT \"t0\".\"id\" FROM \"public\".\"users\" AS \"t0\" WHERE (\"t0\".\"email\"::text LIKE $1 AND (\"public\".\"ai_provider_configs\".\"userId\") = (\"t0\".\"id\") AND \"t0\".\"id\" IS NOT NULL))","duration":505,"msg":"prisma query"}
{"level":"debug","time":"2026-09-16T10:00:09.114Z","pid":37800,"hostname":"DESKTOP-6F2E0JQ","query":"COMMIT","duration":322,"msg":"prisma query"}
{"level":"debug","time":"2026-09-16T10:00:09.363Z","pid":37800,"hostname":"DESKTOP-6F2E0JQ","query":"BEGIN","duration":244,"msg":"prisma query"}
{"level":"debug","time":"2026-09-16T10:00:09.605Z","pid":37800,"hostname":"DESKTOP-6F2E0JQ","query":"DEALLOCATE ALL","duration":242,"msg":"prisma query"}
{"level":"debug","time":"2026-09-16T10:00:10.097Z","pid":37800,"hostname":"DESKTOP-6F2E0JQ","query":"DELETE FROM \"public\".\"voice_profiles\" WHERE EXISTS(SELECT \"t0\".\"id\" FROM \"public\".\"users\" AS \"t0\" WHERE (\"t0\".\"email\"::text LIKE $1 AND (\"public\".\"voice_profiles\".\"userId\") = (\"t0\".\"id\") AND \"t0\".\"id\" IS NOT NULL))","duration":491,"msg":"prisma query"}
{"level":"debug","time":"2026-09-16T10:00:10.344Z","pid":37800,"hostname":"DESKTOP-6F2E0JQ","query":"COMMIT","duration":246,"msg":"prisma query"}
{"level":"debug","time":"2026-09-16T10:00:10.592Z","pid":37800,"hostname":"DESKTOP-6F2E0JQ","query":"BEGIN","duration":246,"msg":"prisma query"}
{"level":"debug","time":"2026-09-16T10:00:10.837Z","pid":37800,"hostname":"DESKTOP-6F2E0JQ","query":"DEALLOCATE ALL","duration":244,"msg":"prisma query"}
{"level":"debug","time":"2026-09-16T10:00:11.339Z","pid":37800,"hostname":"DESKTOP-6F2E0JQ","query":"DELETE FROM \"public\".\"personas\" WHERE EXISTS(SELECT \"t0\".\"id\" FROM \"public\".\"users\" AS \"t0\" WHERE (\"t0\".\"email\"::text LIKE $1 AND (\"public\".\"personas\".\"userId\") = (\"t0\".\"id\") AND \"t0\".\"id\" IS NOT NULL))","duration":502,"msg":"prisma query"}
{"level":"debug","time":"2026-09-16T10:00:11.586Z","pid":37800,"hostname":"DESKTOP-6F2E0JQ","query":"COMMIT","duration":246,"msg":"prisma query"}
{"level":"debug","time":"2026-09-16T10:00:11.829Z","pid":37800,"hostname":"DESKTOP-6F2E0JQ","query":"SELECT 1","duration":241,"msg":"prisma query"}
{"level":"debug","time":"2026-09-16T10:00:12.080Z","pid":37800,"hostname":"DESKTOP-6F2E0JQ","query":"BEGIN","duration":251,"msg":"prisma query"}
{"level":"debug","time":"2026-09-16T10:00:12.348Z","pid":37800,"hostname":"DESKTOP-6F2E0JQ","query":"DEALLOCATE ALL","duration":267,"msg":"prisma query"}
{"level":"debug","time":"2026-09-16T10:00:12.834Z","pid":37800,"hostname":"DESKTOP-6F2E0JQ","query":"DELETE FROM \"public\".\"onboardings\" WHERE EXISTS(SELECT \"t0\".\"id\" FROM \"public\".\"users\" AS \"t0\" WHERE (\"t0\".\"email\"::text LIKE $1 AND (\"public\".\"onboardings\".\"userId\") = (\"t0\".\"id\") AND \"t0\".\"id\" IS NOT NULL))","duration":486,"msg":"prisma query"}
{"level":"debug","time":"2026-09-16T10:00:13.081Z","pid":37800,"hostname":"DESKTOP-6F2E0JQ","query":"COMMIT","duration":246,"msg":"prisma query"}
{"level":"debug","time":"2026-09-16T10:00:13.338Z","pid":37800,"hostname":"DESKTOP-6F2E0JQ","query":"BEGIN","duration":255,"msg":"prisma query"}
{"level":"debug","time":"2026-09-16T10:00:13.582Z","pid":37800,"hostname":"DESKTOP-6F2E0JQ","query":"DEALLOCATE ALL","duration":244,"msg":"prisma query"}
{"level":"debug","time":"2026-09-16T10:00:14.069Z","pid":37800,"hostname":"DESKTOP-6F2E0JQ","query":"DELETE FROM \"public\".\"alternates\" WHERE EXISTS(SELECT \"t0\".\"id\" FROM \"public\".\"users\" AS \"t0\" WHERE (\"t0\".\"email\"::text LIKE $1 AND (\"public\".\"alternates\".\"userId\") = (\"t0\".\"id\") AND \"t0\".\"id\" IS NOT NULL))","duration":486,"msg":"prisma query"}
{"level":"debug","time":"2026-09-16T10:00:14.312Z","pid":37800,"hostname":"DESKTOP-6F2E0JQ","query":"COMMIT","duration":242,"msg":"prisma query"}
{"level":"debug","time":"2026-09-16T10:00:14.556Z","pid":37800,"hostname":"DESKTOP-6F2E0JQ","query":"BEGIN","duration":243,"msg":"prisma query"}
{"level":"debug","time":"2026-09-16T10:00:14.799Z","pid":37800,"hostname":"DESKTOP-6F2E0JQ","query":"DEALLOCATE ALL","duration":243,"msg":"prisma query"}
{"level":"debug","time":"2026-09-16T10:00:15.298Z","pid":37800,"hostname":"DESKTOP-6F2E0JQ","query":"DELETE FROM \"public\".\"users\" WHERE \"public\".\"users\".\"email\"::text LIKE $1","duration":498,"msg":"prisma query"}
{"level":"debug","time":"2026-09-16T10:00:15.540Z","pid":37800,"hostname":"DESKTOP-6F2E0JQ","query":"COMMIT","duration":242,"msg":"prisma query"}
{"level":"debug","time":"2026-09-16T10:00:15.798Z","pid":37800,"hostname":"DESKTOP-6F2E0JQ","query":"BEGIN","duration":255,"msg":"prisma query"}
{"level":"debug","time":"2026-09-16T10:00:16.040Z","pid":37800,"hostname":"DESKTOP-6F2E0JQ","query":"DEALLOCATE ALL","duration":241,"msg":"prisma query"}
{"level":"debug","time":"2026-09-16T10:00:16.527Z","pid":37800,"hostname":"DESKTOP-6F2E0JQ","query":"INSERT INTO \"public\".\"users\" (\"id\",\"username\",\"email\",\"role\",\"isMfaEnabled\",\"timezone\",\"language\",\"theme\",\"isActive\",\"createdAt\",\"updatedAt\") VALUES ($1,$2,$3,CAST($4::text AS \"public\".\"UserRole\"),$5,$6,$7,$8,$9,$10,$11) RETURNING \"public\".\"users\".\"id\", \"public\".\"users\".\"tenantId\", \"public\".\"users\".\"username\", \"public\".\"users\".\"email\", \"public\".\"users\".\"emailVerified\", \"public\".\"users\".\"name\", \"public\".\"users\".\"avatarUrl\", \"public\".\"users\".\"role\"::text, \"public\".\"users\".\"passwordHash\", \"public\".\"users\".\"isMfaEnabled\", \"public\".\"users\".\"mfaSecret\", \"public\".\"users\".\"bio\", \"public\".\"users\".\"timezone\", \"public\".\"users\".\"language\", \"public\".\"users\".\"theme\", \"public\".\"users\".\"lastLoginAt\", \"public\".\"users\".\"isActive\", \"public\".\"users\".\"deletedAt\", \"public\".\"users\".\"metadata\", \"public\".\"users\".\"createdAt\", \"public\".\"users\".\"updatedAt\"","duration":486,"msg":"prisma query"}
{"level":"debug","time":"2026-09-16T10:00:16.773Z","pid":37800,"hostname":"DESKTOP-6F2E0JQ","query":"COMMIT","duration":245,"msg":"prisma query"}
 [32mΓ£ô[39m utils/__tests__/alternates.test.ts[2m > [22mAlternates Module[2m > [22mAlternate CRUD[2m > [22mshould reject reserved usernames[33m 10302[2mms[22m[39m
{"level":"debug","time":"2026-09-16T10:00:17.024Z","pid":37800,"hostname":"DESKTOP-6F2E0JQ","query":"BEGIN","duration":246,"msg":"prisma query"}
{"level":"debug","time":"2026-09-16T10:00:17.271Z","pid":37800,"hostname":"DESKTOP-6F2E0JQ","query":"DEALLOCATE ALL","duration":246,"msg":"prisma query"}
{"level":"debug","time":"2026-09-16T10:00:18.251Z","pid":37800,"hostname":"DESKTOP-6F2E0JQ","query":"DELETE FROM \"public\".\"training_sources\" WHERE EXISTS(SELECT \"t0\".\"id\" FROM \"public\".\"users\" AS \"t0\" WHERE (\"t0\".\"email\"::text LIKE $1 AND (\"public\".\"training_sources\".\"userId\") = (\"t0\".\"id\") AND \"t0\".\"id\" IS NOT NULL))","duration":980,"msg":"prisma query"}
{"level":"debug","time":"2026-09-16T10:00:18.494Z","pid":37800,"hostname":"DESKTOP-6F2E0JQ","query":"COMMIT","duration":242,"msg":"prisma query"}
{"level":"debug","time":"2026-09-16T10:00:18.739Z","pid":37800,"hostname":"DESKTOP-6F2E0JQ","query":"BEGIN","duration":243,"msg":"prisma query"}
{"level":"debug","time":"2026-09-16T10:00:18.981Z","pid":37800,"hostname":"DESKTOP-6F2E0JQ","query":"DEALLOCATE ALL","duration":242,"msg":"prisma query"}
{"level":"debug","time":"2026-09-16T10:00:19.474Z","pid":37800,"hostname":"DESKTOP-6F2E0JQ","query":"DELETE FROM \"public\".\"ai_provider_configs\" WHERE EXISTS(SELECT \"t0\".\"id\" FROM \"public\".\"users\" AS \"t0\" WHERE (\"t0\".\"email\"::text LIKE $1 AND (\"public\".\"ai_provider_configs\".\"userId\") = (\"t0\".\"id\") AND \"t0\".\"id\" IS NOT NULL))","duration":492,"msg":"prisma query"}
{"level":"debug","time":"2026-09-16T10:00:19.716Z","pid":37800,"hostname":"DESKTOP-6F2E0JQ","query":"COMMIT","duration":241,"msg":"prisma query"}
{"level":"debug","time":"2026-09-16T10:00:19.959Z","pid":37800,"hostname":"DESKTOP-6F2E0JQ","query":"BEGIN","duration":241,"msg":"prisma query"}
{"level":"debug","time":"2026-09-16T10:00:20.207Z","pid":37800,"hostname":"DESKTOP-6F2E0JQ","query":"DEALLOCATE ALL","duration":248,"msg":"prisma query"}
{"level":"debug","time":"2026-09-16T10:00:20.712Z","pid":37800,"hostname":"DESKTOP-6F2E0JQ","query":"DELETE FROM \"public\".\"voice_profiles\" WHERE EXISTS(SELECT \"t0\".\"id\" FROM \"public\".\"users\" AS \"t0\" WHERE (\"t0\".\"email\"::text LIKE $1 AND (\"public\".\"voice_profiles\".\"userId\") = (\"t0\".\"id\") AND \"t0\".\"id\" IS NOT NULL))","duration":504,"msg":"prisma query"}
{"level":"debug","time":"2026-09-16T10:00:20.959Z","pid":37800,"hostname":"DESKTOP-6F2E0JQ","query":"COMMIT","duration":247,"msg":"prisma query"}
{"level":"debug","time":"2026-09-16T10:00:21.209Z","pid":37800,"hostname":"DESKTOP-6F2E0JQ","query":"BEGIN","duration":247,"msg":"prisma query"}
{"level":"debug","time":"2026-09-16T10:00:21.457Z","pid":37800,"hostname":"DESKTOP-6F2E0JQ","query":"DEALLOCATE ALL","duration":247,"msg":"prisma query"}
{"level":"debug","time":"2026-09-16T10:00:21.943Z","pid":37800,"hostname":"DESKTOP-6F2E0JQ","query":"DELETE FROM \"public\".\"personas\" WHERE EXISTS(SELECT \"t0\".\"id\" FROM \"public\".\"users\" AS \"t0\" WHERE (\"t0\".\"email\"::text LIKE $1 AND (\"public\".\"personas\".\"userId\") = (\"t0\".\"id\") AND \"t0\".\"id\" IS NOT NULL))","duration":486,"msg":"prisma query"}
{"level":"debug","time":"2026-09-16T10:00:22.249Z","pid":37800,"hostname":"DESKTOP-6F2E0JQ","query":"COMMIT","duration":305,"msg":"prisma query"}
{"level":"debug","time":"2026-09-16T10:00:22.522Z","pid":37800,"hostname":"DESKTOP-6F2E0JQ","query":"BEGIN","duration":271,"msg":"prisma query"}
{"level":"debug","time":"2026-09-16T10:00:22.770Z","pid":37800,"hostname":"DESKTOP-6F2E0JQ","query":"DEALLOCATE ALL","duration":248,"msg":"prisma query"}
{"level":"debug","time":"2026-09-16T10:00:23.261Z","pid":37800,"hostname":"DESKTOP-6F2E0JQ","query":"DELETE FROM \"public\".\"onboardings\" WHERE EXISTS(SELECT \"t0\".\"id\" FROM \"public\".\"users\" AS \"t0\" WHERE (\"t0\".\"email\"::text LIKE $1 AND (\"public\".\"onboardings\".\"userId\") = (\"t0\".\"id\") AND \"t0\".\"id\" IS NOT NULL))","duration":490,"msg":"prisma query"}
{"level":"debug","time":"2026-09-16T10:00:23.502Z","pid":37800,"hostname":"DESKTOP-6F2E0JQ","query":"COMMIT","duration":241,"msg":"prisma query"}
{"level":"debug","time":"2026-09-16T10:00:23.746Z","pid":37800,"hostname":"DESKTOP-6F2E0JQ","query":"BEGIN","duration":242,"msg":"prisma query"}
{"level":"debug","time":"2026-09-16T10:00:23.988Z","pid":37800,"hostname":"DESKTOP-6F2E0JQ","query":"DEALLOCATE ALL","duration":242,"msg":"prisma query"}
{"level":"debug","time":"2026-09-16T10:00:24.473Z","pid":37800,"hostname":"DESKTOP-6F2E0JQ","query":"DELETE FROM \"public\".\"alternates\" WHERE EXISTS(SELECT \"t0\".\"id\" FROM \"public\".\"users\" AS \"t0\" WHERE (\"t0\".\"email\"::text LIKE $1 AND (\"public\".\"alternates\".\"userId\") = (\"t0\".\"id\") AND \"t0\".\"id\" IS NOT NULL))","duration":484,"msg":"prisma query"}
{"level":"debug","time":"2026-09-16T10:00:24.716Z","pid":37800,"hostname":"DESKTOP-6F2E0JQ","query":"COMMIT","duration":242,"msg":"prisma query"}
{"level":"debug","time":"2026-09-16T10:00:24.960Z","pid":37800,"hostname":"DESKTOP-6F2E0JQ","query":"BEGIN","duration":243,"msg":"prisma query"}
{"level":"debug","time":"2026-09-16T10:00:25.205Z","pid":37800,"hostname":"DESKTOP-6F2E0JQ","query":"DEALLOCATE ALL","duration":244,"msg":"prisma query"}
{"level":"debug","time":"2026-09-16T10:00:25.693Z","pid":37800,"hostname":"DESKTOP-6F2E0JQ","query":"DELETE FROM \"public\".\"users\" WHERE \"public\".\"users\".\"email\"::text LIKE $1","duration":488,"msg":"prisma query"}
{"level":"debug","time":"2026-09-16T10:00:25.942Z","pid":37800,"hostname":"DESKTOP-6F2E0JQ","query":"COMMIT","duration":248,"msg":"prisma query"}
{"level":"debug","time":"2026-09-16T10:00:26.191Z","pid":37800,"hostname":"DESKTOP-6F2E0JQ","query":"BEGIN","duration":247,"msg":"prisma query"}
{"level":"debug","time":"2026-09-16T10:00:26.434Z","pid":37800,"hostname":"DESKTOP-6F2E0JQ","query":"DEALLOCATE ALL","duration":242,"msg":"prisma query"}
{"level":"debug","time":"2026-09-16T10:00:26.921Z","pid":37800,"hostname":"DESKTOP-6F2E0JQ","query":"INSERT INTO \"public\".\"users\" (\"id\",\"username\",\"email\",\"role\",\"isMfaEnabled\",\"timezone\",\"language\",\"theme\",\"isActive\",\"createdAt\",\"updatedAt\") VALUES ($1,$2,$3,CAST($4::text AS \"public\".\"UserRole\"),$5,$6,$7,$8,$9,$10,$11) RETURNING \"public\".\"users\".\"id\", \"public\".\"users\".\"tenantId\", \"public\".\"users\".\"username\", \"public\".\"users\".\"email\", \"public\".\"users\".\"emailVerified\", \"public\".\"users\".\"name\", \"public\".\"users\".\"avatarUrl\", \"public\".\"users\".\"role\"::text, \"public\".\"users\".\"passwordHash\", \"public\".\"users\".\"isMfaEnabled\", \"public\".\"users\".\"mfaSecret\", \"public\".\"users\".\"bio\", \"public\".\"users\".\"timezone\", \"public\".\"users\".\"language\", \"public\".\"users\".\"theme\", \"public\".\"users\".\"lastLoginAt\", \"public\".\"users\".\"isActive\", \"public\".\"users\".\"deletedAt\", \"public\".\"users\".\"metadata\", \"public\".\"users\".\"createdAt\", \"public\".\"users\".\"updatedAt\"","duration":487,"msg":"prisma query"}
{"level":"debug","time":"2026-09-16T10:00:27.167Z","pid":37800,"hostname":"DESKTOP-6F2E0JQ","query":"COMMIT","duration":245,"msg":"prisma query"}
{"level":"debug","time":"2026-09-16T10:00:27.428Z","pid":37800,"hostname":"DESKTOP-6F2E0JQ","query":"SELECT 1","duration":259,"msg":"prisma query"}
{"level":"debug","time":"2026-09-16T10:00:27.679Z","pid":37800,"hostname":"DESKTOP-6F2E0JQ","query":"BEGIN","duration":250,"msg":"prisma query"}
{"level":"debug","time":"2026-09-16T10:00:27.921Z","pid":37800,"hostname":"DESKTOP-6F2E0JQ","query":"DEALLOCATE ALL","duration":242,"msg":"prisma query"}
{"level":"debug","time":"2026-09-16T10:00:28.406Z","pid":37800,"hostname":"DESKTOP-6F2E0JQ","query":"SELECT \"public\".\"alternates\".\"id\" FROM \"public\".\"alternates\" WHERE (\"public\".\"alternates\".\"username\" = $1 AND \"public\".\"alternates\".\"deletedAt\" IS NULL) LIMIT $2 OFFSET $3","duration":484,"msg":"prisma query"}
{"level":"debug","time":"2026-09-16T10:00:28.647Z","pid":37800,"hostname":"DESKTOP-6F2E0JQ","query":"COMMIT","duration":241,"msg":"prisma query"}
{"level":"debug","time":"2026-09-16T10:00:28.892Z","pid":37800,"hostname":"DESKTOP-6F2E0JQ","query":"BEGIN","duration":243,"msg":"prisma query"}
{"level":"debug","time":"2026-09-16T10:00:29.135Z","pid":37800,"hostname":"DESKTOP-6F2E0JQ","query":"DEALLOCATE ALL","duration":243,"msg":"prisma query"}
{"level":"debug","time":"2026-09-16T10:00:29.380Z","pid":37800,"hostname":"DESKTOP-6F2E0JQ","query":"INSERT INTO \"public\".\"alternates\" (\"id\",\"userId\",\"username\",\"displayName\",\"visibility\",\"status\",\"memoryEnabled\",\"createdAt\",\"updatedAt\") VALUES ($1,$2,$3,$4,CAST($5::text AS \"public\".\"AlternateVisibility\"),CAST($6::text AS \"public\".\"AlternateStatus\"),$7,$8,$9) RETURNING \"public\".\"alternates\".\"id\", \"public\".\"alternates\".\"userId\", \"public\".\"alternates\".\"username\", \"public\".\"alternates\".\"displayName\", \"public\".\"alternates\".\"title\", \"public\".\"alternates\".\"bio\", \"public\".\"alternates\".\"avatarUrl\", \"public\".\"alternates\".\"visibility\"::text, \"public\".\"alternates\".\"status\"::text, \"public\".\"alternates\".\"personaPrompt\", \"public\".\"alternates\".\"modelId\", \"public\".\"alternates\".\"publishedAt\", \"public\".\"alternates\".\"memoryEnabled\", \"public\".\"alternates\".\"createdAt\", \"public\".\"alternates\".\"updatedAt\", \"public\".\"alternates\".\"deletedAt\"","duration":244,"msg":"prisma query"}
{"level":"debug","time":"2026-09-16T10:00:29.623Z","pid":37800,"hostname":"DESKTOP-6F2E0JQ","query":"ROLLBACK","duration":243,"msg":"prisma query"}
{"level":"error","time":"2026-09-16T10:00:29.624Z","pid":37800,"hostname":"DESKTOP-6F2E0JQ","message":"\nInvalid `prisma.alternate.create()` invocation in\nC:\\Users\\User\\Alternate me\\backend\\src\\alternates\\alternate.service.ts:35:46\n\n  32   throw new ConflictError('Username is already taken');\n  33 }\n  34 \nΓåÆ 35 const alternate = await prisma.alternate.create(\nThe column `memoryEnabled` does not exist in the current database.","target":"alternate.create","timestamp":"2026-09-16T10:00:29.624Z","msg":"prisma error"}
 [31m├ù[39m utils/__tests__/alternates.test.ts[2m > [22mAlternates Module[2m > [22mAlternate CRUD[2m > [22mshould check username availability case-insensitively[33m 12849[2mms[22m[39m
[31m   ΓåÆ 
Invalid `prisma.alternate.create()` invocation in
C:\Users\User\Alternate me\backend\src\alternates\alternate.service.ts:35:46

  32   throw new ConflictError('Username is already taken');
  33 }
  34 
ΓåÆ 35 const alternate = await prisma.alternate.create(
The column `memoryEnabled` does not exist in the current database.[39m
{"level":"debug","time":"2026-09-16T10:00:29.877Z","pid":37800,"hostname":"DESKTOP-6F2E0JQ","query":"BEGIN","duration":250,"msg":"prisma query"}
{"level":"debug","time":"2026-09-16T10:00:30.133Z","pid":37800,"hostname":"DESKTOP-6F2E0JQ","query":"DEALLOCATE ALL","duration":255,"msg":"prisma query"}
{"level":"debug","time":"2026-09-16T10:00:30.629Z","pid":37800,"hostname":"DESKTOP-6F2E0JQ","query":"DELETE FROM \"public\".\"training_sources\" WHERE EXISTS(SELECT \"t0\".\"id\" FROM \"public\".\"users\" AS \"t0\" WHERE (\"t0\".\"email\"::text LIKE $1 AND (\"public\".\"training_sources\".\"userId\") = (\"t0\".\"id\") AND \"t0\".\"id\" IS NOT NULL))","duration":495,"msg":"prisma query"}
{"level":"debug","time":"2026-09-16T10:00:30.898Z","pid":37800,"hostname":"DESKTOP-6F2E0JQ","query":"COMMIT","duration":269,"msg":"prisma query"}
{"level":"debug","time":"2026-09-16T10:00:31.146Z","pid":37800,"hostname":"DESKTOP-6F2E0JQ","query":"BEGIN","duration":246,"msg":"prisma query"}
{"level":"debug","time":"2026-09-16T10:00:31.393Z","pid":37800,"hostname":"DESKTOP-6F2E0JQ","query":"DEALLOCATE ALL","duration":247,"msg":"prisma query"}
{"level":"debug","time":"2026-09-16T10:00:31.885Z","pid":37800,"hostname":"DESKTOP-6F2E0JQ","query":"DELETE FROM \"public\".\"ai_provider_configs\" WHERE EXISTS(SELECT \"t0\".\"id\" FROM \"public\".\"users\" AS \"t0\" WHERE (\"t0\".\"email\"::text LIKE $1 AND (\"public\".\"ai_provider_configs\".\"userId\") = (\"t0\".\"id\") AND \"t0\".\"id\" IS NOT NULL))","duration":491,"msg":"prisma query"}
{"level":"debug","time":"2026-09-16T10:00:32.129Z","pid":37800,"hostname":"DESKTOP-6F2E0JQ","query":"COMMIT","duration":244,"msg":"prisma query"}
{"level":"debug","time":"2026-09-16T10:00:32.399Z","pid":37800,"hostname":"DESKTOP-6F2E0JQ","query":"BEGIN","duration":269,"msg":"prisma query"}
{"level":"debug","time":"2026-09-16T10:00:32.644Z","pid":37800,"hostname":"DESKTOP-6F2E0JQ","query":"DEALLOCATE ALL","duration":244,"msg":"prisma query"}
{"level":"debug","time":"2026-09-16T10:00:33.150Z","pid":37800,"hostname":"DESKTOP-6F2E0JQ","query":"DELETE FROM \"public\".\"voice_profiles\" WHERE EXISTS(SELECT \"t0\".\"id\" FROM \"public\".\"users\" AS \"t0\" WHERE (\"t0\".\"email\"::text LIKE $1 AND (\"public\".\"voice_profiles\".\"userId\") = (\"t0\".\"id\") AND \"t0\".\"id\" IS NOT NULL))","duration":505,"msg":"prisma query"}
{"level":"debug","time":"2026-09-16T10:00:33.392Z","pid":37800,"hostname":"DESKTOP-6F2E0JQ","query":"COMMIT","duration":242,"msg":"prisma query"}
{"level":"debug","time":"2026-09-16T10:00:33.647Z","pid":37800,"hostname":"DESKTOP-6F2E0JQ","query":"BEGIN","duration":253,"msg":"prisma query"}
{"level":"debug","time":"2026-09-16T10:00:33.889Z","pid":37800,"hostname":"DESKTOP-6F2E0JQ","query":"DEALLOCATE ALL","duration":242,"msg":"prisma query"}
{"level":"debug","time":"2026-09-16T10:00:34.380Z","pid":37800,"hostname":"DESKTOP-6F2E0JQ","query":"DELETE FROM \"public\".\"personas\" WHERE EXISTS(SELECT \"t0\".\"id\" FROM \"public\".\"users\" AS \"t0\" WHERE (\"t0\".\"email\"::text LIKE $1 AND (\"public\".\"personas\".\"userId\") = (\"t0\".\"id\") AND \"t0\".\"id\" IS NOT NULL))","duration":490,"msg":"prisma query"}
{"level":"debug","time":"2026-09-16T10:00:34.628Z","pid":37800,"hostname":"DESKTOP-6F2E0JQ","query":"COMMIT","duration":247,"msg":"prisma query"}
{"level":"debug","time":"2026-09-16T10:00:34.872Z","pid":37800,"hostname":"DESKTOP-6F2E0JQ","query":"BEGIN","duration":243,"msg":"prisma query"}
{"level":"debug","time":"2026-09-16T10:00:35.124Z","pid":37800,"hostname":"DESKTOP-6F2E0JQ","query":"DEALLOCATE ALL","duration":251,"msg":"prisma query"}
{"level":"debug","time":"2026-09-16T10:00:35.611Z","pid":37800,"hostname":"DESKTOP-6F2E0JQ","query":"DELETE FROM \"public\".\"onboardings\" WHERE EXISTS(SELECT \"t0\".\"id\" FROM \"public\".\"users\" AS \"t0\" WHERE (\"t0\".\"email\"::text LIKE $1 AND (\"public\".\"onboardings\".\"userId\") = (\"t0\".\"id\") AND \"t0\".\"id\" IS NOT NULL))","duration":486,"msg":"prisma query"}
{"level":"debug","time":"2026-09-16T10:00:35.855Z","pid":37800,"hostname":"DESKTOP-6F2E0JQ","query":"COMMIT","duration":243,"msg":"prisma query"}
{"level":"debug","time":"2026-09-16T10:00:36.099Z","pid":37800,"hostname":"DESKTOP-6F2E0JQ","query":"BEGIN","duration":242,"msg":"prisma query"}
{"level":"debug","time":"2026-09-16T10:00:36.347Z","pid":37800,"hostname":"DESKTOP-6F2E0JQ","query":"DEALLOCATE ALL","duration":247,"msg":"prisma query"}
{"level":"debug","time":"2026-09-16T10:00:36.849Z","pid":37800,"hostname":"DESKTOP-6F2E0JQ","query":"DELETE FROM \"public\".\"alternates\" WHERE EXISTS(SELECT \"t0\".\"id\" FROM \"public\".\"users\" AS \"t0\" WHERE (\"t0\".\"email\"::text LIKE $1 AND (\"public\".\"alternates\".\"userId\") = (\"t0\".\"id\") AND \"t0\".\"id\" IS NOT NULL))","duration":501,"msg":"prisma query"}
{"level":"debug","time":"2026-09-16T10:00:37.095Z","pid":37800,"hostname":"DESKTOP-6F2E0JQ","query":"COMMIT","duration":246,"msg":"prisma query"}
{"level":"debug","time":"2026-09-16T10:00:37.366Z","pid":37800,"hostname":"DESKTOP-6F2E0JQ","query":"BEGIN","duration":269,"msg":"prisma query"}
{"level":"debug","time":"2026-09-16T10:00:37.612Z","pid":37800,"hostname":"DESKTOP-6F2E0JQ","query":"DEALLOCATE ALL","duration":245,"msg":"prisma query"}
{"level":"debug","time":"2026-09-16T10:00:38.102Z","pid":37800,"hostname":"DESKTOP-6F2E0JQ","query":"DELETE FROM \"public\".\"users\" WHERE \"public\".\"users\".\"email\"::text LIKE $1","duration":490,"msg":"prisma query"}
{"level":"debug","time":"2026-09-16T10:00:38.347Z","pid":37800,"hostname":"DESKTOP-6F2E0JQ","query":"COMMIT","duration":244,"msg":"prisma query"}
 [32mΓ£ô[39m utils/__tests__/alternates.test.ts[2m > [22mAlternates Module[2m > [22mAlternate CRUD[2m > [22mshould reject reserved usernames in availability check[33m 8722[2mms[22m[39m
{"level":"debug","time":"2026-09-16T10:00:38.593Z","pid":37800,"hostname":"DESKTOP-6F2E0JQ","query":"BEGIN","duration":243,"msg":"prisma query"}
{"level":"debug","time":"2026-09-16T10:00:38.836Z","pid":37800,"hostname":"DESKTOP-6F2E0JQ","query":"DEALLOCATE ALL","duration":243,"msg":"prisma query"}
{"level":"debug","time":"2026-09-16T10:00:39.325Z","pid":37800,"hostname":"DESKTOP-6F2E0JQ","query":"DELETE FROM \"public\".\"training_sources\" WHERE EXISTS(SELECT \"t0\".\"id\" FROM \"public\".\"users\" AS \"t0\" WHERE (\"t0\".\"email\"::text LIKE $1 AND (\"public\".\"training_sources\".\"userId\") = (\"t0\".\"id\") AND \"t0\".\"id\" IS NOT NULL))","duration":489,"msg":"prisma query"}
{"level":"debug","time":"2026-09-16T10:00:39.568Z","pid":37800,"hostname":"DESKTOP-6F2E0JQ","query":"COMMIT","duration":242,"msg":"prisma query"}
{"level":"debug","time":"2026-09-16T10:00:39.815Z","pid":37800,"hostname":"DESKTOP-6F2E0JQ","query":"BEGIN","duration":245,"msg":"prisma query"}
{"level":"debug","time":"2026-09-16T10:00:40.061Z","pid":37800,"hostname":"DESKTOP-6F2E0JQ","query":"DEALLOCATE ALL","duration":245,"msg":"prisma query"}
{"level":"debug","time":"2026-09-16T10:00:40.551Z","pid":37800,"hostname":"DESKTOP-6F2E0JQ","query":"DELETE FROM \"public\".\"ai_provider_configs\" WHERE EXISTS(SELECT \"t0\".\"id\" FROM \"public\".\"users\" AS \"t0\" WHERE (\"t0\".\"email\"::text LIKE $1 AND (\"public\".\"ai_provider_configs\".\"userId\") = (\"t0\".\"id\") AND \"t0\".\"id\" IS NOT NULL))","duration":490,"msg":"prisma query"}
{"level":"debug","time":"2026-09-16T10:00:40.797Z","pid":37800,"hostname":"DESKTOP-6F2E0JQ","query":"COMMIT","duration":245,"msg":"prisma query"}
{"level":"debug","time":"2026-09-16T10:00:41.042Z","pid":37800,"hostname":"DESKTOP-6F2E0JQ","query":"BEGIN","duration":242,"msg":"prisma query"}
{"level":"debug","time":"2026-09-16T10:00:41.295Z","pid":37800,"hostname":"DESKTOP-6F2E0JQ","query":"DEALLOCATE ALL","duration":253,"msg":"prisma query"}
{"level":"debug","time":"2026-09-16T10:00:41.788Z","pid":37800,"hostname":"DESKTOP-6F2E0JQ","query":"DELETE FROM \"public\".\"voice_profiles\" WHERE EXISTS(SELECT \"t0\".\"id\" FROM \"public\".\"users\" AS \"t0\" WHERE (\"t0\".\"email\"::text LIKE $1 AND (\"public\".\"voice_profiles\".\"userId\") = (\"t0\".\"id\") AND \"t0\".\"id\" IS NOT NULL))","duration":492,"msg":"prisma query"}
{"level":"debug","time":"2026-09-16T10:00:42.032Z","pid":37800,"hostname":"DESKTOP-6F2E0JQ","query":"COMMIT","duration":243,"msg":"prisma query"}
{"level":"debug","time":"2026-09-16T10:00:42.284Z","pid":37800,"hostname":"DESKTOP-6F2E0JQ","query":"BEGIN","duration":250,"msg":"prisma query"}
{"level":"debug","time":"2026-09-16T10:00:42.529Z","pid":37800,"hostname":"DESKTOP-6F2E0JQ","query":"DEALLOCATE ALL","duration":245,"msg":"prisma query"}
{"level":"debug","time":"2026-09-16T10:00:43.019Z","pid":37800,"hostname":"DESKTOP-6F2E0JQ","query":"DELETE FROM \"public\".\"personas\" WHERE EXISTS(SELECT \"t0\".\"id\" FROM \"public\".\"users\" AS \"t0\" WHERE (\"t0\".\"email\"::text LIKE $1 AND (\"public\".\"personas\".\"userId\") = (\"t0\".\"id\") AND \"t0\".\"id\" IS NOT NULL))","duration":489,"msg":"prisma query"}
{"level":"debug","time":"2026-09-16T10:00:43.264Z","pid":37800,"hostname":"DESKTOP-6F2E0JQ","query":"COMMIT","duration":245,"msg":"prisma query"}
{"level":"debug","time":"2026-09-16T10:00:43.508Z","pid":37800,"hostname":"DESKTOP-6F2E0JQ","query":"SELECT 1","duration":242,"msg":"prisma query"}
{"level":"debug","time":"2026-09-16T10:00:44.256Z","pid":37800,"hostname":"DESKTOP-6F2E0JQ","query":"BEGIN","duration":747,"msg":"prisma query"}
{"level":"debug","time":"2026-09-16T10:00:44.530Z","pid":37800,"hostname":"DESKTOP-6F2E0JQ","query":"DEALLOCATE ALL","duration":274,"msg":"prisma query"}
{"level":"debug","time":"2026-09-16T10:00:45.049Z","pid":37800,"hostname":"DESKTOP-6F2E0JQ","query":"DELETE FROM \"public\".\"onboardings\" WHERE EXISTS(SELECT \"t0\".\"id\" FROM \"public\".\"users\" AS \"t0\" WHERE (\"t0\".\"email\"::text LIKE $1 AND (\"public\".\"onboardings\".\"userId\") = (\"t0\".\"id\") AND \"t0\".\"id\" IS NOT NULL))","duration":518,"msg":"prisma query"}
{"level":"debug","time":"2026-09-16T10:00:45.315Z","pid":37800,"hostname":"DESKTOP-6F2E0JQ","query":"COMMIT","duration":265,"msg":"prisma query"}
{"level":"debug","time":"2026-09-16T10:00:45.577Z","pid":37800,"hostname":"DESKTOP-6F2E0JQ","query":"BEGIN","duration":261,"msg":"prisma query"}
{"level":"debug","time":"2026-09-16T10:00:45.822Z","pid":37800,"hostname":"DESKTOP-6F2E0JQ","query":"DEALLOCATE ALL","duration":243,"msg":"prisma query"}
{"level":"debug","time":"2026-09-16T10:00:46.318Z","pid":37800,"hostname":"DESKTOP-6F2E0JQ","query":"DELETE FROM \"public\".\"alternates\" WHERE EXISTS(SELECT \"t0\".\"id\" FROM \"public\".\"users\" AS \"t0\" WHERE (\"t0\".\"email\"::text LIKE $1 AND (\"public\".\"alternates\".\"userId\") = (\"t0\".\"id\") AND \"t0\".\"id\" IS NOT NULL))","duration":496,"msg":"prisma query"}
{"level":"debug","time":"2026-09-16T10:00:46.573Z","pid":37800,"hostname":"DESKTOP-6F2E0JQ","query":"COMMIT","duration":255,"msg":"prisma query"}
{"level":"debug","time":"2026-09-16T10:00:46.828Z","pid":37800,"hostname":"DESKTOP-6F2E0JQ","query":"BEGIN","duration":253,"msg":"prisma query"}
{"level":"debug","time":"2026-09-16T10:00:47.090Z","pid":37800,"hostname":"DESKTOP-6F2E0JQ","query":"DEALLOCATE ALL","duration":261,"msg":"prisma query"}
{"level":"debug","time":"2026-09-16T10:00:47.604Z","pid":37800,"hostname":"DESKTOP-6F2E0JQ","query":"DELETE FROM \"public\".\"users\" WHERE \"public\".\"users\".\"email\"::text LIKE $1","duration":513,"msg":"prisma query"}
{"level":"debug","time":"2026-09-16T10:00:47.854Z","pid":37800,"hostname":"DESKTOP-6F2E0JQ","query":"COMMIT","duration":250,"msg":"prisma query"}
{"level":"debug","time":"2026-09-16T10:00:48.101Z","pid":37800,"hostname":"DESKTOP-6F2E0JQ","query":"BEGIN","duration":244,"msg":"prisma query"}
{"level":"debug","time":"2026-09-16T10:00:48.347Z","pid":37800,"hostname":"DESKTOP-6F2E0JQ","query":"DEALLOCATE ALL","duration":246,"msg":"prisma query"}
{"level":"debug","time":"2026-09-16T10:00:48.844Z","pid":37800,"hostname":"DESKTOP-6F2E0JQ","query":"INSERT INTO \"public\".\"users\" (\"id\",\"username\",\"email\",\"role\",\"isMfaEnabled\",\"timezone\",\"language\",\"theme\",\"isActive\",\"createdAt\",\"updatedAt\") VALUES ($1,$2,$3,CAST($4::text AS \"public\".\"UserRole\"),$5,$6,$7,$8,$9,$10,$11) RETURNING \"public\".\"users\".\"id\", \"public\".\"users\".\"tenantId\", \"public\".\"users\".\"username\", \"public\".\"users\".\"email\", \"public\".\"users\".\"emailVerified\", \"public\".\"users\".\"name\", \"public\".\"users\".\"avatarUrl\", \"public\".\"users\".\"role\"::text, \"public\".\"users\".\"passwordHash\", \"public\".\"users\".\"isMfaEnabled\", \"public\".\"users\".\"mfaSecret\", \"public\".\"users\".\"bio\", \"public\".\"users\".\"timezone\", \"public\".\"users\".\"language\", \"public\".\"users\".\"theme\", \"public\".\"users\".\"lastLoginAt\", \"public\".\"users\".\"isActive\", \"public\".\"users\".\"deletedAt\", \"public\".\"users\".\"metadata\", \"public\".\"users\".\"createdAt\", \"public\".\"users\".\"updatedAt\"","duration":494,"msg":"prisma query"}
{"level":"debug","time":"2026-09-16T10:00:49.090Z","pid":37800,"hostname":"DESKTOP-6F2E0JQ","query":"COMMIT","duration":245,"msg":"prisma query"}
{"level":"debug","time":"2026-09-16T10:00:49.334Z","pid":37800,"hostname":"DESKTOP-6F2E0JQ","query":"BEGIN","duration":241,"msg":"prisma query"}
{"level":"debug","time":"2026-09-16T10:00:49.579Z","pid":37800,"hostname":"DESKTOP-6F2E0JQ","query":"DEALLOCATE ALL","duration":244,"msg":"prisma query"}
{"level":"debug","time":"2026-09-16T10:00:50.097Z","pid":37800,"hostname":"DESKTOP-6F2E0JQ","query":"INSERT INTO \"public\".\"users\" (\"id\",\"username\",\"email\",\"role\",\"isMfaEnabled\",\"timezone\",\"language\",\"theme\",\"isActive\",\"createdAt\",\"updatedAt\") VALUES ($1,$2,$3,CAST($4::text AS \"public\".\"UserRole\"),$5,$6,$7,$8,$9,$10,$11) RETURNING \"public\".\"users\".\"id\", \"public\".\"users\".\"tenantId\", \"public\".\"users\".\"username\", \"public\".\"users\".\"email\", \"public\".\"users\".\"emailVerified\", \"public\".\"users\".\"name\", \"public\".\"users\".\"avatarUrl\", \"public\".\"users\".\"role\"::text, \"public\".\"users\".\"passwordHash\", \"public\".\"users\".\"isMfaEnabled\", \"public\".\"users\".\"mfaSecret\", \"public\".\"users\".\"bio\", \"public\".\"users\".\"timezone\", \"public\".\"users\".\"language\", \"public\".\"users\".\"theme\", \"public\".\"users\".\"lastLoginAt\", \"public\".\"users\".\"isActive\", \"public\".\"users\".\"deletedAt\", \"public\".\"users\".\"metadata\", \"public\".\"users\".\"createdAt\", \"public\".\"users\".\"updatedAt\"","duration":517,"msg":"prisma query"}
{"level":"debug","time":"2026-09-16T10:00:50.341Z","pid":37800,"hostname":"DESKTOP-6F2E0JQ","query":"COMMIT","duration":243,"msg":"prisma query"}
{"level":"debug","time":"2026-09-16T10:00:50.585Z","pid":37800,"hostname":"DESKTOP-6F2E0JQ","query":"BEGIN","duration":241,"msg":"prisma query"}
{"level":"debug","time":"2026-09-16T10:00:50.828Z","pid":37800,"hostname":"DESKTOP-6F2E0JQ","query":"DEALLOCATE ALL","duration":243,"msg":"prisma query"}
{"level":"debug","time":"2026-09-16T10:00:51.350Z","pid":37800,"hostname":"DESKTOP-6F2E0JQ","query":"SELECT \"public\".\"alternates\".\"id\" FROM \"public\".\"alternates\" WHERE (\"public\".\"alternates\".\"username\" = $1 AND \"public\".\"alternates\".\"deletedAt\" IS NULL) LIMIT $2 OFFSET $3","duration":521,"msg":"prisma query"}
{"level":"debug","time":"2026-09-16T10:00:51.593Z","pid":37800,"hostname":"DESKTOP-6F2E0JQ","query":"COMMIT","duration":243,"msg":"prisma query"}
{"level":"debug","time":"2026-09-16T10:00:51.846Z","pid":37800,"hostname":"DESKTOP-6F2E0JQ","query":"BEGIN","duration":251,"msg":"prisma query"}
{"level":"debug","time":"2026-09-16T10:00:52.092Z","pid":37800,"hostname":"DESKTOP-6F2E0JQ","query":"DEALLOCATE ALL","duration":246,"msg":"prisma query"}
{"level":"debug","time":"2026-09-16T10:00:52.344Z","pid":37800,"hostname":"DESKTOP-6F2E0JQ","query":"INSERT INTO \"public\".\"alternates\" (\"id\",\"userId\",\"username\",\"displayName\",\"visibility\",\"status\",\"memoryEnabled\",\"createdAt\",\"updatedAt\") VALUES ($1,$2,$3,$4,CAST($5::text AS \"public\".\"AlternateVisibility\"),CAST($6::text AS \"public\".\"AlternateStatus\"),$7,$8,$9) RETURNING \"public\".\"alternates\".\"id\", \"public\".\"alternates\".\"userId\", \"public\".\"alternates\".\"username\", \"public\".\"alternates\".\"displayName\", \"public\".\"alternates\".\"title\", \"public\".\"alternates\".\"bio\", \"public\".\"alternates\".\"avatarUrl\", \"public\".\"alternates\".\"visibility\"::text, \"public\".\"alternates\".\"status\"::text, \"public\".\"alternates\".\"personaPrompt\", \"public\".\"alternates\".\"modelId\", \"public\".\"alternates\".\"publishedAt\", \"public\".\"alternates\".\"memoryEnabled\", \"public\".\"alternates\".\"createdAt\", \"public\".\"alternates\".\"updatedAt\", \"public\".\"alternates\".\"deletedAt\"","duration":251,"msg":"prisma query"}
{"level":"debug","time":"2026-09-16T10:00:52.588Z","pid":37800,"hostname":"DESKTOP-6F2E0JQ","query":"ROLLBACK","duration":243,"msg":"prisma query"}
{"level":"error","time":"2026-09-16T10:00:52.589Z","pid":37800,"hostname":"DESKTOP-6F2E0JQ","message":"\nInvalid `prisma.alternate.create()` invocation in\nC:\\Users\\User\\Alternate me\\backend\\src\\alternates\\alternate.service.ts:35:46\n\n  32   throw new ConflictError('Username is already taken');\n  33 }\n  34 \nΓåÆ 35 const alternate = await prisma.alternate.create(\nThe column `memoryEnabled` does not exist in the current database.","target":"alternate.create","timestamp":"2026-09-16T10:00:52.589Z","msg":"prisma error"}
 [31m├ù[39m utils/__tests__/alternates.test.ts[2m > [22mAlternates Module[2m > [22mAlternate CRUD[2m > [22mshould not allow user A to access user B alternate[33m 14242[2mms[22m[39m
[31m   ΓåÆ 
Invalid `prisma.alternate.create()` invocation in
C:\Users\User\Alternate me\backend\src\alternates\alternate.service.ts:35:46

  32   throw new ConflictError('Username is already taken');
  33 }
  34 
ΓåÆ 35 const alternate = await prisma.alternate.create(
The column `memoryEnabled` does not exist in the current database.[39m
{"level":"debug","time":"2026-09-16T10:00:52.864Z","pid":37800,"hostname":"DESKTOP-6F2E0JQ","query":"BEGIN","duration":273,"msg":"prisma query"}
{"level":"debug","time":"2026-09-16T10:00:53.118Z","pid":37800,"hostname":"DESKTOP-6F2E0JQ","query":"DEALLOCATE ALL","duration":254,"msg":"prisma query"}
{"level":"debug","time":"2026-09-16T10:00:53.652Z","pid":37800,"hostname":"DESKTOP-6F2E0JQ","query":"DELETE FROM \"public\".\"training_sources\" WHERE EXISTS(SELECT \"t0\".\"id\" FROM \"public\".\"users\" AS \"t0\" WHERE (\"t0\".\"email\"::text LIKE $1 AND (\"public\".\"training_sources\".\"userId\") = (\"t0\".\"id\") AND \"t0\".\"id\" IS NOT NULL))","duration":532,"msg":"prisma query"}
{"level":"debug","time":"2026-09-16T10:00:53.900Z","pid":37800,"hostname":"DESKTOP-6F2E0JQ","query":"COMMIT","duration":245,"msg":"prisma query"}
{"level":"debug","time":"2026-09-16T10:00:54.145Z","pid":37800,"hostname":"DESKTOP-6F2E0JQ","query":"BEGIN","duration":242,"msg":"prisma query"}
{"level":"debug","time":"2026-09-16T10:00:54.389Z","pid":37800,"hostname":"DESKTOP-6F2E0JQ","query":"DEALLOCATE ALL","duration":244,"msg":"prisma query"}
{"level":"debug","time":"2026-09-16T10:00:54.877Z","pid":37800,"hostname":"DESKTOP-6F2E0JQ","query":"DELETE FROM \"public\".\"ai_provider_configs\" WHERE EXISTS(SELECT \"t0\".\"id\" FROM \"public\".\"users\" AS \"t0\" WHERE (\"t0\".\"email\"::text LIKE $1 AND (\"public\".\"ai_provider_configs\".\"userId\") = (\"t0\".\"id\") AND \"t0\".\"id\" IS NOT NULL))","duration":487,"msg":"prisma query"}
{"level":"debug","time":"2026-09-16T10:00:55.124Z","pid":37800,"hostname":"DESKTOP-6F2E0JQ","query":"COMMIT","duration":247,"msg":"prisma query"}
{"level":"debug","time":"2026-09-16T10:00:55.384Z","pid":37800,"hostname":"DESKTOP-6F2E0JQ","query":"BEGIN","duration":258,"msg":"prisma query"}
{"level":"debug","time":"2026-09-16T10:00:55.629Z","pid":37800,"hostname":"DESKTOP-6F2E0JQ","query":"DEALLOCATE ALL","duration":244,"msg":"prisma query"}
{"level":"debug","time":"2026-09-16T10:00:56.118Z","pid":37800,"hostname":"DESKTOP-6F2E0JQ","query":"DELETE FROM \"public\".\"voice_profiles\" WHERE EXISTS(SELECT \"t0\".\"id\" FROM \"public\".\"users\" AS \"t0\" WHERE (\"t0\".\"email\"::text LIKE $1 AND (\"public\".\"voice_profiles\".\"userId\") = (\"t0\".\"id\") AND \"t0\".\"id\" IS NOT NULL))","duration":488,"msg":"prisma query"}
{"level":"debug","time":"2026-09-16T10:00:56.364Z","pid":37800,"hostname":"DESKTOP-6F2E0JQ","query":"COMMIT","duration":246,"msg":"prisma query"}
{"level":"debug","time":"2026-09-16T10:00:56.624Z","pid":37800,"hostname":"DESKTOP-6F2E0JQ","query":"BEGIN","duration":258,"msg":"prisma query"}
{"level":"debug","time":"2026-09-16T10:00:56.972Z","pid":37800,"hostname":"DESKTOP-6F2E0JQ","query":"DEALLOCATE ALL","duration":348,"msg":"prisma query"}
{"level":"debug","time":"2026-09-16T10:00:57.500Z","pid":37800,"hostname":"DESKTOP-6F2E0JQ","query":"DELETE FROM \"public\".\"personas\" WHERE EXISTS(SELECT \"t0\".\"id\" FROM \"public\".\"users\" AS \"t0\" WHERE (\"t0\".\"email\"::text LIKE $1 AND (\"public\".\"personas\".\"userId\") = (\"t0\".\"id\") AND \"t0\".\"id\" IS NOT NULL))","duration":515,"msg":"prisma query"}
{"level":"debug","time":"2026-09-16T10:00:57.753Z","pid":37800,"hostname":"DESKTOP-6F2E0JQ","query":"COMMIT","duration":258,"msg":"prisma query"}
{"level":"debug","time":"2026-09-16T10:00:58.004Z","pid":37800,"hostname":"DESKTOP-6F2E0JQ","query":"BEGIN","duration":244,"msg":"prisma query"}
{"level":"debug","time":"2026-09-16T10:00:58.269Z","pid":37800,"hostname":"DESKTOP-6F2E0JQ","query":"DEALLOCATE ALL","duration":265,"msg":"prisma query"}
{"level":"debug","time":"2026-09-16T10:00:58.763Z","pid":37800,"hostname":"DESKTOP-6F2E0JQ","query":"DELETE FROM \"public\".\"onboardings\" WHERE EXISTS(SELECT \"t0\".\"id\" FROM \"public\".\"users\" AS \"t0\" WHERE (\"t0\".\"email\"::text LIKE $1 AND (\"public\".\"onboardings\".\"userId\") = (\"t0\".\"id\") AND \"t0\".\"id\" IS NOT NULL))","duration":494,"msg":"prisma query"}
{"level":"debug","time":"2026-09-16T10:00:59.008Z","pid":37800,"hostname":"DESKTOP-6F2E0JQ","query":"COMMIT","duration":244,"msg":"prisma query"}
{"level":"debug","time":"2026-09-16T10:00:59.252Z","pid":37800,"hostname":"DESKTOP-6F2E0JQ","query":"SELECT 1","duration":242,"msg":"prisma query"}
{"level":"debug","time":"2026-09-16T10:00:59.497Z","pid":37800,"hostname":"DESKTOP-6F2E0JQ","query":"BEGIN","duration":243,"msg":"prisma query"}
{"level":"debug","time":"2026-09-16T10:00:59.740Z","pid":37800,"hostname":"DESKTOP-6F2E0JQ","query":"DEALLOCATE ALL","duration":243,"msg":"prisma query"}
{"level":"debug","time":"2026-09-16T10:01:00.227Z","pid":37800,"hostname":"DESKTOP-6F2E0JQ","query":"DELETE FROM \"public\".\"alternates\" WHERE EXISTS(SELECT \"t0\".\"id\" FROM \"public\".\"users\" AS \"t0\" WHERE (\"t0\".\"email\"::text LIKE $1 AND (\"public\".\"alternates\".\"userId\") = (\"t0\".\"id\") AND \"t0\".\"id\" IS NOT NULL))","duration":486,"msg":"prisma query"}
{"level":"debug","time":"2026-09-16T10:01:00.472Z","pid":37800,"hostname":"DESKTOP-6F2E0JQ","query":"COMMIT","duration":245,"msg":"prisma query"}
{"level":"debug","time":"2026-09-16T10:01:00.728Z","pid":37800,"hostname":"DESKTOP-6F2E0JQ","query":"BEGIN","duration":246,"msg":"prisma query"}
{"level":"debug","time":"2026-09-16T10:01:00.983Z","pid":37800,"hostname":"DESKTOP-6F2E0JQ","query":"DEALLOCATE ALL","duration":245,"msg":"prisma query"}
{"level":"debug","time":"2026-09-16T10:01:01.479Z","pid":37800,"hostname":"DESKTOP-6F2E0JQ","query":"DELETE FROM \"public\".\"users\" WHERE \"public\".\"users\".\"email\"::text LIKE $1","duration":493,"msg":"prisma query"}
{"level":"debug","time":"2026-09-16T10:01:01.719Z","pid":37800,"hostname":"DESKTOP-6F2E0JQ","query":"COMMIT","duration":250,"msg":"prisma query"}
{"level":"debug","time":"2026-09-16T10:01:01.983Z","pid":37800,"hostname":"DESKTOP-6F2E0JQ","query":"BEGIN","duration":255,"msg":"prisma query"}
{"level":"debug","time":"2026-09-16T10:01:02.234Z","pid":37800,"hostname":"DESKTOP-6F2E0JQ","query":"DEALLOCATE ALL","duration":250,"msg":"prisma query"}
{"level":"debug","time":"2026-09-16T10:01:02.731Z","pid":37800,"hostname":"DESKTOP-6F2E0JQ","query":"INSERT INTO \"public\".\"users\" (\"id\",\"username\",\"email\",\"role\",\"isMfaEnabled\",\"timezone\",\"language\",\"theme\",\"isActive\",\"createdAt\",\"updatedAt\") VALUES ($1,$2,$3,CAST($4::text AS \"public\".\"UserRole\"),$5,$6,$7,$8,$9,$10,$11) RETURNING \"public\".\"users\".\"id\", \"public\".\"users\".\"tenantId\", \"public\".\"users\".\"username\", \"public\".\"users\".\"email\", \"public\".\"users\".\"emailVerified\", \"public\".\"users\".\"name\", \"public\".\"users\".\"avatarUrl\", \"public\".\"users\".\"role\"::text, \"public\".\"users\".\"passwordHash\", \"public\".\"users\".\"isMfaEnabled\", \"public\".\"users\".\"mfaSecret\", \"public\".\"users\".\"bio\", \"public\".\"users\".\"timezone\", \"public\".\"users\".\"language\", \"public\".\"users\".\"theme\", \"public\".\"users\".\"lastLoginAt\", \"public\".\"users\".\"isActive\", \"public\".\"users\".\"deletedAt\", \"public\".\"users\".\"metadata\", \"public\".\"users\".\"createdAt\", \"public\".\"users\".\"updatedAt\"","duration":496,"msg":"prisma query"}
{"level":"debug","time":"2026-09-16T10:01:02.976Z","pid":37800,"hostname":"DESKTOP-6F2E0JQ","query":"COMMIT","duration":244,"msg":"prisma query"}
{"level":"debug","time":"2026-09-16T10:01:03.224Z","pid":37800,"hostname":"DESKTOP-6F2E0JQ","query":"BEGIN","duration":246,"msg":"prisma query"}
{"level":"debug","time":"2026-09-16T10:01:03.467Z","pid":37800,"hostname":"DESKTOP-6F2E0JQ","query":"DEALLOCATE ALL","duration":242,"msg":"prisma query"}
{"level":"debug","time":"2026-09-16T10:01:03.955Z","pid":37800,"hostname":"DESKTOP-6F2E0JQ","query":"INSERT INTO \"public\".\"users\" (\"id\",\"username\",\"email\",\"role\",\"isMfaEnabled\",\"timezone\",\"language\",\"theme\",\"isActive\",\"createdAt\",\"updatedAt\") VALUES ($1,$2,$3,CAST($4::text AS \"public\".\"UserRole\"),$5,$6,$7,$8,$9,$10,$11) RETURNING \"public\".\"users\".\"id\", \"public\".\"users\".\"tenantId\", \"public\".\"users\".\"username\", \"public\".\"users\".\"email\", \"public\".\"users\".\"emailVerified\", \"public\".\"users\".\"name\", \"public\".\"users\".\"avatarUrl\", \"public\".\"users\".\"role\"::text, \"public\".\"users\".\"passwordHash\", \"public\".\"users\".\"isMfaEnabled\", \"public\".\"users\".\"mfaSecret\", \"public\".\"users\".\"bio\", \"public\".\"users\".\"timezone\", \"public\".\"users\".\"language\", \"public\".\"users\".\"theme\", \"public\".\"users\".\"lastLoginAt\", \"public\".\"users\".\"isActive\", \"public\".\"users\".\"deletedAt\", \"public\".\"users\".\"metadata\", \"public\".\"users\".\"createdAt\", \"public\".\"users\".\"updatedAt\"","duration":487,"msg":"prisma query"}
{"level":"debug","time":"2026-09-16T10:01:04.211Z","pid":37800,"hostname":"DESKTOP-6F2E0JQ","query":"COMMIT","duration":255,"msg":"prisma query"}
{"level":"debug","time":"2026-09-16T10:01:04.462Z","pid":37800,"hostname":"DESKTOP-6F2E0JQ","query":"BEGIN","duration":249,"msg":"prisma query"}
{"level":"debug","time":"2026-09-16T10:01:04.704Z","pid":37800,"hostname":"DESKTOP-6F2E0JQ","query":"DEALLOCATE ALL","duration":242,"msg":"prisma query"}
{"level":"debug","time":"2026-09-16T10:01:05.406Z","pid":37800,"hostname":"DESKTOP-6F2E0JQ","query":"SELECT \"public\".\"alternates\".\"id\" FROM \"public\".\"alternates\" WHERE (\"public\".\"alternates\".\"username\" = $1 AND \"public\".\"alternates\".\"deletedAt\" IS NULL) LIMIT $2 OFFSET $3","duration":701,"msg":"prisma query"}
{"level":"debug","time":"2026-09-16T10:01:05.653Z","pid":37800,"hostname":"DESKTOP-6F2E0JQ","query":"COMMIT","duration":247,"msg":"prisma query"}
{"level":"debug","time":"2026-09-16T10:01:05.901Z","pid":37800,"hostname":"DESKTOP-6F2E0JQ","query":"BEGIN","duration":245,"msg":"prisma query"}
{"level":"debug","time":"2026-09-16T10:01:06.144Z","pid":37800,"hostname":"DESKTOP-6F2E0JQ","query":"DEALLOCATE ALL","duration":242,"msg":"prisma query"}
{"level":"debug","time":"2026-09-16T10:01:06.391Z","pid":37800,"hostname":"DESKTOP-6F2E0JQ","query":"INSERT INTO \"public\".\"alternates\" (\"id\",\"userId\",\"username\",\"displayName\",\"visibility\",\"status\",\"memoryEnabled\",\"createdAt\",\"updatedAt\") VALUES ($1,$2,$3,$4,CAST($5::text AS \"public\".\"AlternateVisibility\"),CAST($6::text AS \"public\".\"AlternateStatus\"),$7,$8,$9) RETURNING \"public\".\"alternates\".\"id\", \"public\".\"alternates\".\"userId\", \"public\".\"alternates\".\"username\", \"public\".\"alternates\".\"displayName\", \"public\".\"alternates\".\"title\", \"public\".\"alternates\".\"bio\", \"public\".\"alternates\".\"avatarUrl\", \"public\".\"alternates\".\"visibility\"::text, \"public\".\"alternates\".\"status\"::text, \"public\".\"alternates\".\"personaPrompt\", \"public\".\"alternates\".\"modelId\", \"public\".\"alternates\".\"publishedAt\", \"public\".\"alternates\".\"memoryEnabled\", \"public\".\"alternates\".\"createdAt\", \"public\".\"alternates\".\"updatedAt\", \"public\".\"alternates\".\"deletedAt\"","duration":246,"msg":"prisma query"}
{"level":"debug","time":"2026-09-16T10:01:06.636Z","pid":37800,"hostname":"DESKTOP-6F2E0JQ","query":"ROLLBACK","duration":245,"msg":"prisma query"}
{"level":"error","time":"2026-09-16T10:01:06.638Z","pid":37800,"hostname":"DESKTOP-6F2E0JQ","message":"\nInvalid `prisma.alternate.create()` invocation in\nC:\\Users\\User\\Alternate me\\backend\\src\\alternates\\alternate.service.ts:35:46\n\n  32   throw new ConflictError('Username is already taken');\n  33 }\n  34 \nΓåÆ 35 const alternate = await prisma.alternate.create(\nThe column `memoryEnabled` does not exist in the current database.","target":"alternate.create","timestamp":"2026-09-16T10:01:06.638Z","msg":"prisma error"}
 [31m├ù[39m utils/__tests__/alternates.test.ts[2m > [22mAlternates Module[2m > [22mAlternate CRUD[2m > [22mshould not allow user A to delete user B alternate[33m 14050[2mms[22m[39m
[31m   ΓåÆ 
Invalid `prisma.alternate.create()` invocation in
C:\Users\User\Alternate me\backend\src\alternates\alternate.service.ts:35:46

  32   throw new ConflictError('Username is already taken');
  33 }
  34 
ΓåÆ 35 const alternate = await prisma.alternate.create(
The column `memoryEnabled` does not exist in the current database.[39m
{"level":"debug","time":"2026-09-16T10:01:06.884Z","pid":37800,"hostname":"DESKTOP-6F2E0JQ","query":"BEGIN","duration":242,"msg":"prisma query"}
{"level":"debug","time":"2026-09-16T10:01:07.131Z","pid":37800,"hostname":"DESKTOP-6F2E0JQ","query":"DEALLOCATE ALL","duration":246,"msg":"prisma query"}
{"level":"debug","time":"2026-09-16T10:01:07.626Z","pid":37800,"hostname":"DESKTOP-6F2E0JQ","query":"DELETE FROM \"public\".\"training_sources\" WHERE EXISTS(SELECT \"t0\".\"id\" FROM \"public\".\"users\" AS \"t0\" WHERE (\"t0\".\"email\"::text LIKE $1 AND (\"public\".\"training_sources\".\"userId\") = (\"t0\".\"id\") AND \"t0\".\"id\" IS NOT NULL))","duration":494,"msg":"prisma query"}
{"level":"debug","time":"2026-09-16T10:01:07.871Z","pid":37800,"hostname":"DESKTOP-6F2E0JQ","query":"COMMIT","duration":244,"msg":"prisma query"}
{"level":"debug","time":"2026-09-16T10:01:08.127Z","pid":37800,"hostname":"DESKTOP-6F2E0JQ","query":"BEGIN","duration":255,"msg":"prisma query"}
{"level":"debug","time":"2026-09-16T10:01:08.382Z","pid":37800,"hostname":"DESKTOP-6F2E0JQ","query":"DEALLOCATE ALL","duration":254,"msg":"prisma query"}
{"level":"debug","time":"2026-09-16T10:01:08.875Z","pid":37800,"hostname":"DESKTOP-6F2E0JQ","query":"DELETE FROM \"public\".\"ai_provider_configs\" WHERE EXISTS(SELECT \"t0\".\"id\" FROM \"public\".\"users\" AS \"t0\" WHERE (\"t0\".\"email\"::text LIKE $1 AND (\"public\".\"ai_provider_configs\".\"userId\") = (\"t0\".\"id\") AND \"t0\".\"id\" IS NOT NULL))","duration":492,"msg":"prisma query"}
{"level":"debug","time":"2026-09-16T10:01:09.124Z","pid":37800,"hostname":"DESKTOP-6F2E0JQ","query":"COMMIT","duration":248,"msg":"prisma query"}
{"level":"debug","time":"2026-09-16T10:01:09.384Z","pid":37800,"hostname":"DESKTOP-6F2E0JQ","query":"BEGIN","duration":259,"msg":"prisma query"}
{"level":"debug","time":"2026-09-16T10:01:09.628Z","pid":37800,"hostname":"DESKTOP-6F2E0JQ","query":"DEALLOCATE ALL","duration":244,"msg":"prisma query"}
{"level":"debug","time":"2026-09-16T10:01:10.128Z","pid":37800,"hostname":"DESKTOP-6F2E0JQ","query":"DELETE FROM \"public\".\"voice_profiles\" WHERE EXISTS(SELECT \"t0\".\"id\" FROM \"public\".\"users\" AS \"t0\" WHERE (\"t0\".\"email\"::text LIKE $1 AND (\"public\".\"voice_profiles\".\"userId\") = (\"t0\".\"id\") AND \"t0\".\"id\" IS NOT NULL))","duration":499,"msg":"prisma query"}
{"level":"debug","time":"2026-09-16T10:01:10.370Z","pid":37800,"hostname":"DESKTOP-6F2E0JQ","query":"COMMIT","duration":242,"msg":"prisma query"}
{"level":"debug","time":"2026-09-16T10:01:10.614Z","pid":37800,"hostname":"DESKTOP-6F2E0JQ","query":"BEGIN","duration":242,"msg":"prisma query"}
{"level":"debug","time":"2026-09-16T10:01:10.857Z","pid":37800,"hostname":"DESKTOP-6F2E0JQ","query":"DEALLOCATE ALL","duration":242,"msg":"prisma query"}
{"level":"debug","time":"2026-09-16T10:01:11.357Z","pid":37800,"hostname":"DESKTOP-6F2E0JQ","query":"DELETE FROM \"public\".\"personas\" WHERE EXISTS(SELECT \"t0\".\"id\" FROM \"public\".\"users\" AS \"t0\" WHERE (\"t0\".\"email\"::text LIKE $1 AND (\"public\".\"personas\".\"userId\") = (\"t0\".\"id\") AND \"t0\".\"id\" IS NOT NULL))","duration":499,"msg":"prisma query"}
{"level":"debug","time":"2026-09-16T10:01:11.600Z","pid":37800,"hostname":"DESKTOP-6F2E0JQ","query":"COMMIT","duration":242,"msg":"prisma query"}
{"level":"debug","time":"2026-09-16T10:01:11.850Z","pid":37800,"hostname":"DESKTOP-6F2E0JQ","query":"BEGIN","duration":249,"msg":"prisma query"}
{"level":"debug","time":"2026-09-16T10:01:12.098Z","pid":37800,"hostname":"DESKTOP-6F2E0JQ","query":"DEALLOCATE ALL","duration":248,"msg":"prisma query"}
{"level":"debug","time":"2026-09-16T10:01:12.586Z","pid":37800,"hostname":"DESKTOP-6F2E0JQ","query":"DELETE FROM \"public\".\"onboardings\" WHERE EXISTS(SELECT \"t0\".\"id\" FROM \"public\".\"users\" AS \"t0\" WHERE (\"t0\".\"email\"::text LIKE $1 AND (\"public\".\"onboardings\".\"userId\") = (\"t0\".\"id\") AND \"t0\".\"id\" IS NOT NULL))","duration":487,"msg":"prisma query"}
{"level":"debug","time":"2026-09-16T10:01:12.838Z","pid":37800,"hostname":"DESKTOP-6F2E0JQ","query":"COMMIT","duration":252,"msg":"prisma query"}
{"level":"debug","time":"2026-09-16T10:01:13.087Z","pid":37800,"hostname":"DESKTOP-6F2E0JQ","query":"BEGIN","duration":247,"msg":"prisma query"}
{"level":"debug","time":"2026-09-16T10:01:13.333Z","pid":37800,"hostname":"DESKTOP-6F2E0JQ","query":"DEALLOCATE ALL","duration":245,"msg":"prisma query"}
{"level":"debug","time":"2026-09-16T10:01:13.821Z","pid":37800,"hostname":"DESKTOP-6F2E0JQ","query":"DELETE FROM \"public\".\"alternates\" WHERE EXISTS(SELECT \"t0\".\"id\" FROM \"public\".\"users\" AS \"t0\" WHERE (\"t0\".\"email\"::text LIKE $1 AND (\"public\".\"alternates\".\"userId\") = (\"t0\".\"id\") AND \"t0\".\"id\" IS NOT NULL))","duration":487,"msg":"prisma query"}
{"level":"debug","time":"2026-09-16T10:01:14.063Z","pid":37800,"hostname":"DESKTOP-6F2E0JQ","query":"COMMIT","duration":241,"msg":"prisma query"}
{"level":"debug","time":"2026-09-16T10:01:14.307Z","pid":37800,"hostname":"DESKTOP-6F2E0JQ","query":"BEGIN","duration":243,"msg":"prisma query"}
{"level":"debug","time":"2026-09-16T10:01:14.550Z","pid":37800,"hostname":"DESKTOP-6F2E0JQ","query":"DEALLOCATE ALL","duration":242,"msg":"prisma query"}
{"level":"debug","time":"2026-09-16T10:01:15.042Z","pid":37800,"hostname":"DESKTOP-6F2E0JQ","query":"DELETE FROM \"public\".\"users\" WHERE \"public\".\"users\".\"email\"::text LIKE $1","duration":491,"msg":"prisma query"}
{"level":"debug","time":"2026-09-16T10:01:15.290Z","pid":37800,"hostname":"DESKTOP-6F2E0JQ","query":"COMMIT","duration":247,"msg":"prisma query"}
{"level":"debug","time":"2026-09-16T10:01:15.545Z","pid":37800,"hostname":"DESKTOP-6F2E0JQ","query":"SELECT 1","duration":253,"msg":"prisma query"}
{"level":"debug","time":"2026-09-16T10:01:15.795Z","pid":37800,"hostname":"DESKTOP-6F2E0JQ","query":"BEGIN","duration":249,"msg":"prisma query"}
{"level":"debug","time":"2026-09-16T10:01:16.039Z","pid":37800,"hostname":"DESKTOP-6F2E0JQ","query":"DEALLOCATE ALL","duration":243,"msg":"prisma query"}
{"level":"debug","time":"2026-09-16T10:01:16.534Z","pid":37800,"hostname":"DESKTOP-6F2E0JQ","query":"INSERT INTO \"public\".\"users\" (\"id\",\"username\",\"email\",\"role\",\"isMfaEnabled\",\"timezone\",\"language\",\"theme\",\"isActive\",\"createdAt\",\"updatedAt\") VALUES ($1,$2,$3,CAST($4::text AS \"public\".\"UserRole\"),$5,$6,$7,$8,$9,$10,$11) RETURNING \"public\".\"users\".\"id\", \"public\".\"users\".\"tenantId\", \"public\".\"users\".\"username\", \"public\".\"users\".\"email\", \"public\".\"users\".\"emailVerified\", \"public\".\"users\".\"name\", \"public\".\"users\".\"avatarUrl\", \"public\".\"users\".\"role\"::text, \"public\".\"users\".\"passwordHash\", \"public\".\"users\".\"isMfaEnabled\", \"public\".\"users\".\"mfaSecret\", \"public\".\"users\".\"bio\", \"public\".\"users\".\"timezone\", \"public\".\"users\".\"language\", \"public\".\"users\".\"theme\", \"public\".\"users\".\"lastLoginAt\", \"public\".\"users\".\"isActive\", \"public\".\"users\".\"deletedAt\", \"public\".\"users\".\"metadata\", \"public\".\"users\".\"createdAt\", \"public\".\"users\".\"updatedAt\"","duration":494,"msg":"prisma query"}
{"level":"debug","time":"2026-09-16T10:01:16.778Z","pid":37800,"hostname":"DESKTOP-6F2E0JQ","query":"COMMIT","duration":243,"msg":"prisma query"}
{"level":"debug","time":"2026-09-16T10:01:17.022Z","pid":37800,"hostname":"DESKTOP-6F2E0JQ","query":"BEGIN","duration":243,"msg":"prisma query"}
{"level":"debug","time":"2026-09-16T10:01:17.267Z","pid":37800,"hostname":"DESKTOP-6F2E0JQ","query":"DEALLOCATE ALL","duration":244,"msg":"prisma query"}
{"level":"debug","time":"2026-09-16T10:01:17.763Z","pid":37800,"hostname":"DESKTOP-6F2E0JQ","query":"SELECT \"public\".\"alternates\".\"id\" FROM \"public\".\"alternates\" WHERE (\"public\".\"alternates\".\"username\" = $1 AND \"public\".\"alternates\".\"deletedAt\" IS NULL) LIMIT $2 OFFSET $3","duration":495,"msg":"prisma query"}
{"level":"debug","time":"2026-09-16T10:01:18.015Z","pid":37800,"hostname":"DESKTOP-6F2E0JQ","query":"COMMIT","duration":252,"msg":"prisma query"}
{"level":"debug","time":"2026-09-16T10:01:18.267Z","pid":37800,"hostname":"DESKTOP-6F2E0JQ","query":"BEGIN","duration":250,"msg":"prisma query"}
{"level":"debug","time":"2026-09-16T10:01:18.512Z","pid":37800,"hostname":"DESKTOP-6F2E0JQ","query":"DEALLOCATE ALL","duration":245,"msg":"prisma query"}
{"level":"debug","time":"2026-09-16T10:01:18.760Z","pid":37800,"hostname":"DESKTOP-6F2E0JQ","query":"INSERT INTO \"public\".\"alternates\" (\"id\",\"userId\",\"username\",\"displayName\",\"visibility\",\"status\",\"memoryEnabled\",\"createdAt\",\"updatedAt\") VALUES ($1,$2,$3,$4,CAST($5::text AS \"public\".\"AlternateVisibility\"),CAST($6::text AS \"public\".\"AlternateStatus\"),$7,$8,$9) RETURNING \"public\".\"alternates\".\"id\", \"public\".\"alternates\".\"userId\", \"public\".\"alternates\".\"username\", \"public\".\"alternates\".\"displayName\", \"public\".\"alternates\".\"title\", \"public\".\"alternates\".\"bio\", \"public\".\"alternates\".\"avatarUrl\", \"public\".\"alternates\".\"visibility\"::text, \"public\".\"alternates\".\"status\"::text, \"public\".\"alternates\".\"personaPrompt\", \"public\".\"alternates\".\"modelId\", \"public\".\"alternates\".\"publishedAt\", \"public\".\"alternates\".\"memoryEnabled\", \"public\".\"alternates\".\"createdAt\", \"public\".\"alternates\".\"updatedAt\", \"public\".\"alternates\".\"deletedAt\"","duration":247,"msg":"prisma query"}
{"level":"debug","time":"2026-09-16T10:01:19.019Z","pid":37800,"hostname":"DESKTOP-6F2E0JQ","query":"ROLLBACK","duration":249,"msg":"prisma query"}
{"level":"error","time":"2026-09-16T10:01:19.027Z","pid":37800,"hostname":"DESKTOP-6F2E0JQ","message":"\nInvalid `prisma.alternate.create()` invocation in\nC:\\Users\\User\\Alternate me\\backend\\src\\alternates\\alternate.service.ts:35:46\n\n  32   throw new ConflictError('Username is already taken');\n  33 }\n  34 \nΓåÆ 35 const alternate = await prisma.alternate.create(\nThe column `memoryEnabled` does not exist in the current database.","target":"alternate.create","timestamp":"2026-09-16T10:01:19.027Z","msg":"prisma error"}
 [31m├ù[39m utils/__tests__/alternates.test.ts[2m > [22mAlternates Module[2m > [22mAlternate CRUD[2m > [22mshould soft delete an alternate[33m 12400[2mms[22m[39m
[31m   ΓåÆ 
Invalid `prisma.alternate.create()` invocation in
C:\Users\User\Alternate me\backend\src\alternates\alternate.service.ts:35:46

  32   throw new ConflictError('Username is already taken');
  33 }
  34 
ΓåÆ 35 const alternate = await prisma.alternate.create(
The column `memoryEnabled` does not exist in the current database.[39m
{"level":"debug","time":"2026-09-16T10:01:19.288Z","pid":37800,"hostname":"DESKTOP-6F2E0JQ","query":"BEGIN","duration":244,"msg":"prisma query"}
{"level":"debug","time":"2026-09-16T10:01:19.530Z","pid":37800,"hostname":"DESKTOP-6F2E0JQ","query":"DEALLOCATE ALL","duration":242,"msg":"prisma query"}
{"level":"debug","time":"2026-09-16T10:01:20.027Z","pid":37800,"hostname":"DESKTOP-6F2E0JQ","query":"DELETE FROM \"public\".\"training_sources\" WHERE EXISTS(SELECT \"t0\".\"id\" FROM \"public\".\"users\" AS \"t0\" WHERE (\"t0\".\"email\"::text LIKE $1 AND (\"public\".\"training_sources\".\"userId\") = (\"t0\".\"id\") AND \"t0\".\"id\" IS NOT NULL))","duration":496,"msg":"prisma query"}
{"level":"debug","time":"2026-09-16T10:01:20.280Z","pid":37800,"hostname":"DESKTOP-6F2E0JQ","query":"COMMIT","duration":252,"msg":"prisma query"}
{"level":"debug","time":"2026-09-16T10:01:20.530Z","pid":37800,"hostname":"DESKTOP-6F2E0JQ","query":"BEGIN","duration":248,"msg":"prisma query"}
{"level":"debug","time":"2026-09-16T10:01:20.772Z","pid":37800,"hostname":"DESKTOP-6F2E0JQ","query":"DEALLOCATE ALL","duration":242,"msg":"prisma query"}
{"level":"debug","time":"2026-09-16T10:01:21.260Z","pid":37800,"hostname":"DESKTOP-6F2E0JQ","query":"DELETE FROM \"public\".\"ai_provider_configs\" WHERE EXISTS(SELECT \"t0\".\"id\" FROM \"public\".\"users\" AS \"t0\" WHERE (\"t0\".\"email\"::text LIKE $1 AND (\"public\".\"ai_provider_configs\".\"userId\") = (\"t0\".\"id\") AND \"t0\".\"id\" IS NOT NULL))","duration":487,"msg":"prisma query"}
{"level":"debug","time":"2026-09-16T10:01:21.503Z","pid":37800,"hostname":"DESKTOP-6F2E0JQ","query":"COMMIT","duration":243,"msg":"prisma query"}
{"level":"debug","time":"2026-09-16T10:01:21.747Z","pid":37800,"hostname":"DESKTOP-6F2E0JQ","query":"BEGIN","duration":242,"msg":"prisma query"}
{"level":"debug","time":"2026-09-16T10:01:22.057Z","pid":37800,"hostname":"DESKTOP-6F2E0JQ","query":"DEALLOCATE ALL","duration":310,"msg":"prisma query"}
{"level":"debug","time":"2026-09-16T10:01:22.653Z","pid":37800,"hostname":"DESKTOP-6F2E0JQ","query":"DELETE FROM \"public\".\"voice_profiles\" WHERE EXISTS(SELECT \"t0\".\"id\" FROM \"public\".\"users\" AS \"t0\" WHERE (\"t0\".\"email\"::text LIKE $1 AND (\"public\".\"voice_profiles\".\"userId\") = (\"t0\".\"id\") AND \"t0\".\"id\" IS NOT NULL))","duration":595,"msg":"prisma query"}
{"level":"debug","time":"2026-09-16T10:01:22.936Z","pid":37800,"hostname":"DESKTOP-6F2E0JQ","query":"COMMIT","duration":283,"msg":"prisma query"}
{"level":"debug","time":"2026-09-16T10:01:23.198Z","pid":37800,"hostname":"DESKTOP-6F2E0JQ","query":"BEGIN","duration":260,"msg":"prisma query"}
{"level":"debug","time":"2026-09-16T10:01:23.455Z","pid":37800,"hostname":"DESKTOP-6F2E0JQ","query":"DEALLOCATE ALL","duration":257,"msg":"prisma query"}
{"level":"debug","time":"2026-09-16T10:01:23.943Z","pid":37800,"hostname":"DESKTOP-6F2E0JQ","query":"DELETE FROM \"public\".\"personas\" WHERE EXISTS(SELECT \"t0\".\"id\" FROM \"public\".\"users\" AS \"t0\" WHERE (\"t0\".\"email\"::text LIKE $1 AND (\"public\".\"personas\".\"userId\") = (\"t0\".\"id\") AND \"t0\".\"id\" IS NOT NULL))","duration":487,"msg":"prisma query"}
{"level":"debug","time":"2026-09-16T10:01:24.189Z","pid":37800,"hostname":"DESKTOP-6F2E0JQ","query":"COMMIT","duration":246,"msg":"prisma query"}
{"level":"debug","time":"2026-09-16T10:01:24.432Z","pid":37800,"hostname":"DESKTOP-6F2E0JQ","query":"BEGIN","duration":242,"msg":"prisma query"}
{"level":"debug","time":"2026-09-16T10:01:24.677Z","pid":37800,"hostname":"DESKTOP-6F2E0JQ","query":"DEALLOCATE ALL","duration":244,"msg":"prisma query"}
{"level":"debug","time":"2026-09-16T10:01:25.167Z","pid":37800,"hostname":"DESKTOP-6F2E0JQ","query":"DELETE FROM \"public\".\"onboardings\" WHERE EXISTS(SELECT \"t0\".\"id\" FROM \"public\".\"users\" AS \"t0\" WHERE (\"t0\".\"email\"::text LIKE $1 AND (\"public\".\"onboardings\".\"userId\") = (\"t0\".\"id\") AND \"t0\".\"id\" IS NOT NULL))","duration":489,"msg":"prisma query"}
{"level":"debug","time":"2026-09-16T10:01:25.417Z","pid":37800,"hostname":"DESKTOP-6F2E0JQ","query":"COMMIT","duration":249,"msg":"prisma query"}
{"level":"debug","time":"2026-09-16T10:01:25.685Z","pid":37800,"hostname":"DESKTOP-6F2E0JQ","query":"BEGIN","duration":267,"msg":"prisma query"}
{"level":"debug","time":"2026-09-16T10:01:25.929Z","pid":37800,"hostname":"DESKTOP-6F2E0JQ","query":"DEALLOCATE ALL","duration":243,"msg":"prisma query"}
{"level":"debug","time":"2026-09-16T10:01:26.415Z","pid":37800,"hostname":"DESKTOP-6F2E0JQ","query":"DELETE FROM \"public\".\"alternates\" WHERE EXISTS(SELECT \"t0\".\"id\" FROM \"public\".\"users\" AS \"t0\" WHERE (\"t0\".\"email\"::text LIKE $1 AND (\"public\".\"alternates\".\"userId\") = (\"t0\".\"id\") AND \"t0\".\"id\" IS NOT NULL))","duration":486,"msg":"prisma query"}
{"level":"debug","time":"2026-09-16T10:01:26.659Z","pid":37800,"hostname":"DESKTOP-6F2E0JQ","query":"COMMIT","duration":244,"msg":"prisma query"}
{"level":"debug","time":"2026-09-16T10:01:26.903Z","pid":37800,"hostname":"DESKTOP-6F2E0JQ","query":"BEGIN","duration":243,"msg":"prisma query"}
{"level":"debug","time":"2026-09-16T10:01:27.146Z","pid":37800,"hostname":"DESKTOP-6F2E0JQ","query":"DEALLOCATE ALL","duration":243,"msg":"prisma query"}
{"level":"debug","time":"2026-09-16T10:01:27.640Z","pid":37800,"hostname":"DESKTOP-6F2E0JQ","query":"DELETE FROM \"public\".\"users\" WHERE \"public\".\"users\".\"email\"::text LIKE $1","duration":493,"msg":"prisma query"}
{"level":"debug","time":"2026-09-16T10:01:27.887Z","pid":37800,"hostname":"DESKTOP-6F2E0JQ","query":"COMMIT","duration":247,"msg":"prisma query"}
{"level":"debug","time":"2026-09-16T10:01:28.132Z","pid":37800,"hostname":"DESKTOP-6F2E0JQ","query":"BEGIN","duration":242,"msg":"prisma query"}
{"level":"debug","time":"2026-09-16T10:01:28.376Z","pid":37800,"hostname":"DESKTOP-6F2E0JQ","query":"DEALLOCATE ALL","duration":244,"msg":"prisma query"}
{"level":"debug","time":"2026-09-16T10:01:28.868Z","pid":37800,"hostname":"DESKTOP-6F2E0JQ","query":"INSERT INTO \"public\".\"users\" (\"id\",\"username\",\"email\",\"role\",\"isMfaEnabled\",\"timezone\",\"language\",\"theme\",\"isActive\",\"createdAt\",\"updatedAt\") VALUES ($1,$2,$3,CAST($4::text AS \"public\".\"UserRole\"),$5,$6,$7,$8,$9,$10,$11) RETURNING \"public\".\"users\".\"id\", \"public\".\"users\".\"tenantId\", \"public\".\"users\".\"username\", \"public\".\"users\".\"email\", \"public\".\"users\".\"emailVerified\", \"public\".\"users\".\"name\", \"public\".\"users\".\"avatarUrl\", \"public\".\"users\".\"role\"::text, \"public\".\"users\".\"passwordHash\", \"public\".\"users\".\"isMfaEnabled\", \"public\".\"users\".\"mfaSecret\", \"public\".\"users\".\"bio\", \"public\".\"users\".\"timezone\", \"public\".\"users\".\"language\", \"public\".\"users\".\"theme\", \"public\".\"users\".\"lastLoginAt\", \"public\".\"users\".\"isActive\", \"public\".\"users\".\"deletedAt\", \"public\".\"users\".\"metadata\", \"public\".\"users\".\"createdAt\", \"public\".\"users\".\"updatedAt\"","duration":491,"msg":"prisma query"}
{"level":"debug","time":"2026-09-16T10:01:29.137Z","pid":37800,"hostname":"DESKTOP-6F2E0JQ","query":"COMMIT","duration":268,"msg":"prisma query"}
{"level":"debug","time":"2026-09-16T10:01:29.383Z","pid":37800,"hostname":"DESKTOP-6F2E0JQ","query":"BEGIN","duration":244,"msg":"prisma query"}
{"level":"debug","time":"2026-09-16T10:01:29.632Z","pid":37800,"hostname":"DESKTOP-6F2E0JQ","query":"DEALLOCATE ALL","duration":248,"msg":"prisma query"}
{"level":"debug","time":"2026-09-16T10:01:30.121Z","pid":37800,"hostname":"DESKTOP-6F2E0JQ","query":"SELECT \"public\".\"alternates\".\"id\" FROM \"public\".\"alternates\" WHERE (\"public\".\"alternates\".\"username\" = $1 AND \"public\".\"alternates\".\"deletedAt\" IS NULL) LIMIT $2 OFFSET $3","duration":488,"msg":"prisma query"}
{"level":"debug","time":"2026-09-16T10:01:30.370Z","pid":37800,"hostname":"DESKTOP-6F2E0JQ","query":"COMMIT","duration":248,"msg":"prisma query"}
{"level":"debug","time":"2026-09-16T10:01:30.614Z","pid":37800,"hostname":"DESKTOP-6F2E0JQ","query":"BEGIN","duration":242,"msg":"prisma query"}
{"level":"debug","time":"2026-09-16T10:01:30.857Z","pid":37800,"hostname":"DESKTOP-6F2E0JQ","query":"DEALLOCATE ALL","duration":242,"msg":"prisma query"}
{"level":"debug","time":"2026-09-16T10:01:31.111Z","pid":37800,"hostname":"DESKTOP-6F2E0JQ","query":"INSERT INTO \"public\".\"alternates\" (\"id\",\"userId\",\"username\",\"displayName\",\"visibility\",\"status\",\"memoryEnabled\",\"createdAt\",\"updatedAt\") VALUES ($1,$2,$3,$4,CAST($5::text AS \"public\".\"AlternateVisibility\"),CAST($6::text AS \"public\".\"AlternateStatus\"),$7,$8,$9) RETURNING \"public\".\"alternates\".\"id\", \"public\".\"alternates\".\"userId\", \"public\".\"alternates\".\"username\", \"public\".\"alternates\".\"displayName\", \"public\".\"alternates\".\"title\", \"public\".\"alternates\".\"bio\", \"public\".\"alternates\".\"avatarUrl\", \"public\".\"alternates\".\"visibility\"::text, \"public\".\"alternates\".\"status\"::text, \"public\".\"alternates\".\"personaPrompt\", \"public\".\"alternates\".\"modelId\", \"public\".\"alternates\".\"publishedAt\", \"public\".\"alternates\".\"memoryEnabled\", \"public\".\"alternates\".\"createdAt\", \"public\".\"alternates\".\"updatedAt\", \"public\".\"alternates\".\"deletedAt\"","duration":253,"msg":"prisma query"}
{"level":"debug","time":"2026-09-16T10:01:31.360Z","pid":37800,"hostname":"DESKTOP-6F2E0JQ","query":"ROLLBACK","duration":248,"msg":"prisma query"}
{"level":"error","time":"2026-09-16T10:01:31.370Z","pid":37800,"hostname":"DESKTOP-6F2E0JQ","message":"\nInvalid `prisma.alternate.create()` invocation in\nC:\\Users\\User\\Alternate me\\backend\\src\\onboarding\\onboarding.service.ts:50:46\n\n  47   throw new ConflictError('Username is already taken');\n  48 }\n  49 \nΓåÆ 50 const alternate = await prisma.alternate.create(\nThe column `memoryEnabled` does not exist in the current database.","target":"alternate.create","timestamp":"2026-09-16T10:01:31.370Z","msg":"prisma error"}
 [31m├ù[39m utils/__tests__/alternates.test.ts[2m > [22mAlternates Module[2m > [22mOnboarding[2m > [22mshould start onboarding[33m 12330[2mms[22m[39m
[31m   ΓåÆ 
Invalid `prisma.alternate.create()` invocation in
C:\Users\User\Alternate me\backend\src\onboarding\onboarding.service.ts:50:46

  47   throw new ConflictError('Username is already taken');
  48 }
  49 
ΓåÆ 50 const alternate = await prisma.alternate.create(
The column `memoryEnabled` does not exist in the current database.[39m
{"level":"debug","time":"2026-09-16T10:01:31.616Z","pid":37800,"hostname":"DESKTOP-6F2E0JQ","query":"SELECT 1","duration":243,"msg":"prisma query"}
{"level":"debug","time":"2026-09-16T10:01:31.861Z","pid":37800,"hostname":"DESKTOP-6F2E0JQ","query":"BEGIN","duration":243,"msg":"prisma query"}
{"level":"debug","time":"2026-09-16T10:01:32.105Z","pid":37800,"hostname":"DESKTOP-6F2E0JQ","query":"DEALLOCATE ALL","duration":244,"msg":"prisma query"}
{"level":"debug","time":"2026-09-16T10:01:32.699Z","pid":37800,"hostname":"DESKTOP-6F2E0JQ","query":"DELETE FROM \"public\".\"training_sources\" WHERE EXISTS(SELECT \"t0\".\"id\" FROM \"public\".\"users\" AS \"t0\" WHERE (\"t0\".\"email\"::text LIKE $1 AND (\"public\".\"training_sources\".\"userId\") = (\"t0\".\"id\") AND \"t0\".\"id\" IS NOT NULL))","duration":593,"msg":"prisma query"}
{"level":"debug","time":"2026-09-16T10:01:32.946Z","pid":37800,"hostname":"DESKTOP-6F2E0JQ","query":"COMMIT","duration":247,"msg":"prisma query"}
{"level":"debug","time":"2026-09-16T10:01:33.193Z","pid":37800,"hostname":"DESKTOP-6F2E0JQ","query":"BEGIN","duration":245,"msg":"prisma query"}
{"level":"debug","time":"2026-09-16T10:01:33.437Z","pid":37800,"hostname":"DESKTOP-6F2E0JQ","query":"DEALLOCATE ALL","duration":243,"msg":"prisma query"}
{"level":"debug","time":"2026-09-16T10:01:33.925Z","pid":37800,"hostname":"DESKTOP-6F2E0JQ","query":"DELETE FROM \"public\".\"ai_provider_configs\" WHERE EXISTS(SELECT \"t0\".\"id\" FROM \"public\".\"users\" AS \"t0\" WHERE (\"t0\".\"email\"::text LIKE $1 AND (\"public\".\"ai_provider_configs\".\"userId\") = (\"t0\".\"id\") AND \"t0\".\"id\" IS NOT NULL))","duration":488,"msg":"prisma query"}
{"level":"debug","time":"2026-09-16T10:01:34.168Z","pid":37800,"hostname":"DESKTOP-6F2E0JQ","query":"COMMIT","duration":243,"msg":"prisma query"}
{"level":"debug","time":"2026-09-16T10:01:34.413Z","pid":37800,"hostname":"DESKTOP-6F2E0JQ","query":"BEGIN","duration":243,"msg":"prisma query"}
{"level":"debug","time":"2026-09-16T10:01:34.657Z","pid":37800,"hostname":"DESKTOP-6F2E0JQ","query":"DEALLOCATE ALL","duration":244,"msg":"prisma query"}
{"level":"debug","time":"2026-09-16T10:01:35.149Z","pid":37800,"hostname":"DESKTOP-6F2E0JQ","query":"DELETE FROM \"public\".\"voice_profiles\" WHERE EXISTS(SELECT \"t0\".\"id\" FROM \"public\".\"users\" AS \"t0\" WHERE (\"t0\".\"email\"::text LIKE $1 AND (\"public\".\"voice_profiles\".\"userId\") = (\"t0\".\"id\") AND \"t0\".\"id\" IS NOT NULL))","duration":490,"msg":"prisma query"}
{"level":"debug","time":"2026-09-16T10:01:35.391Z","pid":37800,"hostname":"DESKTOP-6F2E0JQ","query":"COMMIT","duration":242,"msg":"prisma query"}
{"level":"debug","time":"2026-09-16T10:01:35.637Z","pid":37800,"hostname":"DESKTOP-6F2E0JQ","query":"BEGIN","duration":244,"msg":"prisma query"}
{"level":"debug","time":"2026-09-16T10:01:35.880Z","pid":37800,"hostname":"DESKTOP-6F2E0JQ","query":"DEALLOCATE ALL","duration":243,"msg":"prisma query"}
{"level":"debug","time":"2026-09-16T10:01:36.369Z","pid":37800,"hostname":"DESKTOP-6F2E0JQ","query":"DELETE FROM \"public\".\"personas\" WHERE EXISTS(SELECT \"t0\".\"id\" FROM \"public\".\"users\" AS \"t0\" WHERE (\"t0\".\"email\"::text LIKE $1 AND (\"public\".\"personas\".\"userId\") = (\"t0\".\"id\") AND \"t0\".\"id\" IS NOT NULL))","duration":488,"msg":"prisma query"}
{"level":"debug","time":"2026-09-16T10:01:36.613Z","pid":37800,"hostname":"DESKTOP-6F2E0JQ","query":"COMMIT","duration":244,"msg":"prisma query"}
{"level":"debug","time":"2026-09-16T10:01:36.974Z","pid":37800,"hostname":"DESKTOP-6F2E0JQ","query":"BEGIN","duration":359,"msg":"prisma query"}
{"level":"debug","time":"2026-09-16T10:01:37.216Z","pid":37800,"hostname":"DESKTOP-6F2E0JQ","query":"DEALLOCATE ALL","duration":242,"msg":"prisma query"}
{"level":"debug","time":"2026-09-16T10:01:37.707Z","pid":37800,"hostname":"DESKTOP-6F2E0JQ","query":"DELETE FROM \"public\".\"onboardings\" WHERE EXISTS(SELECT \"t0\".\"id\" FROM \"public\".\"users\" AS \"t0\" WHERE (\"t0\".\"email\"::text LIKE $1 AND (\"public\".\"onboardings\".\"userId\") = (\"t0\".\"id\") AND \"t0\".\"id\" IS NOT NULL))","duration":490,"msg":"prisma query"}
{"level":"debug","time":"2026-09-16T10:01:37.951Z","pid":37800,"hostname":"DESKTOP-6F2E0JQ","query":"COMMIT","duration":244,"msg":"prisma query"}
{"level":"debug","time":"2026-09-16T10:01:38.200Z","pid":37800,"hostname":"DESKTOP-6F2E0JQ","query":"BEGIN","duration":247,"msg":"prisma query"}
{"level":"debug","time":"2026-09-16T10:01:38.445Z","pid":37800,"hostname":"DESKTOP-6F2E0JQ","query":"DEALLOCATE ALL","duration":244,"msg":"prisma query"}
{"level":"debug","time":"2026-09-16T10:01:38.937Z","pid":37800,"hostname":"DESKTOP-6F2E0JQ","query":"DELETE FROM \"public\".\"alternates\" WHERE EXISTS(SELECT \"t0\".\"id\" FROM \"public\".\"users\" AS \"t0\" WHERE (\"t0\".\"email\"::text LIKE $1 AND (\"public\".\"alternates\".\"userId\") = (\"t0\".\"id\") AND \"t0\".\"id\" IS NOT NULL))","duration":491,"msg":"prisma query"}
{"level":"debug","time":"2026-09-16T10:01:39.183Z","pid":37800,"hostname":"DESKTOP-6F2E0JQ","query":"COMMIT","duration":245,"msg":"prisma query"}
{"level":"debug","time":"2026-09-16T10:01:39.430Z","pid":37800,"hostname":"DESKTOP-6F2E0JQ","query":"BEGIN","duration":245,"msg":"prisma query"}
{"level":"debug","time":"2026-09-16T10:01:39.674Z","pid":37800,"hostname":"DESKTOP-6F2E0JQ","query":"DEALLOCATE ALL","duration":243,"msg":"prisma query"}
{"level":"debug","time":"2026-09-16T10:01:40.165Z","pid":37800,"hostname":"DESKTOP-6F2E0JQ","query":"DELETE FROM \"public\".\"users\" WHERE \"public\".\"users\".\"email\"::text LIKE $1","duration":490,"msg":"prisma query"}
{"level":"debug","time":"2026-09-16T10:01:40.409Z","pid":37800,"hostname":"DESKTOP-6F2E0JQ","query":"COMMIT","duration":243,"msg":"prisma query"}
{"level":"debug","time":"2026-09-16T10:01:40.653Z","pid":37800,"hostname":"DESKTOP-6F2E0JQ","query":"BEGIN","duration":242,"msg":"prisma query"}
{"level":"debug","time":"2026-09-16T10:01:40.900Z","pid":37800,"hostname":"DESKTOP-6F2E0JQ","query":"DEALLOCATE ALL","duration":247,"msg":"prisma query"}
{"level":"debug","time":"2026-09-16T10:01:41.403Z","pid":37800,"hostname":"DESKTOP-6F2E0JQ","query":"INSERT INTO \"public\".\"users\" (\"id\",\"username\",\"email\",\"role\",\"isMfaEnabled\",\"timezone\",\"language\",\"theme\",\"isActive\",\"createdAt\",\"updatedAt\") VALUES ($1,$2,$3,CAST($4::text AS \"public\".\"UserRole\"),$5,$6,$7,$8,$9,$10,$11) RETURNING \"public\".\"users\".\"id\", \"public\".\"users\".\"tenantId\", \"public\".\"users\".\"username\", \"public\".\"users\".\"email\", \"public\".\"users\".\"emailVerified\", \"public\".\"users\".\"name\", \"public\".\"users\".\"avatarUrl\", \"public\".\"users\".\"role\"::text, \"public\".\"users\".\"passwordHash\", \"public\".\"users\".\"isMfaEnabled\", \"public\".\"users\".\"mfaSecret\", \"public\".\"users\".\"bio\", \"public\".\"users\".\"timezone\", \"public\".\"users\".\"language\", \"public\".\"users\".\"theme\", \"public\".\"users\".\"lastLoginAt\", \"public\".\"users\".\"isActive\", \"public\".\"users\".\"deletedAt\", \"public\".\"users\".\"metadata\", \"public\".\"users\".\"createdAt\", \"public\".\"users\".\"updatedAt\"","duration":502,"msg":"prisma query"}
{"level":"debug","time":"2026-09-16T10:01:41.655Z","pid":37800,"hostname":"DESKTOP-6F2E0JQ","query":"COMMIT","duration":251,"msg":"prisma query"}
{"level":"debug","time":"2026-09-16T10:01:41.904Z","pid":37800,"hostname":"DESKTOP-6F2E0JQ","query":"BEGIN","duration":247,"msg":"prisma query"}
{"level":"debug","time":"2026-09-16T10:01:42.149Z","pid":37800,"hostname":"DESKTOP-6F2E0JQ","query":"DEALLOCATE ALL","duration":244,"msg":"prisma query"}
{"level":"debug","time":"2026-09-16T10:01:42.644Z","pid":37800,"hostname":"DESKTOP-6F2E0JQ","query":"SELECT \"public\".\"alternates\".\"id\" FROM \"public\".\"alternates\" WHERE (\"public\".\"alternates\".\"username\" = $1 AND \"public\".\"alternates\".\"deletedAt\" IS NULL) LIMIT $2 OFFSET $3","duration":493,"msg":"prisma query"}
{"level":"debug","time":"2026-09-16T10:01:42.886Z","pid":37800,"hostname":"DESKTOP-6F2E0JQ","query":"COMMIT","duration":242,"msg":"prisma query"}
{"level":"debug","time":"2026-09-16T10:01:43.135Z","pid":37800,"hostname":"DESKTOP-6F2E0JQ","query":"BEGIN","duration":247,"msg":"prisma query"}
{"level":"debug","time":"2026-09-16T10:01:43.378Z","pid":37800,"hostname":"DESKTOP-6F2E0JQ","query":"DEALLOCATE ALL","duration":243,"msg":"prisma query"}
{"level":"debug","time":"2026-09-16T10:01:43.622Z","pid":37800,"hostname":"DESKTOP-6F2E0JQ","query":"INSERT INTO \"public\".\"alternates\" (\"id\",\"userId\",\"username\",\"displayName\",\"visibility\",\"status\",\"memoryEnabled\",\"createdAt\",\"updatedAt\") VALUES ($1,$2,$3,$4,CAST($5::text AS \"public\".\"AlternateVisibility\"),CAST($6::text AS \"public\".\"AlternateStatus\"),$7,$8,$9) RETURNING \"public\".\"alternates\".\"id\", \"public\".\"alternates\".\"userId\", \"public\".\"alternates\".\"username\", \"public\".\"alternates\".\"displayName\", \"public\".\"alternates\".\"title\", \"public\".\"alternates\".\"bio\", \"public\".\"alternates\".\"avatarUrl\", \"public\".\"alternates\".\"visibility\"::text, \"public\".\"alternates\".\"status\"::text, \"public\".\"alternates\".\"personaPrompt\", \"public\".\"alternates\".\"modelId\", \"public\".\"alternates\".\"publishedAt\", \"public\".\"alternates\".\"memoryEnabled\", \"public\".\"alternates\".\"createdAt\", \"public\".\"alternates\".\"updatedAt\", \"public\".\"alternates\".\"deletedAt\"","duration":243,"msg":"prisma query"}
{"level":"debug","time":"2026-09-16T10:01:43.865Z","pid":37800,"hostname":"DESKTOP-6F2E0JQ","query":"ROLLBACK","duration":242,"msg":"prisma query"}
{"level":"error","time":"2026-09-16T10:01:43.867Z","pid":37800,"hostname":"DESKTOP-6F2E0JQ","message":"\nInvalid `prisma.alternate.create()` invocation in\nC:\\Users\\User\\Alternate me\\backend\\src\\onboarding\\onboarding.service.ts:50:46\n\n  47   throw new ConflictError('Username is already taken');\n  48 }\n  49 \nΓåÆ 50 const alternate = await prisma.alternate.create(\nThe column `memoryEnabled` does not exist in the current database.","target":"alternate.create","timestamp":"2026-09-16T10:01:43.867Z","msg":"prisma error"}
 [31m├ù[39m utils/__tests__/alternates.test.ts[2m > [22mAlternates Module[2m > [22mOnboarding[2m > [22mshould resume onboarding with state[33m 12495[2mms[22m[39m
[31m   ΓåÆ 
Invalid `prisma.alternate.create()` invocation in
C:\Users\User\Alternate me\backend\src\onboarding\onboarding.service.ts:50:46

  47   throw new ConflictError('Username is already taken');
  48 }
  49 
ΓåÆ 50 const alternate = await prisma.alternate.create(
The column `memoryEnabled` does not exist in the current database.[39m
{"level":"debug","time":"2026-09-16T10:01:44.116Z","pid":37800,"hostname":"DESKTOP-6F2E0JQ","query":"BEGIN","duration":247,"msg":"prisma query"}
{"level":"debug","time":"2026-09-16T10:01:44.362Z","pid":37800,"hostname":"DESKTOP-6F2E0JQ","query":"DEALLOCATE ALL","duration":246,"msg":"prisma query"}
{"level":"debug","time":"2026-09-16T10:01:44.851Z","pid":37800,"hostname":"DESKTOP-6F2E0JQ","query":"DELETE FROM \"public\".\"training_sources\" WHERE EXISTS(SELECT \"t0\".\"id\" FROM \"public\".\"users\" AS \"t0\" WHERE (\"t0\".\"email\"::text LIKE $1 AND (\"public\".\"training_sources\".\"userId\") = (\"t0\".\"id\") AND \"t0\".\"id\" IS NOT NULL))","duration":487,"msg":"prisma query"}
{"level":"debug","time":"2026-09-16T10:01:45.101Z","pid":37800,"hostname":"DESKTOP-6F2E0JQ","query":"COMMIT","duration":250,"msg":"prisma query"}
{"level":"debug","time":"2026-09-16T10:01:45.345Z","pid":37800,"hostname":"DESKTOP-6F2E0JQ","query":"BEGIN","duration":243,"msg":"prisma query"}
{"level":"debug","time":"2026-09-16T10:01:45.590Z","pid":37800,"hostname":"DESKTOP-6F2E0JQ","query":"DEALLOCATE ALL","duration":245,"msg":"prisma query"}
{"level":"debug","time":"2026-09-16T10:01:46.080Z","pid":37800,"hostname":"DESKTOP-6F2E0JQ","query":"DELETE FROM \"public\".\"ai_provider_configs\" WHERE EXISTS(SELECT \"t0\".\"id\" FROM \"public\".\"users\" AS \"t0\" WHERE (\"t0\".\"email\"::text LIKE $1 AND (\"public\".\"ai_provider_configs\".\"userId\") = (\"t0\".\"id\") AND \"t0\".\"id\" IS NOT NULL))","duration":489,"msg":"prisma query"}
{"level":"debug","time":"2026-09-16T10:01:46.330Z","pid":37800,"hostname":"DESKTOP-6F2E0JQ","query":"COMMIT","duration":249,"msg":"prisma query"}
{"level":"debug","time":"2026-09-16T10:01:46.574Z","pid":37800,"hostname":"DESKTOP-6F2E0JQ","query":"BEGIN","duration":242,"msg":"prisma query"}
{"level":"debug","time":"2026-09-16T10:01:46.820Z","pid":37800,"hostname":"DESKTOP-6F2E0JQ","query":"DEALLOCATE ALL","duration":245,"msg":"prisma query"}
{"level":"debug","time":"2026-09-16T10:01:47.305Z","pid":37800,"hostname":"DESKTOP-6F2E0JQ","query":"DELETE FROM \"public\".\"voice_profiles\" WHERE EXISTS(SELECT \"t0\".\"id\" FROM \"public\".\"users\" AS \"t0\" WHERE (\"t0\".\"email\"::text LIKE $1 AND (\"public\".\"voice_profiles\".\"userId\") = (\"t0\".\"id\") AND \"t0\".\"id\" IS NOT NULL))","duration":485,"msg":"prisma query"}
{"level":"debug","time":"2026-09-16T10:01:47.549Z","pid":37800,"hostname":"DESKTOP-6F2E0JQ","query":"COMMIT","duration":243,"msg":"prisma query"}
{"level":"debug","time":"2026-09-16T10:01:47.792Z","pid":37800,"hostname":"DESKTOP-6F2E0JQ","query":"SELECT 1","duration":242,"msg":"prisma query"}
{"level":"debug","time":"2026-09-16T10:01:48.041Z","pid":37800,"hostname":"DESKTOP-6F2E0JQ","query":"BEGIN","duration":244,"msg":"prisma query"}
{"level":"debug","time":"2026-09-16T10:01:48.301Z","pid":37800,"hostname":"DESKTOP-6F2E0JQ","query":"DEALLOCATE ALL","duration":262,"msg":"prisma query"}
{"level":"debug","time":"2026-09-16T10:01:48.798Z","pid":37800,"hostname":"DESKTOP-6F2E0JQ","query":"DELETE FROM \"public\".\"personas\" WHERE EXISTS(SELECT \"t0\".\"id\" FROM \"public\".\"users\" AS \"t0\" WHERE (\"t0\".\"email\"::text LIKE $1 AND (\"public\".\"personas\".\"userId\") = (\"t0\".\"id\") AND \"t0\".\"id\" IS NOT NULL))","duration":496,"msg":"prisma query"}
{"level":"debug","time":"2026-09-16T10:01:49.045Z","pid":37800,"hostname":"DESKTOP-6F2E0JQ","query":"COMMIT","duration":246,"msg":"prisma query"}
{"level":"debug","time":"2026-09-16T10:01:49.288Z","pid":37800,"hostname":"DESKTOP-6F2E0JQ","query":"BEGIN","duration":242,"msg":"prisma query"}
{"level":"debug","time":"2026-09-16T10:01:49.531Z","pid":37800,"hostname":"DESKTOP-6F2E0JQ","query":"DEALLOCATE ALL","duration":242,"msg":"prisma query"}
{"level":"debug","time":"2026-09-16T10:01:50.018Z","pid":37800,"hostname":"DESKTOP-6F2E0JQ","query":"DELETE FROM \"public\".\"onboardings\" WHERE EXISTS(SELECT \"t0\".\"id\" FROM \"public\".\"users\" AS \"t0\" WHERE (\"t0\".\"email\"::text LIKE $1 AND (\"public\".\"onboardings\".\"userId\") = (\"t0\".\"id\") AND \"t0\".\"id\" IS NOT NULL))","duration":487,"msg":"prisma query"}
{"level":"debug","time":"2026-09-16T10:01:50.261Z","pid":37800,"hostname":"DESKTOP-6F2E0JQ","query":"COMMIT","duration":242,"msg":"prisma query"}
{"level":"debug","time":"2026-09-16T10:01:50.509Z","pid":37800,"hostname":"DESKTOP-6F2E0JQ","query":"BEGIN","duration":245,"msg":"prisma query"}
{"level":"debug","time":"2026-09-16T10:01:50.783Z","pid":37800,"hostname":"DESKTOP-6F2E0JQ","query":"DEALLOCATE ALL","duration":274,"msg":"prisma query"}
{"level":"debug","time":"2026-09-16T10:01:51.406Z","pid":37800,"hostname":"DESKTOP-6F2E0JQ","query":"DELETE FROM \"public\".\"alternates\" WHERE EXISTS(SELECT \"t0\".\"id\" FROM \"public\".\"users\" AS \"t0\" WHERE (\"t0\".\"email\"::text LIKE $1 AND (\"public\".\"alternates\".\"userId\") = (\"t0\".\"id\") AND \"t0\".\"id\" IS NOT NULL))","duration":622,"msg":"prisma query"}
{"level":"debug","time":"2026-09-16T10:01:51.801Z","pid":37800,"hostname":"DESKTOP-6F2E0JQ","query":"COMMIT","duration":394,"msg":"prisma query"}
{"level":"debug","time":"2026-09-16T10:01:52.058Z","pid":37800,"hostname":"DESKTOP-6F2E0JQ","query":"BEGIN","duration":255,"msg":"prisma query"}
{"level":"debug","time":"2026-09-16T10:01:52.337Z","pid":37800,"hostname":"DESKTOP-6F2E0JQ","query":"DEALLOCATE ALL","duration":279,"msg":"prisma query"}
{"level":"debug","time":"2026-09-16T10:01:53.036Z","pid":37800,"hostname":"DESKTOP-6F2E0JQ","query":"DELETE FROM \"public\".\"users\" WHERE \"public\".\"users\".\"email\"::text LIKE $1","duration":699,"msg":"prisma query"}
{"level":"debug","time":"2026-09-16T10:01:53.281Z","pid":37800,"hostname":"DESKTOP-6F2E0JQ","query":"COMMIT","duration":244,"msg":"prisma query"}
{"level":"debug","time":"2026-09-16T10:01:53.525Z","pid":37800,"hostname":"DESKTOP-6F2E0JQ","query":"BEGIN","duration":242,"msg":"prisma query"}
{"level":"debug","time":"2026-09-16T10:01:53.795Z","pid":37800,"hostname":"DESKTOP-6F2E0JQ","query":"DEALLOCATE ALL","duration":270,"msg":"prisma query"}
{"level":"debug","time":"2026-09-16T10:01:54.284Z","pid":37800,"hostname":"DESKTOP-6F2E0JQ","query":"INSERT INTO \"public\".\"users\" (\"id\",\"username\",\"email\",\"role\",\"isMfaEnabled\",\"timezone\",\"language\",\"theme\",\"isActive\",\"createdAt\",\"updatedAt\") VALUES ($1,$2,$3,CAST($4::text AS \"public\".\"UserRole\"),$5,$6,$7,$8,$9,$10,$11) RETURNING \"public\".\"users\".\"id\", \"public\".\"users\".\"tenantId\", \"public\".\"users\".\"username\", \"public\".\"users\".\"email\", \"public\".\"users\".\"emailVerified\", \"public\".\"users\".\"name\", \"public\".\"users\".\"avatarUrl\", \"public\".\"users\".\"role\"::text, \"public\".\"users\".\"passwordHash\", \"public\".\"users\".\"isMfaEnabled\", \"public\".\"users\".\"mfaSecret\", \"public\".\"users\".\"bio\", \"public\".\"users\".\"timezone\", \"public\".\"users\".\"language\", \"public\".\"users\".\"theme\", \"public\".\"users\".\"lastLoginAt\", \"public\".\"users\".\"isActive\", \"public\".\"users\".\"deletedAt\", \"public\".\"users\".\"metadata\", \"public\".\"users\".\"createdAt\", \"public\".\"users\".\"updatedAt\"","duration":487,"msg":"prisma query"}
{"level":"debug","time":"2026-09-16T10:01:54.529Z","pid":37800,"hostname":"DESKTOP-6F2E0JQ","query":"COMMIT","duration":245,"msg":"prisma query"}
{"level":"debug","time":"2026-09-16T10:01:54.778Z","pid":37800,"hostname":"DESKTOP-6F2E0JQ","query":"BEGIN","duration":248,"msg":"prisma query"}
{"level":"debug","time":"2026-09-16T10:01:55.036Z","pid":37800,"hostname":"DESKTOP-6F2E0JQ","query":"DEALLOCATE ALL","duration":258,"msg":"prisma query"}
{"level":"debug","time":"2026-09-16T10:01:55.541Z","pid":37800,"hostname":"DESKTOP-6F2E0JQ","query":"SELECT \"public\".\"alternates\".\"id\" FROM \"public\".\"alternates\" WHERE (\"public\".\"alternates\".\"username\" = $1 AND \"public\".\"alternates\".\"deletedAt\" IS NULL) LIMIT $2 OFFSET $3","duration":504,"msg":"prisma query"}
{"level":"debug","time":"2026-09-16T10:01:55.791Z","pid":37800,"hostname":"DESKTOP-6F2E0JQ","query":"COMMIT","duration":249,"msg":"prisma query"}
{"level":"debug","time":"2026-09-16T10:01:56.038Z","pid":37800,"hostname":"DESKTOP-6F2E0JQ","query":"BEGIN","duration":245,"msg":"prisma query"}
{"level":"debug","time":"2026-09-16T10:01:56.286Z","pid":37800,"hostname":"DESKTOP-6F2E0JQ","query":"DEALLOCATE ALL","duration":247,"msg":"prisma query"}
{"level":"debug","time":"2026-09-16T10:01:56.530Z","pid":37800,"hostname":"DESKTOP-6F2E0JQ","query":"INSERT INTO \"public\".\"alternates\" (\"id\",\"userId\",\"username\",\"displayName\",\"visibility\",\"status\",\"memoryEnabled\",\"createdAt\",\"updatedAt\") VALUES ($1,$2,$3,$4,CAST($5::text AS \"public\".\"AlternateVisibility\"),CAST($6::text AS \"public\".\"AlternateStatus\"),$7,$8,$9) RETURNING \"public\".\"alternates\".\"id\", \"public\".\"alternates\".\"userId\", \"public\".\"alternates\".\"username\", \"public\".\"alternates\".\"displayName\", \"public\".\"alternates\".\"title\", \"public\".\"alternates\".\"bio\", \"public\".\"alternates\".\"avatarUrl\", \"public\".\"alternates\".\"visibility\"::text, \"public\".\"alternates\".\"status\"::text, \"public\".\"alternates\".\"personaPrompt\", \"public\".\"alternates\".\"modelId\", \"public\".\"alternates\".\"publishedAt\", \"public\".\"alternates\".\"memoryEnabled\", \"public\".\"alternates\".\"createdAt\", \"public\".\"alternates\".\"updatedAt\", \"public\".\"alternates\".\"deletedAt\"","duration":243,"msg":"prisma query"}
{"level":"debug","time":"2026-09-16T10:01:56.775Z","pid":37800,"hostname":"DESKTOP-6F2E0JQ","query":"ROLLBACK","duration":245,"msg":"prisma query"}
{"level":"error","time":"2026-09-16T10:01:56.776Z","pid":37800,"hostname":"DESKTOP-6F2E0JQ","message":"\nInvalid `prisma.alternate.create()` invocation in\nC:\\Users\\User\\Alternate me\\backend\\src\\onboarding\\onboarding.service.ts:50:46\n\n  47   throw new ConflictError('Username is already taken');\n  48 }\n  49 \nΓåÆ 50 const alternate = await prisma.alternate.create(\nThe column `memoryEnabled` does not exist in the current database.","target":"alternate.create","timestamp":"2026-09-16T10:01:56.776Z","msg":"prisma error"}
 [31m├ù[39m utils/__tests__/alternates.test.ts[2m > [22mAlternates Module[2m > [22mOnboarding[2m > [22mshould save personal info and advance step[33m 12910[2mms[22m[39m
[31m   ΓåÆ 
Invalid `prisma.alternate.create()` invocation in
C:\Users\User\Alternate me\backend\src\onboarding\onboarding.service.ts:50:46

  47   throw new ConflictError('Username is already taken');
  48 }
  49 
ΓåÆ 50 const alternate = await prisma.alternate.create(
The column `memoryEnabled` does not exist in the current database.[39m
{"level":"debug","time":"2026-09-16T10:01:57.025Z","pid":37800,"hostname":"DESKTOP-6F2E0JQ","query":"BEGIN","duration":246,"msg":"prisma query"}
{"level":"debug","time":"2026-09-16T10:01:57.284Z","pid":37800,"hostname":"DESKTOP-6F2E0JQ","query":"DEALLOCATE ALL","duration":259,"msg":"prisma query"}
{"level":"debug","time":"2026-09-16T10:01:57.793Z","pid":37800,"hostname":"DESKTOP-6F2E0JQ","query":"DELETE FROM \"public\".\"training_sources\" WHERE EXISTS(SELECT \"t0\".\"id\" FROM \"public\".\"users\" AS \"t0\" WHERE (\"t0\".\"email\"::text LIKE $1 AND (\"public\".\"training_sources\".\"userId\") = (\"t0\".\"id\") AND \"t0\".\"id\" IS NOT NULL))","duration":508,"msg":"prisma query"}
{"level":"debug","time":"2026-09-16T10:01:58.044Z","pid":37800,"hostname":"DESKTOP-6F2E0JQ","query":"COMMIT","duration":251,"msg":"prisma query"}
{"level":"debug","time":"2026-09-16T10:01:58.294Z","pid":37800,"hostname":"DESKTOP-6F2E0JQ","query":"BEGIN","duration":248,"msg":"prisma query"}
{"level":"debug","time":"2026-09-16T10:01:58.631Z","pid":37800,"hostname":"DESKTOP-6F2E0JQ","query":"DEALLOCATE ALL","duration":324,"msg":"prisma query"}
{"level":"debug","time":"2026-09-16T10:01:59.130Z","pid":37800,"hostname":"DESKTOP-6F2E0JQ","query":"DELETE FROM \"public\".\"ai_provider_configs\" WHERE EXISTS(SELECT \"t0\".\"id\" FROM \"public\".\"users\" AS \"t0\" WHERE (\"t0\".\"email\"::text LIKE $1 AND (\"public\".\"ai_provider_configs\".\"userId\") = (\"t0\".\"id\") AND \"t0\".\"id\" IS NOT NULL))","duration":511,"msg":"prisma query"}
{"level":"debug","time":"2026-09-16T10:01:59.622Z","pid":37800,"hostname":"DESKTOP-6F2E0JQ","query":"COMMIT","duration":471,"msg":"prisma query"}
{"level":"debug","time":"2026-09-16T10:01:59.879Z","pid":37800,"hostname":"DESKTOP-6F2E0JQ","query":"BEGIN","duration":251,"msg":"prisma query"}
{"level":"debug","time":"2026-09-16T10:02:00.120Z","pid":37800,"hostname":"DESKTOP-6F2E0JQ","query":"DEALLOCATE ALL","duration":242,"msg":"prisma query"}
{"level":"debug","time":"2026-09-16T10:02:00.616Z","pid":37800,"hostname":"DESKTOP-6F2E0JQ","query":"DELETE FROM \"public\".\"voice_profiles\" WHERE EXISTS(SELECT \"t0\".\"id\" FROM \"public\".\"users\" AS \"t0\" WHERE (\"t0\".\"email\"::text LIKE $1 AND (\"public\".\"voice_profiles\".\"userId\") = (\"t0\".\"id\") AND \"t0\".\"id\" IS NOT NULL))","duration":495,"msg":"prisma query"}
{"level":"debug","time":"2026-09-16T10:02:00.866Z","pid":37800,"hostname":"DESKTOP-6F2E0JQ","query":"COMMIT","duration":250,"msg":"prisma query"}
{"level":"debug","time":"2026-09-16T10:02:01.119Z","pid":37800,"hostname":"DESKTOP-6F2E0JQ","query":"BEGIN","duration":250,"msg":"prisma query"}
{"level":"debug","time":"2026-09-16T10:02:01.368Z","pid":37800,"hostname":"DESKTOP-6F2E0JQ","query":"DEALLOCATE ALL","duration":245,"msg":"prisma query"}
{"level":"debug","time":"2026-09-16T10:02:01.852Z","pid":37800,"hostname":"DESKTOP-6F2E0JQ","query":"DELETE FROM \"public\".\"personas\" WHERE EXISTS(SELECT \"t0\".\"id\" FROM \"public\".\"users\" AS \"t0\" WHERE (\"t0\".\"email\"::text LIKE $1 AND (\"public\".\"personas\".\"userId\") = (\"t0\".\"id\") AND \"t0\".\"id\" IS NOT NULL))","duration":488,"msg":"prisma query"}
{"level":"debug","time":"2026-09-16T10:02:02.094Z","pid":37800,"hostname":"DESKTOP-6F2E0JQ","query":"COMMIT","duration":241,"msg":"prisma query"}
{"level":"debug","time":"2026-09-16T10:02:02.342Z","pid":37800,"hostname":"DESKTOP-6F2E0JQ","query":"BEGIN","duration":244,"msg":"prisma query"}
{"level":"debug","time":"2026-09-16T10:02:02.588Z","pid":37800,"hostname":"DESKTOP-6F2E0JQ","query":"DEALLOCATE ALL","duration":245,"msg":"prisma query"}
{"level":"debug","time":"2026-09-16T10:02:03.076Z","pid":37800,"hostname":"DESKTOP-6F2E0JQ","query":"DELETE FROM \"public\".\"onboardings\" WHERE EXISTS(SELECT \"t0\".\"id\" FROM \"public\".\"users\" AS \"t0\" WHERE (\"t0\".\"email\"::text LIKE $1 AND (\"public\".\"onboardings\".\"userId\") = (\"t0\".\"id\") AND \"t0\".\"id\" IS NOT NULL))","duration":487,"msg":"prisma query"}
{"level":"debug","time":"2026-09-16T10:02:03.318Z","pid":37800,"hostname":"DESKTOP-6F2E0JQ","query":"COMMIT","duration":242,"msg":"prisma query"}
{"level":"debug","time":"2026-09-16T10:02:03.561Z","pid":37800,"hostname":"DESKTOP-6F2E0JQ","query":"SELECT 1","duration":242,"msg":"prisma query"}
{"level":"debug","time":"2026-09-16T10:02:03.804Z","pid":37800,"hostname":"DESKTOP-6F2E0JQ","query":"BEGIN","duration":241,"msg":"prisma query"}
{"level":"debug","time":"2026-09-16T10:02:04.048Z","pid":37800,"hostname":"DESKTOP-6F2E0JQ","query":"DEALLOCATE ALL","duration":244,"msg":"prisma query"}
{"level":"debug","time":"2026-09-16T10:02:04.540Z","pid":37800,"hostname":"DESKTOP-6F2E0JQ","query":"DELETE FROM \"public\".\"alternates\" WHERE EXISTS(SELECT \"t0\".\"id\" FROM \"public\".\"users\" AS \"t0\" WHERE (\"t0\".\"email\"::text LIKE $1 AND (\"public\".\"alternates\".\"userId\") = (\"t0\".\"id\") AND \"t0\".\"id\" IS NOT NULL))","duration":490,"msg":"prisma query"}
{"level":"debug","time":"2026-09-16T10:02:04.783Z","pid":37800,"hostname":"DESKTOP-6F2E0JQ","query":"COMMIT","duration":243,"msg":"prisma query"}
{"level":"debug","time":"2026-09-16T10:02:05.034Z","pid":37800,"hostname":"DESKTOP-6F2E0JQ","query":"BEGIN","duration":248,"msg":"prisma query"}
{"level":"debug","time":"2026-09-16T10:02:05.276Z","pid":37800,"hostname":"DESKTOP-6F2E0JQ","query":"DEALLOCATE ALL","duration":243,"msg":"prisma query"}
{"level":"debug","time":"2026-09-16T10:02:05.768Z","pid":37800,"hostname":"DESKTOP-6F2E0JQ","query":"DELETE FROM \"public\".\"users\" WHERE \"public\".\"users\".\"email\"::text LIKE $1","duration":491,"msg":"prisma query"}
{"level":"debug","time":"2026-09-16T10:02:06.011Z","pid":37800,"hostname":"DESKTOP-6F2E0JQ","query":"COMMIT","duration":243,"msg":"prisma query"}
{"level":"debug","time":"2026-09-16T10:02:06.255Z","pid":37800,"hostname":"DESKTOP-6F2E0JQ","query":"BEGIN","duration":241,"msg":"prisma query"}
{"level":"debug","time":"2026-09-16T10:02:06.503Z","pid":37800,"hostname":"DESKTOP-6F2E0JQ","query":"DEALLOCATE ALL","duration":248,"msg":"prisma query"}
{"level":"debug","time":"2026-09-16T10:02:07.003Z","pid":37800,"hostname":"DESKTOP-6F2E0JQ","query":"INSERT INTO \"public\".\"users\" (\"id\",\"username\",\"email\",\"role\",\"isMfaEnabled\",\"timezone\",\"language\",\"theme\",\"isActive\",\"createdAt\",\"updatedAt\") VALUES ($1,$2,$3,CAST($4::text AS \"public\".\"UserRole\"),$5,$6,$7,$8,$9,$10,$11) RETURNING \"public\".\"users\".\"id\", \"public\".\"users\".\"tenantId\", \"public\".\"users\".\"username\", \"public\".\"users\".\"email\", \"public\".\"users\".\"emailVerified\", \"public\".\"users\".\"name\", \"public\".\"users\".\"avatarUrl\", \"public\".\"users\".\"role\"::text, \"public\".\"users\".\"passwordHash\", \"public\".\"users\".\"isMfaEnabled\", \"public\".\"users\".\"mfaSecret\", \"public\".\"users\".\"bio\", \"public\".\"users\".\"timezone\", \"public\".\"users\".\"language\", \"public\".\"users\".\"theme\", \"public\".\"users\".\"lastLoginAt\", \"public\".\"users\".\"isActive\", \"public\".\"users\".\"deletedAt\", \"public\".\"users\".\"metadata\", \"public\".\"users\".\"createdAt\", \"public\".\"users\".\"updatedAt\"","duration":499,"msg":"prisma query"}
{"level":"debug","time":"2026-09-16T10:02:07.248Z","pid":37800,"hostname":"DESKTOP-6F2E0JQ","query":"COMMIT","duration":244,"msg":"prisma query"}
{"level":"debug","time":"2026-09-16T10:02:07.492Z","pid":37800,"hostname":"DESKTOP-6F2E0JQ","query":"BEGIN","duration":242,"msg":"prisma query"}
{"level":"debug","time":"2026-09-16T10:02:07.736Z","pid":37800,"hostname":"DESKTOP-6F2E0JQ","query":"DEALLOCATE ALL","duration":243,"msg":"prisma query"}
{"level":"debug","time":"2026-09-16T10:02:08.229Z","pid":37800,"hostname":"DESKTOP-6F2E0JQ","query":"SELECT \"public\".\"alternates\".\"id\" FROM \"public\".\"alternates\" WHERE (\"public\".\"alternates\".\"username\" = $1 AND \"public\".\"alternates\".\"deletedAt\" IS NULL) LIMIT $2 OFFSET $3","duration":492,"msg":"prisma query"}
{"level":"debug","time":"2026-09-16T10:02:08.475Z","pid":37800,"hostname":"DESKTOP-6F2E0JQ","query":"COMMIT","duration":245,"msg":"prisma query"}
{"level":"debug","time":"2026-09-16T10:02:08.726Z","pid":37800,"hostname":"DESKTOP-6F2E0JQ","query":"BEGIN","duration":250,"msg":"prisma query"}
{"level":"debug","time":"2026-09-16T10:02:08.969Z","pid":37800,"hostname":"DESKTOP-6F2E0JQ","query":"DEALLOCATE ALL","duration":242,"msg":"prisma query"}
{"level":"debug","time":"2026-09-16T10:02:09.226Z","pid":37800,"hostname":"DESKTOP-6F2E0JQ","query":"INSERT INTO \"public\".\"alternates\" (\"id\",\"userId\",\"username\",\"displayName\",\"visibility\",\"status\",\"memoryEnabled\",\"createdAt\",\"updatedAt\") VALUES ($1,$2,$3,$4,CAST($5::text AS \"public\".\"AlternateVisibility\"),CAST($6::text AS \"public\".\"AlternateStatus\"),$7,$8,$9) RETURNING \"public\".\"alternates\".\"id\", \"public\".\"alternates\".\"userId\", \"public\".\"alternates\".\"username\", \"public\".\"alternates\".\"displayName\", \"public\".\"alternates\".\"title\", \"public\".\"alternates\".\"bio\", \"public\".\"alternates\".\"avatarUrl\", \"public\".\"alternates\".\"visibility\"::text, \"public\".\"alternates\".\"status\"::text, \"public\".\"alternates\".\"personaPrompt\", \"public\".\"alternates\".\"modelId\", \"public\".\"alternates\".\"publishedAt\", \"public\".\"alternates\".\"memoryEnabled\", \"public\".\"alternates\".\"createdAt\", \"public\".\"alternates\".\"updatedAt\", \"public\".\"alternates\".\"deletedAt\"","duration":256,"msg":"prisma query"}
{"level":"debug","time":"2026-09-16T10:02:09.469Z","pid":37800,"hostname":"DESKTOP-6F2E0JQ","query":"ROLLBACK","duration":242,"msg":"prisma query"}
{"level":"error","time":"2026-09-16T10:02:09.471Z","pid":37800,"hostname":"DESKTOP-6F2E0JQ","message":"\nInvalid `prisma.alternate.create()` invocation in\nC:\\Users\\User\\Alternate me\\backend\\src\\onboarding\\onboarding.service.ts:50:46\n\n  47   throw new ConflictError('Username is already taken');\n  48 }\n  49 \nΓåÆ 50 const alternate = await prisma.alternate.create(\nThe column `memoryEnabled` does not exist in the current database.","target":"alternate.create","timestamp":"2026-09-16T10:02:09.471Z","msg":"prisma error"}
 [31m├ù[39m utils/__tests__/alternates.test.ts[2m > [22mAlternates Module[2m > [22mOnboarding[2m > [22mshould save persona and advance to VOICE[33m 12694[2mms[22m[39m
[31m   ΓåÆ 
Invalid `prisma.alternate.create()` invocation in
C:\Users\User\Alternate me\backend\src\onboarding\onboarding.service.ts:50:46

  47   throw new ConflictError('Username is already taken');
  48 }
  49 
ΓåÆ 50 const alternate = await prisma.alternate.create(
The column `memoryEnabled` does not exist in the current database.[39m
{"level":"debug","time":"2026-09-16T10:02:09.718Z","pid":37800,"hostname":"DESKTOP-6F2E0JQ","query":"BEGIN","duration":245,"msg":"prisma query"}
{"level":"debug","time":"2026-09-16T10:02:09.961Z","pid":37800,"hostname":"DESKTOP-6F2E0JQ","query":"DEALLOCATE ALL","duration":243,"msg":"prisma query"}
{"level":"debug","time":"2026-09-16T10:02:10.451Z","pid":37800,"hostname":"DESKTOP-6F2E0JQ","query":"DELETE FROM \"public\".\"training_sources\" WHERE EXISTS(SELECT \"t0\".\"id\" FROM \"public\".\"users\" AS \"t0\" WHERE (\"t0\".\"email\"::text LIKE $1 AND (\"public\".\"training_sources\".\"userId\") = (\"t0\".\"id\") AND \"t0\".\"id\" IS NOT NULL))","duration":489,"msg":"prisma query"}
{"level":"debug","time":"2026-09-16T10:02:10.695Z","pid":37800,"hostname":"DESKTOP-6F2E0JQ","query":"COMMIT","duration":243,"msg":"prisma query"}
{"level":"debug","time":"2026-09-16T10:02:10.943Z","pid":37800,"hostname":"DESKTOP-6F2E0JQ","query":"BEGIN","duration":245,"msg":"prisma query"}
{"level":"debug","time":"2026-09-16T10:02:11.191Z","pid":37800,"hostname":"DESKTOP-6F2E0JQ","query":"DEALLOCATE ALL","duration":248,"msg":"prisma query"}
{"level":"debug","time":"2026-09-16T10:02:11.676Z","pid":37800,"hostname":"DESKTOP-6F2E0JQ","query":"DELETE FROM \"public\".\"ai_provider_configs\" WHERE EXISTS(SELECT \"t0\".\"id\" FROM \"public\".\"users\" AS \"t0\" WHERE (\"t0\".\"email\"::text LIKE $1 AND (\"public\".\"ai_provider_configs\".\"userId\") = (\"t0\".\"id\") AND \"t0\".\"id\" IS NOT NULL))","duration":485,"msg":"prisma query"}
{"level":"debug","time":"2026-09-16T10:02:11.920Z","pid":37800,"hostname":"DESKTOP-6F2E0JQ","query":"COMMIT","duration":243,"msg":"prisma query"}
{"level":"debug","time":"2026-09-16T10:02:12.164Z","pid":37800,"hostname":"DESKTOP-6F2E0JQ","query":"BEGIN","duration":242,"msg":"prisma query"}
{"level":"debug","time":"2026-09-16T10:02:12.408Z","pid":37800,"hostname":"DESKTOP-6F2E0JQ","query":"DEALLOCATE ALL","duration":244,"msg":"prisma query"}
{"level":"debug","time":"2026-09-16T10:02:12.895Z","pid":37800,"hostname":"DESKTOP-6F2E0JQ","query":"DELETE FROM \"public\".\"voice_profiles\" WHERE EXISTS(SELECT \"t0\".\"id\" FROM \"public\".\"users\" AS \"t0\" WHERE (\"t0\".\"email\"::text LIKE $1 AND (\"public\".\"voice_profiles\".\"userId\") = (\"t0\".\"id\") AND \"t0\".\"id\" IS NOT NULL))","duration":486,"msg":"prisma query"}
{"level":"debug","time":"2026-09-16T10:02:13.137Z","pid":37800,"hostname":"DESKTOP-6F2E0JQ","query":"COMMIT","duration":242,"msg":"prisma query"}
{"level":"debug","time":"2026-09-16T10:02:13.383Z","pid":37800,"hostname":"DESKTOP-6F2E0JQ","query":"BEGIN","duration":243,"msg":"prisma query"}
{"level":"debug","time":"2026-09-16T10:02:13.626Z","pid":37800,"hostname":"DESKTOP-6F2E0JQ","query":"DEALLOCATE ALL","duration":243,"msg":"prisma query"}
{"level":"debug","time":"2026-09-16T10:02:14.114Z","pid":37800,"hostname":"DESKTOP-6F2E0JQ","query":"DELETE FROM \"public\".\"personas\" WHERE EXISTS(SELECT \"t0\".\"id\" FROM \"public\".\"users\" AS \"t0\" WHERE (\"t0\".\"email\"::text LIKE $1 AND (\"public\".\"personas\".\"userId\") = (\"t0\".\"id\") AND \"t0\".\"id\" IS NOT NULL))","duration":486,"msg":"prisma query"}
{"level":"debug","time":"2026-09-16T10:02:14.359Z","pid":37800,"hostname":"DESKTOP-6F2E0JQ","query":"COMMIT","duration":245,"msg":"prisma query"}
{"level":"debug","time":"2026-09-16T10:02:14.603Z","pid":37800,"hostname":"DESKTOP-6F2E0JQ","query":"BEGIN","duration":242,"msg":"prisma query"}
{"level":"debug","time":"2026-09-16T10:02:14.847Z","pid":37800,"hostname":"DESKTOP-6F2E0JQ","query":"DEALLOCATE ALL","duration":243,"msg":"prisma query"}
{"level":"debug","time":"2026-09-16T10:02:15.345Z","pid":37800,"hostname":"DESKTOP-6F2E0JQ","query":"DELETE FROM \"public\".\"onboardings\" WHERE EXISTS(SELECT \"t0\".\"id\" FROM \"public\".\"users\" AS \"t0\" WHERE (\"t0\".\"email\"::text LIKE $1 AND (\"public\".\"onboardings\".\"userId\") = (\"t0\".\"id\") AND \"t0\".\"id\" IS NOT NULL))","duration":498,"msg":"prisma query"}
{"level":"debug","time":"2026-09-16T10:02:15.588Z","pid":37800,"hostname":"DESKTOP-6F2E0JQ","query":"COMMIT","duration":243,"msg":"prisma query"}
{"level":"debug","time":"2026-09-16T10:02:15.834Z","pid":37800,"hostname":"DESKTOP-6F2E0JQ","query":"BEGIN","duration":244,"msg":"prisma query"}
{"level":"debug","time":"2026-09-16T10:02:16.078Z","pid":37800,"hostname":"DESKTOP-6F2E0JQ","query":"DEALLOCATE ALL","duration":243,"msg":"prisma query"}
{"level":"debug","time":"2026-09-16T10:02:16.565Z","pid":37800,"hostname":"DESKTOP-6F2E0JQ","query":"DELETE FROM \"public\".\"alternates\" WHERE EXISTS(SELECT \"t0\".\"id\" FROM \"public\".\"users\" AS \"t0\" WHERE (\"t0\".\"email\"::text LIKE $1 AND (\"public\".\"alternates\".\"userId\") = (\"t0\".\"id\") AND \"t0\".\"id\" IS NOT NULL))","duration":487,"msg":"prisma query"}
{"level":"debug","time":"2026-09-16T10:02:16.808Z","pid":37800,"hostname":"DESKTOP-6F2E0JQ","query":"COMMIT","duration":243,"msg":"prisma query"}
{"level":"debug","time":"2026-09-16T10:02:17.064Z","pid":37800,"hostname":"DESKTOP-6F2E0JQ","query":"BEGIN","duration":254,"msg":"prisma query"}
{"level":"debug","time":"2026-09-16T10:02:17.308Z","pid":37800,"hostname":"DESKTOP-6F2E0JQ","query":"DEALLOCATE ALL","duration":244,"msg":"prisma query"}
{"level":"debug","time":"2026-09-16T10:02:17.799Z","pid":37800,"hostname":"DESKTOP-6F2E0JQ","query":"DELETE FROM \"public\".\"users\" WHERE \"public\".\"users\".\"email\"::text LIKE $1","duration":490,"msg":"prisma query"}
{"level":"debug","time":"2026-09-16T10:02:18.068Z","pid":37800,"hostname":"DESKTOP-6F2E0JQ","query":"COMMIT","duration":268,"msg":"prisma query"}
{"level":"debug","time":"2026-09-16T10:02:18.317Z","pid":37800,"hostname":"DESKTOP-6F2E0JQ","query":"BEGIN","duration":247,"msg":"prisma query"}
{"level":"debug","time":"2026-09-16T10:02:18.559Z","pid":37800,"hostname":"DESKTOP-6F2E0JQ","query":"DEALLOCATE ALL","duration":242,"msg":"prisma query"}
{"level":"debug","time":"2026-09-16T10:02:19.079Z","pid":37800,"hostname":"DESKTOP-6F2E0JQ","query":"INSERT INTO \"public\".\"users\" (\"id\",\"username\",\"email\",\"role\",\"isMfaEnabled\",\"timezone\",\"language\",\"theme\",\"isActive\",\"createdAt\",\"updatedAt\") VALUES ($1,$2,$3,CAST($4::text AS \"public\".\"UserRole\"),$5,$6,$7,$8,$9,$10,$11) RETURNING \"public\".\"users\".\"id\", \"public\".\"users\".\"tenantId\", \"public\".\"users\".\"username\", \"public\".\"users\".\"email\", \"public\".\"users\".\"emailVerified\", \"public\".\"users\".\"name\", \"public\".\"users\".\"avatarUrl\", \"public\".\"users\".\"role\"::text, \"public\".\"users\".\"passwordHash\", \"public\".\"users\".\"isMfaEnabled\", \"public\".\"users\".\"mfaSecret\", \"public\".\"users\".\"bio\", \"public\".\"users\".\"timezone\", \"public\".\"users\".\"language\", \"public\".\"users\".\"theme\", \"public\".\"users\".\"lastLoginAt\", \"public\".\"users\".\"isActive\", \"public\".\"users\".\"deletedAt\", \"public\".\"users\".\"metadata\", \"public\".\"users\".\"createdAt\", \"public\".\"users\".\"updatedAt\"","duration":519,"msg":"prisma query"}
{"level":"debug","time":"2026-09-16T10:02:19.329Z","pid":37800,"hostname":"DESKTOP-6F2E0JQ","query":"COMMIT","duration":249,"msg":"prisma query"}
{"level":"debug","time":"2026-09-16T10:02:19.581Z","pid":37800,"hostname":"DESKTOP-6F2E0JQ","query":"SELECT 1","duration":250,"msg":"prisma query"}
{"level":"debug","time":"2026-09-16T10:02:19.830Z","pid":37800,"hostname":"DESKTOP-6F2E0JQ","query":"BEGIN","duration":248,"msg":"prisma query"}
{"level":"debug","time":"2026-09-16T10:02:20.084Z","pid":37800,"hostname":"DESKTOP-6F2E0JQ","query":"DEALLOCATE ALL","duration":253,"msg":"prisma query"}
{"level":"debug","time":"2026-09-16T10:02:20.581Z","pid":37800,"hostname":"DESKTOP-6F2E0JQ","query":"SELECT \"public\".\"alternates\".\"id\" FROM \"public\".\"alternates\" WHERE (\"public\".\"alternates\".\"username\" = $1 AND \"public\".\"alternates\".\"deletedAt\" IS NULL) LIMIT $2 OFFSET $3","duration":496,"msg":"prisma query"}
{"level":"debug","time":"2026-09-16T10:02:20.939Z","pid":37800,"hostname":"DESKTOP-6F2E0JQ","query":"COMMIT","duration":357,"msg":"prisma query"}
{"level":"debug","time":"2026-09-16T10:02:21.186Z","pid":37800,"hostname":"DESKTOP-6F2E0JQ","query":"BEGIN","duration":245,"msg":"prisma query"}
{"level":"debug","time":"2026-09-16T10:02:21.431Z","pid":37800,"hostname":"DESKTOP-6F2E0JQ","query":"DEALLOCATE ALL","duration":245,"msg":"prisma query"}
{"level":"debug","time":"2026-09-16T10:02:21.675Z","pid":37800,"hostname":"DESKTOP-6F2E0JQ","query":"INSERT INTO \"public\".\"alternates\" (\"id\",\"userId\",\"username\",\"displayName\",\"visibility\",\"status\",\"memoryEnabled\",\"createdAt\",\"updatedAt\") VALUES ($1,$2,$3,$4,CAST($5::text AS \"public\".\"AlternateVisibility\"),CAST($6::text AS \"public\".\"AlternateStatus\"),$7,$8,$9) RETURNING \"public\".\"alternates\".\"id\", \"public\".\"alternates\".\"userId\", \"public\".\"alternates\".\"username\", \"public\".\"alternates\".\"displayName\", \"public\".\"alternates\".\"title\", \"public\".\"alternates\".\"bio\", \"public\".\"alternates\".\"avatarUrl\", \"public\".\"alternates\".\"visibility\"::text, \"public\".\"alternates\".\"status\"::text, \"public\".\"alternates\".\"personaPrompt\", \"public\".\"alternates\".\"modelId\", \"public\".\"alternates\".\"publishedAt\", \"public\".\"alternates\".\"memoryEnabled\", \"public\".\"alternates\".\"createdAt\", \"public\".\"alternates\".\"updatedAt\", \"public\".\"alternates\".\"deletedAt\"","duration":243,"msg":"prisma query"}
{"level":"debug","time":"2026-09-16T10:02:21.919Z","pid":37800,"hostname":"DESKTOP-6F2E0JQ","query":"ROLLBACK","duration":243,"msg":"prisma query"}
{"level":"error","time":"2026-09-16T10:02:21.921Z","pid":37800,"hostname":"DESKTOP-6F2E0JQ","message":"\nInvalid `prisma.alternate.create()` invocation in\nC:\\Users\\User\\Alternate me\\backend\\src\\onboarding\\onboarding.service.ts:50:46\n\n  47   throw new ConflictError('Username is already taken');\n  48 }\n  49 \nΓåÆ 50 const alternate = await prisma.alternate.create(\nThe column `memoryEnabled` does not exist in the current database.","target":"alternate.create","timestamp":"2026-09-16T10:02:21.921Z","msg":"prisma error"}
 [31m├ù[39m utils/__tests__/alternates.test.ts[2m > [22mAlternates Module[2m > [22mOnboarding[2m > [22mshould be idempotent when saving persona twice[33m 12451[2mms[22m[39m
[31m   ΓåÆ 
Invalid `prisma.alternate.create()` invocation in
C:\Users\User\Alternate me\backend\src\onboarding\onboarding.service.ts:50:46

  47   throw new ConflictError('Username is already taken');
  48 }
  49 
ΓåÆ 50 const alternate = await prisma.alternate.create(
The column `memoryEnabled` does not exist in the current database.[39m
{"level":"debug","time":"2026-09-16T10:02:22.170Z","pid":37800,"hostname":"DESKTOP-6F2E0JQ","query":"BEGIN","duration":246,"msg":"prisma query"}
{"level":"debug","time":"2026-09-16T10:02:22.414Z","pid":37800,"hostname":"DESKTOP-6F2E0JQ","query":"DEALLOCATE ALL","duration":243,"msg":"prisma query"}
{"level":"debug","time":"2026-09-16T10:02:22.927Z","pid":37800,"hostname":"DESKTOP-6F2E0JQ","query":"DELETE FROM \"public\".\"training_sources\" WHERE EXISTS(SELECT \"t0\".\"id\" FROM \"public\".\"users\" AS \"t0\" WHERE (\"t0\".\"email\"::text LIKE $1 AND (\"public\".\"training_sources\".\"userId\") = (\"t0\".\"id\") AND \"t0\".\"id\" IS NOT NULL))","duration":513,"msg":"prisma query"}
{"level":"debug","time":"2026-09-16T10:02:23.177Z","pid":37800,"hostname":"DESKTOP-6F2E0JQ","query":"COMMIT","duration":249,"msg":"prisma query"}
{"level":"debug","time":"2026-09-16T10:02:23.448Z","pid":37800,"hostname":"DESKTOP-6F2E0JQ","query":"BEGIN","duration":270,"msg":"prisma query"}
{"level":"debug","time":"2026-09-16T10:02:23.691Z","pid":37800,"hostname":"DESKTOP-6F2E0JQ","query":"DEALLOCATE ALL","duration":242,"msg":"prisma query"}
{"level":"debug","time":"2026-09-16T10:02:24.287Z","pid":37800,"hostname":"DESKTOP-6F2E0JQ","query":"DELETE FROM \"public\".\"ai_provider_configs\" WHERE EXISTS(SELECT \"t0\".\"id\" FROM \"public\".\"users\" AS \"t0\" WHERE (\"t0\".\"email\"::text LIKE $1 AND (\"public\".\"ai_provider_configs\".\"userId\") = (\"t0\".\"id\") AND \"t0\".\"id\" IS NOT NULL))","duration":595,"msg":"prisma query"}
{"level":"debug","time":"2026-09-16T10:02:24.581Z","pid":37800,"hostname":"DESKTOP-6F2E0JQ","query":"COMMIT","duration":293,"msg":"prisma query"}
{"level":"debug","time":"2026-09-16T10:02:24.833Z","pid":37800,"hostname":"DESKTOP-6F2E0JQ","query":"BEGIN","duration":250,"msg":"prisma query"}
{"level":"debug","time":"2026-09-16T10:02:25.097Z","pid":37800,"hostname":"DESKTOP-6F2E0JQ","query":"DEALLOCATE ALL","duration":264,"msg":"prisma query"}
{"level":"debug","time":"2026-09-16T10:02:25.593Z","pid":37800,"hostname":"DESKTOP-6F2E0JQ","query":"DELETE FROM \"public\".\"voice_profiles\" WHERE EXISTS(SELECT \"t0\".\"id\" FROM \"public\".\"users\" AS \"t0\" WHERE (\"t0\".\"email\"::text LIKE $1 AND (\"public\".\"voice_profiles\".\"userId\") = (\"t0\".\"id\") AND \"t0\".\"id\" IS NOT NULL))","duration":495,"msg":"prisma query"}
{"level":"debug","time":"2026-09-16T10:02:25.837Z","pid":37800,"hostname":"DESKTOP-6F2E0JQ","query":"COMMIT","duration":243,"msg":"prisma query"}
{"level":"debug","time":"2026-09-16T10:02:26.083Z","pid":37800,"hostname":"DESKTOP-6F2E0JQ","query":"BEGIN","duration":245,"msg":"prisma query"}
{"level":"debug","time":"2026-09-16T10:02:26.326Z","pid":37800,"hostname":"DESKTOP-6F2E0JQ","query":"DEALLOCATE ALL","duration":242,"msg":"prisma query"}
{"level":"debug","time":"2026-09-16T10:02:26.816Z","pid":37800,"hostname":"DESKTOP-6F2E0JQ","query":"DELETE FROM \"public\".\"personas\" WHERE EXISTS(SELECT \"t0\".\"id\" FROM \"public\".\"users\" AS \"t0\" WHERE (\"t0\".\"email\"::text LIKE $1 AND (\"public\".\"personas\".\"userId\") = (\"t0\".\"id\") AND \"t0\".\"id\" IS NOT NULL))","duration":490,"msg":"prisma query"}
{"level":"debug","time":"2026-09-16T10:02:27.062Z","pid":37800,"hostname":"DESKTOP-6F2E0JQ","query":"COMMIT","duration":246,"msg":"prisma query"}
{"level":"debug","time":"2026-09-16T10:02:27.309Z","pid":37800,"hostname":"DESKTOP-6F2E0JQ","query":"BEGIN","duration":244,"msg":"prisma query"}
{"level":"debug","time":"2026-09-16T10:02:27.551Z","pid":37800,"hostname":"DESKTOP-6F2E0JQ","query":"DEALLOCATE ALL","duration":242,"msg":"prisma query"}
{"level":"debug","time":"2026-09-16T10:02:28.063Z","pid":37800,"hostname":"DESKTOP-6F2E0JQ","query":"DELETE FROM \"public\".\"onboardings\" WHERE EXISTS(SELECT \"t0\".\"id\" FROM \"public\".\"users\" AS \"t0\" WHERE (\"t0\".\"email\"::text LIKE $1 AND (\"public\".\"onboardings\".\"userId\") = (\"t0\".\"id\") AND \"t0\".\"id\" IS NOT NULL))","duration":511,"msg":"prisma query"}
{"level":"debug","time":"2026-09-16T10:02:28.311Z","pid":37800,"hostname":"DESKTOP-6F2E0JQ","query":"COMMIT","duration":247,"msg":"prisma query"}
{"level":"debug","time":"2026-09-16T10:02:28.559Z","pid":37800,"hostname":"DESKTOP-6F2E0JQ","query":"BEGIN","duration":246,"msg":"prisma query"}
{"level":"debug","time":"2026-09-16T10:02:28.807Z","pid":37800,"hostname":"DESKTOP-6F2E0JQ","query":"DEALLOCATE ALL","duration":248,"msg":"prisma query"}
{"level":"debug","time":"2026-09-16T10:02:29.293Z","pid":37800,"hostname":"DESKTOP-6F2E0JQ","query":"DELETE FROM \"public\".\"alternates\" WHERE EXISTS(SELECT \"t0\".\"id\" FROM \"public\".\"users\" AS \"t0\" WHERE (\"t0\".\"email\"::text LIKE $1 AND (\"public\".\"alternates\".\"userId\") = (\"t0\".\"id\") AND \"t0\".\"id\" IS NOT NULL))","duration":485,"msg":"prisma query"}
{"level":"debug","time":"2026-09-16T10:02:29.537Z","pid":37800,"hostname":"DESKTOP-6F2E0JQ","query":"COMMIT","duration":243,"msg":"prisma query"}
{"level":"debug","time":"2026-09-16T10:02:29.789Z","pid":37800,"hostname":"DESKTOP-6F2E0JQ","query":"BEGIN","duration":252,"msg":"prisma query"}
{"level":"debug","time":"2026-09-16T10:02:30.033Z","pid":37800,"hostname":"DESKTOP-6F2E0JQ","query":"DEALLOCATE ALL","duration":243,"msg":"prisma query"}
{"level":"debug","time":"2026-09-16T10:02:30.524Z","pid":37800,"hostname":"DESKTOP-6F2E0JQ","query":"DELETE FROM \"public\".\"users\" WHERE \"public\".\"users\".\"email\"::text LIKE $1","duration":491,"msg":"prisma query"}
{"level":"debug","time":"2026-09-16T10:02:30.774Z","pid":37800,"hostname":"DESKTOP-6F2E0JQ","query":"COMMIT","duration":250,"msg":"prisma query"}
{"level":"debug","time":"2026-09-16T10:02:31.020Z","pid":37800,"hostname":"DESKTOP-6F2E0JQ","query":"BEGIN","duration":242,"msg":"prisma query"}
{"level":"debug","time":"2026-09-16T10:02:31.263Z","pid":37800,"hostname":"DESKTOP-6F2E0JQ","query":"DEALLOCATE ALL","duration":242,"msg":"prisma query"}
{"level":"debug","time":"2026-09-16T10:02:31.752Z","pid":37800,"hostname":"DESKTOP-6F2E0JQ","query":"INSERT INTO \"public\".\"users\" (\"id\",\"username\",\"email\",\"role\",\"isMfaEnabled\",\"timezone\",\"language\",\"theme\",\"isActive\",\"createdAt\",\"updatedAt\") VALUES ($1,$2,$3,CAST($4::text AS \"public\".\"UserRole\"),$5,$6,$7,$8,$9,$10,$11) RETURNING \"public\".\"users\".\"id\", \"public\".\"users\".\"tenantId\", \"public\".\"users\".\"username\", \"public\".\"users\".\"email\", \"public\".\"users\".\"emailVerified\", \"public\".\"users\".\"name\", \"public\".\"users\".\"avatarUrl\", \"public\".\"users\".\"role\"::text, \"public\".\"users\".\"passwordHash\", \"public\".\"users\".\"isMfaEnabled\", \"public\".\"users\".\"mfaSecret\", \"public\".\"users\".\"bio\", \"public\".\"users\".\"timezone\", \"public\".\"users\".\"language\", \"public\".\"users\".\"theme\", \"public\".\"users\".\"lastLoginAt\", \"public\".\"users\".\"isActive\", \"public\".\"users\".\"deletedAt\", \"public\".\"users\".\"metadata\", \"public\".\"users\".\"createdAt\", \"public\".\"users\".\"updatedAt\"","duration":488,"msg":"prisma query"}
{"level":"debug","time":"2026-09-16T10:02:31.998Z","pid":37800,"hostname":"DESKTOP-6F2E0JQ","query":"COMMIT","duration":246,"msg":"prisma query"}
{"level":"debug","time":"2026-09-16T10:02:32.243Z","pid":37800,"hostname":"DESKTOP-6F2E0JQ","query":"BEGIN","duration":243,"msg":"prisma query"}
{"level":"debug","time":"2026-09-16T10:02:32.485Z","pid":37800,"hostname":"DESKTOP-6F2E0JQ","query":"DEALLOCATE ALL","duration":241,"msg":"prisma query"}
{"level":"debug","time":"2026-09-16T10:02:32.975Z","pid":37800,"hostname":"DESKTOP-6F2E0JQ","query":"SELECT \"public\".\"alternates\".\"id\" FROM \"public\".\"alternates\" WHERE (\"public\".\"alternates\".\"username\" = $1 AND \"public\".\"alternates\".\"deletedAt\" IS NULL) LIMIT $2 OFFSET $3","duration":489,"msg":"prisma query"}
{"level":"debug","time":"2026-09-16T10:02:33.223Z","pid":37800,"hostname":"DESKTOP-6F2E0JQ","query":"COMMIT","duration":248,"msg":"prisma query"}
{"level":"debug","time":"2026-09-16T10:02:33.473Z","pid":37800,"hostname":"DESKTOP-6F2E0JQ","query":"BEGIN","duration":248,"msg":"prisma query"}
{"level":"debug","time":"2026-09-16T10:02:33.719Z","pid":37800,"hostname":"DESKTOP-6F2E0JQ","query":"DEALLOCATE ALL","duration":246,"msg":"prisma query"}
{"level":"debug","time":"2026-09-16T10:02:33.963Z","pid":37800,"hostname":"DESKTOP-6F2E0JQ","query":"INSERT INTO \"public\".\"alternates\" (\"id\",\"userId\",\"username\",\"displayName\",\"visibility\",\"status\",\"memoryEnabled\",\"createdAt\",\"updatedAt\") VALUES ($1,$2,$3,$4,CAST($5::text AS \"public\".\"AlternateVisibility\"),CAST($6::text AS \"public\".\"AlternateStatus\"),$7,$8,$9) RETURNING \"public\".\"alternates\".\"id\", \"public\".\"alternates\".\"userId\", \"public\".\"alternates\".\"username\", \"public\".\"alternates\".\"displayName\", \"public\".\"alternates\".\"title\", \"public\".\"alternates\".\"bio\", \"public\".\"alternates\".\"avatarUrl\", \"public\".\"alternates\".\"visibility\"::text, \"public\".\"alternates\".\"status\"::text, \"public\".\"alternates\".\"personaPrompt\", \"public\".\"alternates\".\"modelId\", \"public\".\"alternates\".\"publishedAt\", \"public\".\"alternates\".\"memoryEnabled\", \"public\".\"alternates\".\"createdAt\", \"public\".\"alternates\".\"updatedAt\", \"public\".\"alternates\".\"deletedAt\"","duration":243,"msg":"prisma query"}
{"level":"debug","time":"2026-09-16T10:02:34.210Z","pid":37800,"hostname":"DESKTOP-6F2E0JQ","query":"ROLLBACK","duration":246,"msg":"prisma query"}
{"level":"error","time":"2026-09-16T10:02:34.212Z","pid":37800,"hostname":"DESKTOP-6F2E0JQ","message":"\nInvalid `prisma.alternate.create()` invocation in\nC:\\Users\\User\\Alternate me\\backend\\src\\onboarding\\onboarding.service.ts:50:46\n\n  47   throw new ConflictError('Username is already taken');\n  48 }\n  49 \nΓåÆ 50 const alternate = await prisma.alternate.create(\nThe column `memoryEnabled` does not exist in the current database.","target":"alternate.create","timestamp":"2026-09-16T10:02:34.212Z","msg":"prisma error"}
 [31m├ù[39m utils/__tests__/alternates.test.ts[2m > [22mAlternates Module[2m > [22mOnboarding[2m > [22mshould configure voice with consent for cloned voice[33m 12292[2mms[22m[39m
[31m   ΓåÆ 
Invalid `prisma.alternate.create()` invocation in
C:\Users\User\Alternate me\backend\src\onboarding\onboarding.service.ts:50:46

  47   throw new ConflictError('Username is already taken');
  48 }
  49 
ΓåÆ 50 const alternate = await prisma.alternate.create(
The column `memoryEnabled` does not exist in the current database.[39m
{"level":"debug","time":"2026-09-16T10:02:34.459Z","pid":37800,"hostname":"DESKTOP-6F2E0JQ","query":"BEGIN","duration":242,"msg":"prisma query"}
{"level":"debug","time":"2026-09-16T10:02:34.702Z","pid":37800,"hostname":"DESKTOP-6F2E0JQ","query":"DEALLOCATE ALL","duration":243,"msg":"prisma query"}
{"level":"debug","time":"2026-09-16T10:02:35.195Z","pid":37800,"hostname":"DESKTOP-6F2E0JQ","query":"DELETE FROM \"public\".\"training_sources\" WHERE EXISTS(SELECT \"t0\".\"id\" FROM \"public\".\"users\" AS \"t0\" WHERE (\"t0\".\"email\"::text LIKE $1 AND (\"public\".\"training_sources\".\"userId\") = (\"t0\".\"id\") AND \"t0\".\"id\" IS NOT NULL))","duration":492,"msg":"prisma query"}
{"level":"debug","time":"2026-09-16T10:02:35.439Z","pid":37800,"hostname":"DESKTOP-6F2E0JQ","query":"COMMIT","duration":244,"msg":"prisma query"}
{"level":"debug","time":"2026-09-16T10:02:35.700Z","pid":37800,"hostname":"DESKTOP-6F2E0JQ","query":"SELECT 1","duration":259,"msg":"prisma query"}
{"level":"debug","time":"2026-09-16T10:02:36.014Z","pid":37800,"hostname":"DESKTOP-6F2E0JQ","query":"BEGIN","duration":313,"msg":"prisma query"}
{"level":"debug","time":"2026-09-16T10:02:36.262Z","pid":37800,"hostname":"DESKTOP-6F2E0JQ","query":"DEALLOCATE ALL","duration":247,"msg":"prisma query"}
{"level":"debug","time":"2026-09-16T10:02:36.838Z","pid":37800,"hostname":"DESKTOP-6F2E0JQ","query":"DELETE FROM \"public\".\"ai_provider_configs\" WHERE EXISTS(SELECT \"t0\".\"id\" FROM \"public\".\"users\" AS \"t0\" WHERE (\"t0\".\"email\"::text LIKE $1 AND (\"public\".\"ai_provider_configs\".\"userId\") = (\"t0\".\"id\") AND \"t0\".\"id\" IS NOT NULL))","duration":575,"msg":"prisma query"}
{"level":"debug","time":"2026-09-16T10:02:37.086Z","pid":37800,"hostname":"DESKTOP-6F2E0JQ","query":"COMMIT","duration":248,"msg":"prisma query"}
{"level":"debug","time":"2026-09-16T10:02:37.424Z","pid":37800,"hostname":"DESKTOP-6F2E0JQ","query":"BEGIN","duration":335,"msg":"prisma query"}
{"level":"debug","time":"2026-09-16T10:02:37.683Z","pid":37800,"hostname":"DESKTOP-6F2E0JQ","query":"DEALLOCATE ALL","duration":258,"msg":"prisma query"}
{"level":"debug","time":"2026-09-16T10:02:38.173Z","pid":37800,"hostname":"DESKTOP-6F2E0JQ","query":"DELETE FROM \"public\".\"voice_profiles\" WHERE EXISTS(SELECT \"t0\".\"id\" FROM \"public\".\"users\" AS \"t0\" WHERE (\"t0\".\"email\"::text LIKE $1 AND (\"public\".\"voice_profiles\".\"userId\") = (\"t0\".\"id\") AND \"t0\".\"id\" IS NOT NULL))","duration":490,"msg":"prisma query"}
{"level":"debug","time":"2026-09-16T10:02:38.417Z","pid":37800,"hostname":"DESKTOP-6F2E0JQ","query":"COMMIT","duration":243,"msg":"prisma query"}
{"level":"debug","time":"2026-09-16T10:02:38.666Z","pid":37800,"hostname":"DESKTOP-6F2E0JQ","query":"BEGIN","duration":247,"msg":"prisma query"}
{"level":"debug","time":"2026-09-16T10:02:38.911Z","pid":37800,"hostname":"DESKTOP-6F2E0JQ","query":"DEALLOCATE ALL","duration":244,"msg":"prisma query"}
{"level":"debug","time":"2026-09-16T10:02:39.396Z","pid":37800,"hostname":"DESKTOP-6F2E0JQ","query":"DELETE FROM \"public\".\"personas\" WHERE EXISTS(SELECT \"t0\".\"id\" FROM \"public\".\"users\" AS \"t0\" WHERE (\"t0\".\"email\"::text LIKE $1 AND (\"public\".\"personas\".\"userId\") = (\"t0\".\"id\") AND \"t0\".\"id\" IS NOT NULL))","duration":484,"msg":"prisma query"}
{"level":"debug","time":"2026-09-16T10:02:39.639Z","pid":37800,"hostname":"DESKTOP-6F2E0JQ","query":"COMMIT","duration":243,"msg":"prisma query"}
{"level":"debug","time":"2026-09-16T10:02:39.885Z","pid":37800,"hostname":"DESKTOP-6F2E0JQ","query":"BEGIN","duration":244,"msg":"prisma query"}
{"level":"debug","time":"2026-09-16T10:02:40.128Z","pid":37800,"hostname":"DESKTOP-6F2E0JQ","query":"DEALLOCATE ALL","duration":242,"msg":"prisma query"}
{"level":"debug","time":"2026-09-16T10:02:40.618Z","pid":37800,"hostname":"DESKTOP-6F2E0JQ","query":"DELETE FROM \"public\".\"onboardings\" WHERE EXISTS(SELECT \"t0\".\"id\" FROM \"public\".\"users\" AS \"t0\" WHERE (\"t0\".\"email\"::text LIKE $1 AND (\"public\".\"onboardings\".\"userId\") = (\"t0\".\"id\") AND \"t0\".\"id\" IS NOT NULL))","duration":489,"msg":"prisma query"}
{"level":"debug","time":"2026-09-16T10:02:40.863Z","pid":37800,"hostname":"DESKTOP-6F2E0JQ","query":"COMMIT","duration":245,"msg":"prisma query"}
{"level":"debug","time":"2026-09-16T10:02:41.111Z","pid":37800,"hostname":"DESKTOP-6F2E0JQ","query":"BEGIN","duration":246,"msg":"prisma query"}
{"level":"debug","time":"2026-09-16T10:02:41.355Z","pid":37800,"hostname":"DESKTOP-6F2E0JQ","query":"DEALLOCATE ALL","duration":243,"msg":"prisma query"}
{"level":"debug","time":"2026-09-16T10:02:41.841Z","pid":37800,"hostname":"DESKTOP-6F2E0JQ","query":"DELETE FROM \"public\".\"alternates\" WHERE EXISTS(SELECT \"t0\".\"id\" FROM \"public\".\"users\" AS \"t0\" WHERE (\"t0\".\"email\"::text LIKE $1 AND (\"public\".\"alternates\".\"userId\") = (\"t0\".\"id\") AND \"t0\".\"id\" IS NOT NULL))","duration":485,"msg":"prisma query"}
{"level":"debug","time":"2026-09-16T10:02:42.085Z","pid":37800,"hostname":"DESKTOP-6F2E0JQ","query":"COMMIT","duration":244,"msg":"prisma query"}
{"level":"debug","time":"2026-09-16T10:02:42.329Z","pid":37800,"hostname":"DESKTOP-6F2E0JQ","query":"BEGIN","duration":243,"msg":"prisma query"}
{"level":"debug","time":"2026-09-16T10:02:42.572Z","pid":37800,"hostname":"DESKTOP-6F2E0JQ","query":"DEALLOCATE ALL","duration":242,"msg":"prisma query"}
{"level":"debug","time":"2026-09-16T10:02:43.057Z","pid":37800,"hostname":"DESKTOP-6F2E0JQ","query":"DELETE FROM \"public\".\"users\" WHERE \"public\".\"users\".\"email\"::text LIKE $1","duration":485,"msg":"prisma query"}
{"level":"debug","time":"2026-09-16T10:02:43.325Z","pid":37800,"hostname":"DESKTOP-6F2E0JQ","query":"COMMIT","duration":267,"msg":"prisma query"}
{"level":"debug","time":"2026-09-16T10:02:43.574Z","pid":37800,"hostname":"DESKTOP-6F2E0JQ","query":"BEGIN","duration":246,"msg":"prisma query"}
{"level":"debug","time":"2026-09-16T10:02:43.817Z","pid":37800,"hostname":"DESKTOP-6F2E0JQ","query":"DEALLOCATE ALL","duration":243,"msg":"prisma query"}
{"level":"debug","time":"2026-09-16T10:02:44.309Z","pid":37800,"hostname":"DESKTOP-6F2E0JQ","query":"INSERT INTO \"public\".\"users\" (\"id\",\"username\",\"email\",\"role\",\"isMfaEnabled\",\"timezone\",\"language\",\"theme\",\"isActive\",\"createdAt\",\"updatedAt\") VALUES ($1,$2,$3,CAST($4::text AS \"public\".\"UserRole\"),$5,$6,$7,$8,$9,$10,$11) RETURNING \"public\".\"users\".\"id\", \"public\".\"users\".\"tenantId\", \"public\".\"users\".\"username\", \"public\".\"users\".\"email\", \"public\".\"users\".\"emailVerified\", \"public\".\"users\".\"name\", \"public\".\"users\".\"avatarUrl\", \"public\".\"users\".\"role\"::text, \"public\".\"users\".\"passwordHash\", \"public\".\"users\".\"isMfaEnabled\", \"public\".\"users\".\"mfaSecret\", \"public\".\"users\".\"bio\", \"public\".\"users\".\"timezone\", \"public\".\"users\".\"language\", \"public\".\"users\".\"theme\", \"public\".\"users\".\"lastLoginAt\", \"public\".\"users\".\"isActive\", \"public\".\"users\".\"deletedAt\", \"public\".\"users\".\"metadata\", \"public\".\"users\".\"createdAt\", \"public\".\"users\".\"updatedAt\"","duration":491,"msg":"prisma query"}
{"level":"debug","time":"2026-09-16T10:02:44.554Z","pid":37800,"hostname":"DESKTOP-6F2E0JQ","query":"COMMIT","duration":244,"msg":"prisma query"}
{"level":"debug","time":"2026-09-16T10:02:44.800Z","pid":37800,"hostname":"DESKTOP-6F2E0JQ","query":"BEGIN","duration":244,"msg":"prisma query"}
{"level":"debug","time":"2026-09-16T10:02:45.043Z","pid":37800,"hostname":"DESKTOP-6F2E0JQ","query":"DEALLOCATE ALL","duration":242,"msg":"prisma query"}
{"level":"debug","time":"2026-09-16T10:02:45.533Z","pid":37800,"hostname":"DESKTOP-6F2E0JQ","query":"SELECT \"public\".\"alternates\".\"id\" FROM \"public\".\"alternates\" WHERE (\"public\".\"alternates\".\"username\" = $1 AND \"public\".\"alternates\".\"deletedAt\" IS NULL) LIMIT $2 OFFSET $3","duration":490,"msg":"prisma query"}
{"level":"debug","time":"2026-09-16T10:02:45.776Z","pid":37800,"hostname":"DESKTOP-6F2E0JQ","query":"COMMIT","duration":242,"msg":"prisma query"}
{"level":"debug","time":"2026-09-16T10:02:46.034Z","pid":37800,"hostname":"DESKTOP-6F2E0JQ","query":"BEGIN","duration":253,"msg":"prisma query"}
{"level":"debug","time":"2026-09-16T10:02:46.280Z","pid":37800,"hostname":"DESKTOP-6F2E0JQ","query":"DEALLOCATE ALL","duration":249,"msg":"prisma query"}
{"level":"debug","time":"2026-09-16T10:02:46.528Z","pid":37800,"hostname":"DESKTOP-6F2E0JQ","query":"INSERT INTO \"public\".\"alternates\" (\"id\",\"userId\",\"username\",\"displayName\",\"visibility\",\"status\",\"memoryEnabled\",\"createdAt\",\"updatedAt\") VALUES ($1,$2,$3,$4,CAST($5::text AS \"public\".\"AlternateVisibility\"),CAST($6::text AS \"public\".\"AlternateStatus\"),$7,$8,$9) RETURNING \"public\".\"alternates\".\"id\", \"public\".\"alternates\".\"userId\", \"public\".\"alternates\".\"username\", \"public\".\"alternates\".\"displayName\", \"public\".\"alternates\".\"title\", \"public\".\"alternates\".\"bio\", \"public\".\"alternates\".\"avatarUrl\", \"public\".\"alternates\".\"visibility\"::text, \"public\".\"alternates\".\"status\"::text, \"public\".\"alternates\".\"personaPrompt\", \"public\".\"alternates\".\"modelId\", \"public\".\"alternates\".\"publishedAt\", \"public\".\"alternates\".\"memoryEnabled\", \"public\".\"alternates\".\"createdAt\", \"public\".\"alternates\".\"updatedAt\", \"public\".\"alternates\".\"deletedAt\"","duration":247,"msg":"prisma query"}
{"level":"debug","time":"2026-09-16T10:02:46.773Z","pid":37800,"hostname":"DESKTOP-6F2E0JQ","query":"ROLLBACK","duration":244,"msg":"prisma query"}
{"level":"error","time":"2026-09-16T10:02:46.775Z","pid":37800,"hostname":"DESKTOP-6F2E0JQ","message":"\nInvalid `prisma.alternate.create()` invocation in\nC:\\Users\\User\\Alternate me\\backend\\src\\onboarding\\onboarding.service.ts:50:46\n\n  47   throw new ConflictError('Username is already taken');\n  48 }\n  49 \nΓåÆ 50 const alternate = await prisma.alternate.create(\nThe column `memoryEnabled` does not exist in the current database.","target":"alternate.create","timestamp":"2026-09-16T10:02:46.775Z","msg":"prisma error"}
 [31m├ù[39m utils/__tests__/alternates.test.ts[2m > [22mAlternates Module[2m > [22mOnboarding[2m > [22mshould reject cloned voice without consent[33m 12562[2mms[22m[39m
[31m   ΓåÆ 
Invalid `prisma.alternate.create()` invocation in
C:\Users\User\Alternate me\backend\src\onboarding\onboarding.service.ts:50:46

  47   throw new ConflictError('Username is already taken');
  48 }
  49 
ΓåÆ 50 const alternate = await prisma.alternate.create(
The column `memoryEnabled` does not exist in the current database.[39m
{"level":"debug","time":"2026-09-16T10:02:47.021Z","pid":37800,"hostname":"DESKTOP-6F2E0JQ","query":"BEGIN","duration":243,"msg":"prisma query"}
{"level":"debug","time":"2026-09-16T10:02:47.267Z","pid":37800,"hostname":"DESKTOP-6F2E0JQ","query":"DEALLOCATE ALL","duration":246,"msg":"prisma query"}
{"level":"debug","time":"2026-09-16T10:02:47.757Z","pid":37800,"hostname":"DESKTOP-6F2E0JQ","query":"DELETE FROM \"public\".\"training_sources\" WHERE EXISTS(SELECT \"t0\".\"id\" FROM \"public\".\"users\" AS \"t0\" WHERE (\"t0\".\"email\"::text LIKE $1 AND (\"public\".\"training_sources\".\"userId\") = (\"t0\".\"id\") AND \"t0\".\"id\" IS NOT NULL))","duration":489,"msg":"prisma query"}
{"level":"debug","time":"2026-09-16T10:02:48.006Z","pid":37800,"hostname":"DESKTOP-6F2E0JQ","query":"COMMIT","duration":248,"msg":"prisma query"}
{"level":"debug","time":"2026-09-16T10:02:48.291Z","pid":37800,"hostname":"DESKTOP-6F2E0JQ","query":"BEGIN","duration":283,"msg":"prisma query"}
{"level":"debug","time":"2026-09-16T10:02:48.603Z","pid":37800,"hostname":"DESKTOP-6F2E0JQ","query":"DEALLOCATE ALL","duration":311,"msg":"prisma query"}
{"level":"debug","time":"2026-09-16T10:02:49.143Z","pid":37800,"hostname":"DESKTOP-6F2E0JQ","query":"DELETE FROM \"public\".\"ai_provider_configs\" WHERE EXISTS(SELECT \"t0\".\"id\" FROM \"public\".\"users\" AS \"t0\" WHERE (\"t0\".\"email\"::text LIKE $1 AND (\"public\".\"ai_provider_configs\".\"userId\") = (\"t0\".\"id\") AND \"t0\".\"id\" IS NOT NULL))","duration":540,"msg":"prisma query"}
{"level":"debug","time":"2026-09-16T10:02:49.389Z","pid":37800,"hostname":"DESKTOP-6F2E0JQ","query":"COMMIT","duration":245,"msg":"prisma query"}
{"level":"debug","time":"2026-09-16T10:02:49.640Z","pid":37800,"hostname":"DESKTOP-6F2E0JQ","query":"BEGIN","duration":249,"msg":"prisma query"}
{"level":"debug","time":"2026-09-16T10:02:49.883Z","pid":37800,"hostname":"DESKTOP-6F2E0JQ","query":"DEALLOCATE ALL","duration":242,"msg":"prisma query"}
{"level":"debug","time":"2026-09-16T10:02:50.371Z","pid":37800,"hostname":"DESKTOP-6F2E0JQ","query":"DELETE FROM \"public\".\"voice_profiles\" WHERE EXISTS(SELECT \"t0\".\"id\" FROM \"public\".\"users\" AS \"t0\" WHERE (\"t0\".\"email\"::text LIKE $1 AND (\"public\".\"voice_profiles\".\"userId\") = (\"t0\".\"id\") AND \"t0\".\"id\" IS NOT NULL))","duration":488,"msg":"prisma query"}
{"level":"debug","time":"2026-09-16T10:02:50.634Z","pid":37800,"hostname":"DESKTOP-6F2E0JQ","query":"COMMIT","duration":262,"msg":"prisma query"}
{"level":"debug","time":"2026-09-16T10:02:50.916Z","pid":37800,"hostname":"DESKTOP-6F2E0JQ","query":"BEGIN","duration":280,"msg":"prisma query"}
{"level":"debug","time":"2026-09-16T10:02:51.165Z","pid":37800,"hostname":"DESKTOP-6F2E0JQ","query":"DEALLOCATE ALL","duration":249,"msg":"prisma query"}
{"level":"debug","time":"2026-09-16T10:02:51.662Z","pid":37800,"hostname":"DESKTOP-6F2E0JQ","query":"DELETE FROM \"public\".\"personas\" WHERE EXISTS(SELECT \"t0\".\"id\" FROM \"public\".\"users\" AS \"t0\" WHERE (\"t0\".\"email\"::text LIKE $1 AND (\"public\".\"personas\".\"userId\") = (\"t0\".\"id\") AND \"t0\".\"id\" IS NOT NULL))","duration":496,"msg":"prisma query"}
{"level":"debug","time":"2026-09-16T10:02:51.916Z","pid":37800,"hostname":"DESKTOP-6F2E0JQ","query":"COMMIT","duration":253,"msg":"prisma query"}
{"level":"debug","time":"2026-09-16T10:02:52.166Z","pid":37800,"hostname":"DESKTOP-6F2E0JQ","query":"SELECT 1","duration":249,"msg":"prisma query"}
{"level":"debug","time":"2026-09-16T10:02:52.412Z","pid":37800,"hostname":"DESKTOP-6F2E0JQ","query":"BEGIN","duration":244,"msg":"prisma query"}
{"level":"debug","time":"2026-09-16T10:02:52.665Z","pid":37800,"hostname":"DESKTOP-6F2E0JQ","query":"DEALLOCATE ALL","duration":252,"msg":"prisma query"}
{"level":"debug","time":"2026-09-16T10:02:53.214Z","pid":37800,"hostname":"DESKTOP-6F2E0JQ","query":"DELETE FROM \"public\".\"onboardings\" WHERE EXISTS(SELECT \"t0\".\"id\" FROM \"public\".\"users\" AS \"t0\" WHERE (\"t0\".\"email\"::text LIKE $1 AND (\"public\".\"onboardings\".\"userId\") = (\"t0\".\"id\") AND \"t0\".\"id\" IS NOT NULL))","duration":549,"msg":"prisma query"}
{"level":"debug","time":"2026-09-16T10:02:53.646Z","pid":37800,"hostname":"DESKTOP-6F2E0JQ","query":"COMMIT","duration":432,"msg":"prisma query"}
{"level":"debug","time":"2026-09-16T10:02:53.896Z","pid":37800,"hostname":"DESKTOP-6F2E0JQ","query":"BEGIN","duration":248,"msg":"prisma query"}
{"level":"debug","time":"2026-09-16T10:02:54.175Z","pid":37800,"hostname":"DESKTOP-6F2E0JQ","query":"DEALLOCATE ALL","duration":279,"msg":"prisma query"}
{"level":"debug","time":"2026-09-16T10:02:54.674Z","pid":37800,"hostname":"DESKTOP-6F2E0JQ","query":"DELETE FROM \"public\".\"alternates\" WHERE EXISTS(SELECT \"t0\".\"id\" FROM \"public\".\"users\" AS \"t0\" WHERE (\"t0\".\"email\"::text LIKE $1 AND (\"public\".\"alternates\".\"userId\") = (\"t0\".\"id\") AND \"t0\".\"id\" IS NOT NULL))","duration":498,"msg":"prisma query"}
{"level":"debug","time":"2026-09-16T10:02:54.959Z","pid":37800,"hostname":"DESKTOP-6F2E0JQ","query":"COMMIT","duration":284,"msg":"prisma query"}
{"level":"debug","time":"2026-09-16T10:02:55.210Z","pid":37800,"hostname":"DESKTOP-6F2E0JQ","query":"BEGIN","duration":249,"msg":"prisma query"}
{"level":"debug","time":"2026-09-16T10:02:55.505Z","pid":37800,"hostname":"DESKTOP-6F2E0JQ","query":"DEALLOCATE ALL","duration":294,"msg":"prisma query"}
{"level":"debug","time":"2026-09-16T10:02:56.050Z","pid":37800,"hostname":"DESKTOP-6F2E0JQ","query":"DELETE FROM \"public\".\"users\" WHERE \"public\".\"users\".\"email\"::text LIKE $1","duration":545,"msg":"prisma query"}
{"level":"debug","time":"2026-09-16T10:02:56.364Z","pid":37800,"hostname":"DESKTOP-6F2E0JQ","query":"COMMIT","duration":313,"msg":"prisma query"}
{"level":"debug","time":"2026-09-16T10:02:56.617Z","pid":37800,"hostname":"DESKTOP-6F2E0JQ","query":"BEGIN","duration":250,"msg":"prisma query"}
{"level":"debug","time":"2026-09-16T10:02:56.863Z","pid":37800,"hostname":"DESKTOP-6F2E0JQ","query":"DEALLOCATE ALL","duration":246,"msg":"prisma query"}
{"level":"debug","time":"2026-09-16T10:02:57.408Z","pid":37800,"hostname":"DESKTOP-6F2E0JQ","query":"INSERT INTO \"public\".\"users\" (\"id\",\"username\",\"email\",\"role\",\"isMfaEnabled\",\"timezone\",\"language\",\"theme\",\"isActive\",\"createdAt\",\"updatedAt\") VALUES ($1,$2,$3,CAST($4::text AS \"public\".\"UserRole\"),$5,$6,$7,$8,$9,$10,$11) RETURNING \"public\".\"users\".\"id\", \"public\".\"users\".\"tenantId\", \"public\".\"users\".\"username\", \"public\".\"users\".\"email\", \"public\".\"users\".\"emailVerified\", \"public\".\"users\".\"name\", \"public\".\"users\".\"avatarUrl\", \"public\".\"users\".\"role\"::text, \"public\".\"users\".\"passwordHash\", \"public\".\"users\".\"isMfaEnabled\", \"public\".\"users\".\"mfaSecret\", \"public\".\"users\".\"bio\", \"public\".\"users\".\"timezone\", \"public\".\"users\".\"language\", \"public\".\"users\".\"theme\", \"public\".\"users\".\"lastLoginAt\", \"public\".\"users\".\"isActive\", \"public\".\"users\".\"deletedAt\", \"public\".\"users\".\"metadata\", \"public\".\"users\".\"createdAt\", \"public\".\"users\".\"updatedAt\"","duration":544,"msg":"prisma query"}
{"level":"debug","time":"2026-09-16T10:02:57.652Z","pid":37800,"hostname":"DESKTOP-6F2E0JQ","query":"COMMIT","duration":244,"msg":"prisma query"}
{"level":"debug","time":"2026-09-16T10:02:57.900Z","pid":37800,"hostname":"DESKTOP-6F2E0JQ","query":"BEGIN","duration":245,"msg":"prisma query"}
{"level":"debug","time":"2026-09-16T10:02:58.149Z","pid":37800,"hostname":"DESKTOP-6F2E0JQ","query":"DEALLOCATE ALL","duration":248,"msg":"prisma query"}
{"level":"debug","time":"2026-09-16T10:02:58.687Z","pid":37800,"hostname":"DESKTOP-6F2E0JQ","query":"SELECT \"public\".\"alternates\".\"id\" FROM \"public\".\"alternates\" WHERE (\"public\".\"alternates\".\"username\" = $1 AND \"public\".\"alternates\".\"deletedAt\" IS NULL) LIMIT $2 OFFSET $3","duration":537,"msg":"prisma query"}
{"level":"debug","time":"2026-09-16T10:02:58.934Z","pid":37800,"hostname":"DESKTOP-6F2E0JQ","query":"COMMIT","duration":246,"msg":"prisma query"}
{"level":"debug","time":"2026-09-16T10:02:59.181Z","pid":37800,"hostname":"DESKTOP-6F2E0JQ","query":"BEGIN","duration":245,"msg":"prisma query"}
{"level":"debug","time":"2026-09-16T10:02:59.442Z","pid":37800,"hostname":"DESKTOP-6F2E0JQ","query":"DEALLOCATE ALL","duration":260,"msg":"prisma query"}
{"level":"debug","time":"2026-09-16T10:02:59.689Z","pid":37800,"hostname":"DESKTOP-6F2E0JQ","query":"INSERT INTO \"public\".\"alternates\" (\"id\",\"userId\",\"username\",\"displayName\",\"visibility\",\"status\",\"memoryEnabled\",\"createdAt\",\"updatedAt\") VALUES ($1,$2,$3,$4,CAST($5::text AS \"public\".\"AlternateVisibility\"),CAST($6::text AS \"public\".\"AlternateStatus\"),$7,$8,$9) RETURNING \"public\".\"alternates\".\"id\", \"public\".\"alternates\".\"userId\", \"public\".\"alternates\".\"username\", \"public\".\"alternates\".\"displayName\", \"public\".\"alternates\".\"title\", \"public\".\"alternates\".\"bio\", \"public\".\"alternates\".\"avatarUrl\", \"public\".\"alternates\".\"visibility\"::text, \"public\".\"alternates\".\"status\"::text, \"public\".\"alternates\".\"personaPrompt\", \"public\".\"alternates\".\"modelId\", \"public\".\"alternates\".\"publishedAt\", \"public\".\"alternates\".\"memoryEnabled\", \"public\".\"alternates\".\"createdAt\", \"public\".\"alternates\".\"updatedAt\", \"public\".\"alternates\".\"deletedAt\"","duration":247,"msg":"prisma query"}
{"level":"debug","time":"2026-09-16T10:02:59.990Z","pid":37800,"hostname":"DESKTOP-6F2E0JQ","query":"ROLLBACK","duration":300,"msg":"prisma query"}
{"level":"error","time":"2026-09-16T10:02:59.993Z","pid":37800,"hostname":"DESKTOP-6F2E0JQ","message":"\nInvalid `prisma.alternate.create()` invocation in\nC:\\Users\\User\\Alternate me\\backend\\src\\onboarding\\onboarding.service.ts:50:46\n\n  47   throw new ConflictError('Username is already taken');\n  48 }\n  49 \nΓåÆ 50 const alternate = await prisma.alternate.create(\nThe column `memoryEnabled` does not exist in the current database.","target":"alternate.create","timestamp":"2026-09-16T10:02:59.993Z","msg":"prisma error"}
 [31m├ù[39m utils/__tests__/alternates.test.ts[2m > [22mAlternates Module[2m > [22mOnboarding[2m > [22mshould configure AI provider with encrypted key[33m 13219[2mms[22m[39m
[31m   ΓåÆ 
Invalid `prisma.alternate.create()` invocation in
C:\Users\User\Alternate me\backend\src\onboarding\onboarding.service.ts:50:46

  47   throw new ConflictError('Username is already taken');
  48 }
  49 
ΓåÆ 50 const alternate = await prisma.alternate.create(
The column `memoryEnabled` does not exist in the current database.[39m
{"level":"debug","time":"2026-09-16T10:03:00.253Z","pid":37800,"hostname":"DESKTOP-6F2E0JQ","query":"BEGIN","duration":257,"msg":"prisma query"}
{"level":"debug","time":"2026-09-16T10:03:00.568Z","pid":37800,"hostname":"DESKTOP-6F2E0JQ","query":"DEALLOCATE ALL","duration":300,"msg":"prisma query"}
{"level":"debug","time":"2026-09-16T10:03:01.044Z","pid":37800,"hostname":"DESKTOP-6F2E0JQ","query":"DELETE FROM \"public\".\"training_sources\" WHERE EXISTS(SELECT \"t0\".\"id\" FROM \"public\".\"users\" AS \"t0\" WHERE (\"t0\".\"email\"::text LIKE $1 AND (\"public\".\"training_sources\".\"userId\") = (\"t0\".\"id\") AND \"t0\".\"id\" IS NOT NULL))","duration":489,"msg":"prisma query"}
{"level":"debug","time":"2026-09-16T10:03:01.287Z","pid":37800,"hostname":"DESKTOP-6F2E0JQ","query":"COMMIT","duration":243,"msg":"prisma query"}
{"level":"debug","time":"2026-09-16T10:03:01.533Z","pid":37800,"hostname":"DESKTOP-6F2E0JQ","query":"BEGIN","duration":243,"msg":"prisma query"}
{"level":"debug","time":"2026-09-16T10:03:01.777Z","pid":37800,"hostname":"DESKTOP-6F2E0JQ","query":"DEALLOCATE ALL","duration":244,"msg":"prisma query"}
{"level":"debug","time":"2026-09-16T10:03:02.271Z","pid":37800,"hostname":"DESKTOP-6F2E0JQ","query":"DELETE FROM \"public\".\"ai_provider_configs\" WHERE EXISTS(SELECT \"t0\".\"id\" FROM \"public\".\"users\" AS \"t0\" WHERE (\"t0\".\"email\"::text LIKE $1 AND (\"public\".\"ai_provider_configs\".\"userId\") = (\"t0\".\"id\") AND \"t0\".\"id\" IS NOT NULL))","duration":493,"msg":"prisma query"}
{"level":"debug","time":"2026-09-16T10:03:02.516Z","pid":37800,"hostname":"DESKTOP-6F2E0JQ","query":"COMMIT","duration":244,"msg":"prisma query"}
{"level":"debug","time":"2026-09-16T10:03:02.778Z","pid":37800,"hostname":"DESKTOP-6F2E0JQ","query":"BEGIN","duration":260,"msg":"prisma query"}
{"level":"debug","time":"2026-09-16T10:03:03.033Z","pid":37800,"hostname":"DESKTOP-6F2E0JQ","query":"DEALLOCATE ALL","duration":254,"msg":"prisma query"}
{"level":"debug","time":"2026-09-16T10:03:03.550Z","pid":37800,"hostname":"DESKTOP-6F2E0JQ","query":"DELETE FROM \"public\".\"voice_profiles\" WHERE EXISTS(SELECT \"t0\".\"id\" FROM \"public\".\"users\" AS \"t0\" WHERE (\"t0\".\"email\"::text LIKE $1 AND (\"public\".\"voice_profiles\".\"userId\") = (\"t0\".\"id\") AND \"t0\".\"id\" IS NOT NULL))","duration":516,"msg":"prisma query"}
{"level":"debug","time":"2026-09-16T10:03:03.808Z","pid":37800,"hostname":"DESKTOP-6F2E0JQ","query":"COMMIT","duration":258,"msg":"prisma query"}
{"level":"debug","time":"2026-09-16T10:03:04.060Z","pid":37800,"hostname":"DESKTOP-6F2E0JQ","query":"BEGIN","duration":249,"msg":"prisma query"}
{"level":"debug","time":"2026-09-16T10:03:04.308Z","pid":37800,"hostname":"DESKTOP-6F2E0JQ","query":"DEALLOCATE ALL","duration":248,"msg":"prisma query"}
{"level":"debug","time":"2026-09-16T10:03:04.821Z","pid":37800,"hostname":"DESKTOP-6F2E0JQ","query":"DELETE FROM \"public\".\"personas\" WHERE EXISTS(SELECT \"t0\".\"id\" FROM \"public\".\"users\" AS \"t0\" WHERE (\"t0\".\"email\"::text LIKE $1 AND (\"public\".\"personas\".\"userId\") = (\"t0\".\"id\") AND \"t0\".\"id\" IS NOT NULL))","duration":512,"msg":"prisma query"}
{"level":"debug","time":"2026-09-16T10:03:05.081Z","pid":37800,"hostname":"DESKTOP-6F2E0JQ","query":"COMMIT","duration":260,"msg":"prisma query"}
{"level":"debug","time":"2026-09-16T10:03:05.340Z","pid":37800,"hostname":"DESKTOP-6F2E0JQ","query":"BEGIN","duration":257,"msg":"prisma query"}
{"level":"debug","time":"2026-09-16T10:03:05.615Z","pid":37800,"hostname":"DESKTOP-6F2E0JQ","query":"DEALLOCATE ALL","duration":274,"msg":"prisma query"}
{"level":"debug","time":"2026-09-16T10:03:06.174Z","pid":37800,"hostname":"DESKTOP-6F2E0JQ","query":"DELETE FROM \"public\".\"onboardings\" WHERE EXISTS(SELECT \"t0\".\"id\" FROM \"public\".\"users\" AS \"t0\" WHERE (\"t0\".\"email\"::text LIKE $1 AND (\"public\".\"onboardings\".\"userId\") = (\"t0\".\"id\") AND \"t0\".\"id\" IS NOT NULL))","duration":558,"msg":"prisma query"}
{"level":"debug","time":"2026-09-16T10:03:06.439Z","pid":37800,"hostname":"DESKTOP-6F2E0JQ","query":"COMMIT","duration":264,"msg":"prisma query"}
{"level":"debug","time":"2026-09-16T10:03:06.709Z","pid":37800,"hostname":"DESKTOP-6F2E0JQ","query":"BEGIN","duration":265,"msg":"prisma query"}
{"level":"debug","time":"2026-09-16T10:03:06.962Z","pid":37800,"hostname":"DESKTOP-6F2E0JQ","query":"DEALLOCATE ALL","duration":247,"msg":"prisma query"}
{"level":"debug","time":"2026-09-16T10:03:07.458Z","pid":37800,"hostname":"DESKTOP-6F2E0JQ","query":"DELETE FROM \"public\".\"alternates\" WHERE EXISTS(SELECT \"t0\".\"id\" FROM \"public\".\"users\" AS \"t0\" WHERE (\"t0\".\"email\"::text LIKE $1 AND (\"public\".\"alternates\".\"userId\") = (\"t0\".\"id\") AND \"t0\".\"id\" IS NOT NULL))","duration":500,"msg":"prisma query"}
{"level":"debug","time":"2026-09-16T10:03:07.702Z","pid":37800,"hostname":"DESKTOP-6F2E0JQ","query":"COMMIT","duration":244,"msg":"prisma query"}
{"level":"debug","time":"2026-09-16T10:03:07.957Z","pid":37800,"hostname":"DESKTOP-6F2E0JQ","query":"SELECT 1","duration":253,"msg":"prisma query"}
{"level":"debug","time":"2026-09-16T10:03:08.211Z","pid":37800,"hostname":"DESKTOP-6F2E0JQ","query":"BEGIN","duration":254,"msg":"prisma query"}
{"level":"debug","time":"2026-09-16T10:03:08.470Z","pid":37800,"hostname":"DESKTOP-6F2E0JQ","query":"DEALLOCATE ALL","duration":258,"msg":"prisma query"}
{"level":"debug","time":"2026-09-16T10:03:08.963Z","pid":37800,"hostname":"DESKTOP-6F2E0JQ","query":"DELETE FROM \"public\".\"users\" WHERE \"public\".\"users\".\"email\"::text LIKE $1","duration":492,"msg":"prisma query"}
{"level":"debug","time":"2026-09-16T10:03:09.214Z","pid":37800,"hostname":"DESKTOP-6F2E0JQ","query":"COMMIT","duration":250,"msg":"prisma query"}
{"level":"debug","time":"2026-09-16T10:03:09.459Z","pid":37800,"hostname":"DESKTOP-6F2E0JQ","query":"BEGIN","duration":242,"msg":"prisma query"}
{"level":"debug","time":"2026-09-16T10:03:09.733Z","pid":37800,"hostname":"DESKTOP-6F2E0JQ","query":"DEALLOCATE ALL","duration":244,"msg":"prisma query"}
{"level":"debug","time":"2026-09-16T10:03:10.209Z","pid":37800,"hostname":"DESKTOP-6F2E0JQ","query":"INSERT INTO \"public\".\"users\" (\"id\",\"username\",\"email\",\"role\",\"isMfaEnabled\",\"timezone\",\"language\",\"theme\",\"isActive\",\"createdAt\",\"updatedAt\") VALUES ($1,$2,$3,CAST($4::text AS \"public\".\"UserRole\"),$5,$6,$7,$8,$9,$10,$11) RETURNING \"public\".\"users\".\"id\", \"public\".\"users\".\"tenantId\", \"public\".\"users\".\"username\", \"public\".\"users\".\"email\", \"public\".\"users\".\"emailVerified\", \"public\".\"users\".\"name\", \"public\".\"users\".\"avatarUrl\", \"public\".\"users\".\"role\"::text, \"public\".\"users\".\"passwordHash\", \"public\".\"users\".\"isMfaEnabled\", \"public\".\"users\".\"mfaSecret\", \"public\".\"users\".\"bio\", \"public\".\"users\".\"timezone\", \"public\".\"users\".\"language\", \"public\".\"users\".\"theme\", \"public\".\"users\".\"lastLoginAt\", \"public\".\"users\".\"isActive\", \"public\".\"users\".\"deletedAt\", \"public\".\"users\".\"metadata\", \"public\".\"users\".\"createdAt\", \"public\".\"users\".\"updatedAt\"","duration":500,"msg":"prisma query"}
{"level":"debug","time":"2026-09-16T10:03:10.452Z","pid":37800,"hostname":"DESKTOP-6F2E0JQ","query":"COMMIT","duration":246,"msg":"prisma query"}
{"level":"debug","time":"2026-09-16T10:03:10.698Z","pid":37800,"hostname":"DESKTOP-6F2E0JQ","query":"BEGIN","duration":244,"msg":"prisma query"}
{"level":"debug","time":"2026-09-16T10:03:10.973Z","pid":37800,"hostname":"DESKTOP-6F2E0JQ","query":"DEALLOCATE ALL","duration":275,"msg":"prisma query"}
{"level":"debug","time":"2026-09-16T10:03:11.484Z","pid":37800,"hostname":"DESKTOP-6F2E0JQ","query":"SELECT \"public\".\"alternates\".\"id\" FROM \"public\".\"alternates\" WHERE (\"public\".\"alternates\".\"username\" = $1 AND \"public\".\"alternates\".\"deletedAt\" IS NULL) LIMIT $2 OFFSET $3","duration":510,"msg":"prisma query"}
{"level":"debug","time":"2026-09-16T10:03:11.728Z","pid":37800,"hostname":"DESKTOP-6F2E0JQ","query":"COMMIT","duration":243,"msg":"prisma query"}
{"level":"debug","time":"2026-09-16T10:03:11.981Z","pid":37800,"hostname":"DESKTOP-6F2E0JQ","query":"BEGIN","duration":251,"msg":"prisma query"}
{"level":"debug","time":"2026-09-16T10:03:12.245Z","pid":37800,"hostname":"DESKTOP-6F2E0JQ","query":"DEALLOCATE ALL","duration":263,"msg":"prisma query"}
{"level":"debug","time":"2026-09-16T10:03:12.488Z","pid":37800,"hostname":"DESKTOP-6F2E0JQ","query":"INSERT INTO \"public\".\"alternates\" (\"id\",\"userId\",\"username\",\"displayName\",\"visibility\",\"status\",\"memoryEnabled\",\"createdAt\",\"updatedAt\") VALUES ($1,$2,$3,$4,CAST($5::text AS \"public\".\"AlternateVisibility\"),CAST($6::text AS \"public\".\"AlternateStatus\"),$7,$8,$9) RETURNING \"public\".\"alternates\".\"id\", \"public\".\"alternates\".\"userId\", \"public\".\"alternates\".\"username\", \"public\".\"alternates\".\"displayName\", \"public\".\"alternates\".\"title\", \"public\".\"alternates\".\"bio\", \"public\".\"alternates\".\"avatarUrl\", \"public\".\"alternates\".\"visibility\"::text, \"public\".\"alternates\".\"status\"::text, \"public\".\"alternates\".\"personaPrompt\", \"public\".\"alternates\".\"modelId\", \"public\".\"alternates\".\"publishedAt\", \"public\".\"alternates\".\"memoryEnabled\", \"public\".\"alternates\".\"createdAt\", \"public\".\"alternates\".\"updatedAt\", \"public\".\"alternates\".\"deletedAt\"","duration":243,"msg":"prisma query"}
{"level":"debug","time":"2026-09-16T10:03:12.732Z","pid":37800,"hostname":"DESKTOP-6F2E0JQ","query":"ROLLBACK","duration":242,"msg":"prisma query"}
{"level":"error","time":"2026-09-16T10:03:12.733Z","pid":37800,"hostname":"DESKTOP-6F2E0JQ","message":"\nInvalid `prisma.alternate.create()` invocation in\nC:\\Users\\User\\Alternate me\\backend\\src\\onboarding\\onboarding.service.ts:50:46\n\n  47   throw new ConflictError('Username is already taken');\n  48 }\n  49 \nΓåÆ 50 const alternate = await prisma.alternate.create(\nThe column `memoryEnabled` does not exist in the current database.","target":"alternate.create","timestamp":"2026-09-16T10:03:12.733Z","msg":"prisma error"}
 [31m├ù[39m utils/__tests__/alternates.test.ts[2m > [22mAlternates Module[2m > [22mOnboarding[2m > [22mshould not publish without persona[33m 12739[2mms[22m[39m
[31m   ΓåÆ 
Invalid `prisma.alternate.create()` invocation in
C:\Users\User\Alternate me\backend\src\onboarding\onboarding.service.ts:50:46

  47   throw new ConflictError('Username is already taken');
  48 }
  49 
ΓåÆ 50 const alternate = await prisma.alternate.create(
The column `memoryEnabled` does not exist in the current database.[39m
{"level":"debug","time":"2026-09-16T10:03:12.979Z","pid":37800,"hostname":"DESKTOP-6F2E0JQ","query":"BEGIN","duration":243,"msg":"prisma query"}
{"level":"debug","time":"2026-09-16T10:03:13.221Z","pid":37800,"hostname":"DESKTOP-6F2E0JQ","query":"DEALLOCATE ALL","duration":242,"msg":"prisma query"}
{"level":"debug","time":"2026-09-16T10:03:13.711Z","pid":37800,"hostname":"DESKTOP-6F2E0JQ","query":"DELETE FROM \"public\".\"training_sources\" WHERE EXISTS(SELECT \"t0\".\"id\" FROM \"public\".\"users\" AS \"t0\" WHERE (\"t0\".\"email\"::text LIKE $1 AND (\"public\".\"training_sources\".\"userId\") = (\"t0\".\"id\") AND \"t0\".\"id\" IS NOT NULL))","duration":489,"msg":"prisma query"}
{"level":"debug","time":"2026-09-16T10:03:13.955Z","pid":37800,"hostname":"DESKTOP-6F2E0JQ","query":"COMMIT","duration":243,"msg":"prisma query"}
{"level":"debug","time":"2026-09-16T10:03:14.200Z","pid":37800,"hostname":"DESKTOP-6F2E0JQ","query":"BEGIN","duration":243,"msg":"prisma query"}
{"level":"debug","time":"2026-09-16T10:03:14.445Z","pid":37800,"hostname":"DESKTOP-6F2E0JQ","query":"DEALLOCATE ALL","duration":245,"msg":"prisma query"}
{"level":"debug","time":"2026-09-16T10:03:14.931Z","pid":37800,"hostname":"DESKTOP-6F2E0JQ","query":"DELETE FROM \"public\".\"ai_provider_configs\" WHERE EXISTS(SELECT \"t0\".\"id\" FROM \"public\".\"users\" AS \"t0\" WHERE (\"t0\".\"email\"::text LIKE $1 AND (\"public\".\"ai_provider_configs\".\"userId\") = (\"t0\".\"id\") AND \"t0\".\"id\" IS NOT NULL))","duration":485,"msg":"prisma query"}
{"level":"debug","time":"2026-09-16T10:03:15.231Z","pid":37800,"hostname":"DESKTOP-6F2E0JQ","query":"COMMIT","duration":299,"msg":"prisma query"}
{"level":"debug","time":"2026-09-16T10:03:15.474Z","pid":37800,"hostname":"DESKTOP-6F2E0JQ","query":"BEGIN","duration":242,"msg":"prisma query"}
{"level":"debug","time":"2026-09-16T10:03:15.719Z","pid":37800,"hostname":"DESKTOP-6F2E0JQ","query":"DEALLOCATE ALL","duration":244,"msg":"prisma query"}
{"level":"debug","time":"2026-09-16T10:03:16.218Z","pid":37800,"hostname":"DESKTOP-6F2E0JQ","query":"DELETE FROM \"public\".\"voice_profiles\" WHERE EXISTS(SELECT \"t0\".\"id\" FROM \"public\".\"users\" AS \"t0\" WHERE (\"t0\".\"email\"::text LIKE $1 AND (\"public\".\"voice_profiles\".\"userId\") = (\"t0\".\"id\") AND \"t0\".\"id\" IS NOT NULL))","duration":498,"msg":"prisma query"}
{"level":"debug","time":"2026-09-16T10:03:16.467Z","pid":37800,"hostname":"DESKTOP-6F2E0JQ","query":"COMMIT","duration":249,"msg":"prisma query"}
{"level":"debug","time":"2026-09-16T10:03:16.713Z","pid":37800,"hostname":"DESKTOP-6F2E0JQ","query":"BEGIN","duration":244,"msg":"prisma query"}
{"level":"debug","time":"2026-09-16T10:03:16.959Z","pid":37800,"hostname":"DESKTOP-6F2E0JQ","query":"DEALLOCATE ALL","duration":245,"msg":"prisma query"}
{"level":"debug","time":"2026-09-16T10:03:17.454Z","pid":37800,"hostname":"DESKTOP-6F2E0JQ","query":"DELETE FROM \"public\".\"personas\" WHERE EXISTS(SELECT \"t0\".\"id\" FROM \"public\".\"users\" AS \"t0\" WHERE (\"t0\".\"email\"::text LIKE $1 AND (\"public\".\"personas\".\"userId\") = (\"t0\".\"id\") AND \"t0\".\"id\" IS NOT NULL))","duration":495,"msg":"prisma query"}
{"level":"debug","time":"2026-09-16T10:03:17.701Z","pid":37800,"hostname":"DESKTOP-6F2E0JQ","query":"COMMIT","duration":247,"msg":"prisma query"}
{"level":"debug","time":"2026-09-16T10:03:17.946Z","pid":37800,"hostname":"DESKTOP-6F2E0JQ","query":"BEGIN","duration":243,"msg":"prisma query"}
{"level":"debug","time":"2026-09-16T10:03:18.192Z","pid":37800,"hostname":"DESKTOP-6F2E0JQ","query":"DEALLOCATE ALL","duration":246,"msg":"prisma query"}
{"level":"debug","time":"2026-09-16T10:03:18.777Z","pid":37800,"hostname":"DESKTOP-6F2E0JQ","query":"DELETE FROM \"public\".\"onboardings\" WHERE EXISTS(SELECT \"t0\".\"id\" FROM \"public\".\"users\" AS \"t0\" WHERE (\"t0\".\"email\"::text LIKE $1 AND (\"public\".\"onboardings\".\"userId\") = (\"t0\".\"id\") AND \"t0\".\"id\" IS NOT NULL))","duration":584,"msg":"prisma query"}
{"level":"debug","time":"2026-09-16T10:03:19.034Z","pid":37800,"hostname":"DESKTOP-6F2E0JQ","query":"COMMIT","duration":256,"msg":"prisma query"}
{"level":"debug","time":"2026-09-16T10:03:19.288Z","pid":37800,"hostname":"DESKTOP-6F2E0JQ","query":"BEGIN","duration":253,"msg":"prisma query"}
{"level":"debug","time":"2026-09-16T10:03:19.532Z","pid":37800,"hostname":"DESKTOP-6F2E0JQ","query":"DEALLOCATE ALL","duration":243,"msg":"prisma query"}
{"level":"debug","time":"2026-09-16T10:03:20.026Z","pid":37800,"hostname":"DESKTOP-6F2E0JQ","query":"DELETE FROM \"public\".\"alternates\" WHERE EXISTS(SELECT \"t0\".\"id\" FROM \"public\".\"users\" AS \"t0\" WHERE (\"t0\".\"email\"::text LIKE $1 AND (\"public\".\"alternates\".\"userId\") = (\"t0\".\"id\") AND \"t0\".\"id\" IS NOT NULL))","duration":493,"msg":"prisma query"}
{"level":"debug","time":"2026-09-16T10:03:20.274Z","pid":37800,"hostname":"DESKTOP-6F2E0JQ","query":"COMMIT","duration":247,"msg":"prisma query"}
{"level":"debug","time":"2026-09-16T10:03:20.521Z","pid":37800,"hostname":"DESKTOP-6F2E0JQ","query":"BEGIN","duration":245,"msg":"prisma query"}
{"level":"debug","time":"2026-09-16T10:03:20.763Z","pid":37800,"hostname":"DESKTOP-6F2E0JQ","query":"DEALLOCATE ALL","duration":242,"msg":"prisma query"}
{"level":"debug","time":"2026-09-16T10:03:21.256Z","pid":37800,"hostname":"DESKTOP-6F2E0JQ","query":"DELETE FROM \"public\".\"users\" WHERE \"public\".\"users\".\"email\"::text LIKE $1","duration":492,"msg":"prisma query"}
{"level":"debug","time":"2026-09-16T10:03:21.499Z","pid":37800,"hostname":"DESKTOP-6F2E0JQ","query":"COMMIT","duration":243,"msg":"prisma query"}
{"level":"debug","time":"2026-09-16T10:03:21.745Z","pid":37800,"hostname":"DESKTOP-6F2E0JQ","query":"BEGIN","duration":243,"msg":"prisma query"}
{"level":"debug","time":"2026-09-16T10:03:21.992Z","pid":37800,"hostname":"DESKTOP-6F2E0JQ","query":"DEALLOCATE ALL","duration":246,"msg":"prisma query"}
{"level":"debug","time":"2026-09-16T10:03:22.487Z","pid":37800,"hostname":"DESKTOP-6F2E0JQ","query":"INSERT INTO \"public\".\"users\" (\"id\",\"username\",\"email\",\"role\",\"isMfaEnabled\",\"timezone\",\"language\",\"theme\",\"isActive\",\"createdAt\",\"updatedAt\") VALUES ($1,$2,$3,CAST($4::text AS \"public\".\"UserRole\"),$5,$6,$7,$8,$9,$10,$11) RETURNING \"public\".\"users\".\"id\", \"public\".\"users\".\"tenantId\", \"public\".\"users\".\"username\", \"public\".\"users\".\"email\", \"public\".\"users\".\"emailVerified\", \"public\".\"users\".\"name\", \"public\".\"users\".\"avatarUrl\", \"public\".\"users\".\"role\"::text, \"public\".\"users\".\"passwordHash\", \"public\".\"users\".\"isMfaEnabled\", \"public\".\"users\".\"mfaSecret\", \"public\".\"users\".\"bio\", \"public\".\"users\".\"timezone\", \"public\".\"users\".\"language\", \"public\".\"users\".\"theme\", \"public\".\"users\".\"lastLoginAt\", \"public\".\"users\".\"isActive\", \"public\".\"users\".\"deletedAt\", \"public\".\"users\".\"metadata\", \"public\".\"users\".\"createdAt\", \"public\".\"users\".\"updatedAt\"","duration":494,"msg":"prisma query"}
{"level":"debug","time":"2026-09-16T10:03:22.731Z","pid":37800,"hostname":"DESKTOP-6F2E0JQ","query":"COMMIT","duration":244,"msg":"prisma query"}
{"level":"debug","time":"2026-09-16T10:03:22.980Z","pid":37800,"hostname":"DESKTOP-6F2E0JQ","query":"BEGIN","duration":247,"msg":"prisma query"}
{"level":"debug","time":"2026-09-16T10:03:23.223Z","pid":37800,"hostname":"DESKTOP-6F2E0JQ","query":"DEALLOCATE ALL","duration":242,"msg":"prisma query"}
{"level":"debug","time":"2026-09-16T10:03:23.713Z","pid":37800,"hostname":"DESKTOP-6F2E0JQ","query":"SELECT \"public\".\"alternates\".\"id\" FROM \"public\".\"alternates\" WHERE (\"public\".\"alternates\".\"username\" = $1 AND \"public\".\"alternates\".\"deletedAt\" IS NULL) LIMIT $2 OFFSET $3","duration":489,"msg":"prisma query"}
{"level":"debug","time":"2026-09-16T10:03:23.962Z","pid":37800,"hostname":"DESKTOP-6F2E0JQ","query":"COMMIT","duration":248,"msg":"prisma query"}
{"level":"debug","time":"2026-09-16T10:03:24.209Z","pid":37800,"hostname":"DESKTOP-6F2E0JQ","query":"SELECT 1","duration":246,"msg":"prisma query"}
{"level":"debug","time":"2026-09-16T10:03:24.455Z","pid":37800,"hostname":"DESKTOP-6F2E0JQ","query":"BEGIN","duration":245,"msg":"prisma query"}
{"level":"debug","time":"2026-09-16T10:03:24.698Z","pid":37800,"hostname":"DESKTOP-6F2E0JQ","query":"DEALLOCATE ALL","duration":242,"msg":"prisma query"}
{"level":"debug","time":"2026-09-16T10:03:24.942Z","pid":37800,"hostname":"DESKTOP-6F2E0JQ","query":"INSERT INTO \"public\".\"alternates\" (\"id\",\"userId\",\"username\",\"displayName\",\"visibility\",\"status\",\"memoryEnabled\",\"createdAt\",\"updatedAt\") VALUES ($1,$2,$3,$4,CAST($5::text AS \"public\".\"AlternateVisibility\"),CAST($6::text AS \"public\".\"AlternateStatus\"),$7,$8,$9) RETURNING \"public\".\"alternates\".\"id\", \"public\".\"alternates\".\"userId\", \"public\".\"alternates\".\"username\", \"public\".\"alternates\".\"displayName\", \"public\".\"alternates\".\"title\", \"public\".\"alternates\".\"bio\", \"public\".\"alternates\".\"avatarUrl\", \"public\".\"alternates\".\"visibility\"::text, \"public\".\"alternates\".\"status\"::text, \"public\".\"alternates\".\"personaPrompt\", \"public\".\"alternates\".\"modelId\", \"public\".\"alternates\".\"publishedAt\", \"public\".\"alternates\".\"memoryEnabled\", \"public\".\"alternates\".\"createdAt\", \"public\".\"alternates\".\"updatedAt\", \"public\".\"alternates\".\"deletedAt\"","duration":243,"msg":"prisma query"}
{"level":"debug","time":"2026-09-16T10:03:25.186Z","pid":37800,"hostname":"DESKTOP-6F2E0JQ","query":"ROLLBACK","duration":243,"msg":"prisma query"}
{"level":"error","time":"2026-09-16T10:03:25.187Z","pid":37800,"hostname":"DESKTOP-6F2E0JQ","message":"\nInvalid `prisma.alternate.create()` invocation in\nC:\\Users\\User\\Alternate me\\backend\\src\\onboarding\\onboarding.service.ts:50:46\n\n  47   throw new ConflictError('Username is already taken');\n  48 }\n  49 \nΓåÆ 50 const alternate = await prisma.alternate.create(\nThe column `memoryEnabled` does not exist in the current database.","target":"alternate.create","timestamp":"2026-09-16T10:03:25.187Z","msg":"prisma error"}
 [31m├ù[39m utils/__tests__/alternates.test.ts[2m > [22mAlternates Module[2m > [22mOnboarding[2m > [22mshould not publish without AI provider[33m 12454[2mms[22m[39m
[31m   ΓåÆ 
Invalid `prisma.alternate.create()` invocation in
C:\Users\User\Alternate me\backend\src\onboarding\onboarding.service.ts:50:46

  47   throw new ConflictError('Username is already taken');
  48 }
  49 
ΓåÆ 50 const alternate = await prisma.alternate.create(
The column `memoryEnabled` does not exist in the current database.[39m
{"level":"debug","time":"2026-09-16T10:03:25.432Z","pid":37800,"hostname":"DESKTOP-6F2E0JQ","query":"BEGIN","duration":242,"msg":"prisma query"}
{"level":"debug","time":"2026-09-16T10:03:25.675Z","pid":37800,"hostname":"DESKTOP-6F2E0JQ","query":"DEALLOCATE ALL","duration":242,"msg":"prisma query"}
{"level":"debug","time":"2026-09-16T10:03:26.276Z","pid":37800,"hostname":"DESKTOP-6F2E0JQ","query":"DELETE FROM \"public\".\"training_sources\" WHERE EXISTS(SELECT \"t0\".\"id\" FROM \"public\".\"users\" AS \"t0\" WHERE (\"t0\".\"email\"::text LIKE $1 AND (\"public\".\"training_sources\".\"userId\") = (\"t0\".\"id\") AND \"t0\".\"id\" IS NOT NULL))","duration":601,"msg":"prisma query"}
{"level":"debug","time":"2026-09-16T10:03:26.519Z","pid":37800,"hostname":"DESKTOP-6F2E0JQ","query":"COMMIT","duration":242,"msg":"prisma query"}
{"level":"debug","time":"2026-09-16T10:03:26.771Z","pid":37800,"hostname":"DESKTOP-6F2E0JQ","query":"BEGIN","duration":250,"msg":"prisma query"}
{"level":"debug","time":"2026-09-16T10:03:27.049Z","pid":37800,"hostname":"DESKTOP-6F2E0JQ","query":"DEALLOCATE ALL","duration":277,"msg":"prisma query"}
{"level":"debug","time":"2026-09-16T10:03:27.556Z","pid":37800,"hostname":"DESKTOP-6F2E0JQ","query":"DELETE FROM \"public\".\"ai_provider_configs\" WHERE EXISTS(SELECT \"t0\".\"id\" FROM \"public\".\"users\" AS \"t0\" WHERE (\"t0\".\"email\"::text LIKE $1 AND (\"public\".\"ai_provider_configs\".\"userId\") = (\"t0\".\"id\") AND \"t0\".\"id\" IS NOT NULL))","duration":506,"msg":"prisma query"}
{"level":"debug","time":"2026-09-16T10:03:27.819Z","pid":37800,"hostname":"DESKTOP-6F2E0JQ","query":"COMMIT","duration":262,"msg":"prisma query"}
{"level":"debug","time":"2026-09-16T10:03:28.074Z","pid":37800,"hostname":"DESKTOP-6F2E0JQ","query":"BEGIN","duration":254,"msg":"prisma query"}
{"level":"debug","time":"2026-09-16T10:03:28.318Z","pid":37800,"hostname":"DESKTOP-6F2E0JQ","query":"DEALLOCATE ALL","duration":243,"msg":"prisma query"}
{"level":"debug","time":"2026-09-16T10:03:28.833Z","pid":37800,"hostname":"DESKTOP-6F2E0JQ","query":"DELETE FROM \"public\".\"voice_profiles\" WHERE EXISTS(SELECT \"t0\".\"id\" FROM \"public\".\"users\" AS \"t0\" WHERE (\"t0\".\"email\"::text LIKE $1 AND (\"public\".\"voice_profiles\".\"userId\") = (\"t0\".\"id\") AND \"t0\".\"id\" IS NOT NULL))","duration":515,"msg":"prisma query"}
{"level":"debug","time":"2026-09-16T10:03:29.082Z","pid":37800,"hostname":"DESKTOP-6F2E0JQ","query":"COMMIT","duration":248,"msg":"prisma query"}
{"level":"debug","time":"2026-09-16T10:03:29.347Z","pid":37800,"hostname":"DESKTOP-6F2E0JQ","query":"BEGIN","duration":263,"msg":"prisma query"}
{"level":"debug","time":"2026-09-16T10:03:29.605Z","pid":37800,"hostname":"DESKTOP-6F2E0JQ","query":"DEALLOCATE ALL","duration":258,"msg":"prisma query"}
{"level":"debug","time":"2026-09-16T10:03:30.117Z","pid":37800,"hostname":"DESKTOP-6F2E0JQ","query":"DELETE FROM \"public\".\"personas\" WHERE EXISTS(SELECT \"t0\".\"id\" FROM \"public\".\"users\" AS \"t0\" WHERE (\"t0\".\"email\"::text LIKE $1 AND (\"public\".\"personas\".\"userId\") = (\"t0\".\"id\") AND \"t0\".\"id\" IS NOT NULL))","duration":511,"msg":"prisma query"}
{"level":"debug","time":"2026-09-16T10:03:30.363Z","pid":37800,"hostname":"DESKTOP-6F2E0JQ","query":"COMMIT","duration":245,"msg":"prisma query"}
{"level":"debug","time":"2026-09-16T10:03:30.613Z","pid":37800,"hostname":"DESKTOP-6F2E0JQ","query":"BEGIN","duration":248,"msg":"prisma query"}
{"level":"debug","time":"2026-09-16T10:03:30.862Z","pid":37800,"hostname":"DESKTOP-6F2E0JQ","query":"DEALLOCATE ALL","duration":248,"msg":"prisma query"}
{"level":"debug","time":"2026-09-16T10:03:31.354Z","pid":37800,"hostname":"DESKTOP-6F2E0JQ","query":"DELETE FROM \"public\".\"onboardings\" WHERE EXISTS(SELECT \"t0\".\"id\" FROM \"public\".\"users\" AS \"t0\" WHERE (\"t0\".\"email\"::text LIKE $1 AND (\"public\".\"onboardings\".\"userId\") = (\"t0\".\"id\") AND \"t0\".\"id\" IS NOT NULL))","duration":492,"msg":"prisma query"}
{"level":"debug","time":"2026-09-16T10:03:31.599Z","pid":37800,"hostname":"DESKTOP-6F2E0JQ","query":"COMMIT","duration":245,"msg":"prisma query"}
{"level":"debug","time":"2026-09-16T10:03:31.848Z","pid":37800,"hostname":"DESKTOP-6F2E0JQ","query":"BEGIN","duration":247,"msg":"prisma query"}
{"level":"debug","time":"2026-09-16T10:03:32.090Z","pid":37800,"hostname":"DESKTOP-6F2E0JQ","query":"DEALLOCATE ALL","duration":242,"msg":"prisma query"}
{"level":"debug","time":"2026-09-16T10:03:32.598Z","pid":37800,"hostname":"DESKTOP-6F2E0JQ","query":"DELETE FROM \"public\".\"alternates\" WHERE EXISTS(SELECT \"t0\".\"id\" FROM \"public\".\"users\" AS \"t0\" WHERE (\"t0\".\"email\"::text LIKE $1 AND (\"public\".\"alternates\".\"userId\") = (\"t0\".\"id\") AND \"t0\".\"id\" IS NOT NULL))","duration":506,"msg":"prisma query"}
{"level":"debug","time":"2026-09-16T10:03:32.844Z","pid":37800,"hostname":"DESKTOP-6F2E0JQ","query":"COMMIT","duration":245,"msg":"prisma query"}
{"level":"debug","time":"2026-09-16T10:03:33.101Z","pid":37800,"hostname":"DESKTOP-6F2E0JQ","query":"BEGIN","duration":256,"msg":"prisma query"}
{"level":"debug","time":"2026-09-16T10:03:33.344Z","pid":37800,"hostname":"DESKTOP-6F2E0JQ","query":"DEALLOCATE ALL","duration":243,"msg":"prisma query"}
{"level":"debug","time":"2026-09-16T10:03:33.840Z","pid":37800,"hostname":"DESKTOP-6F2E0JQ","query":"DELETE FROM \"public\".\"users\" WHERE \"public\".\"users\".\"email\"::text LIKE $1","duration":495,"msg":"prisma query"}
{"level":"debug","time":"2026-09-16T10:03:34.084Z","pid":37800,"hostname":"DESKTOP-6F2E0JQ","query":"COMMIT","duration":243,"msg":"prisma query"}
{"level":"debug","time":"2026-09-16T10:03:34.329Z","pid":37800,"hostname":"DESKTOP-6F2E0JQ","query":"BEGIN","duration":242,"msg":"prisma query"}
{"level":"debug","time":"2026-09-16T10:03:34.574Z","pid":37800,"hostname":"DESKTOP-6F2E0JQ","query":"DEALLOCATE ALL","duration":245,"msg":"prisma query"}
{"level":"debug","time":"2026-09-16T10:03:35.074Z","pid":37800,"hostname":"DESKTOP-6F2E0JQ","query":"INSERT INTO \"public\".\"users\" (\"id\",\"username\",\"email\",\"role\",\"isMfaEnabled\",\"timezone\",\"language\",\"theme\",\"isActive\",\"createdAt\",\"updatedAt\") VALUES ($1,$2,$3,CAST($4::text AS \"public\".\"UserRole\"),$5,$6,$7,$8,$9,$10,$11) RETURNING \"public\".\"users\".\"id\", \"public\".\"users\".\"tenantId\", \"public\".\"users\".\"username\", \"public\".\"users\".\"email\", \"public\".\"users\".\"emailVerified\", \"public\".\"users\".\"name\", \"public\".\"users\".\"avatarUrl\", \"public\".\"users\".\"role\"::text, \"public\".\"users\".\"passwordHash\", \"public\".\"users\".\"isMfaEnabled\", \"public\".\"users\".\"mfaSecret\", \"public\".\"users\".\"bio\", \"public\".\"users\".\"timezone\", \"public\".\"users\".\"language\", \"public\".\"users\".\"theme\", \"public\".\"users\".\"lastLoginAt\", \"public\".\"users\".\"isActive\", \"public\".\"users\".\"deletedAt\", \"public\".\"users\".\"metadata\", \"public\".\"users\".\"createdAt\", \"public\".\"users\".\"updatedAt\"","duration":499,"msg":"prisma query"}
{"level":"debug","time":"2026-09-16T10:03:35.320Z","pid":37800,"hostname":"DESKTOP-6F2E0JQ","query":"COMMIT","duration":246,"msg":"prisma query"}
{"level":"debug","time":"2026-09-16T10:03:35.572Z","pid":37800,"hostname":"DESKTOP-6F2E0JQ","query":"BEGIN","duration":250,"msg":"prisma query"}
{"level":"debug","time":"2026-09-16T10:03:35.884Z","pid":37800,"hostname":"DESKTOP-6F2E0JQ","query":"DEALLOCATE ALL","duration":312,"msg":"prisma query"}
{"level":"debug","time":"2026-09-16T10:03:36.471Z","pid":37800,"hostname":"DESKTOP-6F2E0JQ","query":"SELECT \"public\".\"alternates\".\"id\" FROM \"public\".\"alternates\" WHERE (\"public\".\"alternates\".\"username\" = $1 AND \"public\".\"alternates\".\"deletedAt\" IS NULL) LIMIT $2 OFFSET $3","duration":586,"msg":"prisma query"}
{"level":"debug","time":"2026-09-16T10:03:36.715Z","pid":37800,"hostname":"DESKTOP-6F2E0JQ","query":"COMMIT","duration":243,"msg":"prisma query"}
{"level":"debug","time":"2026-09-16T10:03:36.961Z","pid":37800,"hostname":"DESKTOP-6F2E0JQ","query":"BEGIN","duration":243,"msg":"prisma query"}
{"level":"debug","time":"2026-09-16T10:03:37.216Z","pid":37800,"hostname":"DESKTOP-6F2E0JQ","query":"DEALLOCATE ALL","duration":255,"msg":"prisma query"}
{"level":"debug","time":"2026-09-16T10:03:37.481Z","pid":37800,"hostname":"DESKTOP-6F2E0JQ","query":"INSERT INTO \"public\".\"alternates\" (\"id\",\"userId\",\"username\",\"displayName\",\"visibility\",\"status\",\"memoryEnabled\",\"createdAt\",\"updatedAt\") VALUES ($1,$2,$3,$4,CAST($5::text AS \"public\".\"AlternateVisibility\"),CAST($6::text AS \"public\".\"AlternateStatus\"),$7,$8,$9) RETURNING \"public\".\"alternates\".\"id\", \"public\".\"alternates\".\"userId\", \"public\".\"alternates\".\"username\", \"public\".\"alternates\".\"displayName\", \"public\".\"alternates\".\"title\", \"public\".\"alternates\".\"bio\", \"public\".\"alternates\".\"avatarUrl\", \"public\".\"alternates\".\"visibility\"::text, \"public\".\"alternates\".\"status\"::text, \"public\".\"alternates\".\"personaPrompt\", \"public\".\"alternates\".\"modelId\", \"public\".\"alternates\".\"publishedAt\", \"public\".\"alternates\".\"memoryEnabled\", \"public\".\"alternates\".\"createdAt\", \"public\".\"alternates\".\"updatedAt\", \"public\".\"alternates\".\"deletedAt\"","duration":264,"msg":"prisma query"}
{"level":"debug","time":"2026-09-16T10:03:37.854Z","pid":37800,"hostname":"DESKTOP-6F2E0JQ","query":"ROLLBACK","duration":372,"msg":"prisma query"}
{"level":"error","time":"2026-09-16T10:03:37.856Z","pid":37800,"hostname":"DESKTOP-6F2E0JQ","message":"\nInvalid `prisma.alternate.create()` invocation in\nC:\\Users\\User\\Alternate me\\backend\\src\\onboarding\\onboarding.service.ts:50:46\n\n  47   throw new ConflictError('Username is already taken');\n  48 }\n  49 \nΓåÆ 50 const alternate = await prisma.alternate.create(\nThe column `memoryEnabled` does not exist in the current database.","target":"alternate.create","timestamp":"2026-09-16T10:03:37.856Z","msg":"prisma error"}
 [31m├ù[39m utils/__tests__/alternates.test.ts[2m > [22mAlternates Module[2m > [22mOnboarding[2m > [22mshould publish successfully with required steps completed[33m 12668[2mms[22m[39m
[31m   ΓåÆ 
Invalid `prisma.alternate.create()` invocation in
C:\Users\User\Alternate me\backend\src\onboarding\onboarding.service.ts:50:46

  47   throw new ConflictError('Username is already taken');
  48 }
  49 
ΓåÆ 50 const alternate = await prisma.alternate.create(
The column `memoryEnabled` does not exist in the current database.[39m
{"level":"debug","time":"2026-09-16T10:03:38.154Z","pid":37800,"hostname":"DESKTOP-6F2E0JQ","query":"BEGIN","duration":295,"msg":"prisma query"}
{"level":"debug","time":"2026-09-16T10:03:38.517Z","pid":37800,"hostname":"DESKTOP-6F2E0JQ","query":"DEALLOCATE ALL","duration":362,"msg":"prisma query"}
{"level":"debug","time":"2026-09-16T10:03:39.088Z","pid":37800,"hostname":"DESKTOP-6F2E0JQ","query":"DELETE FROM \"public\".\"training_sources\" WHERE EXISTS(SELECT \"t0\".\"id\" FROM \"public\".\"users\" AS \"t0\" WHERE (\"t0\".\"email\"::text LIKE $1 AND (\"public\".\"training_sources\".\"userId\") = (\"t0\".\"id\") AND \"t0\".\"id\" IS NOT NULL))","duration":571,"msg":"prisma query"}
{"level":"debug","time":"2026-09-16T10:03:39.339Z","pid":37800,"hostname":"DESKTOP-6F2E0JQ","query":"COMMIT","duration":250,"msg":"prisma query"}
{"level":"debug","time":"2026-09-16T10:03:39.603Z","pid":37800,"hostname":"DESKTOP-6F2E0JQ","query":"SELECT 1","duration":263,"msg":"prisma query"}
{"level":"debug","time":"2026-09-16T10:03:39.851Z","pid":37800,"hostname":"DESKTOP-6F2E0JQ","query":"BEGIN","duration":247,"msg":"prisma query"}
{"level":"debug","time":"2026-09-16T10:03:40.093Z","pid":37800,"hostname":"DESKTOP-6F2E0JQ","query":"DEALLOCATE ALL","duration":242,"msg":"prisma query"}
{"level":"debug","time":"2026-09-16T10:03:40.585Z","pid":37800,"hostname":"DESKTOP-6F2E0JQ","query":"DELETE FROM \"public\".\"ai_provider_configs\" WHERE EXISTS(SELECT \"t0\".\"id\" FROM \"public\".\"users\" AS \"t0\" WHERE (\"t0\".\"email\"::text LIKE $1 AND (\"public\".\"ai_provider_configs\".\"userId\") = (\"t0\".\"id\") AND \"t0\".\"id\" IS NOT NULL))","duration":492,"msg":"prisma query"}
{"level":"debug","time":"2026-09-16T10:03:40.905Z","pid":37800,"hostname":"DESKTOP-6F2E0JQ","query":"COMMIT","duration":319,"msg":"prisma query"}
{"level":"debug","time":"2026-09-16T10:03:41.150Z","pid":37800,"hostname":"DESKTOP-6F2E0JQ","query":"BEGIN","duration":243,"msg":"prisma query"}
{"level":"debug","time":"2026-09-16T10:03:41.393Z","pid":37800,"hostname":"DESKTOP-6F2E0JQ","query":"DEALLOCATE ALL","duration":242,"msg":"prisma query"}
{"level":"debug","time":"2026-09-16T10:03:41.883Z","pid":37800,"hostname":"DESKTOP-6F2E0JQ","query":"DELETE FROM \"public\".\"voice_profiles\" WHERE EXISTS(SELECT \"t0\".\"id\" FROM \"public\".\"users\" AS \"t0\" WHERE (\"t0\".\"email\"::text LIKE $1 AND (\"public\".\"voice_profiles\".\"userId\") = (\"t0\".\"id\") AND \"t0\".\"id\" IS NOT NULL))","duration":490,"msg":"prisma query"}
{"level":"debug","time":"2026-09-16T10:03:42.129Z","pid":37800,"hostname":"DESKTOP-6F2E0JQ","query":"COMMIT","duration":245,"msg":"prisma query"}
{"level":"debug","time":"2026-09-16T10:03:42.379Z","pid":37800,"hostname":"DESKTOP-6F2E0JQ","query":"BEGIN","duration":248,"msg":"prisma query"}
{"level":"debug","time":"2026-09-16T10:03:42.622Z","pid":37800,"hostname":"DESKTOP-6F2E0JQ","query":"DEALLOCATE ALL","duration":243,"msg":"prisma query"}
{"level":"debug","time":"2026-09-16T10:03:43.129Z","pid":37800,"hostname":"DESKTOP-6F2E0JQ","query":"DELETE FROM \"public\".\"personas\" WHERE EXISTS(SELECT \"t0\".\"id\" FROM \"public\".\"users\" AS \"t0\" WHERE (\"t0\".\"email\"::text LIKE $1 AND (\"public\".\"personas\".\"userId\") = (\"t0\".\"id\") AND \"t0\".\"id\" IS NOT NULL))","duration":506,"msg":"prisma query"}
{"level":"debug","time":"2026-09-16T10:03:43.372Z","pid":37800,"hostname":"DESKTOP-6F2E0JQ","query":"COMMIT","duration":243,"msg":"prisma query"}
{"level":"debug","time":"2026-09-16T10:03:43.617Z","pid":37800,"hostname":"DESKTOP-6F2E0JQ","query":"BEGIN","duration":244,"msg":"prisma query"}
{"level":"debug","time":"2026-09-16T10:03:43.862Z","pid":37800,"hostname":"DESKTOP-6F2E0JQ","query":"DEALLOCATE ALL","duration":244,"msg":"prisma query"}
{"level":"debug","time":"2026-09-16T10:03:44.351Z","pid":37800,"hostname":"DESKTOP-6F2E0JQ","query":"DELETE FROM \"public\".\"onboardings\" WHERE EXISTS(SELECT \"t0\".\"id\" FROM \"public\".\"users\" AS \"t0\" WHERE (\"t0\".\"email\"::text LIKE $1 AND (\"public\".\"onboardings\".\"userId\") = (\"t0\".\"id\") AND \"t0\".\"id\" IS NOT NULL))","duration":488,"msg":"prisma query"}
{"level":"debug","time":"2026-09-16T10:03:44.594Z","pid":37800,"hostname":"DESKTOP-6F2E0JQ","query":"COMMIT","duration":242,"msg":"prisma query"}
{"level":"debug","time":"2026-09-16T10:03:44.846Z","pid":37800,"hostname":"DESKTOP-6F2E0JQ","query":"BEGIN","duration":250,"msg":"prisma query"}
{"level":"debug","time":"2026-09-16T10:03:45.092Z","pid":37800,"hostname":"DESKTOP-6F2E0JQ","query":"DEALLOCATE ALL","duration":245,"msg":"prisma query"}
{"level":"debug","time":"2026-09-16T10:03:45.657Z","pid":37800,"hostname":"DESKTOP-6F2E0JQ","query":"DELETE FROM \"public\".\"alternates\" WHERE EXISTS(SELECT \"t0\".\"id\" FROM \"public\".\"users\" AS \"t0\" WHERE (\"t0\".\"email\"::text LIKE $1 AND (\"public\".\"alternates\".\"userId\") = (\"t0\".\"id\") AND \"t0\".\"id\" IS NOT NULL))","duration":564,"msg":"prisma query"}
{"level":"debug","time":"2026-09-16T10:03:46.657Z","pid":37800,"hostname":"DESKTOP-6F2E0JQ","query":"COMMIT","duration":999,"msg":"prisma query"}
{"level":"debug","time":"2026-09-16T10:03:46.937Z","pid":37800,"hostname":"DESKTOP-6F2E0JQ","query":"BEGIN","duration":279,"msg":"prisma query"}
{"level":"debug","time":"2026-09-16T10:03:47.188Z","pid":37800,"hostname":"DESKTOP-6F2E0JQ","query":"DEALLOCATE ALL","duration":250,"msg":"prisma query"}
{"level":"debug","time":"2026-09-16T10:03:47.679Z","pid":37800,"hostname":"DESKTOP-6F2E0JQ","query":"DELETE FROM \"public\".\"users\" WHERE \"public\".\"users\".\"email\"::text LIKE $1","duration":491,"msg":"prisma query"}
{"level":"debug","time":"2026-09-16T10:03:48.022Z","pid":37800,"hostname":"DESKTOP-6F2E0JQ","query":"COMMIT","duration":342,"msg":"prisma query"}
{"level":"debug","time":"2026-09-16T10:03:48.315Z","pid":37800,"hostname":"DESKTOP-6F2E0JQ","query":"BEGIN","duration":291,"msg":"prisma query"}
{"level":"debug","time":"2026-09-16T10:03:48.561Z","pid":37800,"hostname":"DESKTOP-6F2E0JQ","query":"DEALLOCATE ALL","duration":246,"msg":"prisma query"}
{"level":"debug","time":"2026-09-16T10:03:49.059Z","pid":37800,"hostname":"DESKTOP-6F2E0JQ","query":"INSERT INTO \"public\".\"users\" (\"id\",\"username\",\"email\",\"role\",\"isMfaEnabled\",\"timezone\",\"language\",\"theme\",\"isActive\",\"createdAt\",\"updatedAt\") VALUES ($1,$2,$3,CAST($4::text AS \"public\".\"UserRole\"),$5,$6,$7,$8,$9,$10,$11) RETURNING \"public\".\"users\".\"id\", \"public\".\"users\".\"tenantId\", \"public\".\"users\".\"username\", \"public\".\"users\".\"email\", \"public\".\"users\".\"emailVerified\", \"public\".\"users\".\"name\", \"public\".\"users\".\"avatarUrl\", \"public\".\"users\".\"role\"::text, \"public\".\"users\".\"passwordHash\", \"public\".\"users\".\"isMfaEnabled\", \"public\".\"users\".\"mfaSecret\", \"public\".\"users\".\"bio\", \"public\".\"users\".\"timezone\", \"public\".\"users\".\"language\", \"public\".\"users\".\"theme\", \"public\".\"users\".\"lastLoginAt\", \"public\".\"users\".\"isActive\", \"public\".\"users\".\"deletedAt\", \"public\".\"users\".\"metadata\", \"public\".\"users\".\"createdAt\", \"public\".\"users\".\"updatedAt\"","duration":497,"msg":"prisma query"}
{"level":"debug","time":"2026-09-16T10:03:49.311Z","pid":37800,"hostname":"DESKTOP-6F2E0JQ","query":"COMMIT","duration":251,"msg":"prisma query"}
{"level":"debug","time":"2026-09-16T10:03:49.589Z","pid":37800,"hostname":"DESKTOP-6F2E0JQ","query":"BEGIN","duration":277,"msg":"prisma query"}
{"level":"debug","time":"2026-09-16T10:03:49.844Z","pid":37800,"hostname":"DESKTOP-6F2E0JQ","query":"DEALLOCATE ALL","duration":254,"msg":"prisma query"}
{"level":"debug","time":"2026-09-16T10:03:50.341Z","pid":37800,"hostname":"DESKTOP-6F2E0JQ","query":"INSERT INTO \"public\".\"users\" (\"id\",\"username\",\"email\",\"role\",\"isMfaEnabled\",\"timezone\",\"language\",\"theme\",\"isActive\",\"createdAt\",\"updatedAt\") VALUES ($1,$2,$3,CAST($4::text AS \"public\".\"UserRole\"),$5,$6,$7,$8,$9,$10,$11) RETURNING \"public\".\"users\".\"id\", \"public\".\"users\".\"tenantId\", \"public\".\"users\".\"username\", \"public\".\"users\".\"email\", \"public\".\"users\".\"emailVerified\", \"public\".\"users\".\"name\", \"public\".\"users\".\"avatarUrl\", \"public\".\"users\".\"role\"::text, \"public\".\"users\".\"passwordHash\", \"public\".\"users\".\"isMfaEnabled\", \"public\".\"users\".\"mfaSecret\", \"public\".\"users\".\"bio\", \"public\".\"users\".\"timezone\", \"public\".\"users\".\"language\", \"public\".\"users\".\"theme\", \"public\".\"users\".\"lastLoginAt\", \"public\".\"users\".\"isActive\", \"public\".\"users\".\"deletedAt\", \"public\".\"users\".\"metadata\", \"public\".\"users\".\"createdAt\", \"public\".\"users\".\"updatedAt\"","duration":496,"msg":"prisma query"}
{"level":"debug","time":"2026-09-16T10:03:50.599Z","pid":37800,"hostname":"DESKTOP-6F2E0JQ","query":"COMMIT","duration":257,"msg":"prisma query"}
{"level":"debug","time":"2026-09-16T10:03:50.848Z","pid":37800,"hostname":"DESKTOP-6F2E0JQ","query":"BEGIN","duration":247,"msg":"prisma query"}
{"level":"debug","time":"2026-09-16T10:03:51.105Z","pid":37800,"hostname":"DESKTOP-6F2E0JQ","query":"DEALLOCATE ALL","duration":256,"msg":"prisma query"}
{"level":"debug","time":"2026-09-16T10:03:51.628Z","pid":37800,"hostname":"DESKTOP-6F2E0JQ","query":"SELECT \"public\".\"alternates\".\"id\" FROM \"public\".\"alternates\" WHERE (\"public\".\"alternates\".\"username\" = $1 AND \"public\".\"alternates\".\"deletedAt\" IS NULL) LIMIT $2 OFFSET $3","duration":523,"msg":"prisma query"}
{"level":"debug","time":"2026-09-16T10:03:51.875Z","pid":37800,"hostname":"DESKTOP-6F2E0JQ","query":"COMMIT","duration":247,"msg":"prisma query"}
{"level":"debug","time":"2026-09-16T10:03:52.129Z","pid":37800,"hostname":"DESKTOP-6F2E0JQ","query":"BEGIN","duration":252,"msg":"prisma query"}
{"level":"debug","time":"2026-09-16T10:03:52.470Z","pid":37800,"hostname":"DESKTOP-6F2E0JQ","query":"DEALLOCATE ALL","duration":341,"msg":"prisma query"}
{"level":"debug","time":"2026-09-16T10:03:52.756Z","pid":37800,"hostname":"DESKTOP-6F2E0JQ","query":"INSERT INTO \"public\".\"alternates\" (\"id\",\"userId\",\"username\",\"displayName\",\"visibility\",\"status\",\"memoryEnabled\",\"createdAt\",\"updatedAt\") VALUES ($1,$2,$3,$4,CAST($5::text AS \"public\".\"AlternateVisibility\"),CAST($6::text AS \"public\".\"AlternateStatus\"),$7,$8,$9) RETURNING \"public\".\"alternates\".\"id\", \"public\".\"alternates\".\"userId\", \"public\".\"alternates\".\"username\", \"public\".\"alternates\".\"displayName\", \"public\".\"alternates\".\"title\", \"public\".\"alternates\".\"bio\", \"public\".\"alternates\".\"avatarUrl\", \"public\".\"alternates\".\"visibility\"::text, \"public\".\"alternates\".\"status\"::text, \"public\".\"alternates\".\"personaPrompt\", \"public\".\"alternates\".\"modelId\", \"public\".\"alternates\".\"publishedAt\", \"public\".\"alternates\".\"memoryEnabled\", \"public\".\"alternates\".\"createdAt\", \"public\".\"alternates\".\"updatedAt\", \"public\".\"alternates\".\"deletedAt\"","duration":285,"msg":"prisma query"}
{"level":"debug","time":"2026-09-16T10:03:53.003Z","pid":37800,"hostname":"DESKTOP-6F2E0JQ","query":"ROLLBACK","duration":246,"msg":"prisma query"}
{"level":"error","time":"2026-09-16T10:03:53.004Z","pid":37800,"hostname":"DESKTOP-6F2E0JQ","message":"\nInvalid `prisma.alternate.create()` invocation in\nC:\\Users\\User\\Alternate me\\backend\\src\\onboarding\\onboarding.service.ts:50:46\n\n  47   throw new ConflictError('Username is already taken');\n  48 }\n  49 \nΓåÆ 50 const alternate = await prisma.alternate.create(\nThe column `memoryEnabled` does not exist in the current database.","target":"alternate.create","timestamp":"2026-09-16T10:03:53.004Z","msg":"prisma error"}
 [31m├ù[39m utils/__tests__/alternates.test.ts[2m > [22mAlternates Module[2m > [22mOnboarding[2m > [22mshould not allow user B to publish user A alternate[33m 15148[2mms[22m[39m
[31m   ΓåÆ 
Invalid `prisma.alternate.create()` invocation in
C:\Users\User\Alternate me\backend\src\onboarding\onboarding.service.ts:50:46

  47   throw new ConflictError('Username is already taken');
  48 }
  49 
ΓåÆ 50 const alternate = await prisma.alternate.create(
The column `memoryEnabled` does not exist in the current database.[39m
{"level":"debug","time":"2026-09-16T10:03:53.275Z","pid":37800,"hostname":"DESKTOP-6F2E0JQ","query":"BEGIN","duration":268,"msg":"prisma query"}
{"level":"debug","time":"2026-09-16T10:03:53.524Z","pid":37800,"hostname":"DESKTOP-6F2E0JQ","query":"DEALLOCATE ALL","duration":249,"msg":"prisma query"}
{"level":"debug","time":"2026-09-16T10:03:54.030Z","pid":37800,"hostname":"DESKTOP-6F2E0JQ","query":"DELETE FROM \"public\".\"training_sources\" WHERE EXISTS(SELECT \"t0\".\"id\" FROM \"public\".\"users\" AS \"t0\" WHERE (\"t0\".\"email\"::text LIKE $1 AND (\"public\".\"training_sources\".\"userId\") = (\"t0\".\"id\") AND \"t0\".\"id\" IS NOT NULL))","duration":505,"msg":"prisma query"}
{"level":"debug","time":"2026-09-16T10:03:54.274Z","pid":37800,"hostname":"DESKTOP-6F2E0JQ","query":"COMMIT","duration":244,"msg":"prisma query"}
{"level":"debug","time":"2026-09-16T10:03:54.519Z","pid":37800,"hostname":"DESKTOP-6F2E0JQ","query":"BEGIN","duration":243,"msg":"prisma query"}
{"level":"debug","time":"2026-09-16T10:03:54.781Z","pid":37800,"hostname":"DESKTOP-6F2E0JQ","query":"DEALLOCATE ALL","duration":262,"msg":"prisma query"}
{"level":"debug","time":"2026-09-16T10:03:55.314Z","pid":37800,"hostname":"DESKTOP-6F2E0JQ","query":"DELETE FROM \"public\".\"ai_provider_configs\" WHERE EXISTS(SELECT \"t0\".\"id\" FROM \"public\".\"users\" AS \"t0\" WHERE (\"t0\".\"email\"::text LIKE $1 AND (\"public\".\"ai_provider_configs\".\"userId\") = (\"t0\".\"id\") AND \"t0\".\"id\" IS NOT NULL))","duration":533,"msg":"prisma query"}
{"level":"debug","time":"2026-09-16T10:03:55.562Z","pid":37800,"hostname":"DESKTOP-6F2E0JQ","query":"COMMIT","duration":247,"msg":"prisma query"}
{"level":"debug","time":"2026-09-16T10:03:55.805Z","pid":37800,"hostname":"DESKTOP-6F2E0JQ","query":"SELECT 1","duration":242,"msg":"prisma query"}
{"level":"debug","time":"2026-09-16T10:03:56.050Z","pid":37800,"hostname":"DESKTOP-6F2E0JQ","query":"BEGIN","duration":244,"msg":"prisma query"}
{"level":"debug","time":"2026-09-16T10:03:56.298Z","pid":37800,"hostname":"DESKTOP-6F2E0JQ","query":"DEALLOCATE ALL","duration":247,"msg":"prisma query"}
{"level":"debug","time":"2026-09-16T10:03:56.794Z","pid":37800,"hostname":"DESKTOP-6F2E0JQ","query":"DELETE FROM \"public\".\"voice_profiles\" WHERE EXISTS(SELECT \"t0\".\"id\" FROM \"public\".\"users\" AS \"t0\" WHERE (\"t0\".\"email\"::text LIKE $1 AND (\"public\".\"voice_profiles\".\"userId\") = (\"t0\".\"id\") AND \"t0\".\"id\" IS NOT NULL))","duration":495,"msg":"prisma query"}
{"level":"debug","time":"2026-09-16T10:03:57.045Z","pid":37800,"hostname":"DESKTOP-6F2E0JQ","query":"COMMIT","duration":250,"msg":"prisma query"}
{"level":"debug","time":"2026-09-16T10:03:57.289Z","pid":37800,"hostname":"DESKTOP-6F2E0JQ","query":"BEGIN","duration":243,"msg":"prisma query"}
{"level":"debug","time":"2026-09-16T10:03:57.571Z","pid":37800,"hostname":"DESKTOP-6F2E0JQ","query":"DEALLOCATE ALL","duration":282,"msg":"prisma query"}
{"level":"debug","time":"2026-09-16T10:03:58.063Z","pid":37800,"hostname":"DESKTOP-6F2E0JQ","query":"DELETE FROM \"public\".\"personas\" WHERE EXISTS(SELECT \"t0\".\"id\" FROM \"public\".\"users\" AS \"t0\" WHERE (\"t0\".\"email\"::text LIKE $1 AND (\"public\".\"personas\".\"userId\") = (\"t0\".\"id\") AND \"t0\".\"id\" IS NOT NULL))","duration":491,"msg":"prisma query"}
{"level":"debug","time":"2026-09-16T10:03:58.312Z","pid":37800,"hostname":"DESKTOP-6F2E0JQ","query":"COMMIT","duration":248,"msg":"prisma query"}
{"level":"debug","time":"2026-09-16T10:03:58.568Z","pid":37800,"hostname":"DESKTOP-6F2E0JQ","query":"BEGIN","duration":255,"msg":"prisma query"}
{"level":"debug","time":"2026-09-16T10:03:58.822Z","pid":37800,"hostname":"DESKTOP-6F2E0JQ","query":"DEALLOCATE ALL","duration":253,"msg":"prisma query"}
{"level":"debug","time":"2026-09-16T10:03:59.313Z","pid":37800,"hostname":"DESKTOP-6F2E0JQ","query":"DELETE FROM \"public\".\"onboardings\" WHERE EXISTS(SELECT \"t0\".\"id\" FROM \"public\".\"users\" AS \"t0\" WHERE (\"t0\".\"email\"::text LIKE $1 AND (\"public\".\"onboardings\".\"userId\") = (\"t0\".\"id\") AND \"t0\".\"id\" IS NOT NULL))","duration":490,"msg":"prisma query"}
{"level":"debug","time":"2026-09-16T10:03:59.558Z","pid":37800,"hostname":"DESKTOP-6F2E0JQ","query":"COMMIT","duration":245,"msg":"prisma query"}
{"level":"debug","time":"2026-09-16T10:03:59.812Z","pid":37800,"hostname":"DESKTOP-6F2E0JQ","query":"BEGIN","duration":252,"msg":"prisma query"}
{"level":"debug","time":"2026-09-16T10:04:00.056Z","pid":37800,"hostname":"DESKTOP-6F2E0JQ","query":"DEALLOCATE ALL","duration":243,"msg":"prisma query"}
{"level":"debug","time":"2026-09-16T10:04:00.542Z","pid":37800,"hostname":"DESKTOP-6F2E0JQ","query":"DELETE FROM \"public\".\"alternates\" WHERE EXISTS(SELECT \"t0\".\"id\" FROM \"public\".\"users\" AS \"t0\" WHERE (\"t0\".\"email\"::text LIKE $1 AND (\"public\".\"alternates\".\"userId\") = (\"t0\".\"id\") AND \"t0\".\"id\" IS NOT NULL))","duration":486,"msg":"prisma query"}
{"level":"debug","time":"2026-09-16T10:04:00.785Z","pid":37800,"hostname":"DESKTOP-6F2E0JQ","query":"COMMIT","duration":242,"msg":"prisma query"}
{"level":"debug","time":"2026-09-16T10:04:01.029Z","pid":37800,"hostname":"DESKTOP-6F2E0JQ","query":"BEGIN","duration":243,"msg":"prisma query"}
{"level":"debug","time":"2026-09-16T10:04:01.289Z","pid":37800,"hostname":"DESKTOP-6F2E0JQ","query":"DEALLOCATE ALL","duration":259,"msg":"prisma query"}
{"level":"debug","time":"2026-09-16T10:04:01.847Z","pid":37800,"hostname":"DESKTOP-6F2E0JQ","query":"DELETE FROM \"public\".\"users\" WHERE \"public\".\"users\".\"email\"::text LIKE $1","duration":558,"msg":"prisma query"}
{"level":"debug","time":"2026-09-16T10:04:02.413Z","pid":37800,"hostname":"DESKTOP-6F2E0JQ","query":"COMMIT","duration":566,"msg":"prisma query"}
{"level":"debug","time":"2026-09-16T10:04:02.695Z","pid":37800,"hostname":"DESKTOP-6F2E0JQ","query":"BEGIN","duration":279,"msg":"prisma query"}
{"level":"debug","time":"2026-09-16T10:04:03.389Z","pid":37800,"hostname":"DESKTOP-6F2E0JQ","query":"DEALLOCATE ALL","duration":693,"msg":"prisma query"}
{"level":"debug","time":"2026-09-16T10:04:03.883Z","pid":37800,"hostname":"DESKTOP-6F2E0JQ","query":"INSERT INTO \"public\".\"users\" (\"id\",\"username\",\"email\",\"role\",\"isMfaEnabled\",\"timezone\",\"language\",\"theme\",\"isActive\",\"createdAt\",\"updatedAt\") VALUES ($1,$2,$3,CAST($4::text AS \"public\".\"UserRole\"),$5,$6,$7,$8,$9,$10,$11) RETURNING \"public\".\"users\".\"id\", \"public\".\"users\".\"tenantId\", \"public\".\"users\".\"username\", \"public\".\"users\".\"email\", \"public\".\"users\".\"emailVerified\", \"public\".\"users\".\"name\", \"public\".\"users\".\"avatarUrl\", \"public\".\"users\".\"role\"::text, \"public\".\"users\".\"passwordHash\", \"public\".\"users\".\"isMfaEnabled\", \"public\".\"users\".\"mfaSecret\", \"public\".\"users\".\"bio\", \"public\".\"users\".\"timezone\", \"public\".\"users\".\"language\", \"public\".\"users\".\"theme\", \"public\".\"users\".\"lastLoginAt\", \"public\".\"users\".\"isActive\", \"public\".\"users\".\"deletedAt\", \"public\".\"users\".\"metadata\", \"public\".\"users\".\"createdAt\", \"public\".\"users\".\"updatedAt\"","duration":494,"msg":"prisma query"}
{"level":"debug","time":"2026-09-16T10:04:04.128Z","pid":37800,"hostname":"DESKTOP-6F2E0JQ","query":"COMMIT","duration":244,"msg":"prisma query"}
{"level":"debug","time":"2026-09-16T10:04:04.382Z","pid":37800,"hostname":"DESKTOP-6F2E0JQ","query":"BEGIN","duration":253,"msg":"prisma query"}
{"level":"debug","time":"2026-09-16T10:04:04.636Z","pid":37800,"hostname":"DESKTOP-6F2E0JQ","query":"DEALLOCATE ALL","duration":253,"msg":"prisma query"}
{"level":"debug","time":"2026-09-16T10:04:05.128Z","pid":37800,"hostname":"DESKTOP-6F2E0JQ","query":"SELECT \"public\".\"alternates\".\"id\" FROM \"public\".\"alternates\" WHERE (\"public\".\"alternates\".\"username\" = $1 AND \"public\".\"alternates\".\"deletedAt\" IS NULL) LIMIT $2 OFFSET $3","duration":492,"msg":"prisma query"}
{"level":"debug","time":"2026-09-16T10:04:05.371Z","pid":37800,"hostname":"DESKTOP-6F2E0JQ","query":"COMMIT","duration":242,"msg":"prisma query"}
{"level":"debug","time":"2026-09-16T10:04:05.618Z","pid":37800,"hostname":"DESKTOP-6F2E0JQ","query":"BEGIN","duration":245,"msg":"prisma query"}
{"level":"debug","time":"2026-09-16T10:04:05.861Z","pid":37800,"hostname":"DESKTOP-6F2E0JQ","query":"DEALLOCATE ALL","duration":242,"msg":"prisma query"}
{"level":"debug","time":"2026-09-16T10:04:06.108Z","pid":37800,"hostname":"DESKTOP-6F2E0JQ","query":"INSERT INTO \"public\".\"alternates\" (\"id\",\"userId\",\"username\",\"displayName\",\"visibility\",\"status\",\"memoryEnabled\",\"createdAt\",\"updatedAt\") VALUES ($1,$2,$3,$4,CAST($5::text AS \"public\".\"AlternateVisibility\"),CAST($6::text AS \"public\".\"AlternateStatus\"),$7,$8,$9) RETURNING \"public\".\"alternates\".\"id\", \"public\".\"alternates\".\"userId\", \"public\".\"alternates\".\"username\", \"public\".\"alternates\".\"displayName\", \"public\".\"alternates\".\"title\", \"public\".\"alternates\".\"bio\", \"public\".\"alternates\".\"avatarUrl\", \"public\".\"alternates\".\"visibility\"::text, \"public\".\"alternates\".\"status\"::text, \"public\".\"alternates\".\"personaPrompt\", \"public\".\"alternates\".\"modelId\", \"public\".\"alternates\".\"publishedAt\", \"public\".\"alternates\".\"memoryEnabled\", \"public\".\"alternates\".\"createdAt\", \"public\".\"alternates\".\"updatedAt\", \"public\".\"alternates\".\"deletedAt\"","duration":246,"msg":"prisma query"}
{"level":"debug","time":"2026-09-16T10:04:06.357Z","pid":37800,"hostname":"DESKTOP-6F2E0JQ","query":"ROLLBACK","duration":248,"msg":"prisma query"}
{"level":"error","time":"2026-09-16T10:04:06.358Z","pid":37800,"hostname":"DESKTOP-6F2E0JQ","message":"\nInvalid `prisma.alternate.create()` invocation in\nC:\\Users\\User\\Alternate me\\backend\\src\\onboarding\\onboarding.service.ts:50:46\n\n  47   throw new ConflictError('Username is already taken');\n  48 }\n  49 \nΓåÆ 50 const alternate = await prisma.alternate.create(\nThe column `memoryEnabled` does not exist in the current database.","target":"alternate.create","timestamp":"2026-09-16T10:04:06.358Z","msg":"prisma error"}
 [31m├ù[39m utils/__tests__/alternates.test.ts[2m > [22mAlternates Module[2m > [22mOnboarding[2m > [22mshould reject duplicate username during onboarding[33m 13353[2mms[22m[39m
[31m   ΓåÆ 
Invalid `prisma.alternate.create()` invocation in
C:\Users\User\Alternate me\backend\src\onboarding\onboarding.service.ts:50:46

  47   throw new ConflictError('Username is already taken');
  48 }
  49 
ΓåÆ 50 const alternate = await prisma.alternate.create(
The column `memoryEnabled` does not exist in the current database.[39m
{"level":"debug","time":"2026-09-16T10:04:06.602Z","pid":37800,"hostname":"DESKTOP-6F2E0JQ","query":"BEGIN","duration":242,"msg":"prisma query"}
{"level":"debug","time":"2026-09-16T10:04:06.845Z","pid":37800,"hostname":"DESKTOP-6F2E0JQ","query":"DEALLOCATE ALL","duration":242,"msg":"prisma query"}
{"level":"debug","time":"2026-09-16T10:04:07.343Z","pid":37800,"hostname":"DESKTOP-6F2E0JQ","query":"DELETE FROM \"public\".\"training_sources\" WHERE EXISTS(SELECT \"t0\".\"id\" FROM \"public\".\"users\" AS \"t0\" WHERE (\"t0\".\"email\"::text LIKE $1 AND (\"public\".\"training_sources\".\"userId\") = (\"t0\".\"id\") AND \"t0\".\"id\" IS NOT NULL))","duration":497,"msg":"prisma query"}
{"level":"debug","time":"2026-09-16T10:04:07.593Z","pid":37800,"hostname":"DESKTOP-6F2E0JQ","query":"COMMIT","duration":250,"msg":"prisma query"}
{"level":"debug","time":"2026-09-16T10:04:07.843Z","pid":37800,"hostname":"DESKTOP-6F2E0JQ","query":"BEGIN","duration":248,"msg":"prisma query"}
{"level":"debug","time":"2026-09-16T10:04:08.089Z","pid":37800,"hostname":"DESKTOP-6F2E0JQ","query":"DEALLOCATE ALL","duration":246,"msg":"prisma query"}
{"level":"debug","time":"2026-09-16T10:04:08.583Z","pid":37800,"hostname":"DESKTOP-6F2E0JQ","query":"DELETE FROM \"public\".\"ai_provider_configs\" WHERE EXISTS(SELECT \"t0\".\"id\" FROM \"public\".\"users\" AS \"t0\" WHERE (\"t0\".\"email\"::text LIKE $1 AND (\"public\".\"ai_provider_configs\".\"userId\") = (\"t0\".\"id\") AND \"t0\".\"id\" IS NOT NULL))","duration":493,"msg":"prisma query"}
{"level":"debug","time":"2026-09-16T10:04:08.826Z","pid":37800,"hostname":"DESKTOP-6F2E0JQ","query":"COMMIT","duration":243,"msg":"prisma query"}
{"level":"debug","time":"2026-09-16T10:04:09.085Z","pid":37800,"hostname":"DESKTOP-6F2E0JQ","query":"BEGIN","duration":258,"msg":"prisma query"}
{"level":"debug","time":"2026-09-16T10:04:09.334Z","pid":37800,"hostname":"DESKTOP-6F2E0JQ","query":"DEALLOCATE ALL","duration":248,"msg":"prisma query"}
{"level":"debug","time":"2026-09-16T10:04:09.821Z","pid":37800,"hostname":"DESKTOP-6F2E0JQ","query":"DELETE FROM \"public\".\"voice_profiles\" WHERE EXISTS(SELECT \"t0\".\"id\" FROM \"public\".\"users\" AS \"t0\" WHERE (\"t0\".\"email\"::text LIKE $1 AND (\"public\".\"voice_profiles\".\"userId\") = (\"t0\".\"id\") AND \"t0\".\"id\" IS NOT NULL))","duration":487,"msg":"prisma query"}
{"level":"debug","time":"2026-09-16T10:04:10.064Z","pid":37800,"hostname":"DESKTOP-6F2E0JQ","query":"COMMIT","duration":242,"msg":"prisma query"}
{"level":"debug","time":"2026-09-16T10:04:10.309Z","pid":37800,"hostname":"DESKTOP-6F2E0JQ","query":"BEGIN","duration":243,"msg":"prisma query"}
{"level":"debug","time":"2026-09-16T10:04:10.553Z","pid":37800,"hostname":"DESKTOP-6F2E0JQ","query":"DEALLOCATE ALL","duration":244,"msg":"prisma query"}
{"level":"debug","time":"2026-09-16T10:04:11.043Z","pid":37800,"hostname":"DESKTOP-6F2E0JQ","query":"DELETE FROM \"public\".\"personas\" WHERE EXISTS(SELECT \"t0\".\"id\" FROM \"public\".\"users\" AS \"t0\" WHERE (\"t0\".\"email\"::text LIKE $1 AND (\"public\".\"personas\".\"userId\") = (\"t0\".\"id\") AND \"t0\".\"id\" IS NOT NULL))","duration":489,"msg":"prisma query"}
{"level":"debug","time":"2026-09-16T10:04:11.286Z","pid":37800,"hostname":"DESKTOP-6F2E0JQ","query":"COMMIT","duration":242,"msg":"prisma query"}
{"level":"debug","time":"2026-09-16T10:04:11.534Z","pid":37800,"hostname":"DESKTOP-6F2E0JQ","query":"SELECT 1","duration":247,"msg":"prisma query"}
{"level":"debug","time":"2026-09-16T10:04:11.777Z","pid":37800,"hostname":"DESKTOP-6F2E0JQ","query":"BEGIN","duration":242,"msg":"prisma query"}
{"level":"debug","time":"2026-09-16T10:04:12.022Z","pid":37800,"hostname":"DESKTOP-6F2E0JQ","query":"DEALLOCATE ALL","duration":244,"msg":"prisma query"}
{"level":"debug","time":"2026-09-16T10:04:12.516Z","pid":37800,"hostname":"DESKTOP-6F2E0JQ","query":"DELETE FROM \"public\".\"onboardings\" WHERE EXISTS(SELECT \"t0\".\"id\" FROM \"public\".\"users\" AS \"t0\" WHERE (\"t0\".\"email\"::text LIKE $1 AND (\"public\".\"onboardings\".\"userId\") = (\"t0\".\"id\") AND \"t0\".\"id\" IS NOT NULL))","duration":493,"msg":"prisma query"}
{"level":"debug","time":"2026-09-16T10:04:12.773Z","pid":37800,"hostname":"DESKTOP-6F2E0JQ","query":"COMMIT","duration":256,"msg":"prisma query"}
{"level":"debug","time":"2026-09-16T10:04:13.033Z","pid":37800,"hostname":"DESKTOP-6F2E0JQ","query":"BEGIN","duration":258,"msg":"prisma query"}
{"level":"debug","time":"2026-09-16T10:04:13.277Z","pid":37800,"hostname":"DESKTOP-6F2E0JQ","query":"DEALLOCATE ALL","duration":244,"msg":"prisma query"}
{"level":"debug","time":"2026-09-16T10:04:13.772Z","pid":37800,"hostname":"DESKTOP-6F2E0JQ","query":"DELETE FROM \"public\".\"alternates\" WHERE EXISTS(SELECT \"t0\".\"id\" FROM \"public\".\"users\" AS \"t0\" WHERE (\"t0\".\"email\"::text LIKE $1 AND (\"public\".\"alternates\".\"userId\") = (\"t0\".\"id\") AND \"t0\".\"id\" IS NOT NULL))","duration":494,"msg":"prisma query"}
{"level":"debug","time":"2026-09-16T10:04:14.017Z","pid":37800,"hostname":"DESKTOP-6F2E0JQ","query":"COMMIT","duration":245,"msg":"prisma query"}
{"level":"debug","time":"2026-09-16T10:04:14.263Z","pid":37800,"hostname":"DESKTOP-6F2E0JQ","query":"BEGIN","duration":244,"msg":"prisma query"}
{"level":"debug","time":"2026-09-16T10:04:14.512Z","pid":37800,"hostname":"DESKTOP-6F2E0JQ","query":"DEALLOCATE ALL","duration":248,"msg":"prisma query"}
{"level":"debug","time":"2026-09-16T10:04:15.013Z","pid":37800,"hostname":"DESKTOP-6F2E0JQ","query":"DELETE FROM \"public\".\"users\" WHERE \"public\".\"users\".\"email\"::text LIKE $1","duration":501,"msg":"prisma query"}
{"level":"debug","time":"2026-09-16T10:04:15.264Z","pid":37800,"hostname":"DESKTOP-6F2E0JQ","query":"COMMIT","duration":251,"msg":"prisma query"}
{"level":"debug","time":"2026-09-16T10:04:15.509Z","pid":37800,"hostname":"DESKTOP-6F2E0JQ","query":"BEGIN","duration":242,"msg":"prisma query"}
{"level":"debug","time":"2026-09-16T10:04:15.753Z","pid":37800,"hostname":"DESKTOP-6F2E0JQ","query":"DEALLOCATE ALL","duration":244,"msg":"prisma query"}
{"level":"debug","time":"2026-09-16T10:04:16.259Z","pid":37800,"hostname":"DESKTOP-6F2E0JQ","query":"INSERT INTO \"public\".\"users\" (\"id\",\"username\",\"email\",\"role\",\"isMfaEnabled\",\"timezone\",\"language\",\"theme\",\"isActive\",\"createdAt\",\"updatedAt\") VALUES ($1,$2,$3,CAST($4::text AS \"public\".\"UserRole\"),$5,$6,$7,$8,$9,$10,$11) RETURNING \"public\".\"users\".\"id\", \"public\".\"users\".\"tenantId\", \"public\".\"users\".\"username\", \"public\".\"users\".\"email\", \"public\".\"users\".\"emailVerified\", \"public\".\"users\".\"name\", \"public\".\"users\".\"avatarUrl\", \"public\".\"users\".\"role\"::text, \"public\".\"users\".\"passwordHash\", \"public\".\"users\".\"isMfaEnabled\", \"public\".\"users\".\"mfaSecret\", \"public\".\"users\".\"bio\", \"public\".\"users\".\"timezone\", \"public\".\"users\".\"language\", \"public\".\"users\".\"theme\", \"public\".\"users\".\"lastLoginAt\", \"public\".\"users\".\"isActive\", \"public\".\"users\".\"deletedAt\", \"public\".\"users\".\"metadata\", \"public\".\"users\".\"createdAt\", \"public\".\"users\".\"updatedAt\"","duration":505,"msg":"prisma query"}
{"level":"debug","time":"2026-09-16T10:04:16.521Z","pid":37800,"hostname":"DESKTOP-6F2E0JQ","query":"COMMIT","duration":262,"msg":"prisma query"}
{"level":"debug","time":"2026-09-16T10:04:16.770Z","pid":37800,"hostname":"DESKTOP-6F2E0JQ","query":"BEGIN","duration":247,"msg":"prisma query"}
{"level":"debug","time":"2026-09-16T10:04:17.024Z","pid":37800,"hostname":"DESKTOP-6F2E0JQ","query":"DEALLOCATE ALL","duration":254,"msg":"prisma query"}
{"level":"debug","time":"2026-09-16T10:04:17.515Z","pid":37800,"hostname":"DESKTOP-6F2E0JQ","query":"SELECT \"public\".\"alternates\".\"id\" FROM \"public\".\"alternates\" WHERE (\"public\".\"alternates\".\"username\" = $1 AND \"public\".\"alternates\".\"deletedAt\" IS NULL) LIMIT $2 OFFSET $3","duration":491,"msg":"prisma query"}
{"level":"debug","time":"2026-09-16T10:04:17.758Z","pid":37800,"hostname":"DESKTOP-6F2E0JQ","query":"COMMIT","duration":242,"msg":"prisma query"}
{"level":"debug","time":"2026-09-16T10:04:18.002Z","pid":37800,"hostname":"DESKTOP-6F2E0JQ","query":"BEGIN","duration":242,"msg":"prisma query"}
{"level":"debug","time":"2026-09-16T10:04:18.246Z","pid":37800,"hostname":"DESKTOP-6F2E0JQ","query":"DEALLOCATE ALL","duration":244,"msg":"prisma query"}
{"level":"debug","time":"2026-09-16T10:04:18.495Z","pid":37800,"hostname":"DESKTOP-6F2E0JQ","query":"INSERT INTO \"public\".\"alternates\" (\"id\",\"userId\",\"username\",\"displayName\",\"visibility\",\"status\",\"memoryEnabled\",\"createdAt\",\"updatedAt\") VALUES ($1,$2,$3,$4,CAST($5::text AS \"public\".\"AlternateVisibility\"),CAST($6::text AS \"public\".\"AlternateStatus\"),$7,$8,$9) RETURNING \"public\".\"alternates\".\"id\", \"public\".\"alternates\".\"userId\", \"public\".\"alternates\".\"username\", \"public\".\"alternates\".\"displayName\", \"public\".\"alternates\".\"title\", \"public\".\"alternates\".\"bio\", \"public\".\"alternates\".\"avatarUrl\", \"public\".\"alternates\".\"visibility\"::text, \"public\".\"alternates\".\"status\"::text, \"public\".\"alternates\".\"personaPrompt\", \"public\".\"alternates\".\"modelId\", \"public\".\"alternates\".\"publishedAt\", \"public\".\"alternates\".\"memoryEnabled\", \"public\".\"alternates\".\"createdAt\", \"public\".\"alternates\".\"updatedAt\", \"public\".\"alternates\".\"deletedAt\"","duration":249,"msg":"prisma query"}
{"level":"debug","time":"2026-09-16T10:04:18.745Z","pid":37800,"hostname":"DESKTOP-6F2E0JQ","query":"ROLLBACK","duration":250,"msg":"prisma query"}
{"level":"error","time":"2026-09-16T10:04:18.747Z","pid":37800,"hostname":"DESKTOP-6F2E0JQ","message":"\nInvalid `prisma.alternate.create()` invocation in\nC:\\Users\\User\\Alternate me\\backend\\src\\onboarding\\onboarding.service.ts:50:46\n\n  47   throw new ConflictError('Username is already taken');\n  48 }\n  49 \nΓåÆ 50 const alternate = await prisma.alternate.create(\nThe column `memoryEnabled` does not exist in the current database.","target":"alternate.create","timestamp":"2026-09-16T10:04:18.747Z","msg":"prisma error"}
{"level":"debug","time":"2026-09-16T10:04:18.994Z","pid":37800,"hostname":"DESKTOP-6F2E0JQ","query":"BEGIN","duration":244,"msg":"prisma query"}
{"level":"debug","time":"2026-09-16T10:04:19.237Z","pid":37800,"hostname":"DESKTOP-6F2E0JQ","query":"DEALLOCATE ALL","duration":243,"msg":"prisma query"}
{"level":"debug","time":"2026-09-16T10:04:19.724Z","pid":37800,"hostname":"DESKTOP-6F2E0JQ","query":"DELETE FROM \"public\".\"training_sources\" WHERE EXISTS(SELECT \"t0\".\"id\" FROM \"public\".\"users\" AS \"t0\" WHERE (\"t0\".\"email\"::text LIKE $1 AND (\"public\".\"training_sources\".\"userId\") = (\"t0\".\"id\") AND \"t0\".\"id\" IS NOT NULL))","duration":485,"msg":"prisma query"}
{"level":"debug","time":"2026-09-16T10:04:19.970Z","pid":37800,"hostname":"DESKTOP-6F2E0JQ","query":"COMMIT","duration":246,"msg":"prisma query"}
{"level":"debug","time":"2026-09-16T10:04:20.216Z","pid":37800,"hostname":"DESKTOP-6F2E0JQ","query":"BEGIN","duration":245,"msg":"prisma query"}
{"level":"debug","time":"2026-09-16T10:04:20.459Z","pid":37800,"hostname":"DESKTOP-6F2E0JQ","query":"DEALLOCATE ALL","duration":243,"msg":"prisma query"}
{"level":"debug","time":"2026-09-16T10:04:20.950Z","pid":37800,"hostname":"DESKTOP-6F2E0JQ","query":"DELETE FROM \"public\".\"ai_provider_configs\" WHERE EXISTS(SELECT \"t0\".\"id\" FROM \"public\".\"users\" AS \"t0\" WHERE (\"t0\".\"email\"::text LIKE $1 AND (\"public\".\"ai_provider_configs\".\"userId\") = (\"t0\".\"id\") AND \"t0\".\"id\" IS NOT NULL))","duration":490,"msg":"prisma query"}
{"level":"debug","time":"2026-09-16T10:04:21.198Z","pid":37800,"hostname":"DESKTOP-6F2E0JQ","query":"COMMIT","duration":247,"msg":"prisma query"}
{"level":"debug","time":"2026-09-16T10:04:21.444Z","pid":37800,"hostname":"DESKTOP-6F2E0JQ","query":"BEGIN","duration":244,"msg":"prisma query"}
{"level":"debug","time":"2026-09-16T10:04:21.687Z","pid":37800,"hostname":"DESKTOP-6F2E0JQ","query":"DEALLOCATE ALL","duration":243,"msg":"prisma query"}
{"level":"debug","time":"2026-09-16T10:04:22.186Z","pid":37800,"hostname":"DESKTOP-6F2E0JQ","query":"DELETE FROM \"public\".\"voice_profiles\" WHERE EXISTS(SELECT \"t0\".\"id\" FROM \"public\".\"users\" AS \"t0\" WHERE (\"t0\".\"email\"::text LIKE $1 AND (\"public\".\"voice_profiles\".\"userId\") = (\"t0\".\"id\") AND \"t0\".\"id\" IS NOT NULL))","duration":498,"msg":"prisma query"}
{"level":"debug","time":"2026-09-16T10:04:22.435Z","pid":37800,"hostname":"DESKTOP-6F2E0JQ","query":"COMMIT","duration":248,"msg":"prisma query"}
{"level":"debug","time":"2026-09-16T10:04:22.682Z","pid":37800,"hostname":"DESKTOP-6F2E0JQ","query":"BEGIN","duration":246,"msg":"prisma query"}
{"level":"debug","time":"2026-09-16T10:04:22.944Z","pid":37800,"hostname":"DESKTOP-6F2E0JQ","query":"DEALLOCATE ALL","duration":261,"msg":"prisma query"}
{"level":"debug","time":"2026-09-16T10:04:23.439Z","pid":37800,"hostname":"DESKTOP-6F2E0JQ","query":"DELETE FROM \"public\".\"personas\" WHERE EXISTS(SELECT \"t0\".\"id\" FROM \"public\".\"users\" AS \"t0\" WHERE (\"t0\".\"email\"::text LIKE $1 AND (\"public\".\"personas\".\"userId\") = (\"t0\".\"id\") AND \"t0\".\"id\" IS NOT NULL))","duration":494,"msg":"prisma query"}
{"level":"debug","time":"2026-09-16T10:04:23.689Z","pid":37800,"hostname":"DESKTOP-6F2E0JQ","query":"COMMIT","duration":249,"msg":"prisma query"}
{"level":"debug","time":"2026-09-16T10:04:23.933Z","pid":37800,"hostname":"DESKTOP-6F2E0JQ","query":"BEGIN","duration":243,"msg":"prisma query"}
{"level":"debug","time":"2026-09-16T10:04:24.176Z","pid":37800,"hostname":"DESKTOP-6F2E0JQ","query":"DEALLOCATE ALL","duration":242,"msg":"prisma query"}
{"level":"debug","time":"2026-09-16T10:04:24.671Z","pid":37800,"hostname":"DESKTOP-6F2E0JQ","query":"DELETE FROM \"public\".\"onboardings\" WHERE EXISTS(SELECT \"t0\".\"id\" FROM \"public\".\"users\" AS \"t0\" WHERE (\"t0\".\"email\"::text LIKE $1 AND (\"public\".\"onboardings\".\"userId\") = (\"t0\".\"id\") AND \"t0\".\"id\" IS NOT NULL))","duration":493,"msg":"prisma query"}
{"level":"debug","time":"2026-09-16T10:04:24.914Z","pid":37800,"hostname":"DESKTOP-6F2E0JQ","query":"COMMIT","duration":243,"msg":"prisma query"}
{"level":"debug","time":"2026-09-16T10:04:25.174Z","pid":37800,"hostname":"DESKTOP-6F2E0JQ","query":"BEGIN","duration":258,"msg":"prisma query"}
{"level":"debug","time":"2026-09-16T10:04:25.419Z","pid":37800,"hostname":"DESKTOP-6F2E0JQ","query":"DEALLOCATE ALL","duration":245,"msg":"prisma query"}
{"level":"debug","time":"2026-09-16T10:04:25.910Z","pid":37800,"hostname":"DESKTOP-6F2E0JQ","query":"DELETE FROM \"public\".\"alternates\" WHERE EXISTS(SELECT \"t0\".\"id\" FROM \"public\".\"users\" AS \"t0\" WHERE (\"t0\".\"email\"::text LIKE $1 AND (\"public\".\"alternates\".\"userId\") = (\"t0\".\"id\") AND \"t0\".\"id\" IS NOT NULL))","duration":490,"msg":"prisma query"}
{"level":"debug","time":"2026-09-16T10:04:26.163Z","pid":37800,"hostname":"DESKTOP-6F2E0JQ","query":"COMMIT","duration":253,"msg":"prisma query"}
{"level":"debug","time":"2026-09-16T10:04:26.407Z","pid":37800,"hostname":"DESKTOP-6F2E0JQ","query":"BEGIN","duration":242,"msg":"prisma query"}
{"level":"debug","time":"2026-09-16T10:04:26.651Z","pid":37800,"hostname":"DESKTOP-6F2E0JQ","query":"DEALLOCATE ALL","duration":244,"msg":"prisma query"}
{"level":"debug","time":"2026-09-16T10:04:27.140Z","pid":37800,"hostname":"DESKTOP-6F2E0JQ","query":"DELETE FROM \"public\".\"users\" WHERE \"public\".\"users\".\"email\"::text LIKE $1","duration":488,"msg":"prisma query"}
{"level":"debug","time":"2026-09-16T10:04:27.384Z","pid":37800,"hostname":"DESKTOP-6F2E0JQ","query":"COMMIT","duration":244,"msg":"prisma query"}
 [31m├ù[39m utils/__tests__/alternates.test.ts[2m > [22mAlternates Module[2m > [22mOnboarding[2m > [22mshould verify server-side step completion[33m 12390[2mms[22m[39m
[31m   ΓåÆ 
Invalid `prisma.alternate.create()` invocation in
C:\Users\User\Alternate me\backend\src\onboarding\onboarding.service.ts:50:46

  47   throw new ConflictError('Username is already taken');
  48 }
  49 
ΓåÆ 50 const alternate = await prisma.alternate.create(
The column `memoryEnabled` does not exist in the current database.[39m
{"level":"debug","time":"2026-09-16T10:04:27.634Z","pid":37800,"hostname":"DESKTOP-6F2E0JQ","query":"SELECT 1","duration":248,"msg":"prisma query"}
{"level":"debug","time":"2026-09-16T10:04:27.879Z","pid":37800,"hostname":"DESKTOP-6F2E0JQ","query":"BEGIN","duration":244,"msg":"prisma query"}
{"level":"debug","time":"2026-09-16T10:04:28.123Z","pid":37800,"hostname":"DESKTOP-6F2E0JQ","query":"DEALLOCATE ALL","duration":244,"msg":"prisma query"}
{"level":"debug","time":"2026-09-16T10:04:28.613Z","pid":37800,"hostname":"DESKTOP-6F2E0JQ","query":"INSERT INTO \"public\".\"users\" (\"id\",\"username\",\"email\",\"role\",\"isMfaEnabled\",\"timezone\",\"language\",\"theme\",\"isActive\",\"createdAt\",\"updatedAt\") VALUES ($1,$2,$3,CAST($4::text AS \"public\".\"UserRole\"),$5,$6,$7,$8,$9,$10,$11) RETURNING \"public\".\"users\".\"id\", \"public\".\"users\".\"tenantId\", \"public\".\"users\".\"username\", \"public\".\"users\".\"email\", \"public\".\"users\".\"emailVerified\", \"public\".\"users\".\"name\", \"public\".\"users\".\"avatarUrl\", \"public\".\"users\".\"role\"::text, \"public\".\"users\".\"passwordHash\", \"public\".\"users\".\"isMfaEnabled\", \"public\".\"users\".\"mfaSecret\", \"public\".\"users\".\"bio\", \"public\".\"users\".\"timezone\", \"public\".\"users\".\"language\", \"public\".\"users\".\"theme\", \"public\".\"users\".\"lastLoginAt\", \"public\".\"users\".\"isActive\", \"public\".\"users\".\"deletedAt\", \"public\".\"users\".\"metadata\", \"public\".\"users\".\"createdAt\", \"public\".\"users\".\"updatedAt\"","duration":489,"msg":"prisma query"}
{"level":"debug","time":"2026-09-16T10:04:28.867Z","pid":37800,"hostname":"DESKTOP-6F2E0JQ","query":"COMMIT","duration":253,"msg":"prisma query"}
{"level":"debug","time":"2026-09-16T10:04:29.142Z","pid":37800,"hostname":"DESKTOP-6F2E0JQ","query":"BEGIN","duration":274,"msg":"prisma query"}
{"level":"debug","time":"2026-09-16T10:04:29.397Z","pid":37800,"hostname":"DESKTOP-6F2E0JQ","query":"DEALLOCATE ALL","duration":255,"msg":"prisma query"}
{"level":"debug","time":"2026-09-16T10:04:29.905Z","pid":37800,"hostname":"DESKTOP-6F2E0JQ","query":"SELECT \"public\".\"alternates\".\"id\" FROM \"public\".\"alternates\" WHERE (\"public\".\"alternates\".\"username\" = $1 AND \"public\".\"alternates\".\"deletedAt\" IS NULL) LIMIT $2 OFFSET $3","duration":507,"msg":"prisma query"}
{"level":"debug","time":"2026-09-16T10:04:30.150Z","pid":37800,"hostname":"DESKTOP-6F2E0JQ","query":"COMMIT","duration":244,"msg":"prisma query"}
{"level":"debug","time":"2026-09-16T10:04:30.394Z","pid":37800,"hostname":"DESKTOP-6F2E0JQ","query":"BEGIN","duration":242,"msg":"prisma query"}
{"level":"debug","time":"2026-09-16T10:04:30.637Z","pid":37800,"hostname":"DESKTOP-6F2E0JQ","query":"DEALLOCATE ALL","duration":242,"msg":"prisma query"}
{"level":"debug","time":"2026-09-16T10:04:30.884Z","pid":37800,"hostname":"DESKTOP-6F2E0JQ","query":"INSERT INTO \"public\".\"alternates\" (\"id\",\"userId\",\"username\",\"displayName\",\"visibility\",\"status\",\"memoryEnabled\",\"createdAt\",\"updatedAt\") VALUES ($1,$2,$3,$4,CAST($5::text AS \"public\".\"AlternateVisibility\"),CAST($6::text AS \"public\".\"AlternateStatus\"),$7,$8,$9) RETURNING \"public\".\"alternates\".\"id\", \"public\".\"alternates\".\"userId\", \"public\".\"alternates\".\"username\", \"public\".\"alternates\".\"displayName\", \"public\".\"alternates\".\"title\", \"public\".\"alternates\".\"bio\", \"public\".\"alternates\".\"avatarUrl\", \"public\".\"alternates\".\"visibility\"::text, \"public\".\"alternates\".\"status\"::text, \"public\".\"alternates\".\"personaPrompt\", \"public\".\"alternates\".\"modelId\", \"public\".\"alternates\".\"publishedAt\", \"public\".\"alternates\".\"memoryEnabled\", \"public\".\"alternates\".\"createdAt\", \"public\".\"alternates\".\"updatedAt\", \"public\".\"alternates\".\"deletedAt\"","duration":246,"msg":"prisma query"}
{"level":"debug","time":"2026-09-16T10:04:31.133Z","pid":37800,"hostname":"DESKTOP-6F2E0JQ","query":"ROLLBACK","duration":249,"msg":"prisma query"}
{"level":"error","time":"2026-09-16T10:04:31.134Z","pid":37800,"hostname":"DESKTOP-6F2E0JQ","message":"\nInvalid `prisma.alternate.create()` invocation in\nC:\\Users\\User\\Alternate me\\backend\\src\\onboarding\\onboarding.service.ts:50:46\n\n  47   throw new ConflictError('Username is already taken');\n  48 }\n  49 \nΓåÆ 50 const alternate = await prisma.alternate.create(\nThe column `memoryEnabled` does not exist in the current database.","target":"alternate.create","timestamp":"2026-09-16T10:04:31.134Z","msg":"prisma error"}
 [31m├ù[39m utils/__tests__/alternates.test.ts[2m > [22mAlternates Module[2m > [22mOnboarding[2m > [22mshould preview alternate without exposing secrets[33m 12388[2mms[22m[39m
[31m   ΓåÆ 
Invalid `prisma.alternate.create()` invocation in
C:\Users\User\Alternate me\backend\src\onboarding\onboarding.service.ts:50:46

  47   throw new ConflictError('Username is already taken');
  48 }
  49 
ΓåÆ 50 const alternate = await prisma.alternate.create(
The column `memoryEnabled` does not exist in the current database.[39m
{"level":"debug","time":"2026-09-16T10:04:31.384Z","pid":37800,"hostname":"DESKTOP-6F2E0JQ","query":"BEGIN","duration":246,"msg":"prisma query"}
{"level":"debug","time":"2026-09-16T10:04:31.632Z","pid":37800,"hostname":"DESKTOP-6F2E0JQ","query":"DEALLOCATE ALL","duration":247,"msg":"prisma query"}
{"level":"debug","time":"2026-09-16T10:04:32.134Z","pid":37800,"hostname":"DESKTOP-6F2E0JQ","query":"DELETE FROM \"public\".\"training_sources\" WHERE EXISTS(SELECT \"t0\".\"id\" FROM \"public\".\"users\" AS \"t0\" WHERE (\"t0\".\"email\"::text LIKE $1 AND (\"public\".\"training_sources\".\"userId\") = (\"t0\".\"id\") AND \"t0\".\"id\" IS NOT NULL))","duration":501,"msg":"prisma query"}
{"level":"debug","time":"2026-09-16T10:04:32.420Z","pid":37800,"hostname":"DESKTOP-6F2E0JQ","query":"COMMIT","duration":285,"msg":"prisma query"}
{"level":"debug","time":"2026-09-16T10:04:32.668Z","pid":37800,"hostname":"DESKTOP-6F2E0JQ","query":"BEGIN","duration":246,"msg":"prisma query"}
{"level":"debug","time":"2026-09-16T10:04:32.914Z","pid":37800,"hostname":"DESKTOP-6F2E0JQ","query":"DEALLOCATE ALL","duration":246,"msg":"prisma query"}
{"level":"debug","time":"2026-09-16T10:04:33.407Z","pid":37800,"hostname":"DESKTOP-6F2E0JQ","query":"DELETE FROM \"public\".\"ai_provider_configs\" WHERE EXISTS(SELECT \"t0\".\"id\" FROM \"public\".\"users\" AS \"t0\" WHERE (\"t0\".\"email\"::text LIKE $1 AND (\"public\".\"ai_provider_configs\".\"userId\") = (\"t0\".\"id\") AND \"t0\".\"id\" IS NOT NULL))","duration":492,"msg":"prisma query"}
{"level":"debug","time":"2026-09-16T10:04:33.653Z","pid":37800,"hostname":"DESKTOP-6F2E0JQ","query":"COMMIT","duration":246,"msg":"prisma query"}
{"level":"debug","time":"2026-09-16T10:04:33.899Z","pid":37800,"hostname":"DESKTOP-6F2E0JQ","query":"BEGIN","duration":243,"msg":"prisma query"}
{"level":"debug","time":"2026-09-16T10:04:34.143Z","pid":37800,"hostname":"DESKTOP-6F2E0JQ","query":"DEALLOCATE ALL","duration":243,"msg":"prisma query"}
{"level":"debug","time":"2026-09-16T10:04:34.631Z","pid":37800,"hostname":"DESKTOP-6F2E0JQ","query":"DELETE FROM \"public\".\"voice_profiles\" WHERE EXISTS(SELECT \"t0\".\"id\" FROM \"public\".\"users\" AS \"t0\" WHERE (\"t0\".\"email\"::text LIKE $1 AND (\"public\".\"voice_profiles\".\"userId\") = (\"t0\".\"id\") AND \"t0\".\"id\" IS NOT NULL))","duration":487,"msg":"prisma query"}
{"level":"debug","time":"2026-09-16T10:04:34.878Z","pid":37800,"hostname":"DESKTOP-6F2E0JQ","query":"COMMIT","duration":246,"msg":"prisma query"}
{"level":"debug","time":"2026-09-16T10:04:35.143Z","pid":37800,"hostname":"DESKTOP-6F2E0JQ","query":"BEGIN","duration":263,"msg":"prisma query"}
{"level":"debug","time":"2026-09-16T10:04:35.432Z","pid":37800,"hostname":"DESKTOP-6F2E0JQ","query":"DEALLOCATE ALL","duration":289,"msg":"prisma query"}
{"level":"debug","time":"2026-09-16T10:04:36.092Z","pid":37800,"hostname":"DESKTOP-6F2E0JQ","query":"DELETE FROM \"public\".\"personas\" WHERE EXISTS(SELECT \"t0\".\"id\" FROM \"public\".\"users\" AS \"t0\" WHERE (\"t0\".\"email\"::text LIKE $1 AND (\"public\".\"personas\".\"userId\") = (\"t0\".\"id\") AND \"t0\".\"id\" IS NOT NULL))","duration":660,"msg":"prisma query"}
{"level":"debug","time":"2026-09-16T10:04:36.347Z","pid":37800,"hostname":"DESKTOP-6F2E0JQ","query":"COMMIT","duration":255,"msg":"prisma query"}
{"level":"debug","time":"2026-09-16T10:04:36.595Z","pid":37800,"hostname":"DESKTOP-6F2E0JQ","query":"BEGIN","duration":246,"msg":"prisma query"}
{"level":"debug","time":"2026-09-16T10:04:36.839Z","pid":37800,"hostname":"DESKTOP-6F2E0JQ","query":"DEALLOCATE ALL","duration":244,"msg":"prisma query"}
{"level":"debug","time":"2026-09-16T10:04:37.334Z","pid":37800,"hostname":"DESKTOP-6F2E0JQ","query":"DELETE FROM \"public\".\"onboardings\" WHERE EXISTS(SELECT \"t0\".\"id\" FROM \"public\".\"users\" AS \"t0\" WHERE (\"t0\".\"email\"::text LIKE $1 AND (\"public\".\"onboardings\".\"userId\") = (\"t0\".\"id\") AND \"t0\".\"id\" IS NOT NULL))","duration":494,"msg":"prisma query"}
{"level":"debug","time":"2026-09-16T10:04:37.660Z","pid":37800,"hostname":"DESKTOP-6F2E0JQ","query":"COMMIT","duration":326,"msg":"prisma query"}
{"level":"debug","time":"2026-09-16T10:04:37.911Z","pid":37800,"hostname":"DESKTOP-6F2E0JQ","query":"BEGIN","duration":249,"msg":"prisma query"}
{"level":"debug","time":"2026-09-16T10:04:38.158Z","pid":37800,"hostname":"DESKTOP-6F2E0JQ","query":"DEALLOCATE ALL","duration":247,"msg":"prisma query"}
{"level":"debug","time":"2026-09-16T10:04:38.671Z","pid":37800,"hostname":"DESKTOP-6F2E0JQ","query":"DELETE FROM \"public\".\"alternates\" WHERE EXISTS(SELECT \"t0\".\"id\" FROM \"public\".\"users\" AS \"t0\" WHERE (\"t0\".\"email\"::text LIKE $1 AND (\"public\".\"alternates\".\"userId\") = (\"t0\".\"id\") AND \"t0\".\"id\" IS NOT NULL))","duration":512,"msg":"prisma query"}
{"level":"debug","time":"2026-09-16T10:04:39.017Z","pid":37800,"hostname":"DESKTOP-6F2E0JQ","query":"COMMIT","duration":346,"msg":"prisma query"}
{"level":"debug","time":"2026-09-16T10:04:39.274Z","pid":37800,"hostname":"DESKTOP-6F2E0JQ","query":"BEGIN","duration":254,"msg":"prisma query"}
{"level":"debug","time":"2026-09-16T10:04:39.581Z","pid":37800,"hostname":"DESKTOP-6F2E0JQ","query":"DEALLOCATE ALL","duration":307,"msg":"prisma query"}
{"level":"debug","time":"2026-09-16T10:04:40.079Z","pid":37800,"hostname":"DESKTOP-6F2E0JQ","query":"DELETE FROM \"public\".\"users\" WHERE \"public\".\"users\".\"email\"::text LIKE $1","duration":498,"msg":"prisma query"}
{"level":"debug","time":"2026-09-16T10:04:40.326Z","pid":37800,"hostname":"DESKTOP-6F2E0JQ","query":"COMMIT","duration":246,"msg":"prisma query"}
{"level":"debug","time":"2026-09-16T10:04:42.455Z","pid":37800,"hostname":"DESKTOP-6F2E0JQ","query":"BEGIN","duration":243,"msg":"prisma query"}
{"level":"debug","time":"2026-09-16T10:04:42.700Z","pid":37800,"hostname":"DESKTOP-6F2E0JQ","query":"DEALLOCATE ALL","duration":244,"msg":"prisma query"}
{"level":"debug","time":"2026-09-16T10:04:43.199Z","pid":37800,"hostname":"DESKTOP-6F2E0JQ","query":"INSERT INTO \"public\".\"users\" (\"id\",\"username\",\"email\",\"role\",\"isMfaEnabled\",\"timezone\",\"language\",\"theme\",\"isActive\",\"createdAt\",\"updatedAt\") VALUES ($1,$2,$3,CAST($4::text AS \"public\".\"UserRole\"),$5,$6,$7,$8,$9,$10,$11) RETURNING \"public\".\"users\".\"id\", \"public\".\"users\".\"tenantId\", \"public\".\"users\".\"username\", \"public\".\"users\".\"email\", \"public\".\"users\".\"emailVerified\", \"public\".\"users\".\"name\", \"public\".\"users\".\"avatarUrl\", \"public\".\"users\".\"role\"::text, \"public\".\"users\".\"passwordHash\", \"public\".\"users\".\"isMfaEnabled\", \"public\".\"users\".\"mfaSecret\", \"public\".\"users\".\"bio\", \"public\".\"users\".\"timezone\", \"public\".\"users\".\"language\", \"public\".\"users\".\"theme\", \"public\".\"users\".\"lastLoginAt\", \"public\".\"users\".\"isActive\", \"public\".\"users\".\"deletedAt\", \"public\".\"users\".\"metadata\", \"public\".\"users\".\"createdAt\", \"public\".\"users\".\"updatedAt\"","duration":499,"msg":"prisma query"}
{"level":"debug","time":"2026-09-16T10:04:43.443Z","pid":37800,"hostname":"DESKTOP-6F2E0JQ","query":"COMMIT","duration":243,"msg":"prisma query"}
{"level":"debug","time":"2026-09-16T10:04:43.688Z","pid":37800,"hostname":"DESKTOP-6F2E0JQ","query":"BEGIN","duration":243,"msg":"prisma query"}
{"level":"debug","time":"2026-09-16T10:04:43.936Z","pid":37800,"hostname":"DESKTOP-6F2E0JQ","query":"DEALLOCATE ALL","duration":244,"msg":"prisma query"}
{"level":"debug","time":"2026-09-16T10:04:44.437Z","pid":37800,"hostname":"DESKTOP-6F2E0JQ","query":"INSERT INTO \"public\".\"users\" (\"id\",\"username\",\"email\",\"role\",\"isMfaEnabled\",\"timezone\",\"language\",\"theme\",\"isActive\",\"createdAt\",\"updatedAt\") VALUES ($1,$2,$3,CAST($4::text AS \"public\".\"UserRole\"),$5,$6,$7,$8,$9,$10,$11) RETURNING \"public\".\"users\".\"id\", \"public\".\"users\".\"tenantId\", \"public\".\"users\".\"username\", \"public\".\"users\".\"email\", \"public\".\"users\".\"emailVerified\", \"public\".\"users\".\"name\", \"public\".\"users\".\"avatarUrl\", \"public\".\"users\".\"role\"::text, \"public\".\"users\".\"passwordHash\", \"public\".\"users\".\"isMfaEnabled\", \"public\".\"users\".\"mfaSecret\", \"public\".\"users\".\"bio\", \"public\".\"users\".\"timezone\", \"public\".\"users\".\"language\", \"public\".\"users\".\"theme\", \"public\".\"users\".\"lastLoginAt\", \"public\".\"users\".\"isActive\", \"public\".\"users\".\"deletedAt\", \"public\".\"users\".\"metadata\", \"public\".\"users\".\"createdAt\", \"public\".\"users\".\"updatedAt\"","duration":498,"msg":"prisma query"}
{"level":"debug","time":"2026-09-16T10:04:44.680Z","pid":37800,"hostname":"DESKTOP-6F2E0JQ","query":"COMMIT","duration":246,"msg":"prisma query"}
{"level":"debug","time":"2026-09-16T10:04:44.933Z","pid":37800,"hostname":"DESKTOP-6F2E0JQ","query":"BEGIN","duration":248,"msg":"prisma query"}
{"level":"debug","time":"2026-09-16T10:04:45.178Z","pid":37800,"hostname":"DESKTOP-6F2E0JQ","query":"DEALLOCATE ALL","duration":245,"msg":"prisma query"}
{"level":"debug","time":"2026-09-16T10:04:45.690Z","pid":37800,"hostname":"DESKTOP-6F2E0JQ","query":"SELECT \"public\".\"alternates\".\"id\" FROM \"public\".\"alternates\" WHERE (\"public\".\"alternates\".\"username\" = $1 AND \"public\".\"alternates\".\"deletedAt\" IS NULL) LIMIT $2 OFFSET $3","duration":501,"msg":"prisma query"}
{"level":"debug","time":"2026-09-16T10:04:45.930Z","pid":37800,"hostname":"DESKTOP-6F2E0JQ","query":"COMMIT","duration":248,"msg":"prisma query"}
{"level":"debug","time":"2026-09-16T10:04:46.217Z","pid":37800,"hostname":"DESKTOP-6F2E0JQ","query":"BEGIN","duration":249,"msg":"prisma query"}
{"level":"debug","time":"2026-09-16T10:04:46.436Z","pid":37800,"hostname":"DESKTOP-6F2E0JQ","query":"DEALLOCATE ALL","duration":251,"msg":"prisma query"}
{"level":"debug","time":"2026-09-16T10:04:46.683Z","pid":37800,"hostname":"DESKTOP-6F2E0JQ","query":"INSERT INTO \"public\".\"alternates\" (\"id\",\"userId\",\"username\",\"displayName\",\"visibility\",\"status\",\"memoryEnabled\",\"createdAt\",\"updatedAt\") VALUES ($1,$2,$3,$4,CAST($5::text AS \"public\".\"AlternateVisibility\"),CAST($6::text AS \"public\".\"AlternateStatus\"),$7,$8,$9) RETURNING \"public\".\"alternates\".\"id\", \"public\".\"alternates\".\"userId\", \"public\".\"alternates\".\"username\", \"public\".\"alternates\".\"displayName\", \"public\".\"alternates\".\"title\", \"public\".\"alternates\".\"bio\", \"public\".\"alternates\".\"avatarUrl\", \"public\".\"alternates\".\"visibility\"::text, \"public\".\"alternates\".\"status\"::text, \"public\".\"alternates\".\"personaPrompt\", \"public\".\"alternates\".\"modelId\", \"public\".\"alternates\".\"publishedAt\", \"public\".\"alternates\".\"memoryEnabled\", \"public\".\"alternates\".\"createdAt\", \"public\".\"alternates\".\"updatedAt\", \"public\".\"alternates\".\"deletedAt\"","duration":246,"msg":"prisma query"}
{"level":"debug","time":"2026-09-16T10:04:46.929Z","pid":37800,"hostname":"DESKTOP-6F2E0JQ","query":"ROLLBACK","duration":244,"msg":"prisma query"}
{"level":"error","time":"2026-09-16T10:04:46.936Z","pid":37800,"hostname":"DESKTOP-6F2E0JQ","message":"\nInvalid `prisma.alternate.create()` invocation in\nC:\\Users\\User\\Alternate me\\backend\\src\\onboarding\\onboarding.service.ts:50:46\n\n  47   throw new ConflictError('Username is already taken');\n  48 }\n  49 \nΓåÆ 50 const alternate = await prisma.alternate.create(\nThe column `memoryEnabled` does not exist in the current database.","target":"alternate.create","timestamp":"2026-09-16T10:04:46.936Z","msg":"prisma error"}
 [31m├ù[39m utils/__tests__/alternates.test.ts[2m > [22mAlternates Module[2m > [22mOnboarding[2m > [22mshould not allow preview of another user alternate[33m 15803[2mms[22m[39m
[31m   ΓåÆ 
Invalid `prisma.alternate.create()` invocation in
C:\Users\User\Alternate me\backend\src\onboarding\onboarding.service.ts:50:46

  47   throw new ConflictError('Username is already taken');
  48 }
  49 
ΓåÆ 50 const alternate = await prisma.alternate.create(
The column `memoryEnabled` does not exist in the current database.[39m
{"level":"debug","time":"2026-09-16T10:04:47.196Z","pid":37800,"hostname":"DESKTOP-6F2E0JQ","query":"BEGIN","duration":249,"msg":"prisma query"}
{"level":"debug","time":"2026-09-16T10:04:47.437Z","pid":37800,"hostname":"DESKTOP-6F2E0JQ","query":"DEALLOCATE ALL","duration":243,"msg":"prisma query"}
{"level":"debug","time":"2026-09-16T10:04:47.936Z","pid":37800,"hostname":"DESKTOP-6F2E0JQ","query":"DELETE FROM \"public\".\"training_sources\" WHERE EXISTS(SELECT \"t0\".\"id\" FROM \"public\".\"users\" AS \"t0\" WHERE (\"t0\".\"email\"::text LIKE $1 AND (\"public\".\"training_sources\".\"userId\") = (\"t0\".\"id\") AND \"t0\".\"id\" IS NOT NULL))","duration":498,"msg":"prisma query"}
{"level":"debug","time":"2026-09-16T10:04:48.181Z","pid":37800,"hostname":"DESKTOP-6F2E0JQ","query":"COMMIT","duration":245,"msg":"prisma query"}
{"level":"debug","time":"2026-09-16T10:04:48.435Z","pid":37800,"hostname":"DESKTOP-6F2E0JQ","query":"BEGIN","duration":249,"msg":"prisma query"}
{"level":"debug","time":"2026-09-16T10:04:48.683Z","pid":37800,"hostname":"DESKTOP-6F2E0JQ","query":"DEALLOCATE ALL","duration":247,"msg":"prisma query"}
{"level":"debug","time":"2026-09-16T10:04:49.174Z","pid":37800,"hostname":"DESKTOP-6F2E0JQ","query":"DELETE FROM \"public\".\"ai_provider_configs\" WHERE EXISTS(SELECT \"t0\".\"id\" FROM \"public\".\"users\" AS \"t0\" WHERE (\"t0\".\"email\"::text LIKE $1 AND (\"public\".\"ai_provider_configs\".\"userId\") = (\"t0\".\"id\") AND \"t0\".\"id\" IS NOT NULL))","duration":490,"msg":"prisma query"}
{"level":"debug","time":"2026-09-16T10:04:49.418Z","pid":37800,"hostname":"DESKTOP-6F2E0JQ","query":"COMMIT","duration":244,"msg":"prisma query"}
{"level":"debug","time":"2026-09-16T10:04:49.686Z","pid":37800,"hostname":"DESKTOP-6F2E0JQ","query":"BEGIN","duration":266,"msg":"prisma query"}
{"level":"debug","time":"2026-09-16T10:04:49.934Z","pid":37800,"hostname":"DESKTOP-6F2E0JQ","query":"DEALLOCATE ALL","duration":243,"msg":"prisma query"}
{"level":"debug","time":"2026-09-16T10:04:50.428Z","pid":37800,"hostname":"DESKTOP-6F2E0JQ","query":"DELETE FROM \"public\".\"voice_profiles\" WHERE EXISTS(SELECT \"t0\".\"id\" FROM \"public\".\"users\" AS \"t0\" WHERE (\"t0\".\"email\"::text LIKE $1 AND (\"public\".\"voice_profiles\".\"userId\") = (\"t0\".\"id\") AND \"t0\".\"id\" IS NOT NULL))","duration":498,"msg":"prisma query"}
{"level":"debug","time":"2026-09-16T10:04:50.673Z","pid":37800,"hostname":"DESKTOP-6F2E0JQ","query":"COMMIT","duration":244,"msg":"prisma query"}
{"level":"debug","time":"2026-09-16T10:04:50.920Z","pid":37800,"hostname":"DESKTOP-6F2E0JQ","query":"BEGIN","duration":244,"msg":"prisma query"}
{"level":"debug","time":"2026-09-16T10:04:51.177Z","pid":37800,"hostname":"DESKTOP-6F2E0JQ","query":"DEALLOCATE ALL","duration":256,"msg":"prisma query"}
{"level":"debug","time":"2026-09-16T10:04:51.675Z","pid":37800,"hostname":"DESKTOP-6F2E0JQ","query":"DELETE FROM \"public\".\"personas\" WHERE EXISTS(SELECT \"t0\".\"id\" FROM \"public\".\"users\" AS \"t0\" WHERE (\"t0\".\"email\"::text LIKE $1 AND (\"public\".\"personas\".\"userId\") = (\"t0\".\"id\") AND \"t0\".\"id\" IS NOT NULL))","duration":498,"msg":"prisma query"}
{"level":"debug","time":"2026-09-16T10:04:51.924Z","pid":37800,"hostname":"DESKTOP-6F2E0JQ","query":"COMMIT","duration":249,"msg":"prisma query"}
{"level":"debug","time":"2026-09-16T10:04:52.174Z","pid":37800,"hostname":"DESKTOP-6F2E0JQ","query":"BEGIN","duration":248,"msg":"prisma query"}
{"level":"debug","time":"2026-09-16T10:04:52.428Z","pid":37800,"hostname":"DESKTOP-6F2E0JQ","query":"DEALLOCATE ALL","duration":253,"msg":"prisma query"}
{"level":"debug","time":"2026-09-16T10:04:52.917Z","pid":37800,"hostname":"DESKTOP-6F2E0JQ","query":"DELETE FROM \"public\".\"onboardings\" WHERE EXISTS(SELECT \"t0\".\"id\" FROM \"public\".\"users\" AS \"t0\" WHERE (\"t0\".\"email\"::text LIKE $1 AND (\"public\".\"onboardings\".\"userId\") = (\"t0\".\"id\") AND \"t0\".\"id\" IS NOT NULL))","duration":489,"msg":"prisma query"}
{"level":"debug","time":"2026-09-16T10:04:53.163Z","pid":37800,"hostname":"DESKTOP-6F2E0JQ","query":"COMMIT","duration":245,"msg":"prisma query"}
{"level":"debug","time":"2026-09-16T10:04:53.409Z","pid":37800,"hostname":"DESKTOP-6F2E0JQ","query":"BEGIN","duration":244,"msg":"prisma query"}
{"level":"debug","time":"2026-09-16T10:04:53.652Z","pid":37800,"hostname":"DESKTOP-6F2E0JQ","query":"DEALLOCATE ALL","duration":243,"msg":"prisma query"}
{"level":"debug","time":"2026-09-16T10:04:54.149Z","pid":37800,"hostname":"DESKTOP-6F2E0JQ","query":"DELETE FROM \"public\".\"alternates\" WHERE EXISTS(SELECT \"t0\".\"id\" FROM \"public\".\"users\" AS \"t0\" WHERE (\"t0\".\"email\"::text LIKE $1 AND (\"public\".\"alternates\".\"userId\") = (\"t0\".\"id\") AND \"t0\".\"id\" IS NOT NULL))","duration":496,"msg":"prisma query"}
{"level":"debug","time":"2026-09-16T10:04:54.392Z","pid":37800,"hostname":"DESKTOP-6F2E0JQ","query":"COMMIT","duration":242,"msg":"prisma query"}
{"level":"debug","time":"2026-09-16T10:04:54.636Z","pid":37800,"hostname":"DESKTOP-6F2E0JQ","query":"BEGIN","duration":243,"msg":"prisma query"}
{"level":"debug","time":"2026-09-16T10:04:54.879Z","pid":37800,"hostname":"DESKTOP-6F2E0JQ","query":"DEALLOCATE ALL","duration":242,"msg":"prisma query"}
{"level":"debug","time":"2026-09-16T10:04:55.369Z","pid":37800,"hostname":"DESKTOP-6F2E0JQ","query":"DELETE FROM \"public\".\"users\" WHERE \"public\".\"users\".\"email\"::text LIKE $1","duration":489,"msg":"prisma query"}
{"level":"debug","time":"2026-09-16T10:04:55.617Z","pid":37800,"hostname":"DESKTOP-6F2E0JQ","query":"COMMIT","duration":247,"msg":"prisma query"}
{"level":"debug","time":"2026-09-16T10:04:55.862Z","pid":37800,"hostname":"DESKTOP-6F2E0JQ","query":"BEGIN","duration":243,"msg":"prisma query"}
{"level":"debug","time":"2026-09-16T10:04:56.105Z","pid":37800,"hostname":"DESKTOP-6F2E0JQ","query":"DEALLOCATE ALL","duration":242,"msg":"prisma query"}
{"level":"debug","time":"2026-09-16T10:04:56.599Z","pid":37800,"hostname":"DESKTOP-6F2E0JQ","query":"INSERT INTO \"public\".\"users\" (\"id\",\"username\",\"email\",\"role\",\"isMfaEnabled\",\"timezone\",\"language\",\"theme\",\"isActive\",\"createdAt\",\"updatedAt\") VALUES ($1,$2,$3,CAST($4::text AS \"public\".\"UserRole\"),$5,$6,$7,$8,$9,$10,$11) RETURNING \"public\".\"users\".\"id\", \"public\".\"users\".\"tenantId\", \"public\".\"users\".\"username\", \"public\".\"users\".\"email\", \"public\".\"users\".\"emailVerified\", \"public\".\"users\".\"name\", \"public\".\"users\".\"avatarUrl\", \"public\".\"users\".\"role\"::text, \"public\".\"users\".\"passwordHash\", \"public\".\"users\".\"isMfaEnabled\", \"public\".\"users\".\"mfaSecret\", \"public\".\"users\".\"bio\", \"public\".\"users\".\"timezone\", \"public\".\"users\".\"language\", \"public\".\"users\".\"theme\", \"public\".\"users\".\"lastLoginAt\", \"public\".\"users\".\"isActive\", \"public\".\"users\".\"deletedAt\", \"public\".\"users\".\"metadata\", \"public\".\"users\".\"createdAt\", \"public\".\"users\".\"updatedAt\"","duration":493,"msg":"prisma query"}
{"level":"debug","time":"2026-09-16T10:04:56.850Z","pid":37800,"hostname":"DESKTOP-6F2E0JQ","query":"COMMIT","duration":250,"msg":"prisma query"}
{"level":"debug","time":"2026-09-16T10:04:57.097Z","pid":37800,"hostname":"DESKTOP-6F2E0JQ","query":"BEGIN","duration":245,"msg":"prisma query"}
{"level":"debug","time":"2026-09-16T10:04:57.346Z","pid":37800,"hostname":"DESKTOP-6F2E0JQ","query":"DEALLOCATE ALL","duration":248,"msg":"prisma query"}
{"level":"debug","time":"2026-09-16T10:04:57.841Z","pid":37800,"hostname":"DESKTOP-6F2E0JQ","query":"SELECT \"public\".\"alternates\".\"id\" FROM \"public\".\"alternates\" WHERE (\"public\".\"alternates\".\"username\" = $1 AND \"public\".\"alternates\".\"deletedAt\" IS NULL) LIMIT $2 OFFSET $3","duration":494,"msg":"prisma query"}
{"level":"debug","time":"2026-09-16T10:04:58.084Z","pid":37800,"hostname":"DESKTOP-6F2E0JQ","query":"COMMIT","duration":242,"msg":"prisma query"}
{"level":"debug","time":"2026-09-16T10:04:58.331Z","pid":37800,"hostname":"DESKTOP-6F2E0JQ","query":"SELECT 1","duration":245,"msg":"prisma query"}
{"level":"debug","time":"2026-09-16T10:04:58.577Z","pid":37800,"hostname":"DESKTOP-6F2E0JQ","query":"BEGIN","duration":245,"msg":"prisma query"}
{"level":"debug","time":"2026-09-16T10:04:58.822Z","pid":37800,"hostname":"DESKTOP-6F2E0JQ","query":"DEALLOCATE ALL","duration":245,"msg":"prisma query"}
{"level":"debug","time":"2026-09-16T10:04:59.067Z","pid":37800,"hostname":"DESKTOP-6F2E0JQ","query":"INSERT INTO \"public\".\"alternates\" (\"id\",\"userId\",\"username\",\"displayName\",\"visibility\",\"status\",\"memoryEnabled\",\"createdAt\",\"updatedAt\") VALUES ($1,$2,$3,$4,CAST($5::text AS \"public\".\"AlternateVisibility\"),CAST($6::text AS \"public\".\"AlternateStatus\"),$7,$8,$9) RETURNING \"public\".\"alternates\".\"id\", \"public\".\"alternates\".\"userId\", \"public\".\"alternates\".\"username\", \"public\".\"alternates\".\"displayName\", \"public\".\"alternates\".\"title\", \"public\".\"alternates\".\"bio\", \"public\".\"alternates\".\"avatarUrl\", \"public\".\"alternates\".\"visibility\"::text, \"public\".\"alternates\".\"status\"::text, \"public\".\"alternates\".\"personaPrompt\", \"public\".\"alternates\".\"modelId\", \"public\".\"alternates\".\"publishedAt\", \"public\".\"alternates\".\"memoryEnabled\", \"public\".\"alternates\".\"createdAt\", \"public\".\"alternates\".\"updatedAt\", \"public\".\"alternates\".\"deletedAt\"","duration":244,"msg":"prisma query"}
{"level":"debug","time":"2026-09-16T10:04:59.323Z","pid":37800,"hostname":"DESKTOP-6F2E0JQ","query":"ROLLBACK","duration":255,"msg":"prisma query"}
{"level":"error","time":"2026-09-16T10:04:59.324Z","pid":37800,"hostname":"DESKTOP-6F2E0JQ","message":"\nInvalid `prisma.alternate.create()` invocation in\nC:\\Users\\User\\Alternate me\\backend\\src\\onboarding\\onboarding.service.ts:50:46\n\n  47   throw new ConflictError('Username is already taken');\n  48 }\n  49 \nΓåÆ 50 const alternate = await prisma.alternate.create(\nThe column `memoryEnabled` does not exist in the current database.","target":"alternate.create","timestamp":"2026-09-16T10:04:59.324Z","msg":"prisma error"}
 [31m├ù[39m utils/__tests__/alternates.test.ts[2m > [22mAlternates Module[2m > [22mSources[2m > [22mshould add a source and return PENDING status[33m 12387[2mms[22m[39m
[31m   ΓåÆ 
Invalid `prisma.alternate.create()` invocation in
C:\Users\User\Alternate me\backend\src\onboarding\onboarding.service.ts:50:46

  47   throw new ConflictError('Username is already taken');
  48 }
  49 
ΓåÆ 50 const alternate = await prisma.alternate.create(
The column `memoryEnabled` does not exist in the current database.[39m
{"level":"debug","time":"2026-09-16T10:04:59.575Z","pid":37800,"hostname":"DESKTOP-6F2E0JQ","query":"BEGIN","duration":247,"msg":"prisma query"}
{"level":"debug","time":"2026-09-16T10:04:59.819Z","pid":37800,"hostname":"DESKTOP-6F2E0JQ","query":"DEALLOCATE ALL","duration":244,"msg":"prisma query"}
{"level":"debug","time":"2026-09-16T10:05:00.307Z","pid":37800,"hostname":"DESKTOP-6F2E0JQ","query":"DELETE FROM \"public\".\"training_sources\" WHERE EXISTS(SELECT \"t0\".\"id\" FROM \"public\".\"users\" AS \"t0\" WHERE (\"t0\".\"email\"::text LIKE $1 AND (\"public\".\"training_sources\".\"userId\") = (\"t0\".\"id\") AND \"t0\".\"id\" IS NOT NULL))","duration":487,"msg":"prisma query"}
{"level":"debug","time":"2026-09-16T10:05:00.550Z","pid":37800,"hostname":"DESKTOP-6F2E0JQ","query":"COMMIT","duration":242,"msg":"prisma query"}
{"level":"debug","time":"2026-09-16T10:05:00.794Z","pid":37800,"hostname":"DESKTOP-6F2E0JQ","query":"BEGIN","duration":243,"msg":"prisma query"}
{"level":"debug","time":"2026-09-16T10:05:01.036Z","pid":37800,"hostname":"DESKTOP-6F2E0JQ","query":"DEALLOCATE ALL","duration":242,"msg":"prisma query"}
{"level":"debug","time":"2026-09-16T10:05:01.523Z","pid":37800,"hostname":"DESKTOP-6F2E0JQ","query":"DELETE FROM \"public\".\"ai_provider_configs\" WHERE EXISTS(SELECT \"t0\".\"id\" FROM \"public\".\"users\" AS \"t0\" WHERE (\"t0\".\"email\"::text LIKE $1 AND (\"public\".\"ai_provider_configs\".\"userId\") = (\"t0\".\"id\") AND \"t0\".\"id\" IS NOT NULL))","duration":487,"msg":"prisma query"}
{"level":"debug","time":"2026-09-16T10:05:01.768Z","pid":37800,"hostname":"DESKTOP-6F2E0JQ","query":"COMMIT","duration":243,"msg":"prisma query"}
{"level":"debug","time":"2026-09-16T10:05:02.013Z","pid":37800,"hostname":"DESKTOP-6F2E0JQ","query":"BEGIN","duration":244,"msg":"prisma query"}
{"level":"debug","time":"2026-09-16T10:05:02.260Z","pid":37800,"hostname":"DESKTOP-6F2E0JQ","query":"DEALLOCATE ALL","duration":247,"msg":"prisma query"}
{"level":"debug","time":"2026-09-16T10:05:02.749Z","pid":37800,"hostname":"DESKTOP-6F2E0JQ","query":"DELETE FROM \"public\".\"voice_profiles\" WHERE EXISTS(SELECT \"t0\".\"id\" FROM \"public\".\"users\" AS \"t0\" WHERE (\"t0\".\"email\"::text LIKE $1 AND (\"public\".\"voice_profiles\".\"userId\") = (\"t0\".\"id\") AND \"t0\".\"id\" IS NOT NULL))","duration":488,"msg":"prisma query"}
{"level":"debug","time":"2026-09-16T10:05:02.992Z","pid":37800,"hostname":"DESKTOP-6F2E0JQ","query":"COMMIT","duration":243,"msg":"prisma query"}
{"level":"debug","time":"2026-09-16T10:05:03.236Z","pid":37800,"hostname":"DESKTOP-6F2E0JQ","query":"BEGIN","duration":242,"msg":"prisma query"}
{"level":"debug","time":"2026-09-16T10:05:03.505Z","pid":37800,"hostname":"DESKTOP-6F2E0JQ","query":"DEALLOCATE ALL","duration":268,"msg":"prisma query"}
{"level":"debug","time":"2026-09-16T10:05:04.005Z","pid":37800,"hostname":"DESKTOP-6F2E0JQ","query":"DELETE FROM \"public\".\"personas\" WHERE EXISTS(SELECT \"t0\".\"id\" FROM \"public\".\"users\" AS \"t0\" WHERE (\"t0\".\"email\"::text LIKE $1 AND (\"public\".\"personas\".\"userId\") = (\"t0\".\"id\") AND \"t0\".\"id\" IS NOT NULL))","duration":499,"msg":"prisma query"}
{"level":"debug","time":"2026-09-16T10:05:04.248Z","pid":37800,"hostname":"DESKTOP-6F2E0JQ","query":"COMMIT","duration":242,"msg":"prisma query"}
{"level":"debug","time":"2026-09-16T10:05:04.492Z","pid":37800,"hostname":"DESKTOP-6F2E0JQ","query":"BEGIN","duration":242,"msg":"prisma query"}
{"level":"debug","time":"2026-09-16T10:05:04.735Z","pid":37800,"hostname":"DESKTOP-6F2E0JQ","query":"DEALLOCATE ALL","duration":243,"msg":"prisma query"}
{"level":"debug","time":"2026-09-16T10:05:05.228Z","pid":37800,"hostname":"DESKTOP-6F2E0JQ","query":"DELETE FROM \"public\".\"onboardings\" WHERE EXISTS(SELECT \"t0\".\"id\" FROM \"public\".\"users\" AS \"t0\" WHERE (\"t0\".\"email\"::text LIKE $1 AND (\"public\".\"onboardings\".\"userId\") = (\"t0\".\"id\") AND \"t0\".\"id\" IS NOT NULL))","duration":492,"msg":"prisma query"}
{"level":"debug","time":"2026-09-16T10:05:05.474Z","pid":37800,"hostname":"DESKTOP-6F2E0JQ","query":"COMMIT","duration":245,"msg":"prisma query"}
{"level":"debug","time":"2026-09-16T10:05:05.718Z","pid":37800,"hostname":"DESKTOP-6F2E0JQ","query":"BEGIN","duration":242,"msg":"prisma query"}
{"level":"debug","time":"2026-09-16T10:05:05.962Z","pid":37800,"hostname":"DESKTOP-6F2E0JQ","query":"DEALLOCATE ALL","duration":244,"msg":"prisma query"}
{"level":"debug","time":"2026-09-16T10:05:06.450Z","pid":37800,"hostname":"DESKTOP-6F2E0JQ","query":"DELETE FROM \"public\".\"alternates\" WHERE EXISTS(SELECT \"t0\".\"id\" FROM \"public\".\"users\" AS \"t0\" WHERE (\"t0\".\"email\"::text LIKE $1 AND (\"public\".\"alternates\".\"userId\") = (\"t0\".\"id\") AND \"t0\".\"id\" IS NOT NULL))","duration":488,"msg":"prisma query"}
{"level":"debug","time":"2026-09-16T10:05:06.694Z","pid":37800,"hostname":"DESKTOP-6F2E0JQ","query":"COMMIT","duration":243,"msg":"prisma query"}
{"level":"debug","time":"2026-09-16T10:05:06.938Z","pid":37800,"hostname":"DESKTOP-6F2E0JQ","query":"BEGIN","duration":242,"msg":"prisma query"}
{"level":"debug","time":"2026-09-16T10:05:07.185Z","pid":37800,"hostname":"DESKTOP-6F2E0JQ","query":"DEALLOCATE ALL","duration":246,"msg":"prisma query"}
{"level":"debug","time":"2026-09-16T10:05:07.677Z","pid":37800,"hostname":"DESKTOP-6F2E0JQ","query":"DELETE FROM \"public\".\"users\" WHERE \"public\".\"users\".\"email\"::text LIKE $1","duration":492,"msg":"prisma query"}
{"level":"debug","time":"2026-09-16T10:05:07.922Z","pid":37800,"hostname":"DESKTOP-6F2E0JQ","query":"COMMIT","duration":244,"msg":"prisma query"}
{"level":"debug","time":"2026-09-16T10:05:08.169Z","pid":37800,"hostname":"DESKTOP-6F2E0JQ","query":"BEGIN","duration":245,"msg":"prisma query"}
{"level":"debug","time":"2026-09-16T10:05:08.413Z","pid":37800,"hostname":"DESKTOP-6F2E0JQ","query":"DEALLOCATE ALL","duration":244,"msg":"prisma query"}
{"level":"debug","time":"2026-09-16T10:05:08.917Z","pid":37800,"hostname":"DESKTOP-6F2E0JQ","query":"INSERT INTO \"public\".\"users\" (\"id\",\"username\",\"email\",\"role\",\"isMfaEnabled\",\"timezone\",\"language\",\"theme\",\"isActive\",\"createdAt\",\"updatedAt\") VALUES ($1,$2,$3,CAST($4::text AS \"public\".\"UserRole\"),$5,$6,$7,$8,$9,$10,$11) RETURNING \"public\".\"users\".\"id\", \"public\".\"users\".\"tenantId\", \"public\".\"users\".\"username\", \"public\".\"users\".\"email\", \"public\".\"users\".\"emailVerified\", \"public\".\"users\".\"name\", \"public\".\"users\".\"avatarUrl\", \"public\".\"users\".\"role\"::text, \"public\".\"users\".\"passwordHash\", \"public\".\"users\".\"isMfaEnabled\", \"public\".\"users\".\"mfaSecret\", \"public\".\"users\".\"bio\", \"public\".\"users\".\"timezone\", \"public\".\"users\".\"language\", \"public\".\"users\".\"theme\", \"public\".\"users\".\"lastLoginAt\", \"public\".\"users\".\"isActive\", \"public\".\"users\".\"deletedAt\", \"public\".\"users\".\"metadata\", \"public\".\"users\".\"createdAt\", \"public\".\"users\".\"updatedAt\"","duration":503,"msg":"prisma query"}
{"level":"debug","time":"2026-09-16T10:05:09.161Z","pid":37800,"hostname":"DESKTOP-6F2E0JQ","query":"COMMIT","duration":243,"msg":"prisma query"}
{"level":"debug","time":"2026-09-16T10:05:09.406Z","pid":37800,"hostname":"DESKTOP-6F2E0JQ","query":"BEGIN","duration":243,"msg":"prisma query"}
{"level":"debug","time":"2026-09-16T10:05:09.650Z","pid":37800,"hostname":"DESKTOP-6F2E0JQ","query":"DEALLOCATE ALL","duration":244,"msg":"prisma query"}
{"level":"debug","time":"2026-09-16T10:05:10.145Z","pid":37800,"hostname":"DESKTOP-6F2E0JQ","query":"SELECT \"public\".\"alternates\".\"id\" FROM \"public\".\"alternates\" WHERE (\"public\".\"alternates\".\"username\" = $1 AND \"public\".\"alternates\".\"deletedAt\" IS NULL) LIMIT $2 OFFSET $3","duration":494,"msg":"prisma query"}
{"level":"debug","time":"2026-09-16T10:05:10.389Z","pid":37800,"hostname":"DESKTOP-6F2E0JQ","query":"COMMIT","duration":243,"msg":"prisma query"}
{"level":"debug","time":"2026-09-16T10:05:10.634Z","pid":37800,"hostname":"DESKTOP-6F2E0JQ","query":"BEGIN","duration":243,"msg":"prisma query"}
{"level":"debug","time":"2026-09-16T10:05:10.882Z","pid":37800,"hostname":"DESKTOP-6F2E0JQ","query":"DEALLOCATE ALL","duration":247,"msg":"prisma query"}
{"level":"debug","time":"2026-09-16T10:05:11.127Z","pid":37800,"hostname":"DESKTOP-6F2E0JQ","query":"INSERT INTO \"public\".\"alternates\" (\"id\",\"userId\",\"username\",\"displayName\",\"visibility\",\"status\",\"memoryEnabled\",\"createdAt\",\"updatedAt\") VALUES ($1,$2,$3,$4,CAST($5::text AS \"public\".\"AlternateVisibility\"),CAST($6::text AS \"public\".\"AlternateStatus\"),$7,$8,$9) RETURNING \"public\".\"alternates\".\"id\", \"public\".\"alternates\".\"userId\", \"public\".\"alternates\".\"username\", \"public\".\"alternates\".\"displayName\", \"public\".\"alternates\".\"title\", \"public\".\"alternates\".\"bio\", \"public\".\"alternates\".\"avatarUrl\", \"public\".\"alternates\".\"visibility\"::text, \"public\".\"alternates\".\"status\"::text, \"public\".\"alternates\".\"personaPrompt\", \"public\".\"alternates\".\"modelId\", \"public\".\"alternates\".\"publishedAt\", \"public\".\"alternates\".\"memoryEnabled\", \"public\".\"alternates\".\"createdAt\", \"public\".\"alternates\".\"updatedAt\", \"public\".\"alternates\".\"deletedAt\"","duration":244,"msg":"prisma query"}
{"level":"debug","time":"2026-09-16T10:05:11.372Z","pid":37800,"hostname":"DESKTOP-6F2E0JQ","query":"ROLLBACK","duration":244,"msg":"prisma query"}
{"level":"error","time":"2026-09-16T10:05:11.372Z","pid":37800,"hostname":"DESKTOP-6F2E0JQ","message":"\nInvalid `prisma.alternate.create()` invocation in\nC:\\Users\\User\\Alternate me\\backend\\src\\onboarding\\onboarding.service.ts:50:46\n\n  47   throw new ConflictError('Username is already taken');\n  48 }\n  49 \nΓåÆ 50 const alternate = await prisma.alternate.create(\nThe column `memoryEnabled` does not exist in the current database.","target":"alternate.create","timestamp":"2026-09-16T10:05:11.372Z","msg":"prisma error"}
 [31m├ù[39m utils/__tests__/alternates.test.ts[2m > [22mAlternates Module[2m > [22mSources[2m > [22mshould list sources for an alternate[33m 12048[2mms[22m[39m
[31m   ΓåÆ 
Invalid `prisma.alternate.create()` invocation in
C:\Users\User\Alternate me\backend\src\onboarding\onboarding.service.ts:50:46

  47   throw new ConflictError('Username is already taken');
  48 }
  49 
ΓåÆ 50 const alternate = await prisma.alternate.create(
The column `memoryEnabled` does not exist in the current database.[39m
{"level":"debug","time":"2026-09-16T10:05:11.618Z","pid":37800,"hostname":"DESKTOP-6F2E0JQ","query":"BEGIN","duration":243,"msg":"prisma query"}
{"level":"debug","time":"2026-09-16T10:05:11.864Z","pid":37800,"hostname":"DESKTOP-6F2E0JQ","query":"DEALLOCATE ALL","duration":246,"msg":"prisma query"}
{"level":"debug","time":"2026-09-16T10:05:12.388Z","pid":37800,"hostname":"DESKTOP-6F2E0JQ","query":"DELETE FROM \"public\".\"training_sources\" WHERE EXISTS(SELECT \"t0\".\"id\" FROM \"public\".\"users\" AS \"t0\" WHERE (\"t0\".\"email\"::text LIKE $1 AND (\"public\".\"training_sources\".\"userId\") = (\"t0\".\"id\") AND \"t0\".\"id\" IS NOT NULL))","duration":523,"msg":"prisma query"}
{"level":"debug","time":"2026-09-16T10:05:12.856Z","pid":37800,"hostname":"DESKTOP-6F2E0JQ","query":"COMMIT","duration":468,"msg":"prisma query"}
{"level":"debug","time":"2026-09-16T10:05:13.180Z","pid":37800,"hostname":"DESKTOP-6F2E0JQ","query":"BEGIN","duration":323,"msg":"prisma query"}
{"level":"debug","time":"2026-09-16T10:05:13.431Z","pid":37800,"hostname":"DESKTOP-6F2E0JQ","query":"DEALLOCATE ALL","duration":251,"msg":"prisma query"}
{"level":"debug","time":"2026-09-16T10:05:14.257Z","pid":37800,"hostname":"DESKTOP-6F2E0JQ","query":"DELETE FROM \"public\".\"ai_provider_configs\" WHERE EXISTS(SELECT \"t0\".\"id\" FROM \"public\".\"users\" AS \"t0\" WHERE (\"t0\".\"email\"::text LIKE $1 AND (\"public\".\"ai_provider_configs\".\"userId\") = (\"t0\".\"id\") AND \"t0\".\"id\" IS NOT NULL))","duration":825,"msg":"prisma query"}
{"level":"debug","time":"2026-09-16T10:05:14.500Z","pid":37800,"hostname":"DESKTOP-6F2E0JQ","query":"COMMIT","duration":243,"msg":"prisma query"}
{"level":"debug","time":"2026-09-16T10:05:14.745Z","pid":37800,"hostname":"DESKTOP-6F2E0JQ","query":"SELECT 1","duration":244,"msg":"prisma query"}
{"level":"debug","time":"2026-09-16T10:05:14.989Z","pid":37800,"hostname":"DESKTOP-6F2E0JQ","query":"BEGIN","duration":243,"msg":"prisma query"}
{"level":"debug","time":"2026-09-16T10:05:15.239Z","pid":37800,"hostname":"DESKTOP-6F2E0JQ","query":"DEALLOCATE ALL","duration":250,"msg":"prisma query"}
{"level":"debug","time":"2026-09-16T10:05:15.732Z","pid":37800,"hostname":"DESKTOP-6F2E0JQ","query":"DELETE FROM \"public\".\"voice_profiles\" WHERE EXISTS(SELECT \"t0\".\"id\" FROM \"public\".\"users\" AS \"t0\" WHERE (\"t0\".\"email\"::text LIKE $1 AND (\"public\".\"voice_profiles\".\"userId\") = (\"t0\".\"id\") AND \"t0\".\"id\" IS NOT NULL))","duration":492,"msg":"prisma query"}
{"level":"debug","time":"2026-09-16T10:05:15.982Z","pid":37800,"hostname":"DESKTOP-6F2E0JQ","query":"COMMIT","duration":249,"msg":"prisma query"}
{"level":"debug","time":"2026-09-16T10:05:16.228Z","pid":37800,"hostname":"DESKTOP-6F2E0JQ","query":"BEGIN","duration":244,"msg":"prisma query"}
{"level":"debug","time":"2026-09-16T10:05:16.472Z","pid":37800,"hostname":"DESKTOP-6F2E0JQ","query":"DEALLOCATE ALL","duration":244,"msg":"prisma query"}
{"level":"debug","time":"2026-09-16T10:05:16.962Z","pid":37800,"hostname":"DESKTOP-6F2E0JQ","query":"DELETE FROM \"public\".\"personas\" WHERE EXISTS(SELECT \"t0\".\"id\" FROM \"public\".\"users\" AS \"t0\" WHERE (\"t0\".\"email\"::text LIKE $1 AND (\"public\".\"personas\".\"userId\") = (\"t0\".\"id\") AND \"t0\".\"id\" IS NOT NULL))","duration":489,"msg":"prisma query"}
{"level":"debug","time":"2026-09-16T10:05:17.212Z","pid":37800,"hostname":"DESKTOP-6F2E0JQ","query":"COMMIT","duration":249,"msg":"prisma query"}
{"level":"debug","time":"2026-09-16T10:05:17.461Z","pid":37800,"hostname":"DESKTOP-6F2E0JQ","query":"BEGIN","duration":247,"msg":"prisma query"}
{"level":"debug","time":"2026-09-16T10:05:17.704Z","pid":37800,"hostname":"DESKTOP-6F2E0JQ","query":"DEALLOCATE ALL","duration":243,"msg":"prisma query"}
{"level":"debug","time":"2026-09-16T10:05:18.191Z","pid":37800,"hostname":"DESKTOP-6F2E0JQ","query":"DELETE FROM \"public\".\"onboardings\" WHERE EXISTS(SELECT \"t0\".\"id\" FROM \"public\".\"users\" AS \"t0\" WHERE (\"t0\".\"email\"::text LIKE $1 AND (\"public\".\"onboardings\".\"userId\") = (\"t0\".\"id\") AND \"t0\".\"id\" IS NOT NULL))","duration":486,"msg":"prisma query"}
{"level":"debug","time":"2026-09-16T10:05:18.443Z","pid":37800,"hostname":"DESKTOP-6F2E0JQ","query":"COMMIT","duration":251,"msg":"prisma query"}
{"level":"debug","time":"2026-09-16T10:05:18.710Z","pid":37800,"hostname":"DESKTOP-6F2E0JQ","query":"BEGIN","duration":266,"msg":"prisma query"}
{"level":"debug","time":"2026-09-16T10:05:18.954Z","pid":37800,"hostname":"DESKTOP-6F2E0JQ","query":"DEALLOCATE ALL","duration":243,"msg":"prisma query"}
{"level":"debug","time":"2026-09-16T10:05:19.443Z","pid":37800,"hostname":"DESKTOP-6F2E0JQ","query":"DELETE FROM \"public\".\"alternates\" WHERE EXISTS(SELECT \"t0\".\"id\" FROM \"public\".\"users\" AS \"t0\" WHERE (\"t0\".\"email\"::text LIKE $1 AND (\"public\".\"alternates\".\"userId\") = (\"t0\".\"id\") AND \"t0\".\"id\" IS NOT NULL))","duration":489,"msg":"prisma query"}
{"level":"debug","time":"2026-09-16T10:05:19.689Z","pid":37800,"hostname":"DESKTOP-6F2E0JQ","query":"COMMIT","duration":245,"msg":"prisma query"}
{"level":"debug","time":"2026-09-16T10:05:19.934Z","pid":37800,"hostname":"DESKTOP-6F2E0JQ","query":"BEGIN","duration":243,"msg":"prisma query"}
{"level":"debug","time":"2026-09-16T10:05:20.178Z","pid":37800,"hostname":"DESKTOP-6F2E0JQ","query":"DEALLOCATE ALL","duration":244,"msg":"prisma query"}
{"level":"debug","time":"2026-09-16T10:05:20.676Z","pid":37800,"hostname":"DESKTOP-6F2E0JQ","query":"DELETE FROM \"public\".\"users\" WHERE \"public\".\"users\".\"email\"::text LIKE $1","duration":497,"msg":"prisma query"}
{"level":"debug","time":"2026-09-16T10:05:20.930Z","pid":37800,"hostname":"DESKTOP-6F2E0JQ","query":"COMMIT","duration":253,"msg":"prisma query"}
{"level":"debug","time":"2026-09-16T10:05:21.174Z","pid":37800,"hostname":"DESKTOP-6F2E0JQ","query":"BEGIN","duration":242,"msg":"prisma query"}
{"level":"debug","time":"2026-09-16T10:05:21.418Z","pid":37800,"hostname":"DESKTOP-6F2E0JQ","query":"DEALLOCATE ALL","duration":243,"msg":"prisma query"}
{"level":"debug","time":"2026-09-16T10:05:21.908Z","pid":37800,"hostname":"DESKTOP-6F2E0JQ","query":"INSERT INTO \"public\".\"users\" (\"id\",\"username\",\"email\",\"role\",\"isMfaEnabled\",\"timezone\",\"language\",\"theme\",\"isActive\",\"createdAt\",\"updatedAt\") VALUES ($1,$2,$3,CAST($4::text AS \"public\".\"UserRole\"),$5,$6,$7,$8,$9,$10,$11) RETURNING \"public\".\"users\".\"id\", \"public\".\"users\".\"tenantId\", \"public\".\"users\".\"username\", \"public\".\"users\".\"email\", \"public\".\"users\".\"emailVerified\", \"public\".\"users\".\"name\", \"public\".\"users\".\"avatarUrl\", \"public\".\"users\".\"role\"::text, \"public\".\"users\".\"passwordHash\", \"public\".\"users\".\"isMfaEnabled\", \"public\".\"users\".\"mfaSecret\", \"public\".\"users\".\"bio\", \"public\".\"users\".\"timezone\", \"public\".\"users\".\"language\", \"public\".\"users\".\"theme\", \"public\".\"users\".\"lastLoginAt\", \"public\".\"users\".\"isActive\", \"public\".\"users\".\"deletedAt\", \"public\".\"users\".\"metadata\", \"public\".\"users\".\"createdAt\", \"public\".\"users\".\"updatedAt\"","duration":489,"msg":"prisma query"}
{"level":"debug","time":"2026-09-16T10:05:22.151Z","pid":37800,"hostname":"DESKTOP-6F2E0JQ","query":"COMMIT","duration":243,"msg":"prisma query"}
{"level":"debug","time":"2026-09-16T10:05:22.397Z","pid":37800,"hostname":"DESKTOP-6F2E0JQ","query":"BEGIN","duration":244,"msg":"prisma query"}
{"level":"debug","time":"2026-09-16T10:05:22.640Z","pid":37800,"hostname":"DESKTOP-6F2E0JQ","query":"DEALLOCATE ALL","duration":243,"msg":"prisma query"}
{"level":"debug","time":"2026-09-16T10:05:23.147Z","pid":37800,"hostname":"DESKTOP-6F2E0JQ","query":"SELECT \"public\".\"alternates\".\"id\" FROM \"public\".\"alternates\" WHERE (\"public\".\"alternates\".\"username\" = $1 AND \"public\".\"alternates\".\"deletedAt\" IS NULL) LIMIT $2 OFFSET $3","duration":506,"msg":"prisma query"}
{"level":"debug","time":"2026-09-16T10:05:23.390Z","pid":37800,"hostname":"DESKTOP-6F2E0JQ","query":"COMMIT","duration":242,"msg":"prisma query"}
{"level":"debug","time":"2026-09-16T10:05:23.638Z","pid":37800,"hostname":"DESKTOP-6F2E0JQ","query":"BEGIN","duration":247,"msg":"prisma query"}
{"level":"debug","time":"2026-09-16T10:05:23.883Z","pid":37800,"hostname":"DESKTOP-6F2E0JQ","query":"DEALLOCATE ALL","duration":244,"msg":"prisma query"}
{"level":"debug","time":"2026-09-16T10:05:24.127Z","pid":37800,"hostname":"DESKTOP-6F2E0JQ","query":"INSERT INTO \"public\".\"alternates\" (\"id\",\"userId\",\"username\",\"displayName\",\"visibility\",\"status\",\"memoryEnabled\",\"createdAt\",\"updatedAt\") VALUES ($1,$2,$3,$4,CAST($5::text AS \"public\".\"AlternateVisibility\"),CAST($6::text AS \"public\".\"AlternateStatus\"),$7,$8,$9) RETURNING \"public\".\"alternates\".\"id\", \"public\".\"alternates\".\"userId\", \"public\".\"alternates\".\"username\", \"public\".\"alternates\".\"displayName\", \"public\".\"alternates\".\"title\", \"public\".\"alternates\".\"bio\", \"public\".\"alternates\".\"avatarUrl\", \"public\".\"alternates\".\"visibility\"::text, \"public\".\"alternates\".\"status\"::text, \"public\".\"alternates\".\"personaPrompt\", \"public\".\"alternates\".\"modelId\", \"public\".\"alternates\".\"publishedAt\", \"public\".\"alternates\".\"memoryEnabled\", \"public\".\"alternates\".\"createdAt\", \"public\".\"alternates\".\"updatedAt\", \"public\".\"alternates\".\"deletedAt\"","duration":244,"msg":"prisma query"}
{"level":"debug","time":"2026-09-16T10:05:24.371Z","pid":37800,"hostname":"DESKTOP-6F2E0JQ","query":"ROLLBACK","duration":243,"msg":"prisma query"}
{"level":"error","time":"2026-09-16T10:05:24.372Z","pid":37800,"hostname":"DESKTOP-6F2E0JQ","message":"\nInvalid `prisma.alternate.create()` invocation in\nC:\\Users\\User\\Alternate me\\backend\\src\\onboarding\\onboarding.service.ts:50:46\n\n  47   throw new ConflictError('Username is already taken');\n  48 }\n  49 \nΓåÆ 50 const alternate = await prisma.alternate.create(\nThe column `memoryEnabled` does not exist in the current database.","target":"alternate.create","timestamp":"2026-09-16T10:05:24.372Z","msg":"prisma error"}
 [31m├ù[39m utils/__tests__/alternates.test.ts[2m > [22mAlternates Module[2m > [22mSources[2m > [22mshould delete a source with soft delete[33m 13000[2mms[22m[39m
[31m   ΓåÆ 
Invalid `prisma.alternate.create()` invocation in
C:\Users\User\Alternate me\backend\src\onboarding\onboarding.service.ts:50:46

  47   throw new ConflictError('Username is already taken');
  48 }
  49 
ΓåÆ 50 const alternate = await prisma.alternate.create(
The column `memoryEnabled` does not exist in the current database.[39m
{"level":"debug","time":"2026-09-16T10:05:24.619Z","pid":37800,"hostname":"DESKTOP-6F2E0JQ","query":"BEGIN","duration":245,"msg":"prisma query"}
{"level":"debug","time":"2026-09-16T10:05:24.866Z","pid":37800,"hostname":"DESKTOP-6F2E0JQ","query":"DEALLOCATE ALL","duration":247,"msg":"prisma query"}
{"level":"debug","time":"2026-09-16T10:05:25.361Z","pid":37800,"hostname":"DESKTOP-6F2E0JQ","query":"DELETE FROM \"public\".\"training_sources\" WHERE EXISTS(SELECT \"t0\".\"id\" FROM \"public\".\"users\" AS \"t0\" WHERE (\"t0\".\"email\"::text LIKE $1 AND (\"public\".\"training_sources\".\"userId\") = (\"t0\".\"id\") AND \"t0\".\"id\" IS NOT NULL))","duration":494,"msg":"prisma query"}
{"level":"debug","time":"2026-09-16T10:05:25.612Z","pid":37800,"hostname":"DESKTOP-6F2E0JQ","query":"COMMIT","duration":250,"msg":"prisma query"}
{"level":"debug","time":"2026-09-16T10:05:25.870Z","pid":37800,"hostname":"DESKTOP-6F2E0JQ","query":"BEGIN","duration":256,"msg":"prisma query"}
{"level":"debug","time":"2026-09-16T10:05:26.113Z","pid":37800,"hostname":"DESKTOP-6F2E0JQ","query":"DEALLOCATE ALL","duration":243,"msg":"prisma query"}
{"level":"debug","time":"2026-09-16T10:05:26.602Z","pid":37800,"hostname":"DESKTOP-6F2E0JQ","query":"DELETE FROM \"public\".\"ai_provider_configs\" WHERE EXISTS(SELECT \"t0\".\"id\" FROM \"public\".\"users\" AS \"t0\" WHERE (\"t0\".\"email\"::text LIKE $1 AND (\"public\".\"ai_provider_configs\".\"userId\") = (\"t0\".\"id\") AND \"t0\".\"id\" IS NOT NULL))","duration":488,"msg":"prisma query"}
{"level":"debug","time":"2026-09-16T10:05:26.852Z","pid":37800,"hostname":"DESKTOP-6F2E0JQ","query":"COMMIT","duration":250,"msg":"prisma query"}
{"level":"debug","time":"2026-09-16T10:05:27.103Z","pid":37800,"hostname":"DESKTOP-6F2E0JQ","query":"BEGIN","duration":249,"msg":"prisma query"}
{"level":"debug","time":"2026-09-16T10:05:27.362Z","pid":37800,"hostname":"DESKTOP-6F2E0JQ","query":"DEALLOCATE ALL","duration":258,"msg":"prisma query"}
{"level":"debug","time":"2026-09-16T10:05:27.853Z","pid":37800,"hostname":"DESKTOP-6F2E0JQ","query":"DELETE FROM \"public\".\"voice_profiles\" WHERE EXISTS(SELECT \"t0\".\"id\" FROM \"public\".\"users\" AS \"t0\" WHERE (\"t0\".\"email\"::text LIKE $1 AND (\"public\".\"voice_profiles\".\"userId\") = (\"t0\".\"id\") AND \"t0\".\"id\" IS NOT NULL))","duration":491,"msg":"prisma query"}
{"level":"debug","time":"2026-09-16T10:05:28.097Z","pid":37800,"hostname":"DESKTOP-6F2E0JQ","query":"COMMIT","duration":243,"msg":"prisma query"}
{"level":"debug","time":"2026-09-16T10:05:28.344Z","pid":37800,"hostname":"DESKTOP-6F2E0JQ","query":"BEGIN","duration":246,"msg":"prisma query"}
{"level":"debug","time":"2026-09-16T10:05:28.598Z","pid":37800,"hostname":"DESKTOP-6F2E0JQ","query":"DEALLOCATE ALL","duration":253,"msg":"prisma query"}
{"level":"debug","time":"2026-09-16T10:05:29.090Z","pid":37800,"hostname":"DESKTOP-6F2E0JQ","query":"DELETE FROM \"public\".\"personas\" WHERE EXISTS(SELECT \"t0\".\"id\" FROM \"public\".\"users\" AS \"t0\" WHERE (\"t0\".\"email\"::text LIKE $1 AND (\"public\".\"personas\".\"userId\") = (\"t0\".\"id\") AND \"t0\".\"id\" IS NOT NULL))","duration":492,"msg":"prisma query"}
{"level":"debug","time":"2026-09-16T10:05:29.340Z","pid":37800,"hostname":"DESKTOP-6F2E0JQ","query":"COMMIT","duration":249,"msg":"prisma query"}
{"level":"debug","time":"2026-09-16T10:05:29.584Z","pid":37800,"hostname":"DESKTOP-6F2E0JQ","query":"BEGIN","duration":243,"msg":"prisma query"}
{"level":"debug","time":"2026-09-16T10:05:29.827Z","pid":37800,"hostname":"DESKTOP-6F2E0JQ","query":"DEALLOCATE ALL","duration":242,"msg":"prisma query"}
{"level":"debug","time":"2026-09-16T10:05:30.322Z","pid":37800,"hostname":"DESKTOP-6F2E0JQ","query":"DELETE FROM \"public\".\"onboardings\" WHERE EXISTS(SELECT \"t0\".\"id\" FROM \"public\".\"users\" AS \"t0\" WHERE (\"t0\".\"email\"::text LIKE $1 AND (\"public\".\"onboardings\".\"userId\") = (\"t0\".\"id\") AND \"t0\".\"id\" IS NOT NULL))","duration":494,"msg":"prisma query"}
{"level":"debug","time":"2026-09-16T10:05:30.567Z","pid":37800,"hostname":"DESKTOP-6F2E0JQ","query":"COMMIT","duration":245,"msg":"prisma query"}
{"level":"debug","time":"2026-09-16T10:05:30.812Z","pid":37800,"hostname":"DESKTOP-6F2E0JQ","query":"SELECT 1","duration":243,"msg":"prisma query"}
{"level":"debug","time":"2026-09-16T10:05:31.055Z","pid":37800,"hostname":"DESKTOP-6F2E0JQ","query":"BEGIN","duration":242,"msg":"prisma query"}
{"level":"debug","time":"2026-09-16T10:05:31.299Z","pid":37800,"hostname":"DESKTOP-6F2E0JQ","query":"DEALLOCATE ALL","duration":243,"msg":"prisma query"}
{"level":"debug","time":"2026-09-16T10:05:31.792Z","pid":37800,"hostname":"DESKTOP-6F2E0JQ","query":"DELETE FROM \"public\".\"alternates\" WHERE EXISTS(SELECT \"t0\".\"id\" FROM \"public\".\"users\" AS \"t0\" WHERE (\"t0\".\"email\"::text LIKE $1 AND (\"public\".\"alternates\".\"userId\") = (\"t0\".\"id\") AND \"t0\".\"id\" IS NOT NULL))","duration":492,"msg":"prisma query"}
{"level":"debug","time":"2026-09-16T10:05:32.040Z","pid":37800,"hostname":"DESKTOP-6F2E0JQ","query":"COMMIT","duration":247,"msg":"prisma query"}
{"level":"debug","time":"2026-09-16T10:05:32.300Z","pid":37800,"hostname":"DESKTOP-6F2E0JQ","query":"BEGIN","duration":256,"msg":"prisma query"}
{"level":"debug","time":"2026-09-16T10:05:32.543Z","pid":37800,"hostname":"DESKTOP-6F2E0JQ","query":"DEALLOCATE ALL","duration":244,"msg":"prisma query"}
{"level":"debug","time":"2026-09-16T10:05:33.038Z","pid":37800,"hostname":"DESKTOP-6F2E0JQ","query":"DELETE FROM \"public\".\"users\" WHERE \"public\".\"users\".\"email\"::text LIKE $1","duration":494,"msg":"prisma query"}
{"level":"debug","time":"2026-09-16T10:05:33.282Z","pid":37800,"hostname":"DESKTOP-6F2E0JQ","query":"COMMIT","duration":244,"msg":"prisma query"}
{"level":"debug","time":"2026-09-16T10:05:33.539Z","pid":37800,"hostname":"DESKTOP-6F2E0JQ","query":"BEGIN","duration":254,"msg":"prisma query"}
{"level":"debug","time":"2026-09-16T10:05:33.781Z","pid":37800,"hostname":"DESKTOP-6F2E0JQ","query":"DEALLOCATE ALL","duration":242,"msg":"prisma query"}
{"level":"debug","time":"2026-09-16T10:05:34.333Z","pid":37800,"hostname":"DESKTOP-6F2E0JQ","query":"INSERT INTO \"public\".\"users\" (\"id\",\"username\",\"email\",\"role\",\"isMfaEnabled\",\"timezone\",\"language\",\"theme\",\"isActive\",\"createdAt\",\"updatedAt\") VALUES ($1,$2,$3,CAST($4::text AS \"public\".\"UserRole\"),$5,$6,$7,$8,$9,$10,$11) RETURNING \"public\".\"users\".\"id\", \"public\".\"users\".\"tenantId\", \"public\".\"users\".\"username\", \"public\".\"users\".\"email\", \"public\".\"users\".\"emailVerified\", \"public\".\"users\".\"name\", \"public\".\"users\".\"avatarUrl\", \"public\".\"users\".\"role\"::text, \"public\".\"users\".\"passwordHash\", \"public\".\"users\".\"isMfaEnabled\", \"public\".\"users\".\"mfaSecret\", \"public\".\"users\".\"bio\", \"public\".\"users\".\"timezone\", \"public\".\"users\".\"language\", \"public\".\"users\".\"theme\", \"public\".\"users\".\"lastLoginAt\", \"public\".\"users\".\"isActive\", \"public\".\"users\".\"deletedAt\", \"public\".\"users\".\"metadata\", \"public\".\"users\".\"createdAt\", \"public\".\"users\".\"updatedAt\"","duration":551,"msg":"prisma query"}
{"level":"debug","time":"2026-09-16T10:05:34.580Z","pid":37800,"hostname":"DESKTOP-6F2E0JQ","query":"COMMIT","duration":246,"msg":"prisma query"}
{"level":"debug","time":"2026-09-16T10:05:34.837Z","pid":37800,"hostname":"DESKTOP-6F2E0JQ","query":"BEGIN","duration":255,"msg":"prisma query"}
{"level":"debug","time":"2026-09-16T10:05:35.099Z","pid":37800,"hostname":"DESKTOP-6F2E0JQ","query":"DEALLOCATE ALL","duration":261,"msg":"prisma query"}
{"level":"debug","time":"2026-09-16T10:05:35.600Z","pid":37800,"hostname":"DESKTOP-6F2E0JQ","query":"INSERT INTO \"public\".\"users\" (\"id\",\"username\",\"email\",\"role\",\"isMfaEnabled\",\"timezone\",\"language\",\"theme\",\"isActive\",\"createdAt\",\"updatedAt\") VALUES ($1,$2,$3,CAST($4::text AS \"public\".\"UserRole\"),$5,$6,$7,$8,$9,$10,$11) RETURNING \"public\".\"users\".\"id\", \"public\".\"users\".\"tenantId\", \"public\".\"users\".\"username\", \"public\".\"users\".\"email\", \"public\".\"users\".\"emailVerified\", \"public\".\"users\".\"name\", \"public\".\"users\".\"avatarUrl\", \"public\".\"users\".\"role\"::text, \"public\".\"users\".\"passwordHash\", \"public\".\"users\".\"isMfaEnabled\", \"public\".\"users\".\"mfaSecret\", \"public\".\"users\".\"bio\", \"public\".\"users\".\"timezone\", \"public\".\"users\".\"language\", \"public\".\"users\".\"theme\", \"public\".\"users\".\"lastLoginAt\", \"public\".\"users\".\"isActive\", \"public\".\"users\".\"deletedAt\", \"public\".\"users\".\"metadata\", \"public\".\"users\".\"createdAt\", \"public\".\"users\".\"updatedAt\"","duration":501,"msg":"prisma query"}
{"level":"debug","time":"2026-09-16T10:05:35.916Z","pid":37800,"hostname":"DESKTOP-6F2E0JQ","query":"COMMIT","duration":315,"msg":"prisma query"}
{"level":"debug","time":"2026-09-16T10:05:36.163Z","pid":37800,"hostname":"DESKTOP-6F2E0JQ","query":"BEGIN","duration":244,"msg":"prisma query"}
{"level":"debug","time":"2026-09-16T10:05:36.415Z","pid":37800,"hostname":"DESKTOP-6F2E0JQ","query":"DEALLOCATE ALL","duration":249,"msg":"prisma query"}
{"level":"debug","time":"2026-09-16T10:05:36.924Z","pid":37800,"hostname":"DESKTOP-6F2E0JQ","query":"SELECT \"public\".\"alternates\".\"id\" FROM \"public\".\"alternates\" WHERE (\"public\".\"alternates\".\"username\" = $1 AND \"public\".\"alternates\".\"deletedAt\" IS NULL) LIMIT $2 OFFSET $3","duration":510,"msg":"prisma query"}
{"level":"debug","time":"2026-09-16T10:05:37.189Z","pid":37800,"hostname":"DESKTOP-6F2E0JQ","query":"COMMIT","duration":264,"msg":"prisma query"}
{"level":"debug","time":"2026-09-16T10:05:37.591Z","pid":37800,"hostname":"DESKTOP-6F2E0JQ","query":"BEGIN","duration":399,"msg":"prisma query"}
{"level":"debug","time":"2026-09-16T10:05:37.841Z","pid":37800,"hostname":"DESKTOP-6F2E0JQ","query":"DEALLOCATE ALL","duration":250,"msg":"prisma query"}
{"level":"debug","time":"2026-09-16T10:05:38.342Z","pid":37800,"hostname":"DESKTOP-6F2E0JQ","query":"INSERT INTO \"public\".\"alternates\" (\"id\",\"userId\",\"username\",\"displayName\",\"visibility\",\"status\",\"memoryEnabled\",\"createdAt\",\"updatedAt\") VALUES ($1,$2,$3,$4,CAST($5::text AS \"public\".\"AlternateVisibility\"),CAST($6::text AS \"public\".\"AlternateStatus\"),$7,$8,$9) RETURNING \"public\".\"alternates\".\"id\", \"public\".\"alternates\".\"userId\", \"public\".\"alternates\".\"username\", \"public\".\"alternates\".\"displayName\", \"public\".\"alternates\".\"title\", \"public\".\"alternates\".\"bio\", \"public\".\"alternates\".\"avatarUrl\", \"public\".\"alternates\".\"visibility\"::text, \"public\".\"alternates\".\"status\"::text, \"public\".\"alternates\".\"personaPrompt\", \"public\".\"alternates\".\"modelId\", \"public\".\"alternates\".\"publishedAt\", \"public\".\"alternates\".\"memoryEnabled\", \"public\".\"alternates\".\"createdAt\", \"public\".\"alternates\".\"updatedAt\", \"public\".\"alternates\".\"deletedAt\"","duration":500,"msg":"prisma query"}
{"level":"debug","time":"2026-09-16T10:05:38.594Z","pid":37800,"hostname":"DESKTOP-6F2E0JQ","query":"COMMIT","duration":252,"msg":"prisma query"}
{"level":"debug","time":"2026-09-16T10:05:38.850Z","pid":37800,"hostname":"DESKTOP-6F2E0JQ","query":"BEGIN","duration":251,"msg":"prisma query"}
{"level":"debug","time":"2026-09-16T10:05:39.100Z","pid":37800,"hostname":"DESKTOP-6F2E0JQ","query":"DEALLOCATE ALL","duration":250,"msg":"prisma query"}
{"level":"debug","time":"2026-09-16T10:05:39.600Z","pid":37800,"hostname":"DESKTOP-6F2E0JQ","query":"INSERT INTO \"public\".\"onboardings\" (\"id\",\"userId\",\"alternateId\",\"currentStep\",\"completedSteps\",\"status\",\"startedAt\",\"createdAt\",\"updatedAt\") VALUES ($1,$2,$3,CAST($4::text AS \"public\".\"OnboardingStep\"),CAST($5::text[] AS \"public\".\"OnboardingStep\"[]),CAST($6::text AS \"public\".\"OnboardingStatus\"),$7,$8,$9) RETURNING \"public\".\"onboardings\".\"id\", \"public\".\"onboardings\".\"userId\", \"public\".\"onboardings\".\"alternateId\", \"public\".\"onboardings\".\"currentStep\"::text, \"public\".\"onboardings\".\"completedSteps\"::text[], \"public\".\"onboardings\".\"status\"::text, \"public\".\"onboardings\".\"startedAt\", \"public\".\"onboardings\".\"completedAt\", \"public\".\"onboardings\".\"createdAt\", \"public\".\"onboardings\".\"updatedAt\"","duration":499,"msg":"prisma query"}
{"level":"debug","time":"2026-09-16T10:05:39.858Z","pid":37800,"hostname":"DESKTOP-6F2E0JQ","query":"COMMIT","duration":257,"msg":"prisma query"}
{"level":"debug","time":"2026-09-16T10:05:40.107Z","pid":37800,"hostname":"DESKTOP-6F2E0JQ","query":"BEGIN","duration":247,"msg":"prisma query"}
{"level":"debug","time":"2026-09-16T10:05:40.361Z","pid":37800,"hostname":"DESKTOP-6F2E0JQ","query":"DEALLOCATE ALL","duration":253,"msg":"prisma query"}
{"level":"debug","time":"2026-09-16T10:05:40.868Z","pid":37800,"hostname":"DESKTOP-6F2E0JQ","query":"INSERT INTO \"public\".\"audit_logs\" (\"id\",\"userId\",\"action\",\"entity\",\"entityId\",\"newValue\",\"createdAt\") VALUES ($1,$2,$3,$4,$5,$6,$7) RETURNING \"public\".\"audit_logs\".\"id\", \"public\".\"audit_logs\".\"userId\", \"public\".\"audit_logs\".\"tenantId\", \"public\".\"audit_logs\".\"action\", \"public\".\"audit_logs\".\"entity\", \"public\".\"audit_logs\".\"entityId\", \"public\".\"audit_logs\".\"oldValue\", \"public\".\"audit_logs\".\"newValue\", \"public\".\"audit_logs\".\"ipAddress\", \"public\".\"audit_logs\".\"userAgent\", \"public\".\"audit_logs\".\"metadata\", \"public\".\"audit_logs\".\"createdAt\"","duration":507,"msg":"prisma query"}
{"level":"debug","time":"2026-09-16T10:05:41.121Z","pid":37800,"hostname":"DESKTOP-6F2E0JQ","query":"COMMIT","duration":251,"msg":"prisma query"}
{"level":"info","time":"2026-09-16T10:05:41.121Z","pid":37800,"hostname":"DESKTOP-6F2E0JQ","userId":"689882a8-15bd-4909-ae30-126779feff23","alternateId":"6e44df9f-07cf-4a63-9745-5bb8401b139b","onboardingId":"a16e3019-2574-43dc-9a98-6b98a6ca29b6","msg":"Onboarding started"}
{"level":"debug","time":"2026-09-16T10:05:41.396Z","pid":37800,"hostname":"DESKTOP-6F2E0JQ","query":"BEGIN","duration":273,"msg":"prisma query"}
{"level":"debug","time":"2026-09-16T10:05:41.649Z","pid":37800,"hostname":"DESKTOP-6F2E0JQ","query":"DEALLOCATE ALL","duration":252,"msg":"prisma query"}
{"level":"debug","time":"2026-09-16T10:05:42.168Z","pid":37800,"hostname":"DESKTOP-6F2E0JQ","query":"SELECT \"public\".\"alternates\".\"id\", \"public\".\"alternates\".\"userId\", \"public\".\"alternates\".\"username\", \"public\".\"alternates\".\"displayName\", \"public\".\"alternates\".\"title\", \"public\".\"alternates\".\"bio\", \"public\".\"alternates\".\"avatarUrl\", \"public\".\"alternates\".\"visibility\"::text, \"public\".\"alternates\".\"status\"::text, \"public\".\"alternates\".\"personaPrompt\", \"public\".\"alternates\".\"modelId\", \"public\".\"alternates\".\"publishedAt\", \"public\".\"alternates\".\"memoryEnabled\", \"public\".\"alternates\".\"createdAt\", \"public\".\"alternates\".\"updatedAt\", \"public\".\"alternates\".\"deletedAt\" FROM \"public\".\"alternates\" WHERE (\"public\".\"alternates\".\"id\" = $1 AND \"public\".\"alternates\".\"userId\" = $2 AND \"public\".\"alternates\".\"deletedAt\" IS NULL) LIMIT $3 OFFSET $4","duration":518,"msg":"prisma query"}
{"level":"debug","time":"2026-09-16T10:05:42.415Z","pid":37800,"hostname":"DESKTOP-6F2E0JQ","query":"COMMIT","duration":247,"msg":"prisma query"}
{"level":"debug","time":"2026-09-16T10:05:42.672Z","pid":37800,"hostname":"DESKTOP-6F2E0JQ","query":"BEGIN","duration":254,"msg":"prisma query"}
{"level":"debug","time":"2026-09-16T10:05:43.023Z","pid":37800,"hostname":"DESKTOP-6F2E0JQ","query":"DEALLOCATE ALL","duration":351,"msg":"prisma query"}
{"level":"debug","time":"2026-09-16T10:05:43.902Z","pid":37800,"hostname":"DESKTOP-6F2E0JQ","query":"INSERT INTO \"public\".\"training_sources\" (\"id\",\"alternateId\",\"userId\",\"type\",\"origin\",\"name\",\"url\",\"status\",\"currentVersion\",\"chunkCount\",\"documentCount\",\"createdAt\",\"updatedAt\") VALUES ($1,$2,$3,CAST($4::text AS \"public\".\"SourceType\"),$5,$6,$7,CAST($8::text AS \"public\".\"SourceStatus\"),$9,$10,$11,$12,$13) RETURNING \"public\".\"training_sources\".\"id\", \"public\".\"training_sources\".\"alternateId\", \"public\".\"training_sources\".\"userId\", \"public\".\"training_sources\".\"type\"::text, \"public\".\"training_sources\".\"origin\", \"public\".\"training_sources\".\"name\", \"public\".\"training_sources\".\"url\", \"public\".\"training_sources\".\"fileName\", \"public\".\"training_sources\".\"mimeType\", \"public\".\"training_sources\".\"fileSize\", \"public\".\"training_sources\".\"status\"::text, \"public\".\"training_sources\".\"storageKey\", \"public\".\"training_sources\".\"storageBucket\", \"public\".\"training_sources\".\"storageUrl\", \"public\".\"training_sources\".\"checksum\", \"public\".\"training_sources\".\"currentVersion\", \"public\".\"training_sources\".\"processingStage\", \"public\".\"training_sources\".\"chunkCount\", \"public\".\"training_sources\".\"documentCount\", \"public\".\"training_sources\".\"wordCount\", \"public\".\"training_sources\".\"errorCode\", \"public\".\"training_sources\".\"errorMessage\", \"public\".\"training_sources\".\"lastSyncedAt\", \"public\".\"training_sources\".\"lastProcessedAt\", \"public\".\"training_sources\".\"processedAt\", \"public\".\"training_sources\".\"failedAt\", \"public\".\"training_sources\".\"createdAt\", \"public\".\"training_sources\".\"updatedAt\"","duration":878,"msg":"prisma query"}
{"level":"debug","time":"2026-09-16T10:05:44.154Z","pid":37800,"hostname":"DESKTOP-6F2E0JQ","query":"COMMIT","duration":251,"msg":"prisma query"}
{"level":"debug","time":"2026-09-16T10:05:44.401Z","pid":37800,"hostname":"DESKTOP-6F2E0JQ","query":"BEGIN","duration":244,"msg":"prisma query"}
{"level":"debug","time":"2026-09-16T10:05:44.646Z","pid":37800,"hostname":"DESKTOP-6F2E0JQ","query":"DEALLOCATE ALL","duration":244,"msg":"prisma query"}
{"level":"debug","time":"2026-09-16T10:05:45.145Z","pid":37800,"hostname":"DESKTOP-6F2E0JQ","query":"INSERT INTO \"public\".\"audit_logs\" (\"id\",\"userId\",\"action\",\"entity\",\"entityId\",\"newValue\",\"createdAt\") VALUES ($1,$2,$3,$4,$5,$6,$7) RETURNING \"public\".\"audit_logs\".\"id\", \"public\".\"audit_logs\".\"userId\", \"public\".\"audit_logs\".\"tenantId\", \"public\".\"audit_logs\".\"action\", \"public\".\"audit_logs\".\"entity\", \"public\".\"audit_logs\".\"entityId\", \"public\".\"audit_logs\".\"oldValue\", \"public\".\"audit_logs\".\"newValue\", \"public\".\"audit_logs\".\"ipAddress\", \"public\".\"audit_logs\".\"userAgent\", \"public\".\"audit_logs\".\"metadata\", \"public\".\"audit_logs\".\"createdAt\"","duration":499,"msg":"prisma query"}
{"level":"debug","time":"2026-09-16T10:05:45.395Z","pid":37800,"hostname":"DESKTOP-6F2E0JQ","query":"COMMIT","duration":250,"msg":"prisma query"}
{"level":"info","time":"2026-09-16T10:05:45.396Z","pid":37800,"hostname":"DESKTOP-6F2E0JQ","userId":"689882a8-15bd-4909-ae30-126779feff23","alternateId":"6e44df9f-07cf-4a63-9745-5bb8401b139b","sourceId":"12176f6f-e49f-430c-b621-fc5ec744c83e","msg":"Source created"}
{"level":"debug","time":"2026-09-16T10:05:45.641Z","pid":37800,"hostname":"DESKTOP-6F2E0JQ","query":"BEGIN","duration":243,"msg":"prisma query"}
{"level":"debug","time":"2026-09-16T10:05:45.885Z","pid":37800,"hostname":"DESKTOP-6F2E0JQ","query":"DEALLOCATE ALL","duration":244,"msg":"prisma query"}
{"level":"debug","time":"2026-09-16T10:05:46.426Z","pid":37800,"hostname":"DESKTOP-6F2E0JQ","query":"INSERT INTO \"public\".\"ingestion_jobs\" (\"id\",\"userId\",\"alternateId\",\"sourceId\",\"version\",\"type\",\"status\",\"attempts\",\"maxAttempts\",\"progress\",\"isRetryable\",\"createdAt\",\"updatedAt\") VALUES ($1,$2,$3,$4,$5,$6,CAST($7::text AS \"public\".\"IngestionStage\"),$8,$9,$10,$11,$12,$13) RETURNING \"public\".\"ingestion_jobs\".\"id\", \"public\".\"ingestion_jobs\".\"userId\", \"public\".\"ingestion_jobs\".\"alternateId\", \"public\".\"ingestion_jobs\".\"sourceId\", \"public\".\"ingestion_jobs\".\"documentId\", \"public\".\"ingestion_jobs\".\"version\", \"public\".\"ingestion_jobs\".\"type\", \"public\".\"ingestion_jobs\".\"status\"::text, \"public\".\"ingestion_jobs\".\"stage\", \"public\".\"ingestion_jobs\".\"attempts\", \"public\".\"ingestion_jobs\".\"maxAttempts\", \"public\".\"ingestion_jobs\".\"progress\", \"public\".\"ingestion_jobs\".\"isRetryable\", \"public\".\"ingestion_jobs\".\"errorCode\", \"public\".\"ingestion_jobs\".\"errorMessage\", \"public\".\"ingestion_jobs\".\"payload\", \"public\".\"ingestion_jobs\".\"result\", \"public\".\"ingestion_jobs\".\"startedAt\", \"public\".\"ingestion_jobs\".\"completedAt\", \"public\".\"ingestion_jobs\".\"failedAt\", \"public\".\"ingestion_jobs\".\"createdAt\", \"public\".\"ingestion_jobs\".\"updatedAt\"","duration":540,"msg":"prisma query"}
{"level":"debug","time":"2026-09-16T10:05:46.679Z","pid":37800,"hostname":"DESKTOP-6F2E0JQ","query":"COMMIT","duration":252,"msg":"prisma query"}
{"level":"info","time":"2026-09-16T10:05:46.688Z","pid":37800,"hostname":"DESKTOP-6F2E0JQ","queue":"knowledge-ingestion","msg":"Queue created"}
{"level":"warn","time":"2026-09-16T10:05:48.411Z","pid":37800,"hostname":"DESKTOP-6F2E0JQ","err":{"type":"Error","message":"getaddrinfo ENOTFOUND valued-seal-165948.upstash.io","stack":"Error: getaddrinfo ENOTFOUND valued-seal-165948.upstash.io\n    at GetAddrInfoReqWrap.onlookupall [as oncomplete] (node:dns:122:26)","errno":-3008,"code":"ENOTFOUND","syscall":"getaddrinfo","hostname":"valued-seal-165948.upstash.io"},"queue":"knowledge-ingestion","msg":"Queue connection error; processing resumes when Redis recovers"}
{"level":"warn","time":"2026-09-16T10:05:48.413Z","pid":37800,"hostname":"DESKTOP-6F2E0JQ","err":{"type":"Error","message":"getaddrinfo ENOTFOUND valued-seal-165948.upstash.io","stack":"Error: getaddrinfo ENOTFOUND valued-seal-165948.upstash.io\n    at GetAddrInfoReqWrap.onlookupall [as oncomplete] (node:dns:122:26)","errno":-3008,"code":"ENOTFOUND","syscall":"getaddrinfo","hostname":"valued-seal-165948.upstash.io"},"queue":"knowledge-ingestion","msg":"Queue connection error; processing resumes when Redis recovers"}
{"level":"warn","time":"2026-09-16T10:05:48.413Z","pid":37800,"hostname":"DESKTOP-6F2E0JQ","err":{"type":"Error","message":"getaddrinfo ENOTFOUND valued-seal-165948.upstash.io","stack":"Error: getaddrinfo ENOTFOUND valued-seal-165948.upstash.io\n    at GetAddrInfoReqWrap.onlookupall [as oncomplete] (node:dns:122:26)","errno":-3008,"code":"ENOTFOUND","syscall":"getaddrinfo","hostname":"valued-seal-165948.upstash.io"},"sourceId":"12176f6f-e49f-430c-b621-fc5ec744c83e","msg":"Failed to enqueue ingestion job; job remains QUEUED in DB"}
{"level":"debug","time":"2026-09-16T10:05:48.681Z","pid":37800,"hostname":"DESKTOP-6F2E0JQ","query":"SELECT 1","duration":265,"msg":"prisma query"}
{"level":"debug","time":"2026-09-16T10:05:48.933Z","pid":37800,"hostname":"DESKTOP-6F2E0JQ","query":"BEGIN","duration":251,"msg":"prisma query"}
{"level":"debug","time":"2026-09-16T10:05:49.183Z","pid":37800,"hostname":"DESKTOP-6F2E0JQ","query":"DEALLOCATE ALL","duration":250,"msg":"prisma query"}
{"level":"debug","time":"2026-09-16T10:05:49.675Z","pid":37800,"hostname":"DESKTOP-6F2E0JQ","query":"SELECT \"public\".\"training_sources\".\"id\", \"public\".\"training_sources\".\"alternateId\", \"public\".\"training_sources\".\"userId\", \"public\".\"training_sources\".\"type\"::text, \"public\".\"training_sources\".\"origin\", \"public\".\"training_sources\".\"name\", \"public\".\"training_sources\".\"url\", \"public\".\"training_sources\".\"fileName\", \"public\".\"training_sources\".\"mimeType\", \"public\".\"training_sources\".\"fileSize\", \"public\".\"training_sources\".\"status\"::text, \"public\".\"training_sources\".\"storageKey\", \"public\".\"training_sources\".\"storageBucket\", \"public\".\"training_sources\".\"storageUrl\", \"public\".\"training_sources\".\"checksum\", \"public\".\"training_sources\".\"currentVersion\", \"public\".\"training_sources\".\"processingStage\", \"public\".\"training_sources\".\"chunkCount\", \"public\".\"training_sources\".\"documentCount\", \"public\".\"training_sources\".\"wordCount\", \"public\".\"training_sources\".\"errorCode\", \"public\".\"training_sources\".\"errorMessage\", \"public\".\"training_sources\".\"lastSyncedAt\", \"public\".\"training_sources\".\"lastProcessedAt\", \"public\".\"training_sources\".\"processedAt\", \"public\".\"training_sources\".\"failedAt\", \"public\".\"training_sources\".\"createdAt\", \"public\".\"training_sources\".\"updatedAt\" FROM \"public\".\"training_sources\" WHERE (\"public\".\"training_sources\".\"id\" = $1 AND \"public\".\"training_sources\".\"alternateId\" = $2 AND \"public\".\"training_sources\".\"userId\" = $3 AND \"public\".\"training_sources\".\"status\" <> CAST($4::text AS \"public\".\"SourceStatus\")) LIMIT $5 OFFSET $6","duration":491,"msg":"prisma query"}
{"level":"debug","time":"2026-09-16T10:05:49.925Z","pid":37800,"hostname":"DESKTOP-6F2E0JQ","query":"COMMIT","duration":250,"msg":"prisma query"}
 [32mΓ£ô[39m utils/__tests__/alternates.test.ts[2m > [22mAlternates Module[2m > [22mSources[2m > [22mshould not allow user B to delete user A source[33m 25552[2mms[22m[39m
{"level":"debug","time":"2026-09-16T10:05:50.176Z","pid":37800,"hostname":"DESKTOP-6F2E0JQ","query":"BEGIN","duration":248,"msg":"prisma query"}
{"level":"debug","time":"2026-09-16T10:05:50.420Z","pid":37800,"hostname":"DESKTOP-6F2E0JQ","query":"DEALLOCATE ALL","duration":244,"msg":"prisma query"}
{"level":"debug","time":"2026-09-16T10:05:50.917Z","pid":37800,"hostname":"DESKTOP-6F2E0JQ","query":"DELETE FROM \"public\".\"training_sources\" WHERE EXISTS(SELECT \"t0\".\"id\" FROM \"public\".\"users\" AS \"t0\" WHERE (\"t0\".\"email\"::text LIKE $1 AND (\"public\".\"training_sources\".\"userId\") = (\"t0\".\"id\") AND \"t0\".\"id\" IS NOT NULL))","duration":495,"msg":"prisma query"}
{"level":"debug","time":"2026-09-16T10:05:51.195Z","pid":37800,"hostname":"DESKTOP-6F2E0JQ","query":"COMMIT","duration":278,"msg":"prisma query"}
{"level":"debug","time":"2026-09-16T10:05:51.441Z","pid":37800,"hostname":"DESKTOP-6F2E0JQ","query":"BEGIN","duration":244,"msg":"prisma query"}
{"level":"debug","time":"2026-09-16T10:05:51.686Z","pid":37800,"hostname":"DESKTOP-6F2E0JQ","query":"DEALLOCATE ALL","duration":245,"msg":"prisma query"}
{"level":"debug","time":"2026-09-16T10:05:52.211Z","pid":37800,"hostname":"DESKTOP-6F2E0JQ","query":"DELETE FROM \"public\".\"ai_provider_configs\" WHERE EXISTS(SELECT \"t0\".\"id\" FROM \"public\".\"users\" AS \"t0\" WHERE (\"t0\".\"email\"::text LIKE $1 AND (\"public\".\"ai_provider_configs\".\"userId\") = (\"t0\".\"id\") AND \"t0\".\"id\" IS NOT NULL))","duration":525,"msg":"prisma query"}
{"level":"debug","time":"2026-09-16T10:05:52.463Z","pid":37800,"hostname":"DESKTOP-6F2E0JQ","query":"COMMIT","duration":251,"msg":"prisma query"}
{"level":"debug","time":"2026-09-16T10:05:52.713Z","pid":37800,"hostname":"DESKTOP-6F2E0JQ","query":"BEGIN","duration":249,"msg":"prisma query"}
{"level":"debug","time":"2026-09-16T10:05:52.957Z","pid":37800,"hostname":"DESKTOP-6F2E0JQ","query":"DEALLOCATE ALL","duration":243,"msg":"prisma query"}
{"level":"debug","time":"2026-09-16T10:05:53.463Z","pid":37800,"hostname":"DESKTOP-6F2E0JQ","query":"DELETE FROM \"public\".\"voice_profiles\" WHERE EXISTS(SELECT \"t0\".\"id\" FROM \"public\".\"users\" AS \"t0\" WHERE (\"t0\".\"email\"::text LIKE $1 AND (\"public\".\"voice_profiles\".\"userId\") = (\"t0\".\"id\") AND \"t0\".\"id\" IS NOT NULL))","duration":505,"msg":"prisma query"}
{"level":"debug","time":"2026-09-16T10:05:53.707Z","pid":37800,"hostname":"DESKTOP-6F2E0JQ","query":"COMMIT","duration":244,"msg":"prisma query"}
{"level":"debug","time":"2026-09-16T10:05:53.953Z","pid":37800,"hostname":"DESKTOP-6F2E0JQ","query":"BEGIN","duration":245,"msg":"prisma query"}
{"level":"debug","time":"2026-09-16T10:05:54.198Z","pid":37800,"hostname":"DESKTOP-6F2E0JQ","query":"DEALLOCATE ALL","duration":244,"msg":"prisma query"}
{"level":"debug","time":"2026-09-16T10:05:54.704Z","pid":37800,"hostname":"DESKTOP-6F2E0JQ","query":"DELETE FROM \"public\".\"personas\" WHERE EXISTS(SELECT \"t0\".\"id\" FROM \"public\".\"users\" AS \"t0\" WHERE (\"t0\".\"email\"::text LIKE $1 AND (\"public\".\"personas\".\"userId\") = (\"t0\".\"id\") AND \"t0\".\"id\" IS NOT NULL))","duration":506,"msg":"prisma query"}
{"level":"debug","time":"2026-09-16T10:05:54.948Z","pid":37800,"hostname":"DESKTOP-6F2E0JQ","query":"COMMIT","duration":243,"msg":"prisma query"}
{"level":"debug","time":"2026-09-16T10:05:55.200Z","pid":37800,"hostname":"DESKTOP-6F2E0JQ","query":"BEGIN","duration":251,"msg":"prisma query"}
{"level":"debug","time":"2026-09-16T10:05:55.446Z","pid":37800,"hostname":"DESKTOP-6F2E0JQ","query":"DEALLOCATE ALL","duration":245,"msg":"prisma query"}
{"level":"debug","time":"2026-09-16T10:05:55.934Z","pid":37800,"hostname":"DESKTOP-6F2E0JQ","query":"DELETE FROM \"public\".\"onboardings\" WHERE EXISTS(SELECT \"t0\".\"id\" FROM \"public\".\"users\" AS \"t0\" WHERE (\"t0\".\"email\"::text LIKE $1 AND (\"public\".\"onboardings\".\"userId\") = (\"t0\".\"id\") AND \"t0\".\"id\" IS NOT NULL))","duration":488,"msg":"prisma query"}
{"level":"debug","time":"2026-09-16T10:05:56.190Z","pid":37800,"hostname":"DESKTOP-6F2E0JQ","query":"COMMIT","duration":255,"msg":"prisma query"}
{"level":"debug","time":"2026-09-16T10:05:56.437Z","pid":37800,"hostname":"DESKTOP-6F2E0JQ","query":"BEGIN","duration":246,"msg":"prisma query"}
{"level":"debug","time":"2026-09-16T10:05:56.681Z","pid":37800,"hostname":"DESKTOP-6F2E0JQ","query":"DEALLOCATE ALL","duration":243,"msg":"prisma query"}
{"level":"debug","time":"2026-09-16T10:05:57.172Z","pid":37800,"hostname":"DESKTOP-6F2E0JQ","query":"DELETE FROM \"public\".\"alternates\" WHERE EXISTS(SELECT \"t0\".\"id\" FROM \"public\".\"users\" AS \"t0\" WHERE (\"t0\".\"email\"::text LIKE $1 AND (\"public\".\"alternates\".\"userId\") = (\"t0\".\"id\") AND \"t0\".\"id\" IS NOT NULL))","duration":490,"msg":"prisma query"}
{"level":"debug","time":"2026-09-16T10:05:57.430Z","pid":37800,"hostname":"DESKTOP-6F2E0JQ","query":"COMMIT","duration":257,"msg":"prisma query"}
{"level":"debug","time":"2026-09-16T10:05:57.678Z","pid":37800,"hostname":"DESKTOP-6F2E0JQ","query":"BEGIN","duration":247,"msg":"prisma query"}
{"level":"debug","time":"2026-09-16T10:05:57.928Z","pid":37800,"hostname":"DESKTOP-6F2E0JQ","query":"DEALLOCATE ALL","duration":249,"msg":"prisma query"}
{"level":"debug","time":"2026-09-16T10:05:58.426Z","pid":37800,"hostname":"DESKTOP-6F2E0JQ","query":"DELETE FROM \"public\".\"users\" WHERE \"public\".\"users\".\"email\"::text LIKE $1","duration":497,"msg":"prisma query"}
{"level":"debug","time":"2026-09-16T10:05:58.684Z","pid":37800,"hostname":"DESKTOP-6F2E0JQ","query":"COMMIT","duration":257,"msg":"prisma query"}
node.exe : 
At C:\Program Files\nodejs\npx.ps1:29 char:3
+   & $NODE_EXE $NPX_CLI_JS $args
+   ~~~~~~~~~~~~~~~~~~~~~~~~~~~~~
    + CategoryInfo          : NotSpecified: (:String) [], RemoteException
    + FullyQualifiedErrorId : NativeCommandError
 
[31mΓÄ»ΓÄ»ΓÄ»ΓÄ»ΓÄ»ΓÄ»[39m[1m[41m Failed Suites 4 [49m[22m[31mΓÄ»ΓÄ»ΓÄ»ΓÄ»ΓÄ»ΓÄ»ΓÄ»[39m

[41m[1m FAIL [22m[49m tests/chat.security.test.ts[2m > [22mChat Security
[31m[1mPrismaClientValidationError[22m: 
Invalid `prisma.user.create()` invocation in
C:\Users\User\Alternate me\backend\src\tests\chat.security.test.ts:21:40

  18 
  19 describe('Chat Security', () => {
  20   beforeAll(async () => {
ΓåÆ 21     const testUser = await prisma.user.create({
           data: {
             email: "chat-sec-1789552782124@test.com",
             username: "chatsec1789552782124",
             passwordHash: "test-hash",
             emailVerified: true
                            ~~~~
           }
         })

Argument `emailVerified`: Invalid value provided. Expected DateTime or Null, provided Boolean.[39m
[90m [2mΓ¥»[22m throwValidationException ../node_modules/.pnpm/@prisma+client@6.19.3_prism_d64af47a59fcb41d9af9
f9685cee22aa/node_modules/@prisma/client/src/runtime/core/errorRendering/throwValidationException.ts:[2m45:9[22m
[39m
[90m [2mΓ¥»[22m ei.handleRequestError ../node_modules/.pnpm/@prisma+client@6.19.3_prism_d64af47a59fcb41d9af9f96
85cee22aa/node_modules/@prisma/client/src/runtime/RequestHandler.ts:[2m202:7[22m[39m
[90m [2mΓ¥»[22m ei.handleAndLogRequestError ../node_modules/.pnpm/@prisma+client@6.19.3_prism_d64af47a59fcb41d9
af9f9685cee22aa/node_modules/@prisma/client/src/runtime/RequestHandler.ts:[2m174:12[22m[39m
[90m [2mΓ¥»[22m ei.request ../node_modules/.pnpm/@prisma+client@6.19.3_prism_d64af47a59fcb41d9af9f9685cee22aa/n
ode_modules/@prisma/client/src/runtime/RequestHandler.ts:[2m143:12[22m[39m
[90m [2mΓ¥»[22m a ../node_modules/.pnpm/@prisma+client@6.19.3_prism_d64af47a59fcb41d9af9f9685cee22aa/node_modul
es/@prisma/client/src/runtime/getPrismaClient.ts:[2m833:24[22m[39m
[36m [2mΓ¥»[22m tests/chat.security.test.ts:[2m21:22[22m[39m
    [90m 19| [39m[34mdescribe[39m([32m'Chat Security'[39m[33m,[39m () [33m=>[39m {
    [90m 20| [39m  [34mbeforeAll[39m([35masync[39m () [33m=>[39m {
    [90m 21| [39m    [35mconst[39m testUser [33m=[39m [35mawait[39m 
prisma[33m.[39muser[33m.[39m[34mcreate[39m({
    [90m   | [39m                     [31m^[39m
    [90m 22| [39m      data[33m:[39m {
    [90m 23| [39m        email[33m:[39m 
[32m`chat-sec-[39m[36m${[39m[33mDate[39m[33m.[39m[34mnow[39m()[36m}[39m[32m@test.com`[39m[33m,[39m

[31m[2mΓÄ»ΓÄ»ΓÄ»ΓÄ»ΓÄ»ΓÄ»ΓÄ»ΓÄ»ΓÄ»ΓÄ»ΓÄ»ΓÄ»ΓÄ»ΓÄ»ΓÄ»ΓÄ»ΓÄ»ΓÄ»ΓÄ»ΓÄ»ΓÄ»ΓÄ»ΓÄ»ΓÄ»ΓÄ»ΓÄ»ΓÄ»ΓÄ»ΓÄ»ΓÄ»[22m[39m
[31m[1mSerialized Error:[22m[39m [90m{ clientVersion: '6.19.3' }[39m
[31m[2mΓÄ»ΓÄ»ΓÄ»ΓÄ»ΓÄ»ΓÄ»ΓÄ»ΓÄ»ΓÄ»ΓÄ»ΓÄ»ΓÄ»ΓÄ»ΓÄ»ΓÄ»ΓÄ»ΓÄ»ΓÄ»ΓÄ»ΓÄ»ΓÄ»ΓÄ»ΓÄ»[1/69]ΓÄ»[22m[39m

[41m[1m FAIL [22m[49m tests/chat.security.test.ts[2m > [22mChat Security
[31m[1mPrismaClientValidationError[22m: 
Invalid `prisma.user.deleteMany()` invocation in
C:\Users\User\Alternate me\backend\src\tests\chat.security.test.ts:75:23

  72 await prisma.alternate.deleteMany({
  73   where: { id: testAlternateId },
  74 });
ΓåÆ 75 await prisma.user.deleteMany({
       where: {
         id: {
           in: [
             undefined,
             ~~~~~~~~~
             undefined
           ]
         }
       }
     })

Invalid value for argument `in[0]`: Can not use `undefined` value within array. Use `null` or filter out 
`undefined` values.[39m
[90m [2mΓ¥»[22m throwValidationException ../node_modules/.pnpm/@prisma+client@6.19.3_prism_d64af47a59fcb41d9af9
f9685cee22aa/node_modules/@prisma/client/src/runtime/core/errorRendering/throwValidationException.ts:[2m45:9[22m
[39m
[90m [2mΓ¥»[22m e.throwValidationError ../node_modules/.pnpm/@prisma+client@6.19.3_prism_d64af47a59fcb41d9af9f9
685cee22aa/node_modules/@prisma/client/src/runtime/core/jsonProtocol/serializeJsonQuery.ts:[2m450:5[22m[39m
[90m [2mΓ¥»[22m serializeArgumentsArray ../node_modules/.pnpm/@prisma+client@6.19.3_prism_d64af47a59fcb41d9af9f
9685cee22aa/node_modules/@prisma/client/src/runtime/core/jsonProtocol/serializeJsonQuery.ts:[2m388:15[22m[39m
[90m [2mΓ¥»[22m serializeArgumentsValue ../node_modules/.pnpm/@prisma+client@6.19.3_prism_d64af47a59fcb41d9af9f
9685cee22aa/node_modules/@prisma/client/src/runtime/core/jsonProtocol/serializeJsonQuery.ts:[2m307:12[22m[39m
[90m [2mΓ¥»[22m serializeArgumentsObject ../node_modules/.pnpm/@prisma+client@6.19.3_prism_d64af47a59fcb41d9af9
f9685cee22aa/node_modules/@prisma/client/src/runtime/core/jsonProtocol/serializeJsonQuery.ts:[2m367:21[22m[39m
[90m [2mΓ¥»[22m serializeArgumentsValue ../node_modules/.pnpm/@prisma+client@6.19.3_prism_d64af47a59fcb41d9af9f
9685cee22aa/node_modules/@prisma/client/src/runtime/core/jsonProtocol/serializeJsonQuery.ts:[2m335:12[22m[39m
[90m [2mΓ¥»[22m serializeArgumentsObject ../node_modules/.pnpm/@prisma+client@6.19.3_prism_d64af47a59fcb41d9af9
f9685cee22aa/node_modules/@prisma/client/src/runtime/core/jsonProtocol/serializeJsonQuery.ts:[2m367:21[22m[39m
[90m [2mΓ¥»[22m serializeArgumentsValue ../node_modules/.pnpm/@prisma+client@6.19.3_prism_d64af47a59fcb41d9af9f
9685cee22aa/node_modules/@prisma/client/src/runtime/core/jsonProtocol/serializeJsonQuery.ts:[2m335:12[22m[39m
[90m [2mΓ¥»[22m serializeArgumentsObject ../node_modules/.pnpm/@prisma+client@6.19.3_prism_d64af47a59fcb41d9af9
f9685cee22aa/node_modules/@prisma/client/src/runtime/core/jsonProtocol/serializeJsonQuery.ts:[2m367:21[22m[39m
[90m [2mΓ¥»[22m Et ../node_modules/.pnpm/@prisma+client@6.19.3_prism_d64af47a59fcb41d9af9f9685cee22aa/node_modu
les/@prisma/client/src/runtime/core/jsonProtocol/serializeJsonQuery.ts:[2m124:16[22m[39m

[31m[2mΓÄ»ΓÄ»ΓÄ»ΓÄ»ΓÄ»ΓÄ»ΓÄ»ΓÄ»ΓÄ»ΓÄ»ΓÄ»ΓÄ»ΓÄ»ΓÄ»ΓÄ»ΓÄ»ΓÄ»ΓÄ»ΓÄ»ΓÄ»ΓÄ»ΓÄ»ΓÄ»ΓÄ»ΓÄ»ΓÄ»ΓÄ»ΓÄ»ΓÄ»ΓÄ»[22m[39m
[31m[1mSerialized Error:[22m[39m [90m{ clientVersion: '6.19.3' }[39m
[31m[2mΓÄ»ΓÄ»ΓÄ»ΓÄ»ΓÄ»ΓÄ»ΓÄ»ΓÄ»ΓÄ»ΓÄ»ΓÄ»ΓÄ»ΓÄ»ΓÄ»ΓÄ»ΓÄ»ΓÄ»ΓÄ»ΓÄ»ΓÄ»ΓÄ»ΓÄ»ΓÄ»[2/69]ΓÄ»[22m[39m

[41m[1m FAIL [22m[49m tests/chat.service.test.ts[2m > [22mChat Service - Conversations
[31m[1mPrismaClientValidationError[22m: 
Invalid `prisma.user.create()` invocation in
C:\Users\User\Alternate me\backend\src\tests\chat.service.test.ts:15:40

  12 
  13 describe('Chat Service - Conversations', () => {
  14   beforeAll(async () => {
ΓåÆ 15     const testUser = await prisma.user.create({
           data: {
             email: "chat-test-1789552780019@test.com",
             username: "chattest1789552780019",
             passwordHash: "test-hash",
             emailVerified: true
                            ~~~~
           }
         })

Argument `emailVerified`: Invalid value provided. Expected DateTime or Null, provided Boolean.[39m
[90m [2mΓ¥»[22m throwValidationException ../node_modules/.pnpm/@prisma+client@6.19.3_prism_d64af47a59fcb41d9af9
f9685cee22aa/node_modules/@prisma/client/src/runtime/core/errorRendering/throwValidationException.ts:[2m45:9[22m
[39m
[90m [2mΓ¥»[22m ei.handleRequestError ../node_modules/.pnpm/@prisma+client@6.19.3_prism_d64af47a59fcb41d9af9f96
85cee22aa/node_modules/@prisma/client/src/runtime/RequestHandler.ts:[2m202:7[22m[39m
[90m [2mΓ¥»[22m ei.handleAndLogRequestError ../node_modules/.pnpm/@prisma+client@6.19.3_prism_d64af47a59fcb41d9
af9f9685cee22aa/node_modules/@prisma/client/src/runtime/RequestHandler.ts:[2m174:12[22m[39m
[90m [2mΓ¥»[22m ei.request ../node_modules/.pnpm/@prisma+client@6.19.3_prism_d64af47a59fcb41d9af9f9685cee22aa/n
ode_modules/@prisma/client/src/runtime/RequestHandler.ts:[2m143:12[22m[39m
[90m [2mΓ¥»[22m a ../node_modules/.pnpm/@prisma+client@6.19.3_prism_d64af47a59fcb41d9af9f9685cee22aa/node_modul
es/@prisma/client/src/runtime/getPrismaClient.ts:[2m833:24[22m[39m
[36m [2mΓ¥»[22m tests/chat.service.test.ts:[2m15:22[22m[39m
    [90m 13| [39m[34mdescribe[39m([32m'Chat Service - Conversations'[39m[33m,[39m () [33m=>[39m {
    [90m 14| [39m  [34mbeforeAll[39m([35masync[39m () [33m=>[39m {
    [90m 15| [39m    [35mconst[39m testUser [33m=[39m [35mawait[39m 
prisma[33m.[39muser[33m.[39m[34mcreate[39m({
    [90m   | [39m                     [31m^[39m
    [90m 16| [39m      data[33m:[39m {
    [90m 17| [39m        email[33m:[39m [32m`chat-test-[39m[36m${[39m[33mDate[39m[33m.[39m[34mnow[39
m()[36m}[39m[32m@test.com`[39m[33m,[39m

[31m[2mΓÄ»ΓÄ»ΓÄ»ΓÄ»ΓÄ»ΓÄ»ΓÄ»ΓÄ»ΓÄ»ΓÄ»ΓÄ»ΓÄ»ΓÄ»ΓÄ»ΓÄ»ΓÄ»ΓÄ»ΓÄ»ΓÄ»ΓÄ»ΓÄ»ΓÄ»ΓÄ»ΓÄ»ΓÄ»ΓÄ»ΓÄ»ΓÄ»ΓÄ»ΓÄ»[22m[39m
[31m[1mSerialized Error:[22m[39m [90m{ clientVersion: '6.19.3' }[39m
[31m[2mΓÄ»ΓÄ»ΓÄ»ΓÄ»ΓÄ»ΓÄ»ΓÄ»ΓÄ»ΓÄ»ΓÄ»ΓÄ»ΓÄ»ΓÄ»ΓÄ»ΓÄ»ΓÄ»ΓÄ»ΓÄ»ΓÄ»ΓÄ»ΓÄ»ΓÄ»ΓÄ»[3/69]ΓÄ»[22m[39m

[41m[1m FAIL [22m[49m tests/chat.service.test.ts[2m > [22mChat Service - Conversations
[31m[1mPrismaClientValidationError[22m: 
Invalid `prisma.user.deleteMany()` invocation in
C:\Users\User\Alternate me\backend\src\tests\chat.service.test.ts:55:23

  52 await prisma.alternate.deleteMany({
  53   where: { id: testAlternateId },
  54 });
ΓåÆ 55 await prisma.user.deleteMany({
       where: {
         id: {
           in: [
             undefined,
             ~~~~~~~~~
             undefined
           ]
         }
       }
     })

Invalid value for argument `in[0]`: Can not use `undefined` value within array. Use `null` or filter out 
`undefined` values.[39m
[90m [2mΓ¥»[22m throwValidationException ../node_modules/.pnpm/@prisma+client@6.19.3_prism_d64af47a59fcb41d9af9
f9685cee22aa/node_modules/@prisma/client/src/runtime/core/errorRendering/throwValidationException.ts:[2m45:9[22m
[39m
[90m [2mΓ¥»[22m e.throwValidationError ../node_modules/.pnpm/@prisma+client@6.19.3_prism_d64af47a59fcb41d9af9f9
685cee22aa/node_modules/@prisma/client/src/runtime/core/jsonProtocol/serializeJsonQuery.ts:[2m450:5[22m[39m
[90m [2mΓ¥»[22m serializeArgumentsArray ../node_modules/.pnpm/@prisma+client@6.19.3_prism_d64af47a59fcb41d9af9f
9685cee22aa/node_modules/@prisma/client/src/runtime/core/jsonProtocol/serializeJsonQuery.ts:[2m388:15[22m[39m
[90m [2mΓ¥»[22m serializeArgumentsValue ../node_modules/.pnpm/@prisma+client@6.19.3_prism_d64af47a59fcb41d9af9f
9685cee22aa/node_modules/@prisma/client/src/runtime/core/jsonProtocol/serializeJsonQuery.ts:[2m307:12[22m[39m
[90m [2mΓ¥»[22m serializeArgumentsObject ../node_modules/.pnpm/@prisma+client@6.19.3_prism_d64af47a59fcb41d9af9
f9685cee22aa/node_modules/@prisma/client/src/runtime/core/jsonProtocol/serializeJsonQuery.ts:[2m367:21[22m[39m
[90m [2mΓ¥»[22m serializeArgumentsValue ../node_modules/.pnpm/@prisma+client@6.19.3_prism_d64af47a59fcb41d9af9f
9685cee22aa/node_modules/@prisma/client/src/runtime/core/jsonProtocol/serializeJsonQuery.ts:[2m335:12[22m[39m
[90m [2mΓ¥»[22m serializeArgumentsObject ../node_modules/.pnpm/@prisma+client@6.19.3_prism_d64af47a59fcb41d9af9
f9685cee22aa/node_modules/@prisma/client/src/runtime/core/jsonProtocol/serializeJsonQuery.ts:[2m367:21[22m[39m
[90m [2mΓ¥»[22m serializeArgumentsValue ../node_modules/.pnpm/@prisma+client@6.19.3_prism_d64af47a59fcb41d9af9f
9685cee22aa/node_modules/@prisma/client/src/runtime/core/jsonProtocol/serializeJsonQuery.ts:[2m335:12[22m[39m
[90m [2mΓ¥»[22m serializeArgumentsObject ../node_modules/.pnpm/@prisma+client@6.19.3_prism_d64af47a59fcb41d9af9
f9685cee22aa/node_modules/@prisma/client/src/runtime/core/jsonProtocol/serializeJsonQuery.ts:[2m367:21[22m[39m
[90m [2mΓ¥»[22m Et ../node_modules/.pnpm/@prisma+client@6.19.3_prism_d64af47a59fcb41d9af9f9685cee22aa/node_modu
les/@prisma/client/src/runtime/core/jsonProtocol/serializeJsonQuery.ts:[2m124:16[22m[39m

[31m[2mΓÄ»ΓÄ»ΓÄ»ΓÄ»ΓÄ»ΓÄ»ΓÄ»ΓÄ»ΓÄ»ΓÄ»ΓÄ»ΓÄ»ΓÄ»ΓÄ»ΓÄ»ΓÄ»ΓÄ»ΓÄ»ΓÄ»ΓÄ»ΓÄ»ΓÄ»ΓÄ»ΓÄ»ΓÄ»ΓÄ»ΓÄ»ΓÄ»ΓÄ»ΓÄ»[22m[39m
[31m[1mSerialized Error:[22m[39m [90m{ clientVersion: '6.19.3' }[39m
[31m[2mΓÄ»ΓÄ»ΓÄ»ΓÄ»ΓÄ»ΓÄ»ΓÄ»ΓÄ»ΓÄ»ΓÄ»ΓÄ»ΓÄ»ΓÄ»ΓÄ»ΓÄ»ΓÄ»ΓÄ»ΓÄ»ΓÄ»ΓÄ»ΓÄ»ΓÄ»ΓÄ»[4/69]ΓÄ»[22m[39m

[41m[1m FAIL [22m[49m tests/rag.service.test.ts[2m > [22mRAG Service
[31m[1mPrismaClientValidationError[22m: 
Invalid `prisma.user.create()` invocation in
C:\Users\User\Alternate me\backend\src\tests\rag.service.test.ts:27:40

  24 
  25 describe('RAG Service', () => {
  26   beforeAll(async () => {
ΓåÆ 27     const testUser = await prisma.user.create({
           data: {
             email: "rag-test-1789552780016@test.com",
             username: "ragtest1789552780016",
             passwordHash: "test-hash",
             emailVerified: true
                            ~~~~
           }
         })

Argument `emailVerified`: Invalid value provided. Expected DateTime or Null, provided Boolean.[39m
[90m [2mΓ¥»[22m throwValidationException ../node_modules/.pnpm/@prisma+client@6.19.3_prism_d64af47a59fcb41d9af9
f9685cee22aa/node_modules/@prisma/client/src/runtime/core/errorRendering/throwValidationException.ts:[2m45:9[22m
[39m
[90m [2mΓ¥»[22m ei.handleRequestError ../node_modules/.pnpm/@prisma+client@6.19.3_prism_d64af47a59fcb41d9af9f96
85cee22aa/node_modules/@prisma/client/src/runtime/RequestHandler.ts:[2m202:7[22m[39m
[90m [2mΓ¥»[22m ei.handleAndLogRequestError ../node_modules/.pnpm/@prisma+client@6.19.3_prism_d64af47a59fcb41d9
af9f9685cee22aa/node_modules/@prisma/client/src/runtime/RequestHandler.ts:[2m174:12[22m[39m
[90m [2mΓ¥»[22m ei.request ../node_modules/.pnpm/@prisma+client@6.19.3_prism_d64af47a59fcb41d9af9f9685cee22aa/n
ode_modules/@prisma/client/src/runtime/RequestHandler.ts:[2m143:12[22m[39m
[90m [2mΓ¥»[22m a ../node_modules/.pnpm/@prisma+client@6.19.3_prism_d64af47a59fcb41d9af9f9685cee22aa/node_modul
es/@prisma/client/src/runtime/getPrismaClient.ts:[2m833:24[22m[39m
[36m [2mΓ¥»[22m tests/rag.service.test.ts:[2m27:22[22m[39m
    [90m 25| [39m[34mdescribe[39m([32m'RAG Service'[39m[33m,[39m () [33m=>[39m {
    [90m 26| [39m  [34mbeforeAll[39m([35masync[39m () [33m=>[39m {
    [90m 27| [39m    [35mconst[39m testUser [33m=[39m [35mawait[39m 
prisma[33m.[39muser[33m.[39m[34mcreate[39m({
    [90m   | [39m                     [31m^[39m
    [90m 28| [39m      data[33m:[39m {
    [90m 29| [39m        email[33m:[39m 
[32m`rag-test-[39m[36m${[39m[33mDate[39m[33m.[39m[34mnow[39m()[36m}[39m[32m@test.com`[39m[33m,[39m

[31m[2mΓÄ»ΓÄ»ΓÄ»ΓÄ»ΓÄ»ΓÄ»ΓÄ»ΓÄ»ΓÄ»ΓÄ»ΓÄ»ΓÄ»ΓÄ»ΓÄ»ΓÄ»ΓÄ»ΓÄ»ΓÄ»ΓÄ»ΓÄ»ΓÄ»ΓÄ»ΓÄ»ΓÄ»ΓÄ»ΓÄ»ΓÄ»ΓÄ»ΓÄ»ΓÄ»[22m[39m
[31m[1mSerialized Error:[22m[39m [90m{ clientVersion: '6.19.3' }[39m
[31m[2mΓÄ»ΓÄ»ΓÄ»ΓÄ»ΓÄ»ΓÄ»ΓÄ»ΓÄ»ΓÄ»ΓÄ»ΓÄ»ΓÄ»ΓÄ»ΓÄ»ΓÄ»ΓÄ»ΓÄ»ΓÄ»ΓÄ»ΓÄ»ΓÄ»ΓÄ»ΓÄ»[5/69]ΓÄ»[22m[39m

[41m[1m FAIL [22m[49m tests/rag.service.test.ts[2m > [22mRAG Service
[31m[1mPrismaClientValidationError[22m: 
Invalid `prisma.message.deleteMany()` invocation in
C:\Users\User\Alternate me\backend\src\tests\rag.service.test.ts:69:26

  66 });
  67 
  68 afterAll(async () => {
ΓåÆ 69   await prisma.message.deleteMany({
         where: {
           conversation: {
             alternateId: {
               in: [
                 undefined,
                 ~~~~~~~~~
                 undefined
               ]
             }
           }
         }
       })

Invalid value for argument `in[0]`: Can not use `undefined` value within array. Use `null` or filter out 
`undefined` values.[39m
[90m [2mΓ¥»[22m throwValidationException ../node_modules/.pnpm/@prisma+client@6.19.3_prism_d64af47a59fcb41d9af9
f9685cee22aa/node_modules/@prisma/client/src/runtime/core/errorRendering/throwValidationException.ts:[2m45:9[22m
[39m
[90m [2mΓ¥»[22m e.throwValidationError ../node_modules/.pnpm/@prisma+client@6.19.3_prism_d64af47a59fcb41d9af9f9
685cee22aa/node_modules/@prisma/client/src/runtime/core/jsonProtocol/serializeJsonQuery.ts:[2m450:5[22m[39m
[90m [2mΓ¥»[22m serializeArgumentsArray ../node_modules/.pnpm/@prisma+client@6.19.3_prism_d64af47a59fcb41d9af9f
9685cee22aa/node_modules/@prisma/client/src/runtime/core/jsonProtocol/serializeJsonQuery.ts:[2m388:15[22m[39m
[90m [2mΓ¥»[22m serializeArgumentsValue ../node_modules/.pnpm/@prisma+client@6.19.3_prism_d64af47a59fcb41d9af9f
9685cee22aa/node_modules/@prisma/client/src/runtime/core/jsonProtocol/serializeJsonQuery.ts:[2m307:12[22m[39m
[90m [2mΓ¥»[22m serializeArgumentsObject ../node_modules/.pnpm/@prisma+client@6.19.3_prism_d64af47a59fcb41d9af9
f9685cee22aa/node_modules/@prisma/client/src/runtime/core/jsonProtocol/serializeJsonQuery.ts:[2m367:21[22m[39m
[90m [2mΓ¥»[22m serializeArgumentsValue ../node_modules/.pnpm/@prisma+client@6.19.3_prism_d64af47a59fcb41d9af9f
9685cee22aa/node_modules/@prisma/client/src/runtime/core/jsonProtocol/serializeJsonQuery.ts:[2m335:12[22m[39m
[90m [2mΓ¥»[22m serializeArgumentsObject ../node_modules/.pnpm/@prisma+client@6.19.3_prism_d64af47a59fcb41d9af9
f9685cee22aa/node_modules/@prisma/client/src/runtime/core/jsonProtocol/serializeJsonQuery.ts:[2m367:21[22m[39m
[90m [2mΓ¥»[22m serializeArgumentsValue ../node_modules/.pnpm/@prisma+client@6.19.3_prism_d64af47a59fcb41d9af9f
9685cee22aa/node_modules/@prisma/client/src/runtime/core/jsonProtocol/serializeJsonQuery.ts:[2m335:12[22m[39m
[90m [2mΓ¥»[22m serializeArgumentsObject ../node_modules/.pnpm/@prisma+client@6.19.3_prism_d64af47a59fcb41d9af9
f9685cee22aa/node_modules/@prisma/client/src/runtime/core/jsonProtocol/serializeJsonQuery.ts:[2m367:21[22m[39m
[90m [2mΓ¥»[22m Sa ../node_modules/.pnpm/@prisma+client@6.19.3_prism_d64af47a59fcb41d9af9f9685cee22aa/node_modu
les/@prisma/client/src/runtime/core/jsonProtocol/serializeJsonQuery.ts:[2m335:12[22m[39m

[31m[2mΓÄ»ΓÄ»ΓÄ»ΓÄ»ΓÄ»ΓÄ»ΓÄ»ΓÄ»ΓÄ»ΓÄ»ΓÄ»ΓÄ»ΓÄ»ΓÄ»ΓÄ»ΓÄ»ΓÄ»ΓÄ»ΓÄ»ΓÄ»ΓÄ»ΓÄ»ΓÄ»ΓÄ»ΓÄ»ΓÄ»ΓÄ»ΓÄ»ΓÄ»ΓÄ»[22m[39m
[31m[1mSerialized Error:[22m[39m [90m{ clientVersion: '6.19.3' }[39m
[31m[2mΓÄ»ΓÄ»ΓÄ»ΓÄ»ΓÄ»ΓÄ»ΓÄ»ΓÄ»ΓÄ»ΓÄ»ΓÄ»ΓÄ»ΓÄ»ΓÄ»ΓÄ»ΓÄ»ΓÄ»ΓÄ»ΓÄ»ΓÄ»ΓÄ»ΓÄ»ΓÄ»[6/69]ΓÄ»[22m[39m

[41m[1m FAIL [22m[49m tests/integration/knowledge-ingestion.test.ts[2m > [22mPhase 3 ΓÇö Knowledge 
Ingestion Pipeline (integration)
[31m[1mPrismaClientKnownRequestError[22m: 
Invalid `prisma.alternate.create()` invocation in
C:\Users\User\Alternate me\backend\src\alternates\alternate.service.ts:35:46

  32   throw new ConflictError('Username is already taken');
  33 }
  34 
ΓåÆ 35 const alternate = await prisma.alternate.create(
The column `memoryEnabled` does not exist in the current database.[39m
[90m [2mΓ¥»[22m ei.handleRequestError ../node_modules/.pnpm/@prisma+client@6.19.3_prism_d64af47a59fcb41d9af9f96
85cee22aa/node_modules/@prisma/client/src/runtime/RequestHandler.ts:[2m228:13[22m[39m
[90m [2mΓ¥»[22m ei.handleAndLogRequestError ../node_modules/.pnpm/@prisma+client@6.19.3_prism_d64af47a59fcb41d9
af9f9685cee22aa/node_modules/@prisma/client/src/runtime/RequestHandler.ts:[2m174:12[22m[39m
[90m [2mΓ¥»[22m ei.request ../node_modules/.pnpm/@prisma+client@6.19.3_prism_d64af47a59fcb41d9af9f9685cee22aa/n
ode_modules/@prisma/client/src/runtime/RequestHandler.ts:[2m143:12[22m[39m
[90m [2mΓ¥»[22m a ../node_modules/.pnpm/@prisma+client@6.19.3_prism_d64af47a59fcb41d9af9f9685cee22aa/node_modul
es/@prisma/client/src/runtime/getPrismaClient.ts:[2m833:24[22m[39m
[36m [2mΓ¥»[22m Object.createAlternate alternates/alternate.service.ts:[2m35:23[22m[39m
    [90m 33| [39m    }
    [90m 34| [39m
    [90m 35| [39m    [35mconst[39m alternate [33m=[39m [35mawait[39m 
prisma[33m.[39malternate[33m.[39m[34mcreate[39m({
    [90m   | [39m                      [31m^[39m
    [90m 36| [39m      data[33m:[39m {
    [90m 37| [39m        userId[33m,[39m
[90m [2mΓ¥»[22m tests/integration/knowledge-ingestion.test.ts:[2m68:18[22m[39m

[31m[2mΓÄ»ΓÄ»ΓÄ»ΓÄ»ΓÄ»ΓÄ»ΓÄ»ΓÄ»ΓÄ»ΓÄ»ΓÄ»ΓÄ»ΓÄ»ΓÄ»ΓÄ»ΓÄ»ΓÄ»ΓÄ»ΓÄ»ΓÄ»ΓÄ»ΓÄ»ΓÄ»ΓÄ»ΓÄ»ΓÄ»ΓÄ»ΓÄ»ΓÄ»ΓÄ»[22m[39m
[31m[1mSerialized Error:[22m[39m [90m{ code: 'P2022', meta: { modelName: 'Alternate', column: 
'memoryEnabled' }, clientVersion: '6.19.3', batchRequestIdx: undefined }[39m
[31m[2mΓÄ»ΓÄ»ΓÄ»ΓÄ»ΓÄ»ΓÄ»ΓÄ»ΓÄ»ΓÄ»ΓÄ»ΓÄ»ΓÄ»ΓÄ»ΓÄ»ΓÄ»ΓÄ»ΓÄ»ΓÄ»ΓÄ»ΓÄ»ΓÄ»ΓÄ»ΓÄ»[7/69]ΓÄ»[22m[39m


[31mΓÄ»ΓÄ»ΓÄ»ΓÄ»ΓÄ»ΓÄ»[39m[1m[41m Failed Tests 62 [49m[22m[31mΓÄ»ΓÄ»ΓÄ»ΓÄ»ΓÄ»ΓÄ»ΓÄ»[39m

[41m[1m FAIL [22m[49m tests/integration/onboarding-flow.test.ts[2m > [22mOnboarding Flow Integration 
Tests[2m > [22mAuthentication[2m > [22mregisters User A
[31m[1mTypeError[22m: fetch failed[39m
[36m [2mΓ¥»[22m api tests/integration/onboarding-flow.test.ts:[2m15:15[22m[39m
    [90m 13| [39m  const headers: Record<string, string> = { 'Content-Type': 'applicatiΓÇª
    [90m 14| [39m  [35mif[39m (token) headers[[32m'Authorization'[39m] [33m=[39m [32m`Bearer 
[39m[36m${[39mtoken[36m}[39m[32m`[39m[33m;[39m
    [90m 15| [39m  [35mconst[39m res [33m=[39m [35mawait[39m [34mfetch[39m([32m`[39m[36m${[39m[33mB
ASE[39m[36m}[39m[32m[39m[36m${[39mpath[36m}[39m[32m`[39m[33m,[39m {
    [90m   | [39m              [31m^[39m
    [90m 16| [39m    method[33m,[39m
    [90m 17| [39m    headers[33m,[39m
[90m [2mΓ¥»[22m tests/integration/onboarding-flow.test.ts:[2m48:19[22m[39m

{
  stack: 'AggregateError: \n' +
    '    at internalConnectMultiple (node:net:1134:18)\n' +
    '    at afterConnectMultiple (node:net:1715:7)',
  errors: [
    {
      stack: 'Error: connect ECONNREFUSED ::1:4000\n' +
        '    at createConnectionError (node:net:1678:14)\n' +
        '    at afterConnectMultiple (node:net:1708:16)',
      message: 'connect ECONNREFUSED ::1:4000',
      errno: -4078,
      code: 'ECONNREFUSED',
      syscall: 'connect',
      address: '::1',
      port: 4000,
      constructor: 'Function<Error>',
      name: 'Error',
      toString: 'Function<toString>'
    },
    {
      stack: 'Error: connect ECONNREFUSED 127.0.0.1:4000\n' +
        '    at createConnectionError (node:net:1678:14)\n' +
        '    at afterConnectMultiple (node:net:1708:16)',
      message: 'connect ECONNREFUSED 127.0.0.1:4000',
      errno: -4078,
      code: 'ECONNREFUSED',
      syscall: 'connect',
      address: '127.0.0.1',
      port: 4000,
      constructor: 'Function<Error>',
      name: 'Error',
      toString: 'Function<toString>'
    }
  ],
  code: 'ECONNREFUSED',
  message: '',
  constructor: 'Function<AggregateError>',
  name: 'Caused by: AggregateError',
  toString: 'Function<toString>',
  stacks: []
}
[31m[2mΓÄ»ΓÄ»ΓÄ»ΓÄ»ΓÄ»ΓÄ»ΓÄ»ΓÄ»ΓÄ»ΓÄ»ΓÄ»ΓÄ»ΓÄ»ΓÄ»ΓÄ»ΓÄ»ΓÄ»ΓÄ»ΓÄ»ΓÄ»ΓÄ»ΓÄ»ΓÄ»ΓÄ»ΓÄ»ΓÄ»ΓÄ»ΓÄ»ΓÄ»ΓÄ»[22m[39m
[31m[1mSerialized Error:[22m[39m [90m{ errors: [ { stack: 'Error: connect ECONNREFUSED ::1:4000\n    at 
createConnectionError (node:net:1678:14)\n    at afterConnectMultiple (node:net:1708:16)', message: 'connect 
ECONNREFUSED ::1:4000', errno: -4078, code: 'ECONNREFUSED', syscall: 'connect', address: '::1', port: 4000, 
constructor: 'Function<Error>', name: 'Error', toString: 'Function<toString>' }, { stack: 'Error: connect 
ECONNREFUSED 127.0.0.1:4000\n    at createConnectionError (node:net:1678:14)\n    at afterConnectMultiple 
(node:net:1708:16)', message: 'connect ECONNREFUSED 127.0.0.1:4000', errno: -4078, code: 'ECONNREFUSED', syscall: 
'connect', address: '127.0.0.1', port: 4000, constructor: 'Function<Error>', name: 'Error', toString: 
'Function<toString>' } ], code: 'ECONNREFUSED' }[39m
[31m[2mΓÄ»ΓÄ»ΓÄ»ΓÄ»ΓÄ»ΓÄ»ΓÄ»ΓÄ»ΓÄ»ΓÄ»ΓÄ»ΓÄ»ΓÄ»ΓÄ»ΓÄ»ΓÄ»ΓÄ»ΓÄ»ΓÄ»ΓÄ»ΓÄ»ΓÄ»ΓÄ»[8/69]ΓÄ»[22m[39m

[41m[1m FAIL [22m[49m tests/integration/onboarding-flow.test.ts[2m > [22mOnboarding Flow Integration 
Tests[2m > [22mAuthentication[2m > [22mregisters User B
[31m[1mTypeError[22m: fetch failed[39m
[36m [2mΓ¥»[22m api tests/integration/onboarding-flow.test.ts:[2m15:15[22m[39m
    [90m 13| [39m  const headers: Record<string, string> = { 'Content-Type': 'applicatiΓÇª
    [90m 14| [39m  [35mif[39m (token) headers[[32m'Authorization'[39m] [33m=[39m [32m`Bearer 
[39m[36m${[39mtoken[36m}[39m[32m`[39m[33m;[39m
    [90m 15| [39m  [35mconst[39m res [33m=[39m [35mawait[39m [34mfetch[39m([32m`[39m[36m${[39m[33mB
ASE[39m[36m}[39m[32m[39m[36m${[39mpath[36m}[39m[32m`[39m[33m,[39m {
    [90m   | [39m              [31m^[39m
    [90m 16| [39m    method[33m,[39m
    [90m 17| [39m    headers[33m,[39m
[90m [2mΓ¥»[22m tests/integration/onboarding-flow.test.ts:[2m55:19[22m[39m

{
  stack: 'AggregateError: \n' +
    '    at internalConnectMultiple (node:net:1134:18)\n' +
    '    at afterConnectMultiple (node:net:1715:7)',
  errors: [
    {
      stack: 'Error: connect ECONNREFUSED ::1:4000\n' +
        '    at createConnectionError (node:net:1678:14)\n' +
        '    at afterConnectMultiple (node:net:1708:16)',
      message: 'connect ECONNREFUSED ::1:4000',
      errno: -4078,
      code: 'ECONNREFUSED',
      syscall: 'connect',
      address: '::1',
      port: 4000,
      constructor: 'Function<Error>',
      name: 'Error',
      toString: 'Function<toString>'
    },
    {
      stack: 'Error: connect ECONNREFUSED 127.0.0.1:4000\n' +
        '    at createConnectionError (node:net:1678:14)\n' +
        '    at afterConnectMultiple (node:net:1708:16)',
      message: 'connect ECONNREFUSED 127.0.0.1:4000',
      errno: -4078,
      code: 'ECONNREFUSED',
      syscall: 'connect',
      address: '127.0.0.1',
      port: 4000,
      constructor: 'Function<Error>',
      name: 'Error',
      toString: 'Function<toString>'
    }
  ],
  code: 'ECONNREFUSED',
  message: '',
  constructor: 'Function<AggregateError>',
  name: 'Caused by: AggregateError',
  toString: 'Function<toString>',
  stacks: []
}
[31m[2mΓÄ»ΓÄ»ΓÄ»ΓÄ»ΓÄ»ΓÄ»ΓÄ»ΓÄ»ΓÄ»ΓÄ»ΓÄ»ΓÄ»ΓÄ»ΓÄ»ΓÄ»ΓÄ»ΓÄ»ΓÄ»ΓÄ»ΓÄ»ΓÄ»ΓÄ»ΓÄ»ΓÄ»ΓÄ»ΓÄ»ΓÄ»ΓÄ»ΓÄ»ΓÄ»[22m[39m
[31m[1mSerialized Error:[22m[39m [90m{ errors: [ { stack: 'Error: connect ECONNREFUSED ::1:4000\n    at 
createConnectionError (node:net:1678:14)\n    at afterConnectMultiple (node:net:1708:16)', message: 'connect 
ECONNREFUSED ::1:4000', errno: -4078, code: 'ECONNREFUSED', syscall: 'connect', address: '::1', port: 4000, 
constructor: 'Function<Error>', name: 'Error', toString: 'Function<toString>' }, { stack: 'Error: connect 
ECONNREFUSED 127.0.0.1:4000\n    at createConnectionError (node:net:1678:14)\n    at afterConnectMultiple 
(node:net:1708:16)', message: 'connect ECONNREFUSED 127.0.0.1:4000', errno: -4078, code: 'ECONNREFUSED', syscall: 
'connect', address: '127.0.0.1', port: 4000, constructor: 'Function<Error>', name: 'Error', toString: 
'Function<toString>' } ], code: 'ECONNREFUSED' }[39m
[31m[2mΓÄ»ΓÄ»ΓÄ»ΓÄ»ΓÄ»ΓÄ»ΓÄ»ΓÄ»ΓÄ»ΓÄ»ΓÄ»ΓÄ»ΓÄ»ΓÄ»ΓÄ»ΓÄ»ΓÄ»ΓÄ»ΓÄ»ΓÄ»ΓÄ»ΓÄ»ΓÄ»[9/69]ΓÄ»[22m[39m

[41m[1m FAIL [22m[49m tests/integration/onboarding-flow.test.ts[2m > [22mOnboarding Flow Integration 
Tests[2m > [22mAuthentication[2m > [22mrejects login with unverified email
[31m[1mTypeError[22m: fetch failed[39m
[36m [2mΓ¥»[22m api tests/integration/onboarding-flow.test.ts:[2m15:15[22m[39m
    [90m 13| [39m  const headers: Record<string, string> = { 'Content-Type': 'applicatiΓÇª
    [90m 14| [39m  [35mif[39m (token) headers[[32m'Authorization'[39m] [33m=[39m [32m`Bearer 
[39m[36m${[39mtoken[36m}[39m[32m`[39m[33m;[39m
    [90m 15| [39m  [35mconst[39m res [33m=[39m [35mawait[39m [34mfetch[39m([32m`[39m[36m${[39m[33mB
ASE[39m[36m}[39m[32m[39m[36m${[39mpath[36m}[39m[32m`[39m[33m,[39m {
    [90m   | [39m              [31m^[39m
    [90m 16| [39m    method[33m,[39m
    [90m 17| [39m    headers[33m,[39m
[90m [2mΓ¥»[22m tests/integration/onboarding-flow.test.ts:[2m62:19[22m[39m

{
  stack: 'AggregateError: \n' +
    '    at internalConnectMultiple (node:net:1134:18)\n' +
    '    at afterConnectMultiple (node:net:1715:7)',
  errors: [
    {
      stack: 'Error: connect ECONNREFUSED ::1:4000\n' +
        '    at createConnectionError (node:net:1678:14)\n' +
        '    at afterConnectMultiple (node:net:1708:16)',
      message: 'connect ECONNREFUSED ::1:4000',
      errno: -4078,
      code: 'ECONNREFUSED',
      syscall: 'connect',
      address: '::1',
      port: 4000,
      constructor: 'Function<Error>',
      name: 'Error',
      toString: 'Function<toString>'
    },
    {
      stack: 'Error: connect ECONNREFUSED 127.0.0.1:4000\n' +
        '    at createConnectionError (node:net:1678:14)\n' +
        '    at afterConnectMultiple (node:net:1708:16)',
      message: 'connect ECONNREFUSED 127.0.0.1:4000',
      errno: -4078,
      code: 'ECONNREFUSED',
      syscall: 'connect',
      address: '127.0.0.1',
      port: 4000,
      constructor: 'Function<Error>',
      name: 'Error',
      toString: 'Function<toString>'
    }
  ],
  code: 'ECONNREFUSED',
  message: '',
  constructor: 'Function<AggregateError>',
  name: 'Caused by: AggregateError',
  toString: 'Function<toString>',
  stacks: []
}
[31m[2mΓÄ»ΓÄ»ΓÄ»ΓÄ»ΓÄ»ΓÄ»ΓÄ»ΓÄ»ΓÄ»ΓÄ»ΓÄ»ΓÄ»ΓÄ»ΓÄ»ΓÄ»ΓÄ»ΓÄ»ΓÄ»ΓÄ»ΓÄ»ΓÄ»ΓÄ»ΓÄ»ΓÄ»ΓÄ»ΓÄ»ΓÄ»ΓÄ»ΓÄ»ΓÄ»[22m[39m
[31m[1mSerialized Error:[22m[39m [90m{ errors: [ { stack: 'Error: connect ECONNREFUSED ::1:4000\n    at 
createConnectionError (node:net:1678:14)\n    at afterConnectMultiple (node:net:1708:16)', message: 'connect 
ECONNREFUSED ::1:4000', errno: -4078, code: 'ECONNREFUSED', syscall: 'connect', address: '::1', port: 4000, 
constructor: 'Function<Error>', name: 'Error', toString: 'Function<toString>' }, { stack: 'Error: connect 
ECONNREFUSED 127.0.0.1:4000\n    at createConnectionError (node:net:1678:14)\n    at afterConnectMultiple 
(node:net:1708:16)', message: 'connect ECONNREFUSED 127.0.0.1:4000', errno: -4078, code: 'ECONNREFUSED', syscall: 
'connect', address: '127.0.0.1', port: 4000, constructor: 'Function<Error>', name: 'Error', toString: 
'Function<toString>' } ], code: 'ECONNREFUSED' }[39m
[31m[2mΓÄ»ΓÄ»ΓÄ»ΓÄ»ΓÄ»ΓÄ»ΓÄ»ΓÄ»ΓÄ»ΓÄ»ΓÄ»ΓÄ»ΓÄ»ΓÄ»ΓÄ»ΓÄ»ΓÄ»ΓÄ»ΓÄ»ΓÄ»ΓÄ»ΓÄ»[10/69]ΓÄ»[22m[39m

[41m[1m FAIL [22m[49m tests/integration/onboarding-flow.test.ts[2m > [22mOnboarding Flow Integration 
Tests[2m > [22mAuthentication[2m > [22mgets current user with registration token
[31m[1mTypeError[22m: fetch failed[39m
[36m [2mΓ¥»[22m api tests/integration/onboarding-flow.test.ts:[2m15:15[22m[39m
    [90m 13| [39m  const headers: Record<string, string> = { 'Content-Type': 'applicatiΓÇª
    [90m 14| [39m  [35mif[39m (token) headers[[32m'Authorization'[39m] [33m=[39m [32m`Bearer 
[39m[36m${[39mtoken[36m}[39m[32m`[39m[33m;[39m
    [90m 15| [39m  [35mconst[39m res [33m=[39m [35mawait[39m [34mfetch[39m([32m`[39m[36m${[39m[33mB
ASE[39m[36m}[39m[32m[39m[36m${[39mpath[36m}[39m[32m`[39m[33m,[39m {
    [90m   | [39m              [31m^[39m
    [90m 16| [39m    method[33m,[39m
    [90m 17| [39m    headers[33m,[39m
[90m [2mΓ¥»[22m tests/integration/onboarding-flow.test.ts:[2m67:19[22m[39m

{
  stack: 'AggregateError: \n' +
    '    at internalConnectMultiple (node:net:1134:18)\n' +
    '    at afterConnectMultiple (node:net:1715:7)',
  errors: [
    {
      stack: 'Error: connect ECONNREFUSED ::1:4000\n' +
        '    at createConnectionError (node:net:1678:14)\n' +
        '    at afterConnectMultiple (node:net:1708:16)',
      message: 'connect ECONNREFUSED ::1:4000',
      errno: -4078,
      code: 'ECONNREFUSED',
      syscall: 'connect',
      address: '::1',
      port: 4000,
      constructor: 'Function<Error>',
      name: 'Error',
      toString: 'Function<toString>'
    },
    {
      stack: 'Error: connect ECONNREFUSED 127.0.0.1:4000\n' +
        '    at createConnectionError (node:net:1678:14)\n' +
        '    at afterConnectMultiple (node:net:1708:16)',
      message: 'connect ECONNREFUSED 127.0.0.1:4000',
      errno: -4078,
      code: 'ECONNREFUSED',
      syscall: 'connect',
      address: '127.0.0.1',
      port: 4000,
      constructor: 'Function<Error>',
      name: 'Error',
      toString: 'Function<toString>'
    }
  ],
  code: 'ECONNREFUSED',
  message: '',
  constructor: 'Function<AggregateError>',
  name: 'Caused by: AggregateError',
  toString: 'Function<toString>',
  stacks: []
}
[31m[2mΓÄ»ΓÄ»ΓÄ»ΓÄ»ΓÄ»ΓÄ»ΓÄ»ΓÄ»ΓÄ»ΓÄ»ΓÄ»ΓÄ»ΓÄ»ΓÄ»ΓÄ»ΓÄ»ΓÄ»ΓÄ»ΓÄ»ΓÄ»ΓÄ»ΓÄ»ΓÄ»ΓÄ»ΓÄ»ΓÄ»ΓÄ»ΓÄ»ΓÄ»ΓÄ»[22m[39m
[31m[1mSerialized Error:[22m[39m [90m{ errors: [ { stack: 'Error: connect ECONNREFUSED ::1:4000\n    at 
createConnectionError (node:net:1678:14)\n    at afterConnectMultiple (node:net:1708:16)', message: 'connect 
ECONNREFUSED ::1:4000', errno: -4078, code: 'ECONNREFUSED', syscall: 'connect', address: '::1', port: 4000, 
constructor: 'Function<Error>', name: 'Error', toString: 'Function<toString>' }, { stack: 'Error: connect 
ECONNREFUSED 127.0.0.1:4000\n    at createConnectionError (node:net:1678:14)\n    at afterConnectMultiple 
(node:net:1708:16)', message: 'connect ECONNREFUSED 127.0.0.1:4000', errno: -4078, code: 'ECONNREFUSED', syscall: 
'connect', address: '127.0.0.1', port: 4000, constructor: 'Function<Error>', name: 'Error', toString: 
'Function<toString>' } ], code: 'ECONNREFUSED' }[39m
[31m[2mΓÄ»ΓÄ»ΓÄ»ΓÄ»ΓÄ»ΓÄ»ΓÄ»ΓÄ»ΓÄ»ΓÄ»ΓÄ»ΓÄ»ΓÄ»ΓÄ»ΓÄ»ΓÄ»ΓÄ»ΓÄ»ΓÄ»ΓÄ»ΓÄ»ΓÄ»[11/69]ΓÄ»[22m[39m

[41m[1m FAIL [22m[49m tests/integration/onboarding-flow.test.ts[2m > [22mOnboarding Flow Integration 
Tests[2m > [22mAlternate Creation[2m > [22mstarts onboarding and creates alternate
[31m[1mTypeError[22m: fetch failed[39m
[36m [2mΓ¥»[22m api tests/integration/onboarding-flow.test.ts:[2m15:15[22m[39m
    [90m 13| [39m  const headers: Record<string, string> = { 'Content-Type': 'applicatiΓÇª
    [90m 14| [39m  [35mif[39m (token) headers[[32m'Authorization'[39m] [33m=[39m [32m`Bearer 
[39m[36m${[39mtoken[36m}[39m[32m`[39m[33m;[39m
    [90m 15| [39m  [35mconst[39m res [33m=[39m [35mawait[39m [34mfetch[39m([32m`[39m[36m${[39m[33mB
ASE[39m[36m}[39m[32m[39m[36m${[39mpath[36m}[39m[32m`[39m[33m,[39m {
    [90m   | [39m              [31m^[39m
    [90m 16| [39m    method[33m,[39m
    [90m 17| [39m    headers[33m,[39m
[90m [2mΓ¥»[22m tests/integration/onboarding-flow.test.ts:[2m76:19[22m[39m

{
  stack: 'AggregateError: \n' +
    '    at internalConnectMultiple (node:net:1134:18)\n' +
    '    at afterConnectMultiple (node:net:1715:7)',
  errors: [
    {
      stack: 'Error: connect ECONNREFUSED ::1:4000\n' +
        '    at createConnectionError (node:net:1678:14)\n' +
        '    at afterConnectMultiple (node:net:1708:16)',
      message: 'connect ECONNREFUSED ::1:4000',
      errno: -4078,
      code: 'ECONNREFUSED',
      syscall: 'connect',
      address: '::1',
      port: 4000,
      constructor: 'Function<Error>',
      name: 'Error',
      toString: 'Function<toString>'
    },
    {
      stack: 'Error: connect ECONNREFUSED 127.0.0.1:4000\n' +
        '    at createConnectionError (node:net:1678:14)\n' +
        '    at afterConnectMultiple (node:net:1708:16)',
      message: 'connect ECONNREFUSED 127.0.0.1:4000',
      errno: -4078,
      code: 'ECONNREFUSED',
      syscall: 'connect',
      address: '127.0.0.1',
      port: 4000,
      constructor: 'Function<Error>',
      name: 'Error',
      toString: 'Function<toString>'
    }
  ],
  code: 'ECONNREFUSED',
  message: '',
  constructor: 'Function<AggregateError>',
  name: 'Caused by: AggregateError',
  toString: 'Function<toString>',
  stacks: []
}
[31m[2mΓÄ»ΓÄ»ΓÄ»ΓÄ»ΓÄ»ΓÄ»ΓÄ»ΓÄ»ΓÄ»ΓÄ»ΓÄ»ΓÄ»ΓÄ»ΓÄ»ΓÄ»ΓÄ»ΓÄ»ΓÄ»ΓÄ»ΓÄ»ΓÄ»ΓÄ»ΓÄ»ΓÄ»ΓÄ»ΓÄ»ΓÄ»ΓÄ»ΓÄ»ΓÄ»[22m[39m
[31m[1mSerialized Error:[22m[39m [90m{ errors: [ { stack: 'Error: connect ECONNREFUSED ::1:4000\n    at 
createConnectionError (node:net:1678:14)\n    at afterConnectMultiple (node:net:1708:16)', message: 'connect 
ECONNREFUSED ::1:4000', errno: -4078, code: 'ECONNREFUSED', syscall: 'connect', address: '::1', port: 4000, 
constructor: 'Function<Error>', name: 'Error', toString: 'Function<toString>' }, { stack: 'Error: connect 
ECONNREFUSED 127.0.0.1:4000\n    at createConnectionError (node:net:1678:14)\n    at afterConnectMultiple 
(node:net:1708:16)', message: 'connect ECONNREFUSED 127.0.0.1:4000', errno: -4078, code: 'ECONNREFUSED', syscall: 
'connect', address: '127.0.0.1', port: 4000, constructor: 'Function<Error>', name: 'Error', toString: 
'Function<toString>' } ], code: 'ECONNREFUSED' }[39m
[31m[2mΓÄ»ΓÄ»ΓÄ»ΓÄ»ΓÄ»ΓÄ»ΓÄ»ΓÄ»ΓÄ»ΓÄ»ΓÄ»ΓÄ»ΓÄ»ΓÄ»ΓÄ»ΓÄ»ΓÄ»ΓÄ»ΓÄ»ΓÄ»ΓÄ»ΓÄ»[12/69]ΓÄ»[22m[39m

[41m[1m FAIL [22m[49m tests/integration/onboarding-flow.test.ts[2m > [22mOnboarding Flow Integration 
Tests[2m > [22mAlternate Creation[2m > [22mrejects duplicate username
[31m[1mTypeError[22m: fetch failed[39m
[36m [2mΓ¥»[22m api tests/integration/onboarding-flow.test.ts:[2m15:15[22m[39m
    [90m 13| [39m  const headers: Record<string, string> = { 'Content-Type': 'applicatiΓÇª
    [90m 14| [39m  [35mif[39m (token) headers[[32m'Authorization'[39m] [33m=[39m [32m`Bearer 
[39m[36m${[39mtoken[36m}[39m[32m`[39m[33m;[39m
    [90m 15| [39m  [35mconst[39m res [33m=[39m [35mawait[39m [34mfetch[39m([32m`[39m[36m${[39m[33mB
ASE[39m[36m}[39m[32m[39m[36m${[39mpath[36m}[39m[32m`[39m[33m,[39m {
    [90m   | [39m              [31m^[39m
    [90m 16| [39m    method[33m,[39m
    [90m 17| [39m    headers[33m,[39m
[90m [2mΓ¥»[22m tests/integration/onboarding-flow.test.ts:[2m88:19[22m[39m

{
  stack: 'AggregateError: \n' +
    '    at internalConnectMultiple (node:net:1134:18)\n' +
    '    at afterConnectMultiple (node:net:1715:7)',
  errors: [
    {
      stack: 'Error: connect ECONNREFUSED ::1:4000\n' +
        '    at createConnectionError (node:net:1678:14)\n' +
        '    at afterConnectMultiple (node:net:1708:16)',
      message: 'connect ECONNREFUSED ::1:4000',
      errno: -4078,
      code: 'ECONNREFUSED',
      syscall: 'connect',
      address: '::1',
      port: 4000,
      constructor: 'Function<Error>',
      name: 'Error',
      toString: 'Function<toString>'
    },
    {
      stack: 'Error: connect ECONNREFUSED 127.0.0.1:4000\n' +
        '    at createConnectionError (node:net:1678:14)\n' +
        '    at afterConnectMultiple (node:net:1708:16)',
      message: 'connect ECONNREFUSED 127.0.0.1:4000',
      errno: -4078,
      code: 'ECONNREFUSED',
      syscall: 'connect',
      address: '127.0.0.1',
      port: 4000,
      constructor: 'Function<Error>',
      name: 'Error',
      toString: 'Function<toString>'
    }
  ],
  code: 'ECONNREFUSED',
  message: '',
  constructor: 'Function<AggregateError>',
  name: 'Caused by: AggregateError',
  toString: 'Function<toString>',
  stacks: []
}
[31m[2mΓÄ»ΓÄ»ΓÄ»ΓÄ»ΓÄ»ΓÄ»ΓÄ»ΓÄ»ΓÄ»ΓÄ»ΓÄ»ΓÄ»ΓÄ»ΓÄ»ΓÄ»ΓÄ»ΓÄ»ΓÄ»ΓÄ»ΓÄ»ΓÄ»ΓÄ»ΓÄ»ΓÄ»ΓÄ»ΓÄ»ΓÄ»ΓÄ»ΓÄ»ΓÄ»[22m[39m
[31m[1mSerialized Error:[22m[39m [90m{ errors: [ { stack: 'Error: connect ECONNREFUSED ::1:4000\n    at 
createConnectionError (node:net:1678:14)\n    at afterConnectMultiple (node:net:1708:16)', message: 'connect 
ECONNREFUSED ::1:4000', errno: -4078, code: 'ECONNREFUSED', syscall: 'connect', address: '::1', port: 4000, 
constructor: 'Function<Error>', name: 'Error', toString: 'Function<toString>' }, { stack: 'Error: connect 
ECONNREFUSED 127.0.0.1:4000\n    at createConnectionError (node:net:1678:14)\n    at afterConnectMultiple 
(node:net:1708:16)', message: 'connect ECONNREFUSED 127.0.0.1:4000', errno: -4078, code: 'ECONNREFUSED', syscall: 
'connect', address: '127.0.0.1', port: 4000, constructor: 'Function<Error>', name: 'Error', toString: 
'Function<toString>' } ], code: 'ECONNREFUSED' }[39m
[31m[2mΓÄ»ΓÄ»ΓÄ»ΓÄ»ΓÄ»ΓÄ»ΓÄ»ΓÄ»ΓÄ»ΓÄ»ΓÄ»ΓÄ»ΓÄ»ΓÄ»ΓÄ»ΓÄ»ΓÄ»ΓÄ»ΓÄ»ΓÄ»ΓÄ»ΓÄ»[13/69]ΓÄ»[22m[39m

[41m[1m FAIL [22m[49m tests/integration/onboarding-flow.test.ts[2m > [22mOnboarding Flow Integration 
Tests[2m > [22mAlternate Creation[2m > [22mrejects reserved username
[31m[1mTypeError[22m: fetch failed[39m
[36m [2mΓ¥»[22m api tests/integration/onboarding-flow.test.ts:[2m15:15[22m[39m
    [90m 13| [39m  const headers: Record<string, string> = { 'Content-Type': 'applicatiΓÇª
    [90m 14| [39m  [35mif[39m (token) headers[[32m'Authorization'[39m] [33m=[39m [32m`Bearer 
[39m[36m${[39mtoken[36m}[39m[32m`[39m[33m;[39m
    [90m 15| [39m  [35mconst[39m res [33m=[39m [35mawait[39m [34mfetch[39m([32m`[39m[36m${[39m[33mB
ASE[39m[36m}[39m[32m[39m[36m${[39mpath[36m}[39m[32m`[39m[33m,[39m {
    [90m   | [39m              [31m^[39m
    [90m 16| [39m    method[33m,[39m
    [90m 17| [39m    headers[33m,[39m
[90m [2mΓ¥»[22m tests/integration/onboarding-flow.test.ts:[2m96:19[22m[39m

{
  stack: 'AggregateError: \n' +
    '    at internalConnectMultiple (node:net:1134:18)\n' +
    '    at afterConnectMultiple (node:net:1715:7)',
  errors: [
    {
      stack: 'Error: connect ECONNREFUSED ::1:4000\n' +
        '    at createConnectionError (node:net:1678:14)\n' +
        '    at afterConnectMultiple (node:net:1708:16)',
      message: 'connect ECONNREFUSED ::1:4000',
      errno: -4078,
      code: 'ECONNREFUSED',
      syscall: 'connect',
      address: '::1',
      port: 4000,
      constructor: 'Function<Error>',
      name: 'Error',
      toString: 'Function<toString>'
    },
    {
      stack: 'Error: connect ECONNREFUSED 127.0.0.1:4000\n' +
        '    at createConnectionError (node:net:1678:14)\n' +
        '    at afterConnectMultiple (node:net:1708:16)',
      message: 'connect ECONNREFUSED 127.0.0.1:4000',
      errno: -4078,
      code: 'ECONNREFUSED',
      syscall: 'connect',
      address: '127.0.0.1',
      port: 4000,
      constructor: 'Function<Error>',
      name: 'Error',
      toString: 'Function<toString>'
    }
  ],
  code: 'ECONNREFUSED',
  message: '',
  constructor: 'Function<AggregateError>',
  name: 'Caused by: AggregateError',
  toString: 'Function<toString>',
  stacks: []
}
[31m[2mΓÄ»ΓÄ»ΓÄ»ΓÄ»ΓÄ»ΓÄ»ΓÄ»ΓÄ»ΓÄ»ΓÄ»ΓÄ»ΓÄ»ΓÄ»ΓÄ»ΓÄ»ΓÄ»ΓÄ»ΓÄ»ΓÄ»ΓÄ»ΓÄ»ΓÄ»ΓÄ»ΓÄ»ΓÄ»ΓÄ»ΓÄ»ΓÄ»ΓÄ»ΓÄ»[22m[39m
[31m[1mSerialized Error:[22m[39m [90m{ errors: [ { stack: 'Error: connect ECONNREFUSED ::1:4000\n    at 
createConnectionError (node:net:1678:14)\n    at afterConnectMultiple (node:net:1708:16)', message: 'connect 
ECONNREFUSED ::1:4000', errno: -4078, code: 'ECONNREFUSED', syscall: 'connect', address: '::1', port: 4000, 
constructor: 'Function<Error>', name: 'Error', toString: 'Function<toString>' }, { stack: 'Error: connect 
ECONNREFUSED 127.0.0.1:4000\n    at createConnectionError (node:net:1678:14)\n    at afterConnectMultiple 
(node:net:1708:16)', message: 'connect ECONNREFUSED 127.0.0.1:4000', errno: -4078, code: 'ECONNREFUSED', syscall: 
'connect', address: '127.0.0.1', port: 4000, constructor: 'Function<Error>', name: 'Error', toString: 
'Function<toString>' } ], code: 'ECONNREFUSED' }[39m
[31m[2mΓÄ»ΓÄ»ΓÄ»ΓÄ»ΓÄ»ΓÄ»ΓÄ»ΓÄ»ΓÄ»ΓÄ»ΓÄ»ΓÄ»ΓÄ»ΓÄ»ΓÄ»ΓÄ»ΓÄ»ΓÄ»ΓÄ»ΓÄ»ΓÄ»ΓÄ»[14/69]ΓÄ»[22m[39m

[41m[1m FAIL [22m[49m tests/integration/onboarding-flow.test.ts[2m > [22mOnboarding Flow Integration 
Tests[2m > [22mOnboarding[2m > [22mgets onboarding status
[31m[1mTypeError[22m: fetch failed[39m
[36m [2mΓ¥»[22m api tests/integration/onboarding-flow.test.ts:[2m15:15[22m[39m
    [90m 13| [39m  const headers: Record<string, string> = { 'Content-Type': 'applicatiΓÇª
    [90m 14| [39m  [35mif[39m (token) headers[[32m'Authorization'[39m] [33m=[39m [32m`Bearer 
[39m[36m${[39mtoken[36m}[39m[32m`[39m[33m;[39m
    [90m 15| [39m  [35mconst[39m res [33m=[39m [35mawait[39m [34mfetch[39m([32m`[39m[36m${[39m[33mB
ASE[39m[36m}[39m[32m[39m[36m${[39mpath[36m}[39m[32m`[39m[33m,[39m {
    [90m   | [39m              [31m^[39m
    [90m 16| [39m    method[33m,[39m
    [90m 17| [39m    headers[33m,[39m
[90m [2mΓ¥»[22m tests/integration/onboarding-flow.test.ts:[2m107:19[22m[39m

{
  stack: 'AggregateError: \n' +
    '    at internalConnectMultiple (node:net:1134:18)\n' +
    '    at afterConnectMultiple (node:net:1715:7)',
  errors: [
    {
      stack: 'Error: connect ECONNREFUSED ::1:4000\n' +
        '    at createConnectionError (node:net:1678:14)\n' +
        '    at afterConnectMultiple (node:net:1708:16)',
      message: 'connect ECONNREFUSED ::1:4000',
      errno: -4078,
      code: 'ECONNREFUSED',
      syscall: 'connect',
      address: '::1',
      port: 4000,
      constructor: 'Function<Error>',
      name: 'Error',
      toString: 'Function<toString>'
    },
    {
      stack: 'Error: connect ECONNREFUSED 127.0.0.1:4000\n' +
        '    at createConnectionError (node:net:1678:14)\n' +
        '    at afterConnectMultiple (node:net:1708:16)',
      message: 'connect ECONNREFUSED 127.0.0.1:4000',
      errno: -4078,
      code: 'ECONNREFUSED',
      syscall: 'connect',
      address: '127.0.0.1',
      port: 4000,
      constructor: 'Function<Error>',
      name: 'Error',
      toString: 'Function<toString>'
    }
  ],
  code: 'ECONNREFUSED',
  message: '',
  constructor: 'Function<AggregateError>',
  name: 'Caused by: AggregateError',
  toString: 'Function<toString>',
  stacks: []
}
[31m[2mΓÄ»ΓÄ»ΓÄ»ΓÄ»ΓÄ»ΓÄ»ΓÄ»ΓÄ»ΓÄ»ΓÄ»ΓÄ»ΓÄ»ΓÄ»ΓÄ»ΓÄ»ΓÄ»ΓÄ»ΓÄ»ΓÄ»ΓÄ»ΓÄ»ΓÄ»ΓÄ»ΓÄ»ΓÄ»ΓÄ»ΓÄ»ΓÄ»ΓÄ»ΓÄ»[22m[39m
[31m[1mSerialized Error:[22m[39m [90m{ errors: [ { stack: 'Error: connect ECONNREFUSED ::1:4000\n    at 
createConnectionError (node:net:1678:14)\n    at afterConnectMultiple (node:net:1708:16)', message: 'connect 
ECONNREFUSED ::1:4000', errno: -4078, code: 'ECONNREFUSED', syscall: 'connect', address: '::1', port: 4000, 
constructor: 'Function<Error>', name: 'Error', toString: 'Function<toString>' }, { stack: 'Error: connect 
ECONNREFUSED 127.0.0.1:4000\n    at createConnectionError (node:net:1678:14)\n    at afterConnectMultiple 
(node:net:1708:16)', message: 'connect ECONNREFUSED 127.0.0.1:4000', errno: -4078, code: 'ECONNREFUSED', syscall: 
'connect', address: '127.0.0.1', port: 4000, constructor: 'Function<Error>', name: 'Error', toString: 
'Function<toString>' } ], code: 'ECONNREFUSED' }[39m
[31m[2mΓÄ»ΓÄ»ΓÄ»ΓÄ»ΓÄ»ΓÄ»ΓÄ»ΓÄ»ΓÄ»ΓÄ»ΓÄ»ΓÄ»ΓÄ»ΓÄ»ΓÄ»ΓÄ»ΓÄ»ΓÄ»ΓÄ»ΓÄ»ΓÄ»ΓÄ»[15/69]ΓÄ»[22m[39m

[41m[1m FAIL [22m[49m tests/integration/onboarding-flow.test.ts[2m > [22mOnboarding Flow Integration 
Tests[2m > [22mOnboarding[2m > [22msaves personal info
[31m[1mTypeError[22m: fetch failed[39m
[36m [2mΓ¥»[22m api tests/integration/onboarding-flow.test.ts:[2m15:15[22m[39m
    [90m 13| [39m  const headers: Record<string, string> = { 'Content-Type': 'applicatiΓÇª
    [90m 14| [39m  [35mif[39m (token) headers[[32m'Authorization'[39m] [33m=[39m [32m`Bearer 
[39m[36m${[39mtoken[36m}[39m[32m`[39m[33m;[39m
    [90m 15| [39m  [35mconst[39m res [33m=[39m [35mawait[39m [34mfetch[39m([32m`[39m[36m${[39m[33mB
ASE[39m[36m}[39m[32m[39m[36m${[39mpath[36m}[39m[32m`[39m[33m,[39m {
    [90m   | [39m              [31m^[39m
    [90m 16| [39m    method[33m,[39m
    [90m 17| [39m    headers[33m,[39m
[90m [2mΓ¥»[22m tests/integration/onboarding-flow.test.ts:[2m113:19[22m[39m

{
  stack: 'AggregateError: \n' +
    '    at internalConnectMultiple (node:net:1134:18)\n' +
    '    at afterConnectMultiple (node:net:1715:7)',
  errors: [
    {
      stack: 'Error: connect ECONNREFUSED ::1:4000\n' +
        '    at createConnectionError (node:net:1678:14)\n' +
        '    at afterConnectMultiple (node:net:1708:16)',
      message: 'connect ECONNREFUSED ::1:4000',
      errno: -4078,
      code: 'ECONNREFUSED',
      syscall: 'connect',
      address: '::1',
      port: 4000,
      constructor: 'Function<Error>',
      name: 'Error',
      toString: 'Function<toString>'
    },
    {
      stack: 'Error: connect ECONNREFUSED 127.0.0.1:4000\n' +
        '    at createConnectionError (node:net:1678:14)\n' +
        '    at afterConnectMultiple (node:net:1708:16)',
      message: 'connect ECONNREFUSED 127.0.0.1:4000',
      errno: -4078,
      code: 'ECONNREFUSED',
      syscall: 'connect',
      address: '127.0.0.1',
      port: 4000,
      constructor: 'Function<Error>',
      name: 'Error',
      toString: 'Function<toString>'
    }
  ],
  code: 'ECONNREFUSED',
  message: '',
  constructor: 'Function<AggregateError>',
  name: 'Caused by: AggregateError',
  toString: 'Function<toString>',
  stacks: []
}
[31m[2mΓÄ»ΓÄ»ΓÄ»ΓÄ»ΓÄ»ΓÄ»ΓÄ»ΓÄ»ΓÄ»ΓÄ»ΓÄ»ΓÄ»ΓÄ»ΓÄ»ΓÄ»ΓÄ»ΓÄ»ΓÄ»ΓÄ»ΓÄ»ΓÄ»ΓÄ»ΓÄ»ΓÄ»ΓÄ»ΓÄ»ΓÄ»ΓÄ»ΓÄ»ΓÄ»[22m[39m
[31m[1mSerialized Error:[22m[39m [90m{ errors: [ { stack: 'Error: connect ECONNREFUSED ::1:4000\n    at 
createConnectionError (node:net:1678:14)\n    at afterConnectMultiple (node:net:1708:16)', message: 'connect 
ECONNREFUSED ::1:4000', errno: -4078, code: 'ECONNREFUSED', syscall: 'connect', address: '::1', port: 4000, 
constructor: 'Function<Error>', name: 'Error', toString: 'Function<toString>' }, { stack: 'Error: connect 
ECONNREFUSED 127.0.0.1:4000\n    at createConnectionError (node:net:1678:14)\n    at afterConnectMultiple 
(node:net:1708:16)', message: 'connect ECONNREFUSED 127.0.0.1:4000', errno: -4078, code: 'ECONNREFUSED', syscall: 
'connect', address: '127.0.0.1', port: 4000, constructor: 'Function<Error>', name: 'Error', toString: 
'Function<toString>' } ], code: 'ECONNREFUSED' }[39m
[31m[2mΓÄ»ΓÄ»ΓÄ»ΓÄ»ΓÄ»ΓÄ»ΓÄ»ΓÄ»ΓÄ»ΓÄ»ΓÄ»ΓÄ»ΓÄ»ΓÄ»ΓÄ»ΓÄ»ΓÄ»ΓÄ»ΓÄ»ΓÄ»ΓÄ»ΓÄ»[16/69]ΓÄ»[22m[39m

[41m[1m FAIL [22m[49m tests/integration/onboarding-flow.test.ts[2m > [22mOnboarding Flow Integration 
Tests[2m > [22mOnboarding[2m > [22mrejects unauthenticated access
[31m[1mTypeError[22m: fetch failed[39m
[36m [2mΓ¥»[22m api tests/integration/onboarding-flow.test.ts:[2m15:15[22m[39m
    [90m 13| [39m  const headers: Record<string, string> = { 'Content-Type': 'applicatiΓÇª
    [90m 14| [39m  [35mif[39m (token) headers[[32m'Authorization'[39m] [33m=[39m [32m`Bearer 
[39m[36m${[39mtoken[36m}[39m[32m`[39m[33m;[39m
    [90m 15| [39m  [35mconst[39m res [33m=[39m [35mawait[39m [34mfetch[39m([32m`[39m[36m${[39m[33mB
ASE[39m[36m}[39m[32m[39m[36m${[39mpath[36m}[39m[32m`[39m[33m,[39m {
    [90m   | [39m              [31m^[39m
    [90m 16| [39m    method[33m,[39m
    [90m 17| [39m    headers[33m,[39m
[90m [2mΓ¥»[22m tests/integration/onboarding-flow.test.ts:[2m124:19[22m[39m

{
  stack: 'AggregateError: \n' +
    '    at internalConnectMultiple (node:net:1134:18)\n' +
    '    at afterConnectMultiple (node:net:1715:7)',
  errors: [
    {
      stack: 'Error: connect ECONNREFUSED ::1:4000\n' +
        '    at createConnectionError (node:net:1678:14)\n' +
        '    at afterConnectMultiple (node:net:1708:16)',
      message: 'connect ECONNREFUSED ::1:4000',
      errno: -4078,
      code: 'ECONNREFUSED',
      syscall: 'connect',
      address: '::1',
      port: 4000,
      constructor: 'Function<Error>',
      name: 'Error',
      toString: 'Function<toString>'
    },
    {
      stack: 'Error: connect ECONNREFUSED 127.0.0.1:4000\n' +
        '    at createConnectionError (node:net:1678:14)\n' +
        '    at afterConnectMultiple (node:net:1708:16)',
      message: 'connect ECONNREFUSED 127.0.0.1:4000',
      errno: -4078,
      code: 'ECONNREFUSED',
      syscall: 'connect',
      address: '127.0.0.1',
      port: 4000,
      constructor: 'Function<Error>',
      name: 'Error',
      toString: 'Function<toString>'
    }
  ],
  code: 'ECONNREFUSED',
  message: '',
  constructor: 'Function<AggregateError>',
  name: 'Caused by: AggregateError',
  toString: 'Function<toString>',
  stacks: []
}
[31m[2mΓÄ»ΓÄ»ΓÄ»ΓÄ»ΓÄ»ΓÄ»ΓÄ»ΓÄ»ΓÄ»ΓÄ»ΓÄ»ΓÄ»ΓÄ»ΓÄ»ΓÄ»ΓÄ»ΓÄ»ΓÄ»ΓÄ»ΓÄ»ΓÄ»ΓÄ»ΓÄ»ΓÄ»ΓÄ»ΓÄ»ΓÄ»ΓÄ»ΓÄ»ΓÄ»[22m[39m
[31m[1mSerialized Error:[22m[39m [90m{ errors: [ { stack: 'Error: connect ECONNREFUSED ::1:4000\n    at 
createConnectionError (node:net:1678:14)\n    at afterConnectMultiple (node:net:1708:16)', message: 'connect 
ECONNREFUSED ::1:4000', errno: -4078, code: 'ECONNREFUSED', syscall: 'connect', address: '::1', port: 4000, 
constructor: 'Function<Error>', name: 'Error', toString: 'Function<toString>' }, { stack: 'Error: connect 
ECONNREFUSED 127.0.0.1:4000\n    at createConnectionError (node:net:1678:14)\n    at afterConnectMultiple 
(node:net:1708:16)', message: 'connect ECONNREFUSED 127.0.0.1:4000', errno: -4078, code: 'ECONNREFUSED', syscall: 
'connect', address: '127.0.0.1', port: 4000, constructor: 'Function<Error>', name: 'Error', toString: 
'Function<toString>' } ], code: 'ECONNREFUSED' }[39m
[31m[2mΓÄ»ΓÄ»ΓÄ»ΓÄ»ΓÄ»ΓÄ»ΓÄ»ΓÄ»ΓÄ»ΓÄ»ΓÄ»ΓÄ»ΓÄ»ΓÄ»ΓÄ»ΓÄ»ΓÄ»ΓÄ»ΓÄ»ΓÄ»ΓÄ»ΓÄ»[17/69]ΓÄ»[22m[39m

[41m[1m FAIL [22m[49m tests/integration/onboarding-flow.test.ts[2m > [22mOnboarding Flow Integration 
Tests[2m > [22mPersona[2m > [22msaves persona
[31m[1mTypeError[22m: fetch failed[39m
[36m [2mΓ¥»[22m api tests/integration/onboarding-flow.test.ts:[2m15:15[22m[39m
    [90m 13| [39m  const headers: Record<string, string> = { 'Content-Type': 'applicatiΓÇª
    [90m 14| [39m  [35mif[39m (token) headers[[32m'Authorization'[39m] [33m=[39m [32m`Bearer 
[39m[36m${[39mtoken[36m}[39m[32m`[39m[33m;[39m
    [90m 15| [39m  [35mconst[39m res [33m=[39m [35mawait[39m [34mfetch[39m([32m`[39m[36m${[39m[33mB
ASE[39m[36m}[39m[32m[39m[36m${[39mpath[36m}[39m[32m`[39m[33m,[39m {
    [90m   | [39m              [31m^[39m
    [90m 16| [39m    method[33m,[39m
    [90m 17| [39m    headers[33m,[39m
[90m [2mΓ¥»[22m tests/integration/onboarding-flow.test.ts:[2m132:19[22m[39m

{
  stack: 'AggregateError: \n' +
    '    at internalConnectMultiple (node:net:1134:18)\n' +
    '    at afterConnectMultiple (node:net:1715:7)',
  errors: [
    {
      stack: 'Error: connect ECONNREFUSED ::1:4000\n' +
        '    at createConnectionError (node:net:1678:14)\n' +
        '    at afterConnectMultiple (node:net:1708:16)',
      message: 'connect ECONNREFUSED ::1:4000',
      errno: -4078,
      code: 'ECONNREFUSED',
      syscall: 'connect',
      address: '::1',
      port: 4000,
      constructor: 'Function<Error>',
      name: 'Error',
      toString: 'Function<toString>'
    },
    {
      stack: 'Error: connect ECONNREFUSED 127.0.0.1:4000\n' +
        '    at createConnectionError (node:net:1678:14)\n' +
        '    at afterConnectMultiple (node:net:1708:16)',
      message: 'connect ECONNREFUSED 127.0.0.1:4000',
      errno: -4078,
      code: 'ECONNREFUSED',
      syscall: 'connect',
      address: '127.0.0.1',
      port: 4000,
      constructor: 'Function<Error>',
      name: 'Error',
      toString: 'Function<toString>'
    }
  ],
  code: 'ECONNREFUSED',
  message: '',
  constructor: 'Function<AggregateError>',
  name: 'Caused by: AggregateError',
  toString: 'Function<toString>',
  stacks: []
}
[31m[2mΓÄ»ΓÄ»ΓÄ»ΓÄ»ΓÄ»ΓÄ»ΓÄ»ΓÄ»ΓÄ»ΓÄ»ΓÄ»ΓÄ»ΓÄ»ΓÄ»ΓÄ»ΓÄ»ΓÄ»ΓÄ»ΓÄ»ΓÄ»ΓÄ»ΓÄ»ΓÄ»ΓÄ»ΓÄ»ΓÄ»ΓÄ»ΓÄ»ΓÄ»ΓÄ»[22m[39m
[31m[1mSerialized Error:[22m[39m [90m{ errors: [ { stack: 'Error: connect ECONNREFUSED ::1:4000\n    at 
createConnectionError (node:net:1678:14)\n    at afterConnectMultiple (node:net:1708:16)', message: 'connect 
ECONNREFUSED ::1:4000', errno: -4078, code: 'ECONNREFUSED', syscall: 'connect', address: '::1', port: 4000, 
constructor: 'Function<Error>', name: 'Error', toString: 'Function<toString>' }, { stack: 'Error: connect 
ECONNREFUSED 127.0.0.1:4000\n    at createConnectionError (node:net:1678:14)\n    at afterConnectMultiple 
(node:net:1708:16)', message: 'connect ECONNREFUSED 127.0.0.1:4000', errno: -4078, code: 'ECONNREFUSED', syscall: 
'connect', address: '127.0.0.1', port: 4000, constructor: 'Function<Error>', name: 'Error', toString: 
'Function<toString>' } ], code: 'ECONNREFUSED' }[39m
[31m[2mΓÄ»ΓÄ»ΓÄ»ΓÄ»ΓÄ»ΓÄ»ΓÄ»ΓÄ»ΓÄ»ΓÄ»ΓÄ»ΓÄ»ΓÄ»ΓÄ»ΓÄ»ΓÄ»ΓÄ»ΓÄ»ΓÄ»ΓÄ»ΓÄ»ΓÄ»[18/69]ΓÄ»[22m[39m

[41m[1m FAIL [22m[49m tests/integration/onboarding-flow.test.ts[2m > [22mOnboarding Flow Integration 
Tests[2m > [22mPersona[2m > [22mupserts persona (no duplicates)
[31m[1mTypeError[22m: fetch failed[39m
[36m [2mΓ¥»[22m api tests/integration/onboarding-flow.test.ts:[2m15:15[22m[39m
    [90m 13| [39m  const headers: Record<string, string> = { 'Content-Type': 'applicatiΓÇª
    [90m 14| [39m  [35mif[39m (token) headers[[32m'Authorization'[39m] [33m=[39m [32m`Bearer 
[39m[36m${[39mtoken[36m}[39m[32m`[39m[33m;[39m
    [90m 15| [39m  [35mconst[39m res [33m=[39m [35mawait[39m [34mfetch[39m([32m`[39m[36m${[39m[33mB
ASE[39m[36m}[39m[32m[39m[36m${[39mpath[36m}[39m[32m`[39m[33m,[39m {
    [90m   | [39m              [31m^[39m
    [90m 16| [39m    method[33m,[39m
    [90m 17| [39m    headers[33m,[39m
[90m [2mΓ¥»[22m tests/integration/onboarding-flow.test.ts:[2m144:19[22m[39m

{
  stack: 'AggregateError: \n' +
    '    at internalConnectMultiple (node:net:1134:18)\n' +
    '    at afterConnectMultiple (node:net:1715:7)',
  errors: [
    {
      stack: 'Error: connect ECONNREFUSED ::1:4000\n' +
        '    at createConnectionError (node:net:1678:14)\n' +
        '    at afterConnectMultiple (node:net:1708:16)',
      message: 'connect ECONNREFUSED ::1:4000',
      errno: -4078,
      code: 'ECONNREFUSED',
      syscall: 'connect',
      address: '::1',
      port: 4000,
      constructor: 'Function<Error>',
      name: 'Error',
      toString: 'Function<toString>'
    },
    {
      stack: 'Error: connect ECONNREFUSED 127.0.0.1:4000\n' +
        '    at createConnectionError (node:net:1678:14)\n' +
        '    at afterConnectMultiple (node:net:1708:16)',
      message: 'connect ECONNREFUSED 127.0.0.1:4000',
      errno: -4078,
      code: 'ECONNREFUSED',
      syscall: 'connect',
      address: '127.0.0.1',
      port: 4000,
      constructor: 'Function<Error>',
      name: 'Error',
      toString: 'Function<toString>'
    }
  ],
  code: 'ECONNREFUSED',
  message: '',
  constructor: 'Function<AggregateError>',
  name: 'Caused by: AggregateError',
  toString: 'Function<toString>',
  stacks: []
}
[31m[2mΓÄ»ΓÄ»ΓÄ»ΓÄ»ΓÄ»ΓÄ»ΓÄ»ΓÄ»ΓÄ»ΓÄ»ΓÄ»ΓÄ»ΓÄ»ΓÄ»ΓÄ»ΓÄ»ΓÄ»ΓÄ»ΓÄ»ΓÄ»ΓÄ»ΓÄ»ΓÄ»ΓÄ»ΓÄ»ΓÄ»ΓÄ»ΓÄ»ΓÄ»ΓÄ»[22m[39m
[31m[1mSerialized Error:[22m[39m [90m{ errors: [ { stack: 'Error: connect ECONNREFUSED ::1:4000\n    at 
createConnectionError (node:net:1678:14)\n    at afterConnectMultiple (node:net:1708:16)', message: 'connect 
ECONNREFUSED ::1:4000', errno: -4078, code: 'ECONNREFUSED', syscall: 'connect', address: '::1', port: 4000, 
constructor: 'Function<Error>', name: 'Error', toString: 'Function<toString>' }, { stack: 'Error: connect 
ECONNREFUSED 127.0.0.1:4000\n    at createConnectionError (node:net:1678:14)\n    at afterConnectMultiple 
(node:net:1708:16)', message: 'connect ECONNREFUSED 127.0.0.1:4000', errno: -4078, code: 'ECONNREFUSED', syscall: 
'connect', address: '127.0.0.1', port: 4000, constructor: 'Function<Error>', name: 'Error', toString: 
'Function<toString>' } ], code: 'ECONNREFUSED' }[39m
[31m[2mΓÄ»ΓÄ»ΓÄ»ΓÄ»ΓÄ»ΓÄ»ΓÄ»ΓÄ»ΓÄ»ΓÄ»ΓÄ»ΓÄ»ΓÄ»ΓÄ»ΓÄ»ΓÄ»ΓÄ»ΓÄ»ΓÄ»ΓÄ»ΓÄ»ΓÄ»[19/69]ΓÄ»[22m[39m

[41m[1m FAIL [22m[49m tests/integration/onboarding-flow.test.ts[2m > [22mOnboarding Flow Integration 
Tests[2m > [22mTraining Sources[2m > [22mcreates a URL source
[31m[1mTypeError[22m: fetch failed[39m
[36m [2mΓ¥»[22m api tests/integration/onboarding-flow.test.ts:[2m15:15[22m[39m
    [90m 13| [39m  const headers: Record<string, string> = { 'Content-Type': 'applicatiΓÇª
    [90m 14| [39m  [35mif[39m (token) headers[[32m'Authorization'[39m] [33m=[39m [32m`Bearer 
[39m[36m${[39mtoken[36m}[39m[32m`[39m[33m;[39m
    [90m 15| [39m  [35mconst[39m res [33m=[39m [35mawait[39m [34mfetch[39m([32m`[39m[36m${[39m[33mB
ASE[39m[36m}[39m[32m[39m[36m${[39mpath[36m}[39m[32m`[39m[33m,[39m {
    [90m   | [39m              [31m^[39m
    [90m 16| [39m    method[33m,[39m
    [90m 17| [39m    headers[33m,[39m
[90m [2mΓ¥»[22m tests/integration/onboarding-flow.test.ts:[2m159:19[22m[39m

{
  stack: 'AggregateError: \n' +
    '    at internalConnectMultiple (node:net:1134:18)\n' +
    '    at afterConnectMultiple (node:net:1715:7)',
  errors: [
    {
      stack: 'Error: connect ECONNREFUSED ::1:4000\n' +
        '    at createConnectionError (node:net:1678:14)\n' +
        '    at afterConnectMultiple (node:net:1708:16)',
      message: 'connect ECONNREFUSED ::1:4000',
      errno: -4078,
      code: 'ECONNREFUSED',
      syscall: 'connect',
      address: '::1',
      port: 4000,
      constructor: 'Function<Error>',
      name: 'Error',
      toString: 'Function<toString>'
    },
    {
      stack: 'Error: connect ECONNREFUSED 127.0.0.1:4000\n' +
        '    at createConnectionError (node:net:1678:14)\n' +
        '    at afterConnectMultiple (node:net:1708:16)',
      message: 'connect ECONNREFUSED 127.0.0.1:4000',
      errno: -4078,
      code: 'ECONNREFUSED',
      syscall: 'connect',
      address: '127.0.0.1',
      port: 4000,
      constructor: 'Function<Error>',
      name: 'Error',
      toString: 'Function<toString>'
    }
  ],
  code: 'ECONNREFUSED',
  message: '',
  constructor: 'Function<AggregateError>',
  name: 'Caused by: AggregateError',
  toString: 'Function<toString>',
  stacks: []
}
[31m[2mΓÄ»ΓÄ»ΓÄ»ΓÄ»ΓÄ»ΓÄ»ΓÄ»ΓÄ»ΓÄ»ΓÄ»ΓÄ»ΓÄ»ΓÄ»ΓÄ»ΓÄ»ΓÄ»ΓÄ»ΓÄ»ΓÄ»ΓÄ»ΓÄ»ΓÄ»ΓÄ»ΓÄ»ΓÄ»ΓÄ»ΓÄ»ΓÄ»ΓÄ»ΓÄ»[22m[39m
[31m[1mSerialized Error:[22m[39m [90m{ errors: [ { stack: 'Error: connect ECONNREFUSED ::1:4000\n    at 
createConnectionError (node:net:1678:14)\n    at afterConnectMultiple (node:net:1708:16)', message: 'connect 
ECONNREFUSED ::1:4000', errno: -4078, code: 'ECONNREFUSED', syscall: 'connect', address: '::1', port: 4000, 
constructor: 'Function<Error>', name: 'Error', toString: 'Function<toString>' }, { stack: 'Error: connect 
ECONNREFUSED 127.0.0.1:4000\n    at createConnectionError (node:net:1678:14)\n    at afterConnectMultiple 
(node:net:1708:16)', message: 'connect ECONNREFUSED 127.0.0.1:4000', errno: -4078, code: 'ECONNREFUSED', syscall: 
'connect', address: '127.0.0.1', port: 4000, constructor: 'Function<Error>', name: 'Error', toString: 
'Function<toString>' } ], code: 'ECONNREFUSED' }[39m
[31m[2mΓÄ»ΓÄ»ΓÄ»ΓÄ»ΓÄ»ΓÄ»ΓÄ»ΓÄ»ΓÄ»ΓÄ»ΓÄ»ΓÄ»ΓÄ»ΓÄ»ΓÄ»ΓÄ»ΓÄ»ΓÄ»ΓÄ»ΓÄ»ΓÄ»ΓÄ»[20/69]ΓÄ»[22m[39m

[41m[1m FAIL [22m[49m tests/integration/onboarding-flow.test.ts[2m > [22mOnboarding Flow Integration 
Tests[2m > [22mTraining Sources[2m > [22mrejects SSRF-unsafe URL
[31m[1mTypeError[22m: fetch failed[39m
[36m [2mΓ¥»[22m api tests/integration/onboarding-flow.test.ts:[2m15:15[22m[39m
    [90m 13| [39m  const headers: Record<string, string> = { 'Content-Type': 'applicatiΓÇª
    [90m 14| [39m  [35mif[39m (token) headers[[32m'Authorization'[39m] [33m=[39m [32m`Bearer 
[39m[36m${[39mtoken[36m}[39m[32m`[39m[33m;[39m
    [90m 15| [39m  [35mconst[39m res [33m=[39m [35mawait[39m [34mfetch[39m([32m`[39m[36m${[39m[33mB
ASE[39m[36m}[39m[32m[39m[36m${[39mpath[36m}[39m[32m`[39m[33m,[39m {
    [90m   | [39m              [31m^[39m
    [90m 16| [39m    method[33m,[39m
    [90m 17| [39m    headers[33m,[39m
[90m [2mΓ¥»[22m tests/integration/onboarding-flow.test.ts:[2m171:19[22m[39m

{
  stack: 'AggregateError: \n' +
    '    at internalConnectMultiple (node:net:1134:18)\n' +
    '    at afterConnectMultiple (node:net:1715:7)',
  errors: [
    {
      stack: 'Error: connect ECONNREFUSED ::1:4000\n' +
        '    at createConnectionError (node:net:1678:14)\n' +
        '    at afterConnectMultiple (node:net:1708:16)',
      message: 'connect ECONNREFUSED ::1:4000',
      errno: -4078,
      code: 'ECONNREFUSED',
      syscall: 'connect',
      address: '::1',
      port: 4000,
      constructor: 'Function<Error>',
      name: 'Error',
      toString: 'Function<toString>'
    },
    {
      stack: 'Error: connect ECONNREFUSED 127.0.0.1:4000\n' +
        '    at createConnectionError (node:net:1678:14)\n' +
        '    at afterConnectMultiple (node:net:1708:16)',
      message: 'connect ECONNREFUSED 127.0.0.1:4000',
      errno: -4078,
      code: 'ECONNREFUSED',
      syscall: 'connect',
      address: '127.0.0.1',
      port: 4000,
      constructor: 'Function<Error>',
      name: 'Error',
      toString: 'Function<toString>'
    }
  ],
  code: 'ECONNREFUSED',
  message: '',
  constructor: 'Function<AggregateError>',
  name: 'Caused by: AggregateError',
  toString: 'Function<toString>',
  stacks: []
}
[31m[2mΓÄ»ΓÄ»ΓÄ»ΓÄ»ΓÄ»ΓÄ»ΓÄ»ΓÄ»ΓÄ»ΓÄ»ΓÄ»ΓÄ»ΓÄ»ΓÄ»ΓÄ»ΓÄ»ΓÄ»ΓÄ»ΓÄ»ΓÄ»ΓÄ»ΓÄ»ΓÄ»ΓÄ»ΓÄ»ΓÄ»ΓÄ»ΓÄ»ΓÄ»ΓÄ»[22m[39m
[31m[1mSerialized Error:[22m[39m [90m{ errors: [ { stack: 'Error: connect ECONNREFUSED ::1:4000\n    at 
createConnectionError (node:net:1678:14)\n    at afterConnectMultiple (node:net:1708:16)', message: 'connect 
ECONNREFUSED ::1:4000', errno: -4078, code: 'ECONNREFUSED', syscall: 'connect', address: '::1', port: 4000, 
constructor: 'Function<Error>', name: 'Error', toString: 'Function<toString>' }, { stack: 'Error: connect 
ECONNREFUSED 127.0.0.1:4000\n    at createConnectionError (node:net:1678:14)\n    at afterConnectMultiple 
(node:net:1708:16)', message: 'connect ECONNREFUSED 127.0.0.1:4000', errno: -4078, code: 'ECONNREFUSED', syscall: 
'connect', address: '127.0.0.1', port: 4000, constructor: 'Function<Error>', name: 'Error', toString: 
'Function<toString>' } ], code: 'ECONNREFUSED' }[39m
[31m[2mΓÄ»ΓÄ»ΓÄ»ΓÄ»ΓÄ»ΓÄ»ΓÄ»ΓÄ»ΓÄ»ΓÄ»ΓÄ»ΓÄ»ΓÄ»ΓÄ»ΓÄ»ΓÄ»ΓÄ»ΓÄ»ΓÄ»ΓÄ»ΓÄ»ΓÄ»[21/69]ΓÄ»[22m[39m

[41m[1m FAIL [22m[49m tests/integration/onboarding-flow.test.ts[2m > [22mOnboarding Flow Integration 
Tests[2m > [22mTraining Sources[2m > [22mdeletes a source
[31m[1mTypeError[22m: fetch failed[39m
[36m [2mΓ¥»[22m api tests/integration/onboarding-flow.test.ts:[2m15:15[22m[39m
    [90m 13| [39m  const headers: Record<string, string> = { 'Content-Type': 'applicatiΓÇª
    [90m 14| [39m  [35mif[39m (token) headers[[32m'Authorization'[39m] [33m=[39m [32m`Bearer 
[39m[36m${[39mtoken[36m}[39m[32m`[39m[33m;[39m
    [90m 15| [39m  [35mconst[39m res [33m=[39m [35mawait[39m [34mfetch[39m([32m`[39m[36m${[39m[33mB
ASE[39m[36m}[39m[32m[39m[36m${[39mpath[36m}[39m[32m`[39m[33m,[39m {
    [90m   | [39m              [31m^[39m
    [90m 16| [39m    method[33m,[39m
    [90m 17| [39m    headers[33m,[39m
[90m [2mΓ¥»[22m tests/integration/onboarding-flow.test.ts:[2m181:19[22m[39m

{
  stack: 'AggregateError: \n' +
    '    at internalConnectMultiple (node:net:1134:18)\n' +
    '    at afterConnectMultiple (node:net:1715:7)',
  errors: [
    {
      stack: 'Error: connect ECONNREFUSED ::1:4000\n' +
        '    at createConnectionError (node:net:1678:14)\n' +
        '    at afterConnectMultiple (node:net:1708:16)',
      message: 'connect ECONNREFUSED ::1:4000',
      errno: -4078,
      code: 'ECONNREFUSED',
      syscall: 'connect',
      address: '::1',
      port: 4000,
      constructor: 'Function<Error>',
      name: 'Error',
      toString: 'Function<toString>'
    },
    {
      stack: 'Error: connect ECONNREFUSED 127.0.0.1:4000\n' +
        '    at createConnectionError (node:net:1678:14)\n' +
        '    at afterConnectMultiple (node:net:1708:16)',
      message: 'connect ECONNREFUSED 127.0.0.1:4000',
      errno: -4078,
      code: 'ECONNREFUSED',
      syscall: 'connect',
      address: '127.0.0.1',
      port: 4000,
      constructor: 'Function<Error>',
      name: 'Error',
      toString: 'Function<toString>'
    }
  ],
  code: 'ECONNREFUSED',
  message: '',
  constructor: 'Function<AggregateError>',
  name: 'Caused by: AggregateError',
  toString: 'Function<toString>',
  stacks: []
}
[31m[2mΓÄ»ΓÄ»ΓÄ»ΓÄ»ΓÄ»ΓÄ»ΓÄ»ΓÄ»ΓÄ»ΓÄ»ΓÄ»ΓÄ»ΓÄ»ΓÄ»ΓÄ»ΓÄ»ΓÄ»ΓÄ»ΓÄ»ΓÄ»ΓÄ»ΓÄ»ΓÄ»ΓÄ»ΓÄ»ΓÄ»ΓÄ»ΓÄ»ΓÄ»ΓÄ»[22m[39m
[31m[1mSerialized Error:[22m[39m [90m{ errors: [ { stack: 'Error: connect ECONNREFUSED ::1:4000\n    at 
createConnectionError (node:net:1678:14)\n    at afterConnectMultiple (node:net:1708:16)', message: 'connect 
ECONNREFUSED ::1:4000', errno: -4078, code: 'ECONNREFUSED', syscall: 'connect', address: '::1', port: 4000, 
constructor: 'Function<Error>', name: 'Error', toString: 'Function<toString>' }, { stack: 'Error: connect 
ECONNREFUSED 127.0.0.1:4000\n    at createConnectionError (node:net:1678:14)\n    at afterConnectMultiple 
(node:net:1708:16)', message: 'connect ECONNREFUSED 127.0.0.1:4000', errno: -4078, code: 'ECONNREFUSED', syscall: 
'connect', address: '127.0.0.1', port: 4000, constructor: 'Function<Error>', name: 'Error', toString: 
'Function<toString>' } ], code: 'ECONNREFUSED' }[39m
[31m[2mΓÄ»ΓÄ»ΓÄ»ΓÄ»ΓÄ»ΓÄ»ΓÄ»ΓÄ»ΓÄ»ΓÄ»ΓÄ»ΓÄ»ΓÄ»ΓÄ»ΓÄ»ΓÄ»ΓÄ»ΓÄ»ΓÄ»ΓÄ»ΓÄ»ΓÄ»[22/69]ΓÄ»[22m[39m

[41m[1m FAIL [22m[49m tests/integration/onboarding-flow.test.ts[2m > [22mOnboarding Flow Integration 
Tests[2m > [22mVoice Profile[2m > [22msaves provider voice
[31m[1mTypeError[22m: fetch failed[39m
[36m [2mΓ¥»[22m api tests/integration/onboarding-flow.test.ts:[2m15:15[22m[39m
    [90m 13| [39m  const headers: Record<string, string> = { 'Content-Type': 'applicatiΓÇª
    [90m 14| [39m  [35mif[39m (token) headers[[32m'Authorization'[39m] [33m=[39m [32m`Bearer 
[39m[36m${[39mtoken[36m}[39m[32m`[39m[33m;[39m
    [90m 15| [39m  [35mconst[39m res [33m=[39m [35mawait[39m [34mfetch[39m([32m`[39m[36m${[39m[33mB
ASE[39m[36m}[39m[32m[39m[36m${[39mpath[36m}[39m[32m`[39m[33m,[39m {
    [90m   | [39m              [31m^[39m
    [90m 16| [39m    method[33m,[39m
    [90m 17| [39m    headers[33m,[39m
[90m [2mΓ¥»[22m tests/integration/onboarding-flow.test.ts:[2m189:19[22m[39m

{
  stack: 'AggregateError: \n' +
    '    at internalConnectMultiple (node:net:1134:18)\n' +
    '    at afterConnectMultiple (node:net:1715:7)',
  errors: [
    {
      stack: 'Error: connect ECONNREFUSED ::1:4000\n' +
        '    at createConnectionError (node:net:1678:14)\n' +
        '    at afterConnectMultiple (node:net:1708:16)',
      message: 'connect ECONNREFUSED ::1:4000',
      errno: -4078,
      code: 'ECONNREFUSED',
      syscall: 'connect',
      address: '::1',
      port: 4000,
      constructor: 'Function<Error>',
      name: 'Error',
      toString: 'Function<toString>'
    },
    {
      stack: 'Error: connect ECONNREFUSED 127.0.0.1:4000\n' +
        '    at createConnectionError (node:net:1678:14)\n' +
        '    at afterConnectMultiple (node:net:1708:16)',
      message: 'connect ECONNREFUSED 127.0.0.1:4000',
      errno: -4078,
      code: 'ECONNREFUSED',
      syscall: 'connect',
      address: '127.0.0.1',
      port: 4000,
      constructor: 'Function<Error>',
      name: 'Error',
      toString: 'Function<toString>'
    }
  ],
  code: 'ECONNREFUSED',
  message: '',
  constructor: 'Function<AggregateError>',
  name: 'Caused by: AggregateError',
  toString: 'Function<toString>',
  stacks: []
}
[31m[2mΓÄ»ΓÄ»ΓÄ»ΓÄ»ΓÄ»ΓÄ»ΓÄ»ΓÄ»ΓÄ»ΓÄ»ΓÄ»ΓÄ»ΓÄ»ΓÄ»ΓÄ»ΓÄ»ΓÄ»ΓÄ»ΓÄ»ΓÄ»ΓÄ»ΓÄ»ΓÄ»ΓÄ»ΓÄ»ΓÄ»ΓÄ»ΓÄ»ΓÄ»ΓÄ»[22m[39m
[31m[1mSerialized Error:[22m[39m [90m{ errors: [ { stack: 'Error: connect ECONNREFUSED ::1:4000\n    at 
createConnectionError (node:net:1678:14)\n    at afterConnectMultiple (node:net:1708:16)', message: 'connect 
ECONNREFUSED ::1:4000', errno: -4078, code: 'ECONNREFUSED', syscall: 'connect', address: '::1', port: 4000, 
constructor: 'Function<Error>', name: 'Error', toString: 'Function<toString>' }, { stack: 'Error: connect 
ECONNREFUSED 127.0.0.1:4000\n    at createConnectionError (node:net:1678:14)\n    at afterConnectMultiple 
(node:net:1708:16)', message: 'connect ECONNREFUSED 127.0.0.1:4000', errno: -4078, code: 'ECONNREFUSED', syscall: 
'connect', address: '127.0.0.1', port: 4000, constructor: 'Function<Error>', name: 'Error', toString: 
'Function<toString>' } ], code: 'ECONNREFUSED' }[39m
[31m[2mΓÄ»ΓÄ»ΓÄ»ΓÄ»ΓÄ»ΓÄ»ΓÄ»ΓÄ»ΓÄ»ΓÄ»ΓÄ»ΓÄ»ΓÄ»ΓÄ»ΓÄ»ΓÄ»ΓÄ»ΓÄ»ΓÄ»ΓÄ»ΓÄ»ΓÄ»[23/69]ΓÄ»[22m[39m

[41m[1m FAIL [22m[49m tests/integration/onboarding-flow.test.ts[2m > [22mOnboarding Flow Integration 
Tests[2m > [22mVoice Profile[2m > [22mrejects voice cloning without consent
[31m[1mTypeError[22m: fetch failed[39m
[36m [2mΓ¥»[22m api tests/integration/onboarding-flow.test.ts:[2m15:15[22m[39m
    [90m 13| [39m  const headers: Record<string, string> = { 'Content-Type': 'applicatiΓÇª
    [90m 14| [39m  [35mif[39m (token) headers[[32m'Authorization'[39m] [33m=[39m [32m`Bearer 
[39m[36m${[39mtoken[36m}[39m[32m`[39m[33m;[39m
    [90m 15| [39m  [35mconst[39m res [33m=[39m [35mawait[39m [34mfetch[39m([32m`[39m[36m${[39m[33mB
ASE[39m[36m}[39m[32m[39m[36m${[39mpath[36m}[39m[32m`[39m[33m,[39m {
    [90m   | [39m              [31m^[39m
    [90m 16| [39m    method[33m,[39m
    [90m 17| [39m    headers[33m,[39m
[90m [2mΓ¥»[22m tests/integration/onboarding-flow.test.ts:[2m200:19[22m[39m

{
  stack: 'AggregateError: \n' +
    '    at internalConnectMultiple (node:net:1134:18)\n' +
    '    at afterConnectMultiple (node:net:1715:7)',
  errors: [
    {
      stack: 'Error: connect ECONNREFUSED ::1:4000\n' +
        '    at createConnectionError (node:net:1678:14)\n' +
        '    at afterConnectMultiple (node:net:1708:16)',
      message: 'connect ECONNREFUSED ::1:4000',
      errno: -4078,
      code: 'ECONNREFUSED',
      syscall: 'connect',
      address: '::1',
      port: 4000,
      constructor: 'Function<Error>',
      name: 'Error',
      toString: 'Function<toString>'
    },
    {
      stack: 'Error: connect ECONNREFUSED 127.0.0.1:4000\n' +
        '    at createConnectionError (node:net:1678:14)\n' +
        '    at afterConnectMultiple (node:net:1708:16)',
      message: 'connect ECONNREFUSED 127.0.0.1:4000',
      errno: -4078,
      code: 'ECONNREFUSED',
      syscall: 'connect',
      address: '127.0.0.1',
      port: 4000,
      constructor: 'Function<Error>',
      name: 'Error',
      toString: 'Function<toString>'
    }
  ],
  code: 'ECONNREFUSED',
  message: '',
  constructor: 'Function<AggregateError>',
  name: 'Caused by: AggregateError',
  toString: 'Function<toString>',
  stacks: []
}
[31m[2mΓÄ»ΓÄ»ΓÄ»ΓÄ»ΓÄ»ΓÄ»ΓÄ»ΓÄ»ΓÄ»ΓÄ»ΓÄ»ΓÄ»ΓÄ»ΓÄ»ΓÄ»ΓÄ»ΓÄ»ΓÄ»ΓÄ»ΓÄ»ΓÄ»ΓÄ»ΓÄ»ΓÄ»ΓÄ»ΓÄ»ΓÄ»ΓÄ»ΓÄ»ΓÄ»[22m[39m
[31m[1mSerialized Error:[22m[39m [90m{ errors: [ { stack: 'Error: connect ECONNREFUSED ::1:4000\n    at 
createConnectionError (node:net:1678:14)\n    at afterConnectMultiple (node:net:1708:16)', message: 'connect 
ECONNREFUSED ::1:4000', errno: -4078, code: 'ECONNREFUSED', syscall: 'connect', address: '::1', port: 4000, 
constructor: 'Function<Error>', name: 'Error', toString: 'Function<toString>' }, { stack: 'Error: connect 
ECONNREFUSED 127.0.0.1:4000\n    at createConnectionError (node:net:1678:14)\n    at afterConnectMultiple 
(node:net:1708:16)', message: 'connect ECONNREFUSED 127.0.0.1:4000', errno: -4078, code: 'ECONNREFUSED', syscall: 
'connect', address: '127.0.0.1', port: 4000, constructor: 'Function<Error>', name: 'Error', toString: 
'Function<toString>' } ], code: 'ECONNREFUSED' }[39m
[31m[2mΓÄ»ΓÄ»ΓÄ»ΓÄ»ΓÄ»ΓÄ»ΓÄ»ΓÄ»ΓÄ»ΓÄ»ΓÄ»ΓÄ»ΓÄ»ΓÄ»ΓÄ»ΓÄ»ΓÄ»ΓÄ»ΓÄ»ΓÄ»ΓÄ»ΓÄ»[24/69]ΓÄ»[22m[39m

[41m[1m FAIL [22m[49m tests/integration/onboarding-flow.test.ts[2m > [22mOnboarding Flow Integration 
Tests[2m > [22mVoice Profile[2m > [22maccepts voice cloning with consent
[31m[1mTypeError[22m: fetch failed[39m
[36m [2mΓ¥»[22m api tests/integration/onboarding-flow.test.ts:[2m15:15[22m[39m
    [90m 13| [39m  const headers: Record<string, string> = { 'Content-Type': 'applicatiΓÇª
    [90m 14| [39m  [35mif[39m (token) headers[[32m'Authorization'[39m] [33m=[39m [32m`Bearer 
[39m[36m${[39mtoken[36m}[39m[32m`[39m[33m;[39m
    [90m 15| [39m  [35mconst[39m res [33m=[39m [35mawait[39m [34mfetch[39m([32m`[39m[36m${[39m[33mB
ASE[39m[36m}[39m[32m[39m[36m${[39mpath[36m}[39m[32m`[39m[33m,[39m {
    [90m   | [39m              [31m^[39m
    [90m 16| [39m    method[33m,[39m
    [90m 17| [39m    headers[33m,[39m
[90m [2mΓ¥»[22m tests/integration/onboarding-flow.test.ts:[2m212:19[22m[39m

{
  stack: 'AggregateError: \n' +
    '    at internalConnectMultiple (node:net:1134:18)\n' +
    '    at afterConnectMultiple (node:net:1715:7)',
  errors: [
    {
      stack: 'Error: connect ECONNREFUSED ::1:4000\n' +
        '    at createConnectionError (node:net:1678:14)\n' +
        '    at afterConnectMultiple (node:net:1708:16)',
      message: 'connect ECONNREFUSED ::1:4000',
      errno: -4078,
      code: 'ECONNREFUSED',
      syscall: 'connect',
      address: '::1',
      port: 4000,
      constructor: 'Function<Error>',
      name: 'Error',
      toString: 'Function<toString>'
    },
    {
      stack: 'Error: connect ECONNREFUSED 127.0.0.1:4000\n' +
        '    at createConnectionError (node:net:1678:14)\n' +
        '    at afterConnectMultiple (node:net:1708:16)',
      message: 'connect ECONNREFUSED 127.0.0.1:4000',
      errno: -4078,
      code: 'ECONNREFUSED',
      syscall: 'connect',
      address: '127.0.0.1',
      port: 4000,
      constructor: 'Function<Error>',
      name: 'Error',
      toString: 'Function<toString>'
    }
  ],
  code: 'ECONNREFUSED',
  message: '',
  constructor: 'Function<AggregateError>',
  name: 'Caused by: AggregateError',
  toString: 'Function<toString>',
  stacks: []
}
[31m[2mΓÄ»ΓÄ»ΓÄ»ΓÄ»ΓÄ»ΓÄ»ΓÄ»ΓÄ»ΓÄ»ΓÄ»ΓÄ»ΓÄ»ΓÄ»ΓÄ»ΓÄ»ΓÄ»ΓÄ»ΓÄ»ΓÄ»ΓÄ»ΓÄ»ΓÄ»ΓÄ»ΓÄ»ΓÄ»ΓÄ»ΓÄ»ΓÄ»ΓÄ»ΓÄ»[22m[39m
[31m[1mSerialized Error:[22m[39m [90m{ errors: [ { stack: 'Error: connect ECONNREFUSED ::1:4000\n    at 
createConnectionError (node:net:1678:14)\n    at afterConnectMultiple (node:net:1708:16)', message: 'connect 
ECONNREFUSED ::1:4000', errno: -4078, code: 'ECONNREFUSED', syscall: 'connect', address: '::1', port: 4000, 
constructor: 'Function<Error>', name: 'Error', toString: 'Function<toString>' }, { stack: 'Error: connect 
ECONNREFUSED 127.0.0.1:4000\n    at createConnectionError (node:net:1678:14)\n    at afterConnectMultiple 
(node:net:1708:16)', message: 'connect ECONNREFUSED 127.0.0.1:4000', errno: -4078, code: 'ECONNREFUSED', syscall: 
'connect', address: '127.0.0.1', port: 4000, constructor: 'Function<Error>', name: 'Error', toString: 
'Function<toString>' } ], code: 'ECONNREFUSED' }[39m
[31m[2mΓÄ»ΓÄ»ΓÄ»ΓÄ»ΓÄ»ΓÄ»ΓÄ»ΓÄ»ΓÄ»ΓÄ»ΓÄ»ΓÄ»ΓÄ»ΓÄ»ΓÄ»ΓÄ»ΓÄ»ΓÄ»ΓÄ»ΓÄ»ΓÄ»ΓÄ»[25/69]ΓÄ»[22m[39m

[41m[1m FAIL [22m[49m tests/integration/onboarding-flow.test.ts[2m > [22mOnboarding Flow Integration 
Tests[2m > [22mAI Provider[2m > [22msaves AI provider with encrypted key
[31m[1mTypeError[22m: fetch failed[39m
[36m [2mΓ¥»[22m api tests/integration/onboarding-flow.test.ts:[2m15:15[22m[39m
    [90m 13| [39m  const headers: Record<string, string> = { 'Content-Type': 'applicatiΓÇª
    [90m 14| [39m  [35mif[39m (token) headers[[32m'Authorization'[39m] [33m=[39m [32m`Bearer 
[39m[36m${[39mtoken[36m}[39m[32m`[39m[33m;[39m
    [90m 15| [39m  [35mconst[39m res [33m=[39m [35mawait[39m [34mfetch[39m([32m`[39m[36m${[39m[33mB
ASE[39m[36m}[39m[32m[39m[36m${[39mpath[36m}[39m[32m`[39m[33m,[39m {
    [90m   | [39m              [31m^[39m
    [90m 16| [39m    method[33m,[39m
    [90m 17| [39m    headers[33m,[39m
[90m [2mΓ¥»[22m tests/integration/onboarding-flow.test.ts:[2m231:19[22m[39m

{
  stack: 'AggregateError: \n' +
    '    at internalConnectMultiple (node:net:1134:18)\n' +
    '    at afterConnectMultiple (node:net:1715:7)',
  errors: [
    {
      stack: 'Error: connect ECONNREFUSED ::1:4000\n' +
        '    at createConnectionError (node:net:1678:14)\n' +
        '    at afterConnectMultiple (node:net:1708:16)',
      message: 'connect ECONNREFUSED ::1:4000',
      errno: -4078,
      code: 'ECONNREFUSED',
      syscall: 'connect',
      address: '::1',
      port: 4000,
      constructor: 'Function<Error>',
      name: 'Error',
      toString: 'Function<toString>'
    },
    {
      stack: 'Error: connect ECONNREFUSED 127.0.0.1:4000\n' +
        '    at createConnectionError (node:net:1678:14)\n' +
        '    at afterConnectMultiple (node:net:1708:16)',
      message: 'connect ECONNREFUSED 127.0.0.1:4000',
      errno: -4078,
      code: 'ECONNREFUSED',
      syscall: 'connect',
      address: '127.0.0.1',
      port: 4000,
      constructor: 'Function<Error>',
      name: 'Error',
      toString: 'Function<toString>'
    }
  ],
  code: 'ECONNREFUSED',
  message: '',
  constructor: 'Function<AggregateError>',
  name: 'Caused by: AggregateError',
  toString: 'Function<toString>',
  stacks: []
}
[31m[2mΓÄ»ΓÄ»ΓÄ»ΓÄ»ΓÄ»ΓÄ»ΓÄ»ΓÄ»ΓÄ»ΓÄ»ΓÄ»ΓÄ»ΓÄ»ΓÄ»ΓÄ»ΓÄ»ΓÄ»ΓÄ»ΓÄ»ΓÄ»ΓÄ»ΓÄ»ΓÄ»ΓÄ»ΓÄ»ΓÄ»ΓÄ»ΓÄ»ΓÄ»ΓÄ»[22m[39m
[31m[1mSerialized Error:[22m[39m [90m{ errors: [ { stack: 'Error: connect ECONNREFUSED ::1:4000\n    at 
createConnectionError (node:net:1678:14)\n    at afterConnectMultiple (node:net:1708:16)', message: 'connect 
ECONNREFUSED ::1:4000', errno: -4078, code: 'ECONNREFUSED', syscall: 'connect', address: '::1', port: 4000, 
constructor: 'Function<Error>', name: 'Error', toString: 'Function<toString>' }, { stack: 'Error: connect 
ECONNREFUSED 127.0.0.1:4000\n    at createConnectionError (node:net:1678:14)\n    at afterConnectMultiple 
(node:net:1708:16)', message: 'connect ECONNREFUSED 127.0.0.1:4000', errno: -4078, code: 'ECONNREFUSED', syscall: 
'connect', address: '127.0.0.1', port: 4000, constructor: 'Function<Error>', name: 'Error', toString: 
'Function<toString>' } ], code: 'ECONNREFUSED' }[39m
[31m[2mΓÄ»ΓÄ»ΓÄ»ΓÄ»ΓÄ»ΓÄ»ΓÄ»ΓÄ»ΓÄ»ΓÄ»ΓÄ»ΓÄ»ΓÄ»ΓÄ»ΓÄ»ΓÄ»ΓÄ»ΓÄ»ΓÄ»ΓÄ»ΓÄ»ΓÄ»[26/69]ΓÄ»[22m[39m

[41m[1m FAIL [22m[49m tests/integration/onboarding-flow.test.ts[2m > [22mOnboarding Flow Integration 
Tests[2m > [22mAI Provider[2m > [22mstores API key encrypted (not plaintext)
[31m[1mPrismaClientValidationError[22m: 
Invalid `prisma.aIProviderConfig.findUnique()` invocation in
C:\Users\User\Alternate me\backend\src\tests\integration\onboarding-flow.test.ts:245:52

  242 });
  243 
  244 it('stores API key encrypted (not plaintext)', async () => {
ΓåÆ 245   const config = await prisma.aIProviderConfig.findUnique({
          where: {
            alternateId: undefined,
        ?   id?: String,
        ?   AND?: AIProviderConfigWhereInput | AIProviderConfigWhereInput[],
        ?   OR?: AIProviderConfigWhereInput[],
        ?   NOT?: AIProviderConfigWhereInput | AIProviderConfigWhereInput[],
        ?   userId?: UuidFilter | String,
        ?   provider?: EnumAIProviderFilter | AIProvider,
        ?   encryptedApiKey?: StringFilter | String,
        ?   keyLabel?: StringNullableFilter | String | Null,
        ?   status?: StringFilter | String,
        ?   defaultModel?: StringNullableFilter | String | Null,
        ?   createdAt?: DateTimeFilter | DateTime,
        ?   updatedAt?: DateTimeFilter | DateTime,
        ?   lastValidatedAt?: DateTimeNullableFilter | DateTime | Null,
        ?   user?: UserScalarRelationFilter | UserWhereInput,
        ?   alternate?: AlternateScalarRelationFilter | AlternateWhereInput
          }
        })

Argument `where` of type AIProviderConfigWhereUniqueInput needs at least one of `id` or `alternateId` arguments. 
Available options are marked with ?.[39m
[90m [2mΓ¥»[22m throwValidationException ../node_modules/.pnpm/@prisma+client@6.19.3_prism_d64af47a59fcb41d9af9
f9685cee22aa/node_modules/@prisma/client/src/runtime/core/errorRendering/throwValidationException.ts:[2m45:9[22m
[39m
[90m [2mΓ¥»[22m ei.handleRequestError ../node_modules/.pnpm/@prisma+client@6.19.3_prism_d64af47a59fcb41d9af9f96
85cee22aa/node_modules/@prisma/client/src/runtime/RequestHandler.ts:[2m202:7[22m[39m
[90m [2mΓ¥»[22m ei.handleAndLogRequestError ../node_modules/.pnpm/@prisma+client@6.19.3_prism_d64af47a59fcb41d9
af9f9685cee22aa/node_modules/@prisma/client/src/runtime/RequestHandler.ts:[2m174:12[22m[39m
[90m [2mΓ¥»[22m ei.request ../node_modules/.pnpm/@prisma+client@6.19.3_prism_d64af47a59fcb41d9af9f9685cee22aa/n
ode_modules/@prisma/client/src/runtime/RequestHandler.ts:[2m143:12[22m[39m
[90m [2mΓ¥»[22m a ../node_modules/.pnpm/@prisma+client@6.19.3_prism_d64af47a59fcb41d9af9f9685cee22aa/node_modul
es/@prisma/client/src/runtime/getPrismaClient.ts:[2m833:24[22m[39m
[36m [2mΓ¥»[22m tests/integration/onboarding-flow.test.ts:[2m245:22[22m[39m
    [90m243| [39m
    [90m244| [39m    [34mit[39m([32m'stores API key encrypted (not plaintext)'[39m[33m,[39m 
[35masync[39m () [33m=>[39m {
    [90m245| [39m      const config = await prisma.aIProviderConfig.findUnique({ where:ΓÇª
    [90m   | [39m                     [31m^[39m
    [90m246| [39m      [34mexpect[39m(config)[33m.[39m[34mtoBeDefined[39m()[33m;[39m
    [90m247| [39m      expect(config?.encryptedApiKey).not.toContain('test-key-do-not-uΓÇª

[31m[2mΓÄ»ΓÄ»ΓÄ»ΓÄ»ΓÄ»ΓÄ»ΓÄ»ΓÄ»ΓÄ»ΓÄ»ΓÄ»ΓÄ»ΓÄ»ΓÄ»ΓÄ»ΓÄ»ΓÄ»ΓÄ»ΓÄ»ΓÄ»ΓÄ»ΓÄ»ΓÄ»ΓÄ»ΓÄ»ΓÄ»ΓÄ»ΓÄ»ΓÄ»ΓÄ»[22m[39m
[31m[1mSerialized Error:[22m[39m [90m{ clientVersion: '6.19.3' }[39m
[31m[2mΓÄ»ΓÄ»ΓÄ»ΓÄ»ΓÄ»ΓÄ»ΓÄ»ΓÄ»ΓÄ»ΓÄ»ΓÄ»ΓÄ»ΓÄ»ΓÄ»ΓÄ»ΓÄ»ΓÄ»ΓÄ»ΓÄ»ΓÄ»ΓÄ»ΓÄ»[27/69]ΓÄ»[22m[39m

[41m[1m FAIL [22m[49m tests/integration/onboarding-flow.test.ts[2m > [22mOnboarding Flow Integration 
Tests[2m > [22mAI Provider[2m > [22mdoes not return API key in response
[31m[1mTypeError[22m: fetch failed[39m
[36m [2mΓ¥»[22m api tests/integration/onboarding-flow.test.ts:[2m15:15[22m[39m
    [90m 13| [39m  const headers: Record<string, string> = { 'Content-Type': 'applicatiΓÇª
    [90m 14| [39m  [35mif[39m (token) headers[[32m'Authorization'[39m] [33m=[39m [32m`Bearer 
[39m[36m${[39mtoken[36m}[39m[32m`[39m[33m;[39m
    [90m 15| [39m  [35mconst[39m res [33m=[39m [35mawait[39m [34mfetch[39m([32m`[39m[36m${[39m[33mB
ASE[39m[36m}[39m[32m[39m[36m${[39mpath[36m}[39m[32m`[39m[33m,[39m {
    [90m   | [39m              [31m^[39m
    [90m 16| [39m    method[33m,[39m
    [90m 17| [39m    headers[33m,[39m
[90m [2mΓ¥»[22m tests/integration/onboarding-flow.test.ts:[2m253:19[22m[39m

{
  stack: 'AggregateError: \n' +
    '    at internalConnectMultiple (node:net:1134:18)\n' +
    '    at afterConnectMultiple (node:net:1715:7)',
  errors: [
    {
      stack: 'Error: connect ECONNREFUSED ::1:4000\n' +
        '    at createConnectionError (node:net:1678:14)\n' +
        '    at afterConnectMultiple (node:net:1708:16)',
      message: 'connect ECONNREFUSED ::1:4000',
      errno: -4078,
      code: 'ECONNREFUSED',
      syscall: 'connect',
      address: '::1',
      port: 4000,
      constructor: 'Function<Error>',
      name: 'Error',
      toString: 'Function<toString>'
    },
    {
      stack: 'Error: connect ECONNREFUSED 127.0.0.1:4000\n' +
        '    at createConnectionError (node:net:1678:14)\n' +
        '    at afterConnectMultiple (node:net:1708:16)',
      message: 'connect ECONNREFUSED 127.0.0.1:4000',
      errno: -4078,
      code: 'ECONNREFUSED',
      syscall: 'connect',
      address: '127.0.0.1',
      port: 4000,
      constructor: 'Function<Error>',
      name: 'Error',
      toString: 'Function<toString>'
    }
  ],
  code: 'ECONNREFUSED',
  message: '',
  constructor: 'Function<AggregateError>',
  name: 'Caused by: AggregateError',
  toString: 'Function<toString>',
  stacks: []
}
[31m[2mΓÄ»ΓÄ»ΓÄ»ΓÄ»ΓÄ»ΓÄ»ΓÄ»ΓÄ»ΓÄ»ΓÄ»ΓÄ»ΓÄ»ΓÄ»ΓÄ»ΓÄ»ΓÄ»ΓÄ»ΓÄ»ΓÄ»ΓÄ»ΓÄ»ΓÄ»ΓÄ»ΓÄ»ΓÄ»ΓÄ»ΓÄ»ΓÄ»ΓÄ»ΓÄ»[22m[39m
[31m[1mSerialized Error:[22m[39m [90m{ errors: [ { stack: 'Error: connect ECONNREFUSED ::1:4000\n    at 
createConnectionError (node:net:1678:14)\n    at afterConnectMultiple (node:net:1708:16)', message: 'connect 
ECONNREFUSED ::1:4000', errno: -4078, code: 'ECONNREFUSED', syscall: 'connect', address: '::1', port: 4000, 
constructor: 'Function<Error>', name: 'Error', toString: 'Function<toString>' }, { stack: 'Error: connect 
ECONNREFUSED 127.0.0.1:4000\n    at createConnectionError (node:net:1678:14)\n    at afterConnectMultiple 
(node:net:1708:16)', message: 'connect ECONNREFUSED 127.0.0.1:4000', errno: -4078, code: 'ECONNREFUSED', syscall: 
'connect', address: '127.0.0.1', port: 4000, constructor: 'Function<Error>', name: 'Error', toString: 
'Function<toString>' } ], code: 'ECONNREFUSED' }[39m
[31m[2mΓÄ»ΓÄ»ΓÄ»ΓÄ»ΓÄ»ΓÄ»ΓÄ»ΓÄ»ΓÄ»ΓÄ»ΓÄ»ΓÄ»ΓÄ»ΓÄ»ΓÄ»ΓÄ»ΓÄ»ΓÄ»ΓÄ»ΓÄ»ΓÄ»ΓÄ»[28/69]ΓÄ»[22m[39m

[41m[1m FAIL [22m[49m tests/integration/onboarding-flow.test.ts[2m > [22mOnboarding Flow Integration 
Tests[2m > [22mPreview[2m > [22mreturns preview data
[31m[1mTypeError[22m: fetch failed[39m
[36m [2mΓ¥»[22m api tests/integration/onboarding-flow.test.ts:[2m15:15[22m[39m
    [90m 13| [39m  const headers: Record<string, string> = { 'Content-Type': 'applicatiΓÇª
    [90m 14| [39m  [35mif[39m (token) headers[[32m'Authorization'[39m] [33m=[39m [32m`Bearer 
[39m[36m${[39mtoken[36m}[39m[32m`[39m[33m;[39m
    [90m 15| [39m  [35mconst[39m res [33m=[39m [35mawait[39m [34mfetch[39m([32m`[39m[36m${[39m[33mB
ASE[39m[36m}[39m[32m[39m[36m${[39mpath[36m}[39m[32m`[39m[33m,[39m {
    [90m   | [39m              [31m^[39m
    [90m 16| [39m    method[33m,[39m
    [90m 17| [39m    headers[33m,[39m
[90m [2mΓ¥»[22m tests/integration/onboarding-flow.test.ts:[2m263:19[22m[39m

{
  stack: 'AggregateError: \n' +
    '    at internalConnectMultiple (node:net:1134:18)\n' +
    '    at afterConnectMultiple (node:net:1715:7)',
  errors: [
    {
      stack: 'Error: connect ECONNREFUSED ::1:4000\n' +
        '    at createConnectionError (node:net:1678:14)\n' +
        '    at afterConnectMultiple (node:net:1708:16)',
      message: 'connect ECONNREFUSED ::1:4000',
      errno: -4078,
      code: 'ECONNREFUSED',
      syscall: 'connect',
      address: '::1',
      port: 4000,
      constructor: 'Function<Error>',
      name: 'Error',
      toString: 'Function<toString>'
    },
    {
      stack: 'Error: connect ECONNREFUSED 127.0.0.1:4000\n' +
        '    at createConnectionError (node:net:1678:14)\n' +
        '    at afterConnectMultiple (node:net:1708:16)',
      message: 'connect ECONNREFUSED 127.0.0.1:4000',
      errno: -4078,
      code: 'ECONNREFUSED',
      syscall: 'connect',
      address: '127.0.0.1',
      port: 4000,
      constructor: 'Function<Error>',
      name: 'Error',
      toString: 'Function<toString>'
    }
  ],
  code: 'ECONNREFUSED',
  message: '',
  constructor: 'Function<AggregateError>',
  name: 'Caused by: AggregateError',
  toString: 'Function<toString>',
  stacks: []
}
[31m[2mΓÄ»ΓÄ»ΓÄ»ΓÄ»ΓÄ»ΓÄ»ΓÄ»ΓÄ»ΓÄ»ΓÄ»ΓÄ»ΓÄ»ΓÄ»ΓÄ»ΓÄ»ΓÄ»ΓÄ»ΓÄ»ΓÄ»ΓÄ»ΓÄ»ΓÄ»ΓÄ»ΓÄ»ΓÄ»ΓÄ»ΓÄ»ΓÄ»ΓÄ»ΓÄ»[22m[39m
[31m[1mSerialized Error:[22m[39m [90m{ errors: [ { stack: 'Error: connect ECONNREFUSED ::1:4000\n    at 
createConnectionError (node:net:1678:14)\n    at afterConnectMultiple (node:net:1708:16)', message: 'connect 
ECONNREFUSED ::1:4000', errno: -4078, code: 'ECONNREFUSED', syscall: 'connect', address: '::1', port: 4000, 
constructor: 'Function<Error>', name: 'Error', toString: 'Function<toString>' }, { stack: 'Error: connect 
ECONNREFUSED 127.0.0.1:4000\n    at createConnectionError (node:net:1678:14)\n    at afterConnectMultiple 
(node:net:1708:16)', message: 'connect ECONNREFUSED 127.0.0.1:4000', errno: -4078, code: 'ECONNREFUSED', syscall: 
'connect', address: '127.0.0.1', port: 4000, constructor: 'Function<Error>', name: 'Error', toString: 
'Function<toString>' } ], code: 'ECONNREFUSED' }[39m
[31m[2mΓÄ»ΓÄ»ΓÄ»ΓÄ»ΓÄ»ΓÄ»ΓÄ»ΓÄ»ΓÄ»ΓÄ»ΓÄ»ΓÄ»ΓÄ»ΓÄ»ΓÄ»ΓÄ»ΓÄ»ΓÄ»ΓÄ»ΓÄ»ΓÄ»ΓÄ»[29/69]ΓÄ»[22m[39m

[41m[1m FAIL [22m[49m tests/integration/onboarding-flow.test.ts[2m > [22mOnboarding Flow Integration 
Tests[2m > [22mPublish[2m > [22mpublishes alternate
[31m[1mTypeError[22m: fetch failed[39m
[36m [2mΓ¥»[22m api tests/integration/onboarding-flow.test.ts:[2m15:15[22m[39m
    [90m 13| [39m  const headers: Record<string, string> = { 'Content-Type': 'applicatiΓÇª
    [90m 14| [39m  [35mif[39m (token) headers[[32m'Authorization'[39m] [33m=[39m [32m`Bearer 
[39m[36m${[39mtoken[36m}[39m[32m`[39m[33m;[39m
    [90m 15| [39m  [35mconst[39m res [33m=[39m [35mawait[39m [34mfetch[39m([32m`[39m[36m${[39m[33mB
ASE[39m[36m}[39m[32m[39m[36m${[39mpath[36m}[39m[32m`[39m[33m,[39m {
    [90m   | [39m              [31m^[39m
    [90m 16| [39m    method[33m,[39m
    [90m 17| [39m    headers[33m,[39m
[90m [2mΓ¥»[22m tests/integration/onboarding-flow.test.ts:[2m275:19[22m[39m

{
  stack: 'AggregateError: \n' +
    '    at internalConnectMultiple (node:net:1134:18)\n' +
    '    at afterConnectMultiple (node:net:1715:7)',
  errors: [
    {
      stack: 'Error: connect ECONNREFUSED ::1:4000\n' +
        '    at createConnectionError (node:net:1678:14)\n' +
        '    at afterConnectMultiple (node:net:1708:16)',
      message: 'connect ECONNREFUSED ::1:4000',
      errno: -4078,
      code: 'ECONNREFUSED',
      syscall: 'connect',
      address: '::1',
      port: 4000,
      constructor: 'Function<Error>',
      name: 'Error',
      toString: 'Function<toString>'
    },
    {
      stack: 'Error: connect ECONNREFUSED 127.0.0.1:4000\n' +
        '    at createConnectionError (node:net:1678:14)\n' +
        '    at afterConnectMultiple (node:net:1708:16)',
      message: 'connect ECONNREFUSED 127.0.0.1:4000',
      errno: -4078,
      code: 'ECONNREFUSED',
      syscall: 'connect',
      address: '127.0.0.1',
      port: 4000,
      constructor: 'Function<Error>',
      name: 'Error',
      toString: 'Function<toString>'
    }
  ],
  code: 'ECONNREFUSED',
  message: '',
  constructor: 'Function<AggregateError>',
  name: 'Caused by: AggregateError',
  toString: 'Function<toString>',
  stacks: []
}
[31m[2mΓÄ»ΓÄ»ΓÄ»ΓÄ»ΓÄ»ΓÄ»ΓÄ»ΓÄ»ΓÄ»ΓÄ»ΓÄ»ΓÄ»ΓÄ»ΓÄ»ΓÄ»ΓÄ»ΓÄ»ΓÄ»ΓÄ»ΓÄ»ΓÄ»ΓÄ»ΓÄ»ΓÄ»ΓÄ»ΓÄ»ΓÄ»ΓÄ»ΓÄ»ΓÄ»[22m[39m
[31m[1mSerialized Error:[22m[39m [90m{ errors: [ { stack: 'Error: connect ECONNREFUSED ::1:4000\n    at 
createConnectionError (node:net:1678:14)\n    at afterConnectMultiple (node:net:1708:16)', message: 'connect 
ECONNREFUSED ::1:4000', errno: -4078, code: 'ECONNREFUSED', syscall: 'connect', address: '::1', port: 4000, 
constructor: 'Function<Error>', name: 'Error', toString: 'Function<toString>' }, { stack: 'Error: connect 
ECONNREFUSED 127.0.0.1:4000\n    at createConnectionError (node:net:1678:14)\n    at afterConnectMultiple 
(node:net:1708:16)', message: 'connect ECONNREFUSED 127.0.0.1:4000', errno: -4078, code: 'ECONNREFUSED', syscall: 
'connect', address: '127.0.0.1', port: 4000, constructor: 'Function<Error>', name: 'Error', toString: 
'Function<toString>' } ], code: 'ECONNREFUSED' }[39m
[31m[2mΓÄ»ΓÄ»ΓÄ»ΓÄ»ΓÄ»ΓÄ»ΓÄ»ΓÄ»ΓÄ»ΓÄ»ΓÄ»ΓÄ»ΓÄ»ΓÄ»ΓÄ»ΓÄ»ΓÄ»ΓÄ»ΓÄ»ΓÄ»ΓÄ»ΓÄ»[30/69]ΓÄ»[22m[39m

[41m[1m FAIL [22m[49m tests/integration/onboarding-flow.test.ts[2m > [22mOnboarding Flow Integration 
Tests[2m > [22mPublish[2m > [22mupdates alternate status to PUBLISHED
[31m[1mPrismaClientValidationError[22m: 
Invalid `prisma.alternate.findUnique()` invocation in
C:\Users\User\Alternate me\backend\src\tests\integration\onboarding-flow.test.ts:281:48

  278 });
  279 
  280 it('updates alternate status to PUBLISHED', async () => {
ΓåÆ 281   const alternate = await prisma.alternate.findUnique({
          where: {
            id: undefined,
        ?   username?: String,
        ?   AND?: AlternateWhereInput | AlternateWhereInput[],
        ?   OR?: AlternateWhereInput[],
        ?   NOT?: AlternateWhereInput | AlternateWhereInput[],
        ?   userId?: UuidFilter | String,
        ?   displayName?: StringFilter | String,
        ?   title?: StringNullableFilter | String | Null,
        ?   bio?: StringNullableFilter | String | Null,
        ?   avatarUrl?: StringNullableFilter | String | Null,
        ?   visibility?: EnumAlternateVisibilityFilter | AlternateVisibility,
        ?   status?: EnumAlternateStatusFilter | AlternateStatus,
        ?   personaPrompt?: StringNullableFilter | String | Null,
        ?   modelId?: StringNullableFilter | String | Null,
        ?   publishedAt?: DateTimeNullableFilter | DateTime | Null,
        ?   memoryEnabled?: BoolFilter | Boolean,
        ?   createdAt?: DateTimeFilter | DateTime,
        ?   updatedAt?: DateTimeFilter | DateTime,
        ?   deletedAt?: DateTimeNullableFilter | DateTime | Null,
        ?   user?: UserScalarRelationFilter | UserWhereInput,
        ?   onboarding?: OnboardingNullableScalarRelationFilter | OnboardingWhereInput | Null,
        ?   persona?: PersonaNullableScalarRelationFilter | PersonaWhereInput | Null,
        ?   sources?: TrainingSourceListRelationFilter,
        ?   voiceProfile?: VoiceProfileNullableScalarRelationFilter | VoiceProfileWhereInput | Null,
        ?   aiProvider?: AIProviderConfigNullableScalarRelationFilter | AIProviderConfigWhereInput | Null,
        ?   conversations?: ConversationListRelationFilter,
        ?   trainingJobs?: TrainingJobListRelationFilter,
        ?   emailThreads?: EmailThreadListRelationFilter,
        ?   callRecords?: CallRecordListRelationFilter,
        ?   chunks?: ContentChunkListRelationFilter,
        ?   knowledgeDocuments?: KnowledgeDocumentListRelationFilter,
        ?   documentChunks?: DocumentChunkListRelationFilter,
        ?   embeddings?: EmbeddingListRelationFilter,
        ?   knowledgeJobs?: IngestionJobListRelationFilter,
        ?   knowledgeVersions?: KnowledgeVersionListRelationFilter,
        ?   memories?: MemoryListRelationFilter,
        ?   memoryEmbeddings?: MemoryEmbeddingListRelationFilter,
        ?   conversationSummaries?: ConversationSummaryListRelationFilter,
        ?   memoryExtractionJobs?: MemoryExtractionJobListRelationFilter
          }
        })

Argument `where` of type AlternateWhereUniqueInput needs at least one of `id` or `username` arguments. Available 
options are marked with ?.[39m
[90m [2mΓ¥»[22m throwValidationException ../node_modules/.pnpm/@prisma+client@6.19.3_prism_d64af47a59fcb41d9af9
f9685cee22aa/node_modules/@prisma/client/src/runtime/core/errorRendering/throwValidationException.ts:[2m45:9[22m
[39m
[90m [2mΓ¥»[22m ei.handleRequestError ../node_modules/.pnpm/@prisma+client@6.19.3_prism_d64af47a59fcb41d9af9f96
85cee22aa/node_modules/@prisma/client/src/runtime/RequestHandler.ts:[2m202:7[22m[39m
[90m [2mΓ¥»[22m ei.handleAndLogRequestError ../node_modules/.pnpm/@prisma+client@6.19.3_prism_d64af47a59fcb41d9
af9f9685cee22aa/node_modules/@prisma/client/src/runtime/RequestHandler.ts:[2m174:12[22m[39m
[90m [2mΓ¥»[22m ei.request ../node_modules/.pnpm/@prisma+client@6.19.3_prism_d64af47a59fcb41d9af9f9685cee22aa/n
ode_modules/@prisma/client/src/runtime/RequestHandler.ts:[2m143:12[22m[39m
[90m [2mΓ¥»[22m a ../node_modules/.pnpm/@prisma+client@6.19.3_prism_d64af47a59fcb41d9af9f9685cee22aa/node_modul
es/@prisma/client/src/runtime/getPrismaClient.ts:[2m833:24[22m[39m
[36m [2mΓ¥»[22m tests/integration/onboarding-flow.test.ts:[2m281:25[22m[39m
    [90m279| [39m
    [90m280| [39m    [34mit[39m([32m'updates alternate status to PUBLISHED'[39m[33m,[39m [35masync[39m 
() [33m=>[39m {
    [90m281| [39m      const alternate = await prisma.alternate.findUnique({ where: { iΓÇª
    [90m   | [39m                        [31m^[39m
    [90m282| [39m      
[34mexpect[39m(alternate[33m?.[39mstatus)[33m.[39m[34mtoBe[39m([32m'PUBLISHED'[39m)[33m;[39m
    [90m283| [39m      
[34mexpect[39m(alternate[33m?.[39mpublishedAt)[33m.[39m[34mtoBeDefined[39m()[33m;[39m

[31m[2mΓÄ»ΓÄ»ΓÄ»ΓÄ»ΓÄ»ΓÄ»ΓÄ»ΓÄ»ΓÄ»ΓÄ»ΓÄ»ΓÄ»ΓÄ»ΓÄ»ΓÄ»ΓÄ»ΓÄ»ΓÄ»ΓÄ»ΓÄ»ΓÄ»ΓÄ»ΓÄ»ΓÄ»ΓÄ»ΓÄ»ΓÄ»ΓÄ»ΓÄ»ΓÄ»[22m[39m
[31m[1mSerialized Error:[22m[39m [90m{ clientVersion: '6.19.3' }[39m
[31m[2mΓÄ»ΓÄ»ΓÄ»ΓÄ»ΓÄ»ΓÄ»ΓÄ»ΓÄ»ΓÄ»ΓÄ»ΓÄ»ΓÄ»ΓÄ»ΓÄ»ΓÄ»ΓÄ»ΓÄ»ΓÄ»ΓÄ»ΓÄ»ΓÄ»ΓÄ»[31/69]ΓÄ»[22m[39m

[41m[1m FAIL [22m[49m tests/integration/onboarding-flow.test.ts[2m > [22mOnboarding Flow Integration 
Tests[2m > [22mPublish[2m > [22mupdates onboarding status to COMPLETED
[31m[1mAssertionError[22m: expected undefined to be 'COMPLETED' // Object.is equality[39m

[32m- Expected:[39m 
"COMPLETED"

[31m+ Received:[39m 
undefined

[36m [2mΓ¥»[22m tests/integration/onboarding-flow.test.ts:[2m289:34[22m[39m
    [90m287| [39m    [34mit[39m([32m'updates onboarding status to COMPLETED'[39m[33m,[39m [35masync[39m 
() [33m=>[39m {
    [90m288| [39m      const onboarding = await prisma.onboarding.findFirst({ where: { ΓÇª
    [90m289| [39m      
[34mexpect[39m(onboarding[33m?.[39mstatus)[33m.[39m[34mtoBe[39m([32m'COMPLETED'[39m)[33m;[39m
    [90m   | [39m                                 [31m^[39m
    [90m290| [39m      
[34mexpect[39m(onboarding[33m?.[39mcompletedAt)[33m.[39m[34mtoBeDefined[39m()[33m;[39m
    [90m291| [39m    })[33m;[39m

[31m[2mΓÄ»ΓÄ»ΓÄ»ΓÄ»ΓÄ»ΓÄ»ΓÄ»ΓÄ»ΓÄ»ΓÄ»ΓÄ»ΓÄ»ΓÄ»ΓÄ»ΓÄ»ΓÄ»ΓÄ»ΓÄ»ΓÄ»ΓÄ»ΓÄ»ΓÄ»[32/69]ΓÄ»[22m[39m

[41m[1m FAIL [22m[49m tests/integration/onboarding-flow.test.ts[2m > [22mOnboarding Flow Integration 
Tests[2m > [22mPublic Alternate[2m > [22mreturns public alternate
[31m[1mTypeError[22m: fetch failed[39m
[36m [2mΓ¥»[22m api tests/integration/onboarding-flow.test.ts:[2m15:15[22m[39m
    [90m 13| [39m  const headers: Record<string, string> = { 'Content-Type': 'applicatiΓÇª
    [90m 14| [39m  [35mif[39m (token) headers[[32m'Authorization'[39m] [33m=[39m [32m`Bearer 
[39m[36m${[39mtoken[36m}[39m[32m`[39m[33m;[39m
    [90m 15| [39m  [35mconst[39m res [33m=[39m [35mawait[39m [34mfetch[39m([32m`[39m[36m${[39m[33mB
ASE[39m[36m}[39m[32m[39m[36m${[39mpath[36m}[39m[32m`[39m[33m,[39m {
    [90m   | [39m              [31m^[39m
    [90m 16| [39m    method[33m,[39m
    [90m 17| [39m    headers[33m,[39m
[90m [2mΓ¥»[22m tests/integration/onboarding-flow.test.ts:[2m297:19[22m[39m

{
  stack: 'AggregateError: \n' +
    '    at internalConnectMultiple (node:net:1134:18)\n' +
    '    at afterConnectMultiple (node:net:1715:7)',
  errors: [
    {
      stack: 'Error: connect ECONNREFUSED ::1:4000\n' +
        '    at createConnectionError (node:net:1678:14)\n' +
        '    at afterConnectMultiple (node:net:1708:16)',
      message: 'connect ECONNREFUSED ::1:4000',
      errno: -4078,
      code: 'ECONNREFUSED',
      syscall: 'connect',
      address: '::1',
      port: 4000,
      constructor: 'Function<Error>',
      name: 'Error',
      toString: 'Function<toString>'
    },
    {
      stack: 'Error: connect ECONNREFUSED 127.0.0.1:4000\n' +
        '    at createConnectionError (node:net:1678:14)\n' +
        '    at afterConnectMultiple (node:net:1708:16)',
      message: 'connect ECONNREFUSED 127.0.0.1:4000',
      errno: -4078,
      code: 'ECONNREFUSED',
      syscall: 'connect',
      address: '127.0.0.1',
      port: 4000,
      constructor: 'Function<Error>',
      name: 'Error',
      toString: 'Function<toString>'
    }
  ],
  code: 'ECONNREFUSED',
  message: '',
  constructor: 'Function<AggregateError>',
  name: 'Caused by: AggregateError',
  toString: 'Function<toString>',
  stacks: []
}
[31m[2mΓÄ»ΓÄ»ΓÄ»ΓÄ»ΓÄ»ΓÄ»ΓÄ»ΓÄ»ΓÄ»ΓÄ»ΓÄ»ΓÄ»ΓÄ»ΓÄ»ΓÄ»ΓÄ»ΓÄ»ΓÄ»ΓÄ»ΓÄ»ΓÄ»ΓÄ»ΓÄ»ΓÄ»ΓÄ»ΓÄ»ΓÄ»ΓÄ»ΓÄ»ΓÄ»[22m[39m
[31m[1mSerialized Error:[22m[39m [90m{ errors: [ { stack: 'Error: connect ECONNREFUSED ::1:4000\n    at 
createConnectionError (node:net:1678:14)\n    at afterConnectMultiple (node:net:1708:16)', message: 'connect 
ECONNREFUSED ::1:4000', errno: -4078, code: 'ECONNREFUSED', syscall: 'connect', address: '::1', port: 4000, 
constructor: 'Function<Error>', name: 'Error', toString: 'Function<toString>' }, { stack: 'Error: connect 
ECONNREFUSED 127.0.0.1:4000\n    at createConnectionError (node:net:1678:14)\n    at afterConnectMultiple 
(node:net:1708:16)', message: 'connect ECONNREFUSED 127.0.0.1:4000', errno: -4078, code: 'ECONNREFUSED', syscall: 
'connect', address: '127.0.0.1', port: 4000, constructor: 'Function<Error>', name: 'Error', toString: 
'Function<toString>' } ], code: 'ECONNREFUSED' }[39m
[31m[2mΓÄ»ΓÄ»ΓÄ»ΓÄ»ΓÄ»ΓÄ»ΓÄ»ΓÄ»ΓÄ»ΓÄ»ΓÄ»ΓÄ»ΓÄ»ΓÄ»ΓÄ»ΓÄ»ΓÄ»ΓÄ»ΓÄ»ΓÄ»ΓÄ»ΓÄ»[33/69]ΓÄ»[22m[39m

[41m[1m FAIL [22m[49m tests/integration/onboarding-flow.test.ts[2m > [22mOnboarding Flow Integration 
Tests[2m > [22mPublic Alternate[2m > [22mdoes not expose API key or sensitive data
[31m[1mTypeError[22m: fetch failed[39m
[36m [2mΓ¥»[22m api tests/integration/onboarding-flow.test.ts:[2m15:15[22m[39m
    [90m 13| [39m  const headers: Record<string, string> = { 'Content-Type': 'applicatiΓÇª
    [90m 14| [39m  [35mif[39m (token) headers[[32m'Authorization'[39m] [33m=[39m [32m`Bearer 
[39m[36m${[39mtoken[36m}[39m[32m`[39m[33m;[39m
    [90m 15| [39m  [35mconst[39m res [33m=[39m [35mawait[39m [34mfetch[39m([32m`[39m[36m${[39m[33mB
ASE[39m[36m}[39m[32m[39m[36m${[39mpath[36m}[39m[32m`[39m[33m,[39m {
    [90m   | [39m              [31m^[39m
    [90m 16| [39m    method[33m,[39m
    [90m 17| [39m    headers[33m,[39m
[90m [2mΓ¥»[22m tests/integration/onboarding-flow.test.ts:[2m303:19[22m[39m

{
  stack: 'AggregateError: \n' +
    '    at internalConnectMultiple (node:net:1134:18)\n' +
    '    at afterConnectMultiple (node:net:1715:7)',
  errors: [
    {
      stack: 'Error: connect ECONNREFUSED ::1:4000\n' +
        '    at createConnectionError (node:net:1678:14)\n' +
        '    at afterConnectMultiple (node:net:1708:16)',
      message: 'connect ECONNREFUSED ::1:4000',
      errno: -4078,
      code: 'ECONNREFUSED',
      syscall: 'connect',
      address: '::1',
      port: 4000,
      constructor: 'Function<Error>',
      name: 'Error',
      toString: 'Function<toString>'
    },
    {
      stack: 'Error: connect ECONNREFUSED 127.0.0.1:4000\n' +
        '    at createConnectionError (node:net:1678:14)\n' +
        '    at afterConnectMultiple (node:net:1708:16)',
      message: 'connect ECONNREFUSED 127.0.0.1:4000',
      errno: -4078,
      code: 'ECONNREFUSED',
      syscall: 'connect',
      address: '127.0.0.1',
      port: 4000,
      constructor: 'Function<Error>',
      name: 'Error',
      toString: 'Function<toString>'
    }
  ],
  code: 'ECONNREFUSED',
  message: '',
  constructor: 'Function<AggregateError>',
  name: 'Caused by: AggregateError',
  toString: 'Function<toString>',
  stacks: []
}
[31m[2mΓÄ»ΓÄ»ΓÄ»ΓÄ»ΓÄ»ΓÄ»ΓÄ»ΓÄ»ΓÄ»ΓÄ»ΓÄ»ΓÄ»ΓÄ»ΓÄ»ΓÄ»ΓÄ»ΓÄ»ΓÄ»ΓÄ»ΓÄ»ΓÄ»ΓÄ»ΓÄ»ΓÄ»ΓÄ»ΓÄ»ΓÄ»ΓÄ»ΓÄ»ΓÄ»[22m[39m
[31m[1mSerialized Error:[22m[39m [90m{ errors: [ { stack: 'Error: connect ECONNREFUSED ::1:4000\n    at 
createConnectionError (node:net:1678:14)\n    at afterConnectMultiple (node:net:1708:16)', message: 'connect 
ECONNREFUSED ::1:4000', errno: -4078, code: 'ECONNREFUSED', syscall: 'connect', address: '::1', port: 4000, 
constructor: 'Function<Error>', name: 'Error', toString: 'Function<toString>' }, { stack: 'Error: connect 
ECONNREFUSED 127.0.0.1:4000\n    at createConnectionError (node:net:1678:14)\n    at afterConnectMultiple 
(node:net:1708:16)', message: 'connect ECONNREFUSED 127.0.0.1:4000', errno: -4078, code: 'ECONNREFUSED', syscall: 
'connect', address: '127.0.0.1', port: 4000, constructor: 'Function<Error>', name: 'Error', toString: 
'Function<toString>' } ], code: 'ECONNREFUSED' }[39m
[31m[2mΓÄ»ΓÄ»ΓÄ»ΓÄ»ΓÄ»ΓÄ»ΓÄ»ΓÄ»ΓÄ»ΓÄ»ΓÄ»ΓÄ»ΓÄ»ΓÄ»ΓÄ»ΓÄ»ΓÄ»ΓÄ»ΓÄ»ΓÄ»ΓÄ»ΓÄ»[34/69]ΓÄ»[22m[39m

[41m[1m FAIL [22m[49m tests/integration/onboarding-flow.test.ts[2m > [22mOnboarding Flow Integration 
Tests[2m > [22mPublic Alternate[2m > [22mreturns 404 for non-existent alternate
[31m[1mTypeError[22m: fetch failed[39m
[36m [2mΓ¥»[22m api tests/integration/onboarding-flow.test.ts:[2m15:15[22m[39m
    [90m 13| [39m  const headers: Record<string, string> = { 'Content-Type': 'applicatiΓÇª
    [90m 14| [39m  [35mif[39m (token) headers[[32m'Authorization'[39m] [33m=[39m [32m`Bearer 
[39m[36m${[39mtoken[36m}[39m[32m`[39m[33m;[39m
    [90m 15| [39m  [35mconst[39m res [33m=[39m [35mawait[39m [34mfetch[39m([32m`[39m[36m${[39m[33mB
ASE[39m[36m}[39m[32m[39m[36m${[39mpath[36m}[39m[32m`[39m[33m,[39m {
    [90m   | [39m              [31m^[39m
    [90m 16| [39m    method[33m,[39m
    [90m 17| [39m    headers[33m,[39m
[90m [2mΓ¥»[22m tests/integration/onboarding-flow.test.ts:[2m312:19[22m[39m

{
  stack: 'AggregateError: \n' +
    '    at internalConnectMultiple (node:net:1134:18)\n' +
    '    at afterConnectMultiple (node:net:1715:7)',
  errors: [
    {
      stack: 'Error: connect ECONNREFUSED ::1:4000\n' +
        '    at createConnectionError (node:net:1678:14)\n' +
        '    at afterConnectMultiple (node:net:1708:16)',
      message: 'connect ECONNREFUSED ::1:4000',
      errno: -4078,
      code: 'ECONNREFUSED',
      syscall: 'connect',
      address: '::1',
      port: 4000,
      constructor: 'Function<Error>',
      name: 'Error',
      toString: 'Function<toString>'
    },
    {
      stack: 'Error: connect ECONNREFUSED 127.0.0.1:4000\n' +
        '    at createConnectionError (node:net:1678:14)\n' +
        '    at afterConnectMultiple (node:net:1708:16)',
      message: 'connect ECONNREFUSED 127.0.0.1:4000',
      errno: -4078,
      code: 'ECONNREFUSED',
      syscall: 'connect',
      address: '127.0.0.1',
      port: 4000,
      constructor: 'Function<Error>',
      name: 'Error',
      toString: 'Function<toString>'
    }
  ],
  code: 'ECONNREFUSED',
  message: '',
  constructor: 'Function<AggregateError>',
  name: 'Caused by: AggregateError',
  toString: 'Function<toString>',
  stacks: []
}
[31m[2mΓÄ»ΓÄ»ΓÄ»ΓÄ»ΓÄ»ΓÄ»ΓÄ»ΓÄ»ΓÄ»ΓÄ»ΓÄ»ΓÄ»ΓÄ»ΓÄ»ΓÄ»ΓÄ»ΓÄ»ΓÄ»ΓÄ»ΓÄ»ΓÄ»ΓÄ»ΓÄ»ΓÄ»ΓÄ»ΓÄ»ΓÄ»ΓÄ»ΓÄ»ΓÄ»[22m[39m
[31m[1mSerialized Error:[22m[39m [90m{ errors: [ { stack: 'Error: connect ECONNREFUSED ::1:4000\n    at 
createConnectionError (node:net:1678:14)\n    at afterConnectMultiple (node:net:1708:16)', message: 'connect 
ECONNREFUSED ::1:4000', errno: -4078, code: 'ECONNREFUSED', syscall: 'connect', address: '::1', port: 4000, 
constructor: 'Function<Error>', name: 'Error', toString: 'Function<toString>' }, { stack: 'Error: connect 
ECONNREFUSED 127.0.0.1:4000\n    at createConnectionError (node:net:1678:14)\n    at afterConnectMultiple 
(node:net:1708:16)', message: 'connect ECONNREFUSED 127.0.0.1:4000', errno: -4078, code: 'ECONNREFUSED', syscall: 
'connect', address: '127.0.0.1', port: 4000, constructor: 'Function<Error>', name: 'Error', toString: 
'Function<toString>' } ], code: 'ECONNREFUSED' }[39m
[31m[2mΓÄ»ΓÄ»ΓÄ»ΓÄ»ΓÄ»ΓÄ»ΓÄ»ΓÄ»ΓÄ»ΓÄ»ΓÄ»ΓÄ»ΓÄ»ΓÄ»ΓÄ»ΓÄ»ΓÄ»ΓÄ»ΓÄ»ΓÄ»ΓÄ»ΓÄ»[35/69]ΓÄ»[22m[39m

[41m[1m FAIL [22m[49m tests/integration/onboarding-flow.test.ts[2m > [22mOnboarding Flow Integration 
Tests[2m > [22mOwnership[2m > [22mUser B cannot GET User A alternate
[31m[1mTypeError[22m: fetch failed[39m
[36m [2mΓ¥»[22m api tests/integration/onboarding-flow.test.ts:[2m15:15[22m[39m
    [90m 13| [39m  const headers: Record<string, string> = { 'Content-Type': 'applicatiΓÇª
    [90m 14| [39m  [35mif[39m (token) headers[[32m'Authorization'[39m] [33m=[39m [32m`Bearer 
[39m[36m${[39mtoken[36m}[39m[32m`[39m[33m;[39m
    [90m 15| [39m  [35mconst[39m res [33m=[39m [35mawait[39m [34mfetch[39m([32m`[39m[36m${[39m[33mB
ASE[39m[36m}[39m[32m[39m[36m${[39mpath[36m}[39m[32m`[39m[33m,[39m {
    [90m   | [39m              [31m^[39m
    [90m 16| [39m    method[33m,[39m
    [90m 17| [39m    headers[33m,[39m
[90m [2mΓ¥»[22m tests/integration/onboarding-flow.test.ts:[2m320:19[22m[39m

{
  stack: 'AggregateError: \n' +
    '    at internalConnectMultiple (node:net:1134:18)\n' +
    '    at afterConnectMultiple (node:net:1715:7)',
  errors: [
    {
      stack: 'Error: connect ECONNREFUSED ::1:4000\n' +
        '    at createConnectionError (node:net:1678:14)\n' +
        '    at afterConnectMultiple (node:net:1708:16)',
      message: 'connect ECONNREFUSED ::1:4000',
      errno: -4078,
      code: 'ECONNREFUSED',
      syscall: 'connect',
      address: '::1',
      port: 4000,
      constructor: 'Function<Error>',
      name: 'Error',
      toString: 'Function<toString>'
    },
    {
      stack: 'Error: connect ECONNREFUSED 127.0.0.1:4000\n' +
        '    at createConnectionError (node:net:1678:14)\n' +
        '    at afterConnectMultiple (node:net:1708:16)',
      message: 'connect ECONNREFUSED 127.0.0.1:4000',
      errno: -4078,
      code: 'ECONNREFUSED',
      syscall: 'connect',
      address: '127.0.0.1',
      port: 4000,
      constructor: 'Function<Error>',
      name: 'Error',
      toString: 'Function<toString>'
    }
  ],
  code: 'ECONNREFUSED',
  message: '',
  constructor: 'Function<AggregateError>',
  name: 'Caused by: AggregateError',
  toString: 'Function<toString>',
  stacks: []
}
[31m[2mΓÄ»ΓÄ»ΓÄ»ΓÄ»ΓÄ»ΓÄ»ΓÄ»ΓÄ»ΓÄ»ΓÄ»ΓÄ»ΓÄ»ΓÄ»ΓÄ»ΓÄ»ΓÄ»ΓÄ»ΓÄ»ΓÄ»ΓÄ»ΓÄ»ΓÄ»ΓÄ»ΓÄ»ΓÄ»ΓÄ»ΓÄ»ΓÄ»ΓÄ»ΓÄ»[22m[39m
[31m[1mSerialized Error:[22m[39m [90m{ errors: [ { stack: 'Error: connect ECONNREFUSED ::1:4000\n    at 
createConnectionError (node:net:1678:14)\n    at afterConnectMultiple (node:net:1708:16)', message: 'connect 
ECONNREFUSED ::1:4000', errno: -4078, code: 'ECONNREFUSED', syscall: 'connect', address: '::1', port: 4000, 
constructor: 'Function<Error>', name: 'Error', toString: 'Function<toString>' }, { stack: 'Error: connect 
ECONNREFUSED 127.0.0.1:4000\n    at createConnectionError (node:net:1678:14)\n    at afterConnectMultiple 
(node:net:1708:16)', message: 'connect ECONNREFUSED 127.0.0.1:4000', errno: -4078, code: 'ECONNREFUSED', syscall: 
'connect', address: '127.0.0.1', port: 4000, constructor: 'Function<Error>', name: 'Error', toString: 
'Function<toString>' } ], code: 'ECONNREFUSED' }[39m
[31m[2mΓÄ»ΓÄ»ΓÄ»ΓÄ»ΓÄ»ΓÄ»ΓÄ»ΓÄ»ΓÄ»ΓÄ»ΓÄ»ΓÄ»ΓÄ»ΓÄ»ΓÄ»ΓÄ»ΓÄ»ΓÄ»ΓÄ»ΓÄ»ΓÄ»ΓÄ»[36/69]ΓÄ»[22m[39m

[41m[1m FAIL [22m[49m tests/integration/onboarding-flow.test.ts[2m > [22mOnboarding Flow Integration 
Tests[2m > [22mOwnership[2m > [22mUser B cannot UPDATE User A alternate
[31m[1mTypeError[22m: fetch failed[39m
[36m [2mΓ¥»[22m api tests/integration/onboarding-flow.test.ts:[2m15:15[22m[39m
    [90m 13| [39m  const headers: Record<string, string> = { 'Content-Type': 'applicatiΓÇª
    [90m 14| [39m  [35mif[39m (token) headers[[32m'Authorization'[39m] [33m=[39m [32m`Bearer 
[39m[36m${[39mtoken[36m}[39m[32m`[39m[33m;[39m
    [90m 15| [39m  [35mconst[39m res [33m=[39m [35mawait[39m [34mfetch[39m([32m`[39m[36m${[39m[33mB
ASE[39m[36m}[39m[32m[39m[36m${[39mpath[36m}[39m[32m`[39m[33m,[39m {
    [90m   | [39m              [31m^[39m
    [90m 16| [39m    method[33m,[39m
    [90m 17| [39m    headers[33m,[39m
[90m [2mΓ¥»[22m tests/integration/onboarding-flow.test.ts:[2m325:19[22m[39m

{
  stack: 'AggregateError: \n' +
    '    at internalConnectMultiple (node:net:1134:18)\n' +
    '    at afterConnectMultiple (node:net:1715:7)',
  errors: [
    {
      stack: 'Error: connect ECONNREFUSED ::1:4000\n' +
        '    at createConnectionError (node:net:1678:14)\n' +
        '    at afterConnectMultiple (node:net:1708:16)',
      message: 'connect ECONNREFUSED ::1:4000',
      errno: -4078,
      code: 'ECONNREFUSED',
      syscall: 'connect',
      address: '::1',
      port: 4000,
      constructor: 'Function<Error>',
      name: 'Error',
      toString: 'Function<toString>'
    },
    {
      stack: 'Error: connect ECONNREFUSED 127.0.0.1:4000\n' +
        '    at createConnectionError (node:net:1678:14)\n' +
        '    at afterConnectMultiple (node:net:1708:16)',
      message: 'connect ECONNREFUSED 127.0.0.1:4000',
      errno: -4078,
      code: 'ECONNREFUSED',
      syscall: 'connect',
      address: '127.0.0.1',
      port: 4000,
      constructor: 'Function<Error>',
      name: 'Error',
      toString: 'Function<toString>'
    }
  ],
  code: 'ECONNREFUSED',
  message: '',
  constructor: 'Function<AggregateError>',
  name: 'Caused by: AggregateError',
  toString: 'Function<toString>',
  stacks: []
}
[31m[2mΓÄ»ΓÄ»ΓÄ»ΓÄ»ΓÄ»ΓÄ»ΓÄ»ΓÄ»ΓÄ»ΓÄ»ΓÄ»ΓÄ»ΓÄ»ΓÄ»ΓÄ»ΓÄ»ΓÄ»ΓÄ»ΓÄ»ΓÄ»ΓÄ»ΓÄ»ΓÄ»ΓÄ»ΓÄ»ΓÄ»ΓÄ»ΓÄ»ΓÄ»ΓÄ»[22m[39m
[31m[1mSerialized Error:[22m[39m [90m{ errors: [ { stack: 'Error: connect ECONNREFUSED ::1:4000\n    at 
createConnectionError (node:net:1678:14)\n    at afterConnectMultiple (node:net:1708:16)', message: 'connect 
ECONNREFUSED ::1:4000', errno: -4078, code: 'ECONNREFUSED', syscall: 'connect', address: '::1', port: 4000, 
constructor: 'Function<Error>', name: 'Error', toString: 'Function<toString>' }, { stack: 'Error: connect 
ECONNREFUSED 127.0.0.1:4000\n    at createConnectionError (node:net:1678:14)\n    at afterConnectMultiple 
(node:net:1708:16)', message: 'connect ECONNREFUSED 127.0.0.1:4000', errno: -4078, code: 'ECONNREFUSED', syscall: 
'connect', address: '127.0.0.1', port: 4000, constructor: 'Function<Error>', name: 'Error', toString: 
'Function<toString>' } ], code: 'ECONNREFUSED' }[39m
[31m[2mΓÄ»ΓÄ»ΓÄ»ΓÄ»ΓÄ»ΓÄ»ΓÄ»ΓÄ»ΓÄ»ΓÄ»ΓÄ»ΓÄ»ΓÄ»ΓÄ»ΓÄ»ΓÄ»ΓÄ»ΓÄ»ΓÄ»ΓÄ»ΓÄ»ΓÄ»[37/69]ΓÄ»[22m[39m

[41m[1m FAIL [22m[49m tests/integration/onboarding-flow.test.ts[2m > [22mOnboarding Flow Integration 
Tests[2m > [22mOwnership[2m > [22mUser B cannot DELETE User A alternate
[31m[1mTypeError[22m: fetch failed[39m
[36m [2mΓ¥»[22m api tests/integration/onboarding-flow.test.ts:[2m15:15[22m[39m
    [90m 13| [39m  const headers: Record<string, string> = { 'Content-Type': 'applicatiΓÇª
    [90m 14| [39m  [35mif[39m (token) headers[[32m'Authorization'[39m] [33m=[39m [32m`Bearer 
[39m[36m${[39mtoken[36m}[39m[32m`[39m[33m;[39m
    [90m 15| [39m  [35mconst[39m res [33m=[39m [35mawait[39m [34mfetch[39m([32m`[39m[36m${[39m[33mB
ASE[39m[36m}[39m[32m[39m[36m${[39mpath[36m}[39m[32m`[39m[33m,[39m {
    [90m   | [39m              [31m^[39m
    [90m 16| [39m    method[33m,[39m
    [90m 17| [39m    headers[33m,[39m
[90m [2mΓ¥»[22m tests/integration/onboarding-flow.test.ts:[2m330:19[22m[39m

{
  stack: 'AggregateError: \n' +
    '    at internalConnectMultiple (node:net:1134:18)\n' +
    '    at afterConnectMultiple (node:net:1715:7)',
  errors: [
    {
      stack: 'Error: connect ECONNREFUSED ::1:4000\n' +
        '    at createConnectionError (node:net:1678:14)\n' +
        '    at afterConnectMultiple (node:net:1708:16)',
      message: 'connect ECONNREFUSED ::1:4000',
      errno: -4078,
      code: 'ECONNREFUSED',
      syscall: 'connect',
      address: '::1',
      port: 4000,
      constructor: 'Function<Error>',
      name: 'Error',
      toString: 'Function<toString>'
    },
    {
      stack: 'Error: connect ECONNREFUSED 127.0.0.1:4000\n' +
        '    at createConnectionError (node:net:1678:14)\n' +
        '    at afterConnectMultiple (node:net:1708:16)',
      message: 'connect ECONNREFUSED 127.0.0.1:4000',
      errno: -4078,
      code: 'ECONNREFUSED',
      syscall: 'connect',
      address: '127.0.0.1',
      port: 4000,
      constructor: 'Function<Error>',
      name: 'Error',
      toString: 'Function<toString>'
    }
  ],
  code: 'ECONNREFUSED',
  message: '',
  constructor: 'Function<AggregateError>',
  name: 'Caused by: AggregateError',
  toString: 'Function<toString>',
  stacks: []
}
[31m[2mΓÄ»ΓÄ»ΓÄ»ΓÄ»ΓÄ»ΓÄ»ΓÄ»ΓÄ»ΓÄ»ΓÄ»ΓÄ»ΓÄ»ΓÄ»ΓÄ»ΓÄ»ΓÄ»ΓÄ»ΓÄ»ΓÄ»ΓÄ»ΓÄ»ΓÄ»ΓÄ»ΓÄ»ΓÄ»ΓÄ»ΓÄ»ΓÄ»ΓÄ»ΓÄ»[22m[39m
[31m[1mSerialized Error:[22m[39m [90m{ errors: [ { stack: 'Error: connect ECONNREFUSED ::1:4000\n    at 
createConnectionError (node:net:1678:14)\n    at afterConnectMultiple (node:net:1708:16)', message: 'connect 
ECONNREFUSED ::1:4000', errno: -4078, code: 'ECONNREFUSED', syscall: 'connect', address: '::1', port: 4000, 
constructor: 'Function<Error>', name: 'Error', toString: 'Function<toString>' }, { stack: 'Error: connect 
ECONNREFUSED 127.0.0.1:4000\n    at createConnectionError (node:net:1678:14)\n    at afterConnectMultiple 
(node:net:1708:16)', message: 'connect ECONNREFUSED 127.0.0.1:4000', errno: -4078, code: 'ECONNREFUSED', syscall: 
'connect', address: '127.0.0.1', port: 4000, constructor: 'Function<Error>', name: 'Error', toString: 
'Function<toString>' } ], code: 'ECONNREFUSED' }[39m
[31m[2mΓÄ»ΓÄ»ΓÄ»ΓÄ»ΓÄ»ΓÄ»ΓÄ»ΓÄ»ΓÄ»ΓÄ»ΓÄ»ΓÄ»ΓÄ»ΓÄ»ΓÄ»ΓÄ»ΓÄ»ΓÄ»ΓÄ»ΓÄ»ΓÄ»ΓÄ»[38/69]ΓÄ»[22m[39m

[41m[1m FAIL [22m[49m tests/integration/onboarding-flow.test.ts[2m > [22mOnboarding Flow Integration 
Tests[2m > [22mOwnership[2m > [22mUser B cannot access User A preview
[31m[1mTypeError[22m: fetch failed[39m
[36m [2mΓ¥»[22m api tests/integration/onboarding-flow.test.ts:[2m15:15[22m[39m
    [90m 13| [39m  const headers: Record<string, string> = { 'Content-Type': 'applicatiΓÇª
    [90m 14| [39m  [35mif[39m (token) headers[[32m'Authorization'[39m] [33m=[39m [32m`Bearer 
[39m[36m${[39mtoken[36m}[39m[32m`[39m[33m;[39m
    [90m 15| [39m  [35mconst[39m res [33m=[39m [35mawait[39m [34mfetch[39m([32m`[39m[36m${[39m[33mB
ASE[39m[36m}[39m[32m[39m[36m${[39mpath[36m}[39m[32m`[39m[33m,[39m {
    [90m   | [39m              [31m^[39m
    [90m 16| [39m    method[33m,[39m
    [90m 17| [39m    headers[33m,[39m
[90m [2mΓ¥»[22m tests/integration/onboarding-flow.test.ts:[2m335:19[22m[39m

{
  stack: 'AggregateError: \n' +
    '    at internalConnectMultiple (node:net:1134:18)\n' +
    '    at afterConnectMultiple (node:net:1715:7)',
  errors: [
    {
      stack: 'Error: connect ECONNREFUSED ::1:4000\n' +
        '    at createConnectionError (node:net:1678:14)\n' +
        '    at afterConnectMultiple (node:net:1708:16)',
      message: 'connect ECONNREFUSED ::1:4000',
      errno: -4078,
      code: 'ECONNREFUSED',
      syscall: 'connect',
      address: '::1',
      port: 4000,
      constructor: 'Function<Error>',
      name: 'Error',
      toString: 'Function<toString>'
    },
    {
      stack: 'Error: connect ECONNREFUSED 127.0.0.1:4000\n' +
        '    at createConnectionError (node:net:1678:14)\n' +
        '    at afterConnectMultiple (node:net:1708:16)',
      message: 'connect ECONNREFUSED 127.0.0.1:4000',
      errno: -4078,
      code: 'ECONNREFUSED',
      syscall: 'connect',
      address: '127.0.0.1',
      port: 4000,
      constructor: 'Function<Error>',
      name: 'Error',
      toString: 'Function<toString>'
    }
  ],
  code: 'ECONNREFUSED',
  message: '',
  constructor: 'Function<AggregateError>',
  name: 'Caused by: AggregateError',
  toString: 'Function<toString>',
  stacks: []
}
[31m[2mΓÄ»ΓÄ»ΓÄ»ΓÄ»ΓÄ»ΓÄ»ΓÄ»ΓÄ»ΓÄ»ΓÄ»ΓÄ»ΓÄ»ΓÄ»ΓÄ»ΓÄ»ΓÄ»ΓÄ»ΓÄ»ΓÄ»ΓÄ»ΓÄ»ΓÄ»ΓÄ»ΓÄ»ΓÄ»ΓÄ»ΓÄ»ΓÄ»ΓÄ»ΓÄ»[22m[39m
[31m[1mSerialized Error:[22m[39m [90m{ errors: [ { stack: 'Error: connect ECONNREFUSED ::1:4000\n    at 
createConnectionError (node:net:1678:14)\n    at afterConnectMultiple (node:net:1708:16)', message: 'connect 
ECONNREFUSED ::1:4000', errno: -4078, code: 'ECONNREFUSED', syscall: 'connect', address: '::1', port: 4000, 
constructor: 'Function<Error>', name: 'Error', toString: 'Function<toString>' }, { stack: 'Error: connect 
ECONNREFUSED 127.0.0.1:4000\n    at createConnectionError (node:net:1678:14)\n    at afterConnectMultiple 
(node:net:1708:16)', message: 'connect ECONNREFUSED 127.0.0.1:4000', errno: -4078, code: 'ECONNREFUSED', syscall: 
'connect', address: '127.0.0.1', port: 4000, constructor: 'Function<Error>', name: 'Error', toString: 
'Function<toString>' } ], code: 'ECONNREFUSED' }[39m
[31m[2mΓÄ»ΓÄ»ΓÄ»ΓÄ»ΓÄ»ΓÄ»ΓÄ»ΓÄ»ΓÄ»ΓÄ»ΓÄ»ΓÄ»ΓÄ»ΓÄ»ΓÄ»ΓÄ»ΓÄ»ΓÄ»ΓÄ»ΓÄ»ΓÄ»ΓÄ»[39/69]ΓÄ»[22m[39m

[41m[1m FAIL [22m[49m tests/integration/onboarding-flow.test.ts[2m > [22mOnboarding Flow Integration 
Tests[2m > [22mUnauthorized Access[2m > [22mreturns 401 without token
[31m[1mTypeError[22m: fetch failed[39m
[36m [2mΓ¥»[22m api tests/integration/onboarding-flow.test.ts:[2m15:15[22m[39m
    [90m 13| [39m  const headers: Record<string, string> = { 'Content-Type': 'applicatiΓÇª
    [90m 14| [39m  [35mif[39m (token) headers[[32m'Authorization'[39m] [33m=[39m [32m`Bearer 
[39m[36m${[39mtoken[36m}[39m[32m`[39m[33m;[39m
    [90m 15| [39m  [35mconst[39m res [33m=[39m [35mawait[39m [34mfetch[39m([32m`[39m[36m${[39m[33mB
ASE[39m[36m}[39m[32m[39m[36m${[39mpath[36m}[39m[32m`[39m[33m,[39m {
    [90m   | [39m              [31m^[39m
    [90m 16| [39m    method[33m,[39m
    [90m 17| [39m    headers[33m,[39m
[90m [2mΓ¥»[22m tests/integration/onboarding-flow.test.ts:[2m343:19[22m[39m

{
  stack: 'AggregateError: \n' +
    '    at internalConnectMultiple (node:net:1134:18)\n' +
    '    at afterConnectMultiple (node:net:1715:7)',
  errors: [
    {
      stack: 'Error: connect ECONNREFUSED ::1:4000\n' +
        '    at createConnectionError (node:net:1678:14)\n' +
        '    at afterConnectMultiple (node:net:1708:16)',
      message: 'connect ECONNREFUSED ::1:4000',
      errno: -4078,
      code: 'ECONNREFUSED',
      syscall: 'connect',
      address: '::1',
      port: 4000,
      constructor: 'Function<Error>',
      name: 'Error',
      toString: 'Function<toString>'
    },
    {
      stack: 'Error: connect ECONNREFUSED 127.0.0.1:4000\n' +
        '    at createConnectionError (node:net:1678:14)\n' +
        '    at afterConnectMultiple (node:net:1708:16)',
      message: 'connect ECONNREFUSED 127.0.0.1:4000',
      errno: -4078,
      code: 'ECONNREFUSED',
      syscall: 'connect',
      address: '127.0.0.1',
      port: 4000,
      constructor: 'Function<Error>',
      name: 'Error',
      toString: 'Function<toString>'
    }
  ],
  code: 'ECONNREFUSED',
  message: '',
  constructor: 'Function<AggregateError>',
  name: 'Caused by: AggregateError',
  toString: 'Function<toString>',
  stacks: []
}
[31m[2mΓÄ»ΓÄ»ΓÄ»ΓÄ»ΓÄ»ΓÄ»ΓÄ»ΓÄ»ΓÄ»ΓÄ»ΓÄ»ΓÄ»ΓÄ»ΓÄ»ΓÄ»ΓÄ»ΓÄ»ΓÄ»ΓÄ»ΓÄ»ΓÄ»ΓÄ»ΓÄ»ΓÄ»ΓÄ»ΓÄ»ΓÄ»ΓÄ»ΓÄ»ΓÄ»[22m[39m
[31m[1mSerialized Error:[22m[39m [90m{ errors: [ { stack: 'Error: connect ECONNREFUSED ::1:4000\n    at 
createConnectionError (node:net:1678:14)\n    at afterConnectMultiple (node:net:1708:16)', message: 'connect 
ECONNREFUSED ::1:4000', errno: -4078, code: 'ECONNREFUSED', syscall: 'connect', address: '::1', port: 4000, 
constructor: 'Function<Error>', name: 'Error', toString: 'Function<toString>' }, { stack: 'Error: connect 
ECONNREFUSED 127.0.0.1:4000\n    at createConnectionError (node:net:1678:14)\n    at afterConnectMultiple 
(node:net:1708:16)', message: 'connect ECONNREFUSED 127.0.0.1:4000', errno: -4078, code: 'ECONNREFUSED', syscall: 
'connect', address: '127.0.0.1', port: 4000, constructor: 'Function<Error>', name: 'Error', toString: 
'Function<toString>' } ], code: 'ECONNREFUSED' }[39m
[31m[2mΓÄ»ΓÄ»ΓÄ»ΓÄ»ΓÄ»ΓÄ»ΓÄ»ΓÄ»ΓÄ»ΓÄ»ΓÄ»ΓÄ»ΓÄ»ΓÄ»ΓÄ»ΓÄ»ΓÄ»ΓÄ»ΓÄ»ΓÄ»ΓÄ»ΓÄ»[40/69]ΓÄ»[22m[39m

[41m[1m FAIL [22m[49m tests/integration/onboarding-flow.test.ts[2m > [22mOnboarding Flow Integration 
Tests[2m > [22mUnauthorized Access[2m > [22mreturns 401 with invalid token
[31m[1mTypeError[22m: fetch failed[39m
[36m [2mΓ¥»[22m api tests/integration/onboarding-flow.test.ts:[2m15:15[22m[39m
    [90m 13| [39m  const headers: Record<string, string> = { 'Content-Type': 'applicatiΓÇª
    [90m 14| [39m  [35mif[39m (token) headers[[32m'Authorization'[39m] [33m=[39m [32m`Bearer 
[39m[36m${[39mtoken[36m}[39m[32m`[39m[33m;[39m
    [90m 15| [39m  [35mconst[39m res [33m=[39m [35mawait[39m [34mfetch[39m([32m`[39m[36m${[39m[33mB
ASE[39m[36m}[39m[32m[39m[36m${[39mpath[36m}[39m[32m`[39m[33m,[39m {
    [90m   | [39m              [31m^[39m
    [90m 16| [39m    method[33m,[39m
    [90m 17| [39m    headers[33m,[39m
[90m [2mΓ¥»[22m tests/integration/onboarding-flow.test.ts:[2m348:19[22m[39m

{
  stack: 'AggregateError: \n' +
    '    at internalConnectMultiple (node:net:1134:18)\n' +
    '    at afterConnectMultiple (node:net:1715:7)',
  errors: [
    {
      stack: 'Error: connect ECONNREFUSED ::1:4000\n' +
        '    at createConnectionError (node:net:1678:14)\n' +
        '    at afterConnectMultiple (node:net:1708:16)',
      message: 'connect ECONNREFUSED ::1:4000',
      errno: -4078,
      code: 'ECONNREFUSED',
      syscall: 'connect',
      address: '::1',
      port: 4000,
      constructor: 'Function<Error>',
      name: 'Error',
      toString: 'Function<toString>'
    },
    {
      stack: 'Error: connect ECONNREFUSED 127.0.0.1:4000\n' +
        '    at createConnectionError (node:net:1678:14)\n' +
        '    at afterConnectMultiple (node:net:1708:16)',
      message: 'connect ECONNREFUSED 127.0.0.1:4000',
      errno: -4078,
      code: 'ECONNREFUSED',
      syscall: 'connect',
      address: '127.0.0.1',
      port: 4000,
      constructor: 'Function<Error>',
      name: 'Error',
      toString: 'Function<toString>'
    }
  ],
  code: 'ECONNREFUSED',
  message: '',
  constructor: 'Function<AggregateError>',
  name: 'Caused by: AggregateError',
  toString: 'Function<toString>',
  stacks: []
}
[31m[2mΓÄ»ΓÄ»ΓÄ»ΓÄ»ΓÄ»ΓÄ»ΓÄ»ΓÄ»ΓÄ»ΓÄ»ΓÄ»ΓÄ»ΓÄ»ΓÄ»ΓÄ»ΓÄ»ΓÄ»ΓÄ»ΓÄ»ΓÄ»ΓÄ»ΓÄ»ΓÄ»ΓÄ»ΓÄ»ΓÄ»ΓÄ»ΓÄ»ΓÄ»ΓÄ»[22m[39m
[31m[1mSerialized Error:[22m[39m [90m{ errors: [ { stack: 'Error: connect ECONNREFUSED ::1:4000\n    at 
createConnectionError (node:net:1678:14)\n    at afterConnectMultiple (node:net:1708:16)', message: 'connect 
ECONNREFUSED ::1:4000', errno: -4078, code: 'ECONNREFUSED', syscall: 'connect', address: '::1', port: 4000, 
constructor: 'Function<Error>', name: 'Error', toString: 'Function<toString>' }, { stack: 'Error: connect 
ECONNREFUSED 127.0.0.1:4000\n    at createConnectionError (node:net:1678:14)\n    at afterConnectMultiple 
(node:net:1708:16)', message: 'connect ECONNREFUSED 127.0.0.1:4000', errno: -4078, code: 'ECONNREFUSED', syscall: 
'connect', address: '127.0.0.1', port: 4000, constructor: 'Function<Error>', name: 'Error', toString: 
'Function<toString>' } ], code: 'ECONNREFUSED' }[39m
[31m[2mΓÄ»ΓÄ»ΓÄ»ΓÄ»ΓÄ»ΓÄ»ΓÄ»ΓÄ»ΓÄ»ΓÄ»ΓÄ»ΓÄ»ΓÄ»ΓÄ»ΓÄ»ΓÄ»ΓÄ»ΓÄ»ΓÄ»ΓÄ»ΓÄ»ΓÄ»[41/69]ΓÄ»[22m[39m

[41m[1m FAIL [22m[49m tests/integration/onboarding-flow.test.ts[2m > [22mOnboarding Flow Integration 
Tests[2m > [22mAPI Key Security[2m > [22mencrypts API key in database
[31m[1mPrismaClientValidationError[22m: 
Invalid `prisma.aIProviderConfig.findUnique()` invocation in
C:\Users\User\Alternate me\backend\src\tests\integration\onboarding-flow.test.ts:356:52

  353 // Test 13: API Key Security
  354 describe('API Key Security', () => {
  355   it('encrypts API key in database', async () => {
ΓåÆ 356     const config = await prisma.aIProviderConfig.findUnique({
            where: {
              alternateId: undefined,
          ?   id?: String,
          ?   AND?: AIProviderConfigWhereInput | AIProviderConfigWhereInput[],
          ?   OR?: AIProviderConfigWhereInput[],
          ?   NOT?: AIProviderConfigWhereInput | AIProviderConfigWhereInput[],
          ?   userId?: UuidFilter | String,
          ?   provider?: EnumAIProviderFilter | AIProvider,
          ?   encryptedApiKey?: StringFilter | String,
          ?   keyLabel?: StringNullableFilter | String | Null,
          ?   status?: StringFilter | String,
          ?   defaultModel?: StringNullableFilter | String | Null,
          ?   createdAt?: DateTimeFilter | DateTime,
          ?   updatedAt?: DateTimeFilter | DateTime,
          ?   lastValidatedAt?: DateTimeNullableFilter | DateTime | Null,
          ?   user?: UserScalarRelationFilter | UserWhereInput,
          ?   alternate?: AlternateScalarRelationFilter | AlternateWhereInput
            }
          })

Argument `where` of type AIProviderConfigWhereUniqueInput needs at least one of `id` or `alternateId` arguments. 
Available options are marked with ?.[39m
[90m [2mΓ¥»[22m throwValidationException ../node_modules/.pnpm/@prisma+client@6.19.3_prism_d64af47a59fcb41d9af9
f9685cee22aa/node_modules/@prisma/client/src/runtime/core/errorRendering/throwValidationException.ts:[2m45:9[22m
[39m
[90m [2mΓ¥»[22m ei.handleRequestError ../node_modules/.pnpm/@prisma+client@6.19.3_prism_d64af47a59fcb41d9af9f96
85cee22aa/node_modules/@prisma/client/src/runtime/RequestHandler.ts:[2m202:7[22m[39m
[90m [2mΓ¥»[22m ei.handleAndLogRequestError ../node_modules/.pnpm/@prisma+client@6.19.3_prism_d64af47a59fcb41d9
af9f9685cee22aa/node_modules/@prisma/client/src/runtime/RequestHandler.ts:[2m174:12[22m[39m
[90m [2mΓ¥»[22m ei.request ../node_modules/.pnpm/@prisma+client@6.19.3_prism_d64af47a59fcb41d9af9f9685cee22aa/n
ode_modules/@prisma/client/src/runtime/RequestHandler.ts:[2m143:12[22m[39m
[90m [2mΓ¥»[22m a ../node_modules/.pnpm/@prisma+client@6.19.3_prism_d64af47a59fcb41d9af9f9685cee22aa/node_modul
es/@prisma/client/src/runtime/getPrismaClient.ts:[2m833:24[22m[39m
[36m [2mΓ¥»[22m tests/integration/onboarding-flow.test.ts:[2m356:22[22m[39m
    [90m354| [39m  [34mdescribe[39m([32m'API Key Security'[39m[33m,[39m () [33m=>[39m {
    [90m355| [39m    [34mit[39m([32m'encrypts API key in database'[39m[33m,[39m [35masync[39m () 
[33m=>[39m {
    [90m356| [39m      const config = await prisma.aIProviderConfig.findUnique({ where:ΓÇª
    [90m   | [39m                     [31m^[39m
    [90m357| [39m      expect(config?.encryptedApiKey).not.toContain('test-key-do-not-uΓÇª
    [90m358| [39m      expect(config?.encryptedApiKey).toMatch(/^[0-9a-f]+:[0-9a-f]+:[0ΓÇª

[31m[2mΓÄ»ΓÄ»ΓÄ»ΓÄ»ΓÄ»ΓÄ»ΓÄ»ΓÄ»ΓÄ»ΓÄ»ΓÄ»ΓÄ»ΓÄ»ΓÄ»ΓÄ»ΓÄ»ΓÄ»ΓÄ»ΓÄ»ΓÄ»ΓÄ»ΓÄ»ΓÄ»ΓÄ»ΓÄ»ΓÄ»ΓÄ»ΓÄ»ΓÄ»ΓÄ»[22m[39m
[31m[1mSerialized Error:[22m[39m [90m{ clientVersion: '6.19.3' }[39m
[31m[2mΓÄ»ΓÄ»ΓÄ»ΓÄ»ΓÄ»ΓÄ»ΓÄ»ΓÄ»ΓÄ»ΓÄ»ΓÄ»ΓÄ»ΓÄ»ΓÄ»ΓÄ»ΓÄ»ΓÄ»ΓÄ»ΓÄ»ΓÄ»ΓÄ»ΓÄ»[42/69]ΓÄ»[22m[39m

[41m[1m FAIL [22m[49m tests/integration/onboarding-flow.test.ts[2m > [22mOnboarding Flow Integration 
Tests[2m > [22mAPI Key Security[2m > [22mdoes not log API key
[31m[1mTypeError[22m: fetch failed[39m
[36m [2mΓ¥»[22m api tests/integration/onboarding-flow.test.ts:[2m15:15[22m[39m
    [90m 13| [39m  const headers: Record<string, string> = { 'Content-Type': 'applicatiΓÇª
    [90m 14| [39m  [35mif[39m (token) headers[[32m'Authorization'[39m] [33m=[39m [32m`Bearer 
[39m[36m${[39mtoken[36m}[39m[32m`[39m[33m;[39m
    [90m 15| [39m  [35mconst[39m res [33m=[39m [35mawait[39m [34mfetch[39m([32m`[39m[36m${[39m[33mB
ASE[39m[36m}[39m[32m[39m[36m${[39mpath[36m}[39m[32m`[39m[33m,[39m {
    [90m   | [39m              [31m^[39m
    [90m 16| [39m    method[33m,[39m
    [90m 17| [39m    headers[33m,[39m
[90m [2mΓ¥»[22m tests/integration/onboarding-flow.test.ts:[2m363:19[22m[39m

{
  stack: 'AggregateError: \n' +
    '    at internalConnectMultiple (node:net:1134:18)\n' +
    '    at afterConnectMultiple (node:net:1715:7)',
  errors: [
    {
      stack: 'Error: connect ECONNREFUSED ::1:4000\n' +
        '    at createConnectionError (node:net:1678:14)\n' +
        '    at afterConnectMultiple (node:net:1708:16)',
      message: 'connect ECONNREFUSED ::1:4000',
      errno: -4078,
      code: 'ECONNREFUSED',
      syscall: 'connect',
      address: '::1',
      port: 4000,
      constructor: 'Function<Error>',
      name: 'Error',
      toString: 'Function<toString>'
    },
    {
      stack: 'Error: connect ECONNREFUSED 127.0.0.1:4000\n' +
        '    at createConnectionError (node:net:1678:14)\n' +
        '    at afterConnectMultiple (node:net:1708:16)',
      message: 'connect ECONNREFUSED 127.0.0.1:4000',
      errno: -4078,
      code: 'ECONNREFUSED',
      syscall: 'connect',
      address: '127.0.0.1',
      port: 4000,
      constructor: 'Function<Error>',
      name: 'Error',
      toString: 'Function<toString>'
    }
  ],
  code: 'ECONNREFUSED',
  message: '',
  constructor: 'Function<AggregateError>',
  name: 'Caused by: AggregateError',
  toString: 'Function<toString>',
  stacks: []
}
[31m[2mΓÄ»ΓÄ»ΓÄ»ΓÄ»ΓÄ»ΓÄ»ΓÄ»ΓÄ»ΓÄ»ΓÄ»ΓÄ»ΓÄ»ΓÄ»ΓÄ»ΓÄ»ΓÄ»ΓÄ»ΓÄ»ΓÄ»ΓÄ»ΓÄ»ΓÄ»ΓÄ»ΓÄ»ΓÄ»ΓÄ»ΓÄ»ΓÄ»ΓÄ»ΓÄ»[22m[39m
[31m[1mSerialized Error:[22m[39m [90m{ errors: [ { stack: 'Error: connect ECONNREFUSED ::1:4000\n    at 
createConnectionError (node:net:1678:14)\n    at afterConnectMultiple (node:net:1708:16)', message: 'connect 
ECONNREFUSED ::1:4000', errno: -4078, code: 'ECONNREFUSED', syscall: 'connect', address: '::1', port: 4000, 
constructor: 'Function<Error>', name: 'Error', toString: 'Function<toString>' }, { stack: 'Error: connect 
ECONNREFUSED 127.0.0.1:4000\n    at createConnectionError (node:net:1678:14)\n    at afterConnectMultiple 
(node:net:1708:16)', message: 'connect ECONNREFUSED 127.0.0.1:4000', errno: -4078, code: 'ECONNREFUSED', syscall: 
'connect', address: '127.0.0.1', port: 4000, constructor: 'Function<Error>', name: 'Error', toString: 
'Function<toString>' } ], code: 'ECONNREFUSED' }[39m
[31m[2mΓÄ»ΓÄ»ΓÄ»ΓÄ»ΓÄ»ΓÄ»ΓÄ»ΓÄ»ΓÄ»ΓÄ»ΓÄ»ΓÄ»ΓÄ»ΓÄ»ΓÄ»ΓÄ»ΓÄ»ΓÄ»ΓÄ»ΓÄ»ΓÄ»ΓÄ»[43/69]ΓÄ»[22m[39m

[41m[1m FAIL [22m[49m tests/integration/onboarding-flow.test.ts[2m > [22mOnboarding Flow Integration 
Tests[2m > [22mDatabase Persistence[2m > [22mpersists all onboarding data
[31m[1mPrismaClientValidationError[22m: 
Invalid `prisma.alternate.findUnique()` invocation in
C:\Users\User\Alternate me\backend\src\tests\integration\onboarding-flow.test.ts:371:48

  368 // Test 14: Database Persistence
  369 describe('Database Persistence', () => {
  370   it('persists all onboarding data', async () => {
ΓåÆ 371     const alternate = await prisma.alternate.findUnique({
            where: {
              id: undefined,
          ?   username?: String,
          ?   AND?: AlternateWhereInput | AlternateWhereInput[],
          ?   OR?: AlternateWhereInput[],
          ?   NOT?: AlternateWhereInput | AlternateWhereInput[],
          ?   userId?: UuidFilter | String,
          ?   displayName?: StringFilter | String,
          ?   title?: StringNullableFilter | String | Null,
          ?   bio?: StringNullableFilter | String | Null,
          ?   avatarUrl?: StringNullableFilter | String | Null,
          ?   visibility?: EnumAlternateVisibilityFilter | AlternateVisibility,
          ?   status?: EnumAlternateStatusFilter | AlternateStatus,
          ?   personaPrompt?: StringNullableFilter | String | Null,
          ?   modelId?: StringNullableFilter | String | Null,
          ?   publishedAt?: DateTimeNullableFilter | DateTime | Null,
          ?   memoryEnabled?: BoolFilter | Boolean,
          ?   createdAt?: DateTimeFilter | DateTime,
          ?   updatedAt?: DateTimeFilter | DateTime,
          ?   deletedAt?: DateTimeNullableFilter | DateTime | Null,
          ?   user?: UserScalarRelationFilter | UserWhereInput,
          ?   onboarding?: OnboardingNullableScalarRelationFilter | OnboardingWhereInput | Null,
          ?   persona?: PersonaNullableScalarRelationFilter | PersonaWhereInput | Null,
          ?   sources?: TrainingSourceListRelationFilter,
          ?   voiceProfile?: VoiceProfileNullableScalarRelationFilter | VoiceProfileWhereInput | Null,
          ?   aiProvider?: AIProviderConfigNullableScalarRelationFilter | AIProviderConfigWhereInput | Null,
          ?   conversations?: ConversationListRelationFilter,
          ?   trainingJobs?: TrainingJobListRelationFilter,
          ?   emailThreads?: EmailThreadListRelationFilter,
          ?   callRecords?: CallRecordListRelationFilter,
          ?   chunks?: ContentChunkListRelationFilter,
          ?   knowledgeDocuments?: KnowledgeDocumentListRelationFilter,
          ?   documentChunks?: DocumentChunkListRelationFilter,
          ?   embeddings?: EmbeddingListRelationFilter,
          ?   knowledgeJobs?: IngestionJobListRelationFilter,
          ?   knowledgeVersions?: KnowledgeVersionListRelationFilter,
          ?   memories?: MemoryListRelationFilter,
          ?   memoryEmbeddings?: MemoryEmbeddingListRelationFilter,
          ?   conversationSummaries?: ConversationSummaryListRelationFilter,
          ?   memoryExtractionJobs?: MemoryExtractionJobListRelationFilter
            },
            include: {
              persona: true,
              voiceProfile: true,
              aiProvider: true,
              sources: true,
              onboarding: true
            }
          })

Argument `where` of type AlternateWhereUniqueInput needs at least one of `id` or `username` arguments. Available 
options are marked with ?.[39m
[90m [2mΓ¥»[22m throwValidationException ../node_modules/.pnpm/@prisma+client@6.19.3_prism_d64af47a59fcb41d9af9
f9685cee22aa/node_modules/@prisma/client/src/runtime/core/errorRendering/throwValidationException.ts:[2m45:9[22m
[39m
[90m [2mΓ¥»[22m ei.handleRequestError ../node_modules/.pnpm/@prisma+client@6.19.3_prism_d64af47a59fcb41d9af9f96
85cee22aa/node_modules/@prisma/client/src/runtime/RequestHandler.ts:[2m202:7[22m[39m
[90m [2mΓ¥»[22m ei.handleAndLogRequestError ../node_modules/.pnpm/@prisma+client@6.19.3_prism_d64af47a59fcb41d9
af9f9685cee22aa/node_modules/@prisma/client/src/runtime/RequestHandler.ts:[2m174:12[22m[39m
[90m [2mΓ¥»[22m ei.request ../node_modules/.pnpm/@prisma+client@6.19.3_prism_d64af47a59fcb41d9af9f9685cee22aa/n
ode_modules/@prisma/client/src/runtime/RequestHandler.ts:[2m143:12[22m[39m
[90m [2mΓ¥»[22m a ../node_modules/.pnpm/@prisma+client@6.19.3_prism_d64af47a59fcb41d9af9f9685cee22aa/node_modul
es/@prisma/client/src/runtime/getPrismaClient.ts:[2m833:24[22m[39m
[36m [2mΓ¥»[22m tests/integration/onboarding-flow.test.ts:[2m371:25[22m[39m
    [90m369| [39m  [34mdescribe[39m([32m'Database Persistence'[39m[33m,[39m () [33m=>[39m {
    [90m370| [39m    [34mit[39m([32m'persists all onboarding data'[39m[33m,[39m [35masync[39m () 
[33m=>[39m {
    [90m371| [39m      [35mconst[39m alternate [33m=[39m [35mawait[39m 
prisma[33m.[39malternate[33m.[39m[34mfindUnique[39m({
    [90m   | [39m                        [31m^[39m
    [90m372| [39m        where[33m:[39m { id[33m:[39m alternateId }[33m,[39m
    [90m373| [39m        include: { persona: true, voiceProfile: true, aiProvider: trueΓÇª

[31m[2mΓÄ»ΓÄ»ΓÄ»ΓÄ»ΓÄ»ΓÄ»ΓÄ»ΓÄ»ΓÄ»ΓÄ»ΓÄ»ΓÄ»ΓÄ»ΓÄ»ΓÄ»ΓÄ»ΓÄ»ΓÄ»ΓÄ»ΓÄ»ΓÄ»ΓÄ»ΓÄ»ΓÄ»ΓÄ»ΓÄ»ΓÄ»ΓÄ»ΓÄ»ΓÄ»[22m[39m
[31m[1mSerialized Error:[22m[39m [90m{ clientVersion: '6.19.3' }[39m
[31m[2mΓÄ»ΓÄ»ΓÄ»ΓÄ»ΓÄ»ΓÄ»ΓÄ»ΓÄ»ΓÄ»ΓÄ»ΓÄ»ΓÄ»ΓÄ»ΓÄ»ΓÄ»ΓÄ»ΓÄ»ΓÄ»ΓÄ»ΓÄ»ΓÄ»ΓÄ»[44/69]ΓÄ»[22m[39m

[41m[1m FAIL [22m[49m utils/__tests__/alternates.test.ts[2m > [22mAlternates Module[2m > [22mAlternate 
CRUD[2m > [22mshould create an alternate
[31m[1mPrismaClientKnownRequestError[22m: 
Invalid `prisma.alternate.create()` invocation in
C:\Users\User\Alternate me\backend\src\alternates\alternate.service.ts:35:46

  32   throw new ConflictError('Username is already taken');
  33 }
  34 
ΓåÆ 35 const alternate = await prisma.alternate.create(
The column `memoryEnabled` does not exist in the current database.[39m
[90m [2mΓ¥»[22m ei.handleRequestError ../node_modules/.pnpm/@prisma+client@6.19.3_prism_d64af47a59fcb41d9af9f96
85cee22aa/node_modules/@prisma/client/src/runtime/RequestHandler.ts:[2m228:13[22m[39m
[90m [2mΓ¥»[22m ei.handleAndLogRequestError ../node_modules/.pnpm/@prisma+client@6.19.3_prism_d64af47a59fcb41d9
af9f9685cee22aa/node_modules/@prisma/client/src/runtime/RequestHandler.ts:[2m174:12[22m[39m
[90m [2mΓ¥»[22m ei.request ../node_modules/.pnpm/@prisma+client@6.19.3_prism_d64af47a59fcb41d9af9f9685cee22aa/n
ode_modules/@prisma/client/src/runtime/RequestHandler.ts:[2m143:12[22m[39m
[90m [2mΓ¥»[22m a ../node_modules/.pnpm/@prisma+client@6.19.3_prism_d64af47a59fcb41d9af9f9685cee22aa/node_modul
es/@prisma/client/src/runtime/getPrismaClient.ts:[2m833:24[22m[39m
[36m [2mΓ¥»[22m Object.createAlternate alternates/alternate.service.ts:[2m35:23[22m[39m
    [90m 33| [39m    }
    [90m 34| [39m
    [90m 35| [39m    [35mconst[39m alternate [33m=[39m [35mawait[39m 
prisma[33m.[39malternate[33m.[39m[34mcreate[39m({
    [90m   | [39m                      [31m^[39m
    [90m 36| [39m      data[33m:[39m {
    [90m 37| [39m        userId[33m,[39m
[90m [2mΓ¥»[22m utils/__tests__/alternates.test.ts:[2m50:25[22m[39m

[31m[2mΓÄ»ΓÄ»ΓÄ»ΓÄ»ΓÄ»ΓÄ»ΓÄ»ΓÄ»ΓÄ»ΓÄ»ΓÄ»ΓÄ»ΓÄ»ΓÄ»ΓÄ»ΓÄ»ΓÄ»ΓÄ»ΓÄ»ΓÄ»ΓÄ»ΓÄ»ΓÄ»ΓÄ»ΓÄ»ΓÄ»ΓÄ»ΓÄ»ΓÄ»ΓÄ»[22m[39m
[31m[1mSerialized Error:[22m[39m [90m{ code: 'P2022', meta: { modelName: 'Alternate', column: 
'memoryEnabled' }, clientVersion: '6.19.3', batchRequestIdx: undefined }[39m
[31m[2mΓÄ»ΓÄ»ΓÄ»ΓÄ»ΓÄ»ΓÄ»ΓÄ»ΓÄ»ΓÄ»ΓÄ»ΓÄ»ΓÄ»ΓÄ»ΓÄ»ΓÄ»ΓÄ»ΓÄ»ΓÄ»ΓÄ»ΓÄ»ΓÄ»ΓÄ»[45/69]ΓÄ»[22m[39m

[41m[1m FAIL [22m[49m utils/__tests__/alternates.test.ts[2m > [22mAlternates Module[2m > [22mAlternate 
CRUD[2m > [22mshould enforce unique usernames
[31m[1mPrismaClientKnownRequestError[22m: 
Invalid `prisma.alternate.create()` invocation in
C:\Users\User\Alternate me\backend\src\alternates\alternate.service.ts:35:46

  32   throw new ConflictError('Username is already taken');
  33 }
  34 
ΓåÆ 35 const alternate = await prisma.alternate.create(
The column `memoryEnabled` does not exist in the current database.[39m
[90m [2mΓ¥»[22m ei.handleRequestError ../node_modules/.pnpm/@prisma+client@6.19.3_prism_d64af47a59fcb41d9af9f96
85cee22aa/node_modules/@prisma/client/src/runtime/RequestHandler.ts:[2m228:13[22m[39m
[90m [2mΓ¥»[22m ei.handleAndLogRequestError ../node_modules/.pnpm/@prisma+client@6.19.3_prism_d64af47a59fcb41d9
af9f9685cee22aa/node_modules/@prisma/client/src/runtime/RequestHandler.ts:[2m174:12[22m[39m
[90m [2mΓ¥»[22m ei.request ../node_modules/.pnpm/@prisma+client@6.19.3_prism_d64af47a59fcb41d9af9f9685cee22aa/n
ode_modules/@prisma/client/src/runtime/RequestHandler.ts:[2m143:12[22m[39m
[90m [2mΓ¥»[22m a ../node_modules/.pnpm/@prisma+client@6.19.3_prism_d64af47a59fcb41d9af9f9685cee22aa/node_modul
es/@prisma/client/src/runtime/getPrismaClient.ts:[2m833:24[22m[39m
[36m [2mΓ¥»[22m Object.createAlternate alternates/alternate.service.ts:[2m35:23[22m[39m
    [90m 33| [39m    }
    [90m 34| [39m
    [90m 35| [39m    [35mconst[39m alternate [33m=[39m [35mawait[39m 
prisma[33m.[39malternate[33m.[39m[34mcreate[39m({
    [90m   | [39m                      [31m^[39m
    [90m 36| [39m      data[33m:[39m {
    [90m 37| [39m        userId[33m,[39m
[90m [2mΓ¥»[22m utils/__tests__/alternates.test.ts:[2m63:7[22m[39m

[31m[2mΓÄ»ΓÄ»ΓÄ»ΓÄ»ΓÄ»ΓÄ»ΓÄ»ΓÄ»ΓÄ»ΓÄ»ΓÄ»ΓÄ»ΓÄ»ΓÄ»ΓÄ»ΓÄ»ΓÄ»ΓÄ»ΓÄ»ΓÄ»ΓÄ»ΓÄ»ΓÄ»ΓÄ»ΓÄ»ΓÄ»ΓÄ»ΓÄ»ΓÄ»ΓÄ»[22m[39m
[31m[1mSerialized Error:[22m[39m [90m{ code: 'P2022', meta: { modelName: 'Alternate', column: 
'memoryEnabled' }, clientVersion: '6.19.3', batchRequestIdx: undefined }[39m
[31m[2mΓÄ»ΓÄ»ΓÄ»ΓÄ»ΓÄ»ΓÄ»ΓÄ»ΓÄ»ΓÄ»ΓÄ»ΓÄ»ΓÄ»ΓÄ»ΓÄ»ΓÄ»ΓÄ»ΓÄ»ΓÄ»ΓÄ»ΓÄ»ΓÄ»ΓÄ»[46/69]ΓÄ»[22m[39m

[41m[1m FAIL [22m[49m utils/__tests__/alternates.test.ts[2m > [22mAlternates Module[2m > [22mAlternate 
CRUD[2m > [22mshould check username availability case-insensitively
[31m[1mPrismaClientKnownRequestError[22m: 
Invalid `prisma.alternate.create()` invocation in
C:\Users\User\Alternate me\backend\src\alternates\alternate.service.ts:35:46

  32   throw new ConflictError('Username is already taken');
  33 }
  34 
ΓåÆ 35 const alternate = await prisma.alternate.create(
The column `memoryEnabled` does not exist in the current database.[39m
[90m [2mΓ¥»[22m ei.handleRequestError ../node_modules/.pnpm/@prisma+client@6.19.3_prism_d64af47a59fcb41d9af9f96
85cee22aa/node_modules/@prisma/client/src/runtime/RequestHandler.ts:[2m228:13[22m[39m
[90m [2mΓ¥»[22m ei.handleAndLogRequestError ../node_modules/.pnpm/@prisma+client@6.19.3_prism_d64af47a59fcb41d9
af9f9685cee22aa/node_modules/@prisma/client/src/runtime/RequestHandler.ts:[2m174:12[22m[39m
[90m [2mΓ¥»[22m ei.request ../node_modules/.pnpm/@prisma+client@6.19.3_prism_d64af47a59fcb41d9af9f9685cee22aa/n
ode_modules/@prisma/client/src/runtime/RequestHandler.ts:[2m143:12[22m[39m
[90m [2mΓ¥»[22m a ../node_modules/.pnpm/@prisma+client@6.19.3_prism_d64af47a59fcb41d9af9f9685cee22aa/node_modul
es/@prisma/client/src/runtime/getPrismaClient.ts:[2m833:24[22m[39m
[36m [2mΓ¥»[22m Object.createAlternate alternates/alternate.service.ts:[2m35:23[22m[39m
    [90m 33| [39m    }
    [90m 34| [39m
    [90m 35| [39m    [35mconst[39m alternate [33m=[39m [35mawait[39m 
prisma[33m.[39malternate[33m.[39m[34mcreate[39m({
    [90m   | [39m                      [31m^[39m
    [90m 36| [39m      data[33m:[39m {
    [90m 37| [39m        userId[33m,[39m
[90m [2mΓ¥»[22m utils/__tests__/alternates.test.ts:[2m89:7[22m[39m

[31m[2mΓÄ»ΓÄ»ΓÄ»ΓÄ»ΓÄ»ΓÄ»ΓÄ»ΓÄ»ΓÄ»ΓÄ»ΓÄ»ΓÄ»ΓÄ»ΓÄ»ΓÄ»ΓÄ»ΓÄ»ΓÄ»ΓÄ»ΓÄ»ΓÄ»ΓÄ»ΓÄ»ΓÄ»ΓÄ»ΓÄ»ΓÄ»ΓÄ»ΓÄ»ΓÄ»[22m[39m
[31m[1mSerialized Error:[22m[39m [90m{ code: 'P2022', meta: { modelName: 'Alternate', column: 
'memoryEnabled' }, clientVersion: '6.19.3', batchRequestIdx: undefined }[39m
[31m[2mΓÄ»ΓÄ»ΓÄ»ΓÄ»ΓÄ»ΓÄ»ΓÄ»ΓÄ»ΓÄ»ΓÄ»ΓÄ»ΓÄ»ΓÄ»ΓÄ»ΓÄ»ΓÄ»ΓÄ»ΓÄ»ΓÄ»ΓÄ»ΓÄ»ΓÄ»[47/69]ΓÄ»[22m[39m

[41m[1m FAIL [22m[49m utils/__tests__/alternates.test.ts[2m > [22mAlternates Module[2m > [22mAlternate 
CRUD[2m > [22mshould not allow user A to access user B alternate
[31m[1mPrismaClientKnownRequestError[22m: 
Invalid `prisma.alternate.create()` invocation in
C:\Users\User\Alternate me\backend\src\alternates\alternate.service.ts:35:46

  32   throw new ConflictError('Username is already taken');
  33 }
  34 
ΓåÆ 35 const alternate = await prisma.alternate.create(
The column `memoryEnabled` does not exist in the current database.[39m
[90m [2mΓ¥»[22m ei.handleRequestError ../node_modules/.pnpm/@prisma+client@6.19.3_prism_d64af47a59fcb41d9af9f96
85cee22aa/node_modules/@prisma/client/src/runtime/RequestHandler.ts:[2m228:13[22m[39m
[90m [2mΓ¥»[22m ei.handleAndLogRequestError ../node_modules/.pnpm/@prisma+client@6.19.3_prism_d64af47a59fcb41d9
af9f9685cee22aa/node_modules/@prisma/client/src/runtime/RequestHandler.ts:[2m174:12[22m[39m
[90m [2mΓ¥»[22m ei.request ../node_modules/.pnpm/@prisma+client@6.19.3_prism_d64af47a59fcb41d9af9f9685cee22aa/n
ode_modules/@prisma/client/src/runtime/RequestHandler.ts:[2m143:12[22m[39m
[90m [2mΓ¥»[22m a ../node_modules/.pnpm/@prisma+client@6.19.3_prism_d64af47a59fcb41d9af9f9685cee22aa/node_modul
es/@prisma/client/src/runtime/getPrismaClient.ts:[2m833:24[22m[39m
[36m [2mΓ¥»[22m Object.createAlternate alternates/alternate.service.ts:[2m35:23[22m[39m
    [90m 33| [39m    }
    [90m 34| [39m
    [90m 35| [39m    [35mconst[39m alternate [33m=[39m [35mawait[39m 
prisma[33m.[39malternate[33m.[39m[34mcreate[39m({
    [90m   | [39m                      [31m^[39m
    [90m 36| [39m      data[33m:[39m {
    [90m 37| [39m        userId[33m,[39m
[90m [2mΓ¥»[22m utils/__tests__/alternates.test.ts:[2m110:25[22m[39m

[31m[2mΓÄ»ΓÄ»ΓÄ»ΓÄ»ΓÄ»ΓÄ»ΓÄ»ΓÄ»ΓÄ»ΓÄ»ΓÄ»ΓÄ»ΓÄ»ΓÄ»ΓÄ»ΓÄ»ΓÄ»ΓÄ»ΓÄ»ΓÄ»ΓÄ»ΓÄ»ΓÄ»ΓÄ»ΓÄ»ΓÄ»ΓÄ»ΓÄ»ΓÄ»ΓÄ»[22m[39m
[31m[1mSerialized Error:[22m[39m [90m{ code: 'P2022', meta: { modelName: 'Alternate', column: 
'memoryEnabled' }, clientVersion: '6.19.3', batchRequestIdx: undefined }[39m
[31m[2mΓÄ»ΓÄ»ΓÄ»ΓÄ»ΓÄ»ΓÄ»ΓÄ»ΓÄ»ΓÄ»ΓÄ»ΓÄ»ΓÄ»ΓÄ»ΓÄ»ΓÄ»ΓÄ»ΓÄ»ΓÄ»ΓÄ»ΓÄ»ΓÄ»ΓÄ»[48/69]ΓÄ»[22m[39m

[41m[1m FAIL [22m[49m utils/__tests__/alternates.test.ts[2m > [22mAlternates Module[2m > [22mAlternate 
CRUD[2m > [22mshould not allow user A to delete user B alternate
[31m[1mPrismaClientKnownRequestError[22m: 
Invalid `prisma.alternate.create()` invocation in
C:\Users\User\Alternate me\backend\src\alternates\alternate.service.ts:35:46

  32   throw new ConflictError('Username is already taken');
  33 }
  34 
ΓåÆ 35 const alternate = await prisma.alternate.create(
The column `memoryEnabled` does not exist in the current database.[39m
[90m [2mΓ¥»[22m ei.handleRequestError ../node_modules/.pnpm/@prisma+client@6.19.3_prism_d64af47a59fcb41d9af9f96
85cee22aa/node_modules/@prisma/client/src/runtime/RequestHandler.ts:[2m228:13[22m[39m
[90m [2mΓ¥»[22m ei.handleAndLogRequestError ../node_modules/.pnpm/@prisma+client@6.19.3_prism_d64af47a59fcb41d9
af9f9685cee22aa/node_modules/@prisma/client/src/runtime/RequestHandler.ts:[2m174:12[22m[39m
[90m [2mΓ¥»[22m ei.request ../node_modules/.pnpm/@prisma+client@6.19.3_prism_d64af47a59fcb41d9af9f9685cee22aa/n
ode_modules/@prisma/client/src/runtime/RequestHandler.ts:[2m143:12[22m[39m
[90m [2mΓ¥»[22m a ../node_modules/.pnpm/@prisma+client@6.19.3_prism_d64af47a59fcb41d9af9f9685cee22aa/node_modul
es/@prisma/client/src/runtime/getPrismaClient.ts:[2m833:24[22m[39m
[36m [2mΓ¥»[22m Object.createAlternate alternates/alternate.service.ts:[2m35:23[22m[39m
    [90m 33| [39m    }
    [90m 34| [39m
    [90m 35| [39m    [35mconst[39m alternate [33m=[39m [35mawait[39m 
prisma[33m.[39malternate[33m.[39m[34mcreate[39m({
    [90m   | [39m                      [31m^[39m
    [90m 36| [39m      data[33m:[39m {
    [90m 37| [39m        userId[33m,[39m
[90m [2mΓ¥»[22m utils/__tests__/alternates.test.ts:[2m123:25[22m[39m

[31m[2mΓÄ»ΓÄ»ΓÄ»ΓÄ»ΓÄ»ΓÄ»ΓÄ»ΓÄ»ΓÄ»ΓÄ»ΓÄ»ΓÄ»ΓÄ»ΓÄ»ΓÄ»ΓÄ»ΓÄ»ΓÄ»ΓÄ»ΓÄ»ΓÄ»ΓÄ»ΓÄ»ΓÄ»ΓÄ»ΓÄ»ΓÄ»ΓÄ»ΓÄ»ΓÄ»[22m[39m
[31m[1mSerialized Error:[22m[39m [90m{ code: 'P2022', meta: { modelName: 'Alternate', column: 
'memoryEnabled' }, clientVersion: '6.19.3', batchRequestIdx: undefined }[39m
[31m[2mΓÄ»ΓÄ»ΓÄ»ΓÄ»ΓÄ»ΓÄ»ΓÄ»ΓÄ»ΓÄ»ΓÄ»ΓÄ»ΓÄ»ΓÄ»ΓÄ»ΓÄ»ΓÄ»ΓÄ»ΓÄ»ΓÄ»ΓÄ»ΓÄ»ΓÄ»[49/69]ΓÄ»[22m[39m

[41m[1m FAIL [22m[49m utils/__tests__/alternates.test.ts[2m > [22mAlternates Module[2m > [22mAlternate 
CRUD[2m > [22mshould soft delete an alternate
[31m[1mPrismaClientKnownRequestError[22m: 
Invalid `prisma.alternate.create()` invocation in
C:\Users\User\Alternate me\backend\src\alternates\alternate.service.ts:35:46

  32   throw new ConflictError('Username is already taken');
  33 }
  34 
ΓåÆ 35 const alternate = await prisma.alternate.create(
The column `memoryEnabled` does not exist in the current database.[39m
[90m [2mΓ¥»[22m ei.handleRequestError ../node_modules/.pnpm/@prisma+client@6.19.3_prism_d64af47a59fcb41d9af9f96
85cee22aa/node_modules/@prisma/client/src/runtime/RequestHandler.ts:[2m228:13[22m[39m
[90m [2mΓ¥»[22m ei.handleAndLogRequestError ../node_modules/.pnpm/@prisma+client@6.19.3_prism_d64af47a59fcb41d9
af9f9685cee22aa/node_modules/@prisma/client/src/runtime/RequestHandler.ts:[2m174:12[22m[39m
[90m [2mΓ¥»[22m ei.request ../node_modules/.pnpm/@prisma+client@6.19.3_prism_d64af47a59fcb41d9af9f9685cee22aa/n
ode_modules/@prisma/client/src/runtime/RequestHandler.ts:[2m143:12[22m[39m
[90m [2mΓ¥»[22m a ../node_modules/.pnpm/@prisma+client@6.19.3_prism_d64af47a59fcb41d9af9f9685cee22aa/node_modul
es/@prisma/client/src/runtime/getPrismaClient.ts:[2m833:24[22m[39m
[36m [2mΓ¥»[22m Object.createAlternate alternates/alternate.service.ts:[2m35:23[22m[39m
    [90m 33| [39m    }
    [90m 34| [39m
    [90m 35| [39m    [35mconst[39m alternate [33m=[39m [35mawait[39m 
prisma[33m.[39malternate[33m.[39m[34mcreate[39m({
    [90m   | [39m                      [31m^[39m
    [90m 36| [39m      data[33m:[39m {
    [90m 37| [39m        userId[33m,[39m
[90m [2mΓ¥»[22m utils/__tests__/alternates.test.ts:[2m135:25[22m[39m

[31m[2mΓÄ»ΓÄ»ΓÄ»ΓÄ»ΓÄ»ΓÄ»ΓÄ»ΓÄ»ΓÄ»ΓÄ»ΓÄ»ΓÄ»ΓÄ»ΓÄ»ΓÄ»ΓÄ»ΓÄ»ΓÄ»ΓÄ»ΓÄ»ΓÄ»ΓÄ»ΓÄ»ΓÄ»ΓÄ»ΓÄ»ΓÄ»ΓÄ»ΓÄ»ΓÄ»[22m[39m
[31m[1mSerialized Error:[22m[39m [90m{ code: 'P2022', meta: { modelName: 'Alternate', column: 
'memoryEnabled' }, clientVersion: '6.19.3', batchRequestIdx: undefined }[39m
[31m[2mΓÄ»ΓÄ»ΓÄ»ΓÄ»ΓÄ»ΓÄ»ΓÄ»ΓÄ»ΓÄ»ΓÄ»ΓÄ»ΓÄ»ΓÄ»ΓÄ»ΓÄ»ΓÄ»ΓÄ»ΓÄ»ΓÄ»ΓÄ»ΓÄ»ΓÄ»[50/69]ΓÄ»[22m[39m

[41m[1m FAIL [22m[49m utils/__tests__/alternates.test.ts[2m > [22mAlternates Module[2m > 
[22mOnboarding[2m > [22mshould start onboarding
[31m[1mPrismaClientKnownRequestError[22m: 
Invalid `prisma.alternate.create()` invocation in
C:\Users\User\Alternate me\backend\src\onboarding\onboarding.service.ts:50:46

  47   throw new ConflictError('Username is already taken');
  48 }
  49 
ΓåÆ 50 const alternate = await prisma.alternate.create(
The column `memoryEnabled` does not exist in the current database.[39m
[90m [2mΓ¥»[22m ei.handleRequestError ../node_modules/.pnpm/@prisma+client@6.19.3_prism_d64af47a59fcb41d9af9f96
85cee22aa/node_modules/@prisma/client/src/runtime/RequestHandler.ts:[2m228:13[22m[39m
[90m [2mΓ¥»[22m ei.handleAndLogRequestError ../node_modules/.pnpm/@prisma+client@6.19.3_prism_d64af47a59fcb41d9
af9f9685cee22aa/node_modules/@prisma/client/src/runtime/RequestHandler.ts:[2m174:12[22m[39m
[90m [2mΓ¥»[22m ei.request ../node_modules/.pnpm/@prisma+client@6.19.3_prism_d64af47a59fcb41d9af9f9685cee22aa/n
ode_modules/@prisma/client/src/runtime/RequestHandler.ts:[2m143:12[22m[39m
[90m [2mΓ¥»[22m a ../node_modules/.pnpm/@prisma+client@6.19.3_prism_d64af47a59fcb41d9af9f9685cee22aa/node_modul
es/@prisma/client/src/runtime/getPrismaClient.ts:[2m833:24[22m[39m
[36m [2mΓ¥»[22m Object.startOnboarding onboarding/onboarding.service.ts:[2m50:23[22m[39m
    [90m 48| [39m    }
    [90m 49| [39m
    [90m 50| [39m    [35mconst[39m alternate [33m=[39m [35mawait[39m 
prisma[33m.[39malternate[33m.[39m[34mcreate[39m({
    [90m   | [39m                      [31m^[39m
    [90m 51| [39m      data[33m:[39m {
    [90m 52| [39m        userId[33m,[39m
[90m [2mΓ¥»[22m utils/__tests__/alternates.test.ts:[2m151:22[22m[39m

[31m[2mΓÄ»ΓÄ»ΓÄ»ΓÄ»ΓÄ»ΓÄ»ΓÄ»ΓÄ»ΓÄ»ΓÄ»ΓÄ»ΓÄ»ΓÄ»ΓÄ»ΓÄ»ΓÄ»ΓÄ»ΓÄ»ΓÄ»ΓÄ»ΓÄ»ΓÄ»ΓÄ»ΓÄ»ΓÄ»ΓÄ»ΓÄ»ΓÄ»ΓÄ»ΓÄ»[22m[39m
[31m[1mSerialized Error:[22m[39m [90m{ code: 'P2022', meta: { modelName: 'Alternate', column: 
'memoryEnabled' }, clientVersion: '6.19.3', batchRequestIdx: undefined }[39m
[31m[2mΓÄ»ΓÄ»ΓÄ»ΓÄ»ΓÄ»ΓÄ»ΓÄ»ΓÄ»ΓÄ»ΓÄ»ΓÄ»ΓÄ»ΓÄ»ΓÄ»ΓÄ»ΓÄ»ΓÄ»ΓÄ»ΓÄ»ΓÄ»ΓÄ»ΓÄ»[51/69]ΓÄ»[22m[39m

[41m[1m FAIL [22m[49m utils/__tests__/alternates.test.ts[2m > [22mAlternates Module[2m > 
[22mOnboarding[2m > [22mshould resume onboarding with state
[31m[1mPrismaClientKnownRequestError[22m: 
Invalid `prisma.alternate.create()` invocation in
C:\Users\User\Alternate me\backend\src\onboarding\onboarding.service.ts:50:46

  47   throw new ConflictError('Username is already taken');
  48 }
  49 
ΓåÆ 50 const alternate = await prisma.alternate.create(
The column `memoryEnabled` does not exist in the current database.[39m
[90m [2mΓ¥»[22m ei.handleRequestError ../node_modules/.pnpm/@prisma+client@6.19.3_prism_d64af47a59fcb41d9af9f96
85cee22aa/node_modules/@prisma/client/src/runtime/RequestHandler.ts:[2m228:13[22m[39m
[90m [2mΓ¥»[22m ei.handleAndLogRequestError ../node_modules/.pnpm/@prisma+client@6.19.3_prism_d64af47a59fcb41d9
af9f9685cee22aa/node_modules/@prisma/client/src/runtime/RequestHandler.ts:[2m174:12[22m[39m
[90m [2mΓ¥»[22m ei.request ../node_modules/.pnpm/@prisma+client@6.19.3_prism_d64af47a59fcb41d9af9f9685cee22aa/n
ode_modules/@prisma/client/src/runtime/RequestHandler.ts:[2m143:12[22m[39m
[90m [2mΓ¥»[22m a ../node_modules/.pnpm/@prisma+client@6.19.3_prism_d64af47a59fcb41d9af9f9685cee22aa/node_modul
es/@prisma/client/src/runtime/getPrismaClient.ts:[2m833:24[22m[39m
[36m [2mΓ¥»[22m Object.startOnboarding onboarding/onboarding.service.ts:[2m50:23[22m[39m
    [90m 48| [39m    }
    [90m 49| [39m
    [90m 50| [39m    [35mconst[39m alternate [33m=[39m [35mawait[39m 
prisma[33m.[39malternate[33m.[39m[34mcreate[39m({
    [90m   | [39m                      [31m^[39m
    [90m 51| [39m      data[33m:[39m {
    [90m 52| [39m        userId[33m,[39m
[90m [2mΓ¥»[22m utils/__tests__/alternates.test.ts:[2m168:31[22m[39m

[31m[2mΓÄ»ΓÄ»ΓÄ»ΓÄ»ΓÄ»ΓÄ»ΓÄ»ΓÄ»ΓÄ»ΓÄ»ΓÄ»ΓÄ»ΓÄ»ΓÄ»ΓÄ»ΓÄ»ΓÄ»ΓÄ»ΓÄ»ΓÄ»ΓÄ»ΓÄ»ΓÄ»ΓÄ»ΓÄ»ΓÄ»ΓÄ»ΓÄ»ΓÄ»ΓÄ»[22m[39m
[31m[1mSerialized Error:[22m[39m [90m{ code: 'P2022', meta: { modelName: 'Alternate', column: 
'memoryEnabled' }, clientVersion: '6.19.3', batchRequestIdx: undefined }[39m
[31m[2mΓÄ»ΓÄ»ΓÄ»ΓÄ»ΓÄ»ΓÄ»ΓÄ»ΓÄ»ΓÄ»ΓÄ»ΓÄ»ΓÄ»ΓÄ»ΓÄ»ΓÄ»ΓÄ»ΓÄ»ΓÄ»ΓÄ»ΓÄ»ΓÄ»ΓÄ»[52/69]ΓÄ»[22m[39m

[41m[1m FAIL [22m[49m utils/__tests__/alternates.test.ts[2m > [22mAlternates Module[2m > 
[22mOnboarding[2m > [22mshould save personal info and advance step
[31m[1mPrismaClientKnownRequestError[22m: 
Invalid `prisma.alternate.create()` invocation in
C:\Users\User\Alternate me\backend\src\onboarding\onboarding.service.ts:50:46

  47   throw new ConflictError('Username is already taken');
  48 }
  49 
ΓåÆ 50 const alternate = await prisma.alternate.create(
The column `memoryEnabled` does not exist in the current database.[39m
[90m [2mΓ¥»[22m ei.handleRequestError ../node_modules/.pnpm/@prisma+client@6.19.3_prism_d64af47a59fcb41d9af9f96
85cee22aa/node_modules/@prisma/client/src/runtime/RequestHandler.ts:[2m228:13[22m[39m
[90m [2mΓ¥»[22m ei.handleAndLogRequestError ../node_modules/.pnpm/@prisma+client@6.19.3_prism_d64af47a59fcb41d9
af9f9685cee22aa/node_modules/@prisma/client/src/runtime/RequestHandler.ts:[2m174:12[22m[39m
[90m [2mΓ¥»[22m ei.request ../node_modules/.pnpm/@prisma+client@6.19.3_prism_d64af47a59fcb41d9af9f9685cee22aa/n
ode_modules/@prisma/client/src/runtime/RequestHandler.ts:[2m143:12[22m[39m
[90m [2mΓ¥»[22m a ../node_modules/.pnpm/@prisma+client@6.19.3_prism_d64af47a59fcb41d9af9f9685cee22aa/node_modul
es/@prisma/client/src/runtime/getPrismaClient.ts:[2m833:24[22m[39m
[36m [2mΓ¥»[22m Object.startOnboarding onboarding/onboarding.service.ts:[2m50:23[22m[39m
    [90m 48| [39m    }
    [90m 49| [39m
    [90m 50| [39m    [35mconst[39m alternate [33m=[39m [35mawait[39m 
prisma[33m.[39malternate[33m.[39m[34mcreate[39m({
    [90m   | [39m                      [31m^[39m
    [90m 51| [39m      data[33m:[39m {
    [90m 52| [39m        userId[33m,[39m
[90m [2mΓ¥»[22m utils/__tests__/alternates.test.ts:[2m186:31[22m[39m

[31m[2mΓÄ»ΓÄ»ΓÄ»ΓÄ»ΓÄ»ΓÄ»ΓÄ»ΓÄ»ΓÄ»ΓÄ»ΓÄ»ΓÄ»ΓÄ»ΓÄ»ΓÄ»ΓÄ»ΓÄ»ΓÄ»ΓÄ»ΓÄ»ΓÄ»ΓÄ»ΓÄ»ΓÄ»ΓÄ»ΓÄ»ΓÄ»ΓÄ»ΓÄ»ΓÄ»[22m[39m
[31m[1mSerialized Error:[22m[39m [90m{ code: 'P2022', meta: { modelName: 'Alternate', column: 
'memoryEnabled' }, clientVersion: '6.19.3', batchRequestIdx: undefined }[39m
[31m[2mΓÄ»ΓÄ»ΓÄ»ΓÄ»ΓÄ»ΓÄ»ΓÄ»ΓÄ»ΓÄ»ΓÄ»ΓÄ»ΓÄ»ΓÄ»ΓÄ»ΓÄ»ΓÄ»ΓÄ»ΓÄ»ΓÄ»ΓÄ»ΓÄ»ΓÄ»[53/69]ΓÄ»[22m[39m

[41m[1m FAIL [22m[49m utils/__tests__/alternates.test.ts[2m > [22mAlternates Module[2m > 
[22mOnboarding[2m > [22mshould save persona and advance to VOICE
[31m[1mPrismaClientKnownRequestError[22m: 
Invalid `prisma.alternate.create()` invocation in
C:\Users\User\Alternate me\backend\src\onboarding\onboarding.service.ts:50:46

  47   throw new ConflictError('Username is already taken');
  48 }
  49 
ΓåÆ 50 const alternate = await prisma.alternate.create(
The column `memoryEnabled` does not exist in the current database.[39m
[90m [2mΓ¥»[22m ei.handleRequestError ../node_modules/.pnpm/@prisma+client@6.19.3_prism_d64af47a59fcb41d9af9f96
85cee22aa/node_modules/@prisma/client/src/runtime/RequestHandler.ts:[2m228:13[22m[39m
[90m [2mΓ¥»[22m ei.handleAndLogRequestError ../node_modules/.pnpm/@prisma+client@6.19.3_prism_d64af47a59fcb41d9
af9f9685cee22aa/node_modules/@prisma/client/src/runtime/RequestHandler.ts:[2m174:12[22m[39m
[90m [2mΓ¥»[22m ei.request ../node_modules/.pnpm/@prisma+client@6.19.3_prism_d64af47a59fcb41d9af9f9685cee22aa/n
ode_modules/@prisma/client/src/runtime/RequestHandler.ts:[2m143:12[22m[39m
[90m [2mΓ¥»[22m a ../node_modules/.pnpm/@prisma+client@6.19.3_prism_d64af47a59fcb41d9af9f9685cee22aa/node_modul
es/@prisma/client/src/runtime/getPrismaClient.ts:[2m833:24[22m[39m
[36m [2mΓ¥»[22m Object.startOnboarding onboarding/onboarding.service.ts:[2m50:23[22m[39m
    [90m 48| [39m    }
    [90m 49| [39m
    [90m 50| [39m    [35mconst[39m alternate [33m=[39m [35mawait[39m 
prisma[33m.[39malternate[33m.[39m[34mcreate[39m({
    [90m   | [39m                      [31m^[39m
    [90m 51| [39m      data[33m:[39m {
    [90m 52| [39m        userId[33m,[39m
[90m [2mΓ¥»[22m utils/__tests__/alternates.test.ts:[2m206:31[22m[39m

[31m[2mΓÄ»ΓÄ»ΓÄ»ΓÄ»ΓÄ»ΓÄ»ΓÄ»ΓÄ»ΓÄ»ΓÄ»ΓÄ»ΓÄ»ΓÄ»ΓÄ»ΓÄ»ΓÄ»ΓÄ»ΓÄ»ΓÄ»ΓÄ»ΓÄ»ΓÄ»ΓÄ»ΓÄ»ΓÄ»ΓÄ»ΓÄ»ΓÄ»ΓÄ»ΓÄ»[22m[39m
[31m[1mSerialized Error:[22m[39m [90m{ code: 'P2022', meta: { modelName: 'Alternate', column: 
'memoryEnabled' }, clientVersion: '6.19.3', batchRequestIdx: undefined }[39m
[31m[2mΓÄ»ΓÄ»ΓÄ»ΓÄ»ΓÄ»ΓÄ»ΓÄ»ΓÄ»ΓÄ»ΓÄ»ΓÄ»ΓÄ»ΓÄ»ΓÄ»ΓÄ»ΓÄ»ΓÄ»ΓÄ»ΓÄ»ΓÄ»ΓÄ»ΓÄ»[54/69]ΓÄ»[22m[39m

[41m[1m FAIL [22m[49m utils/__tests__/alternates.test.ts[2m > [22mAlternates Module[2m > 
[22mOnboarding[2m > [22mshould be idempotent when saving persona twice
[31m[1mPrismaClientKnownRequestError[22m: 
Invalid `prisma.alternate.create()` invocation in
C:\Users\User\Alternate me\backend\src\onboarding\onboarding.service.ts:50:46

  47   throw new ConflictError('Username is already taken');
  48 }
  49 
ΓåÆ 50 const alternate = await prisma.alternate.create(
The column `memoryEnabled` does not exist in the current database.[39m
[90m [2mΓ¥»[22m ei.handleRequestError ../node_modules/.pnpm/@prisma+client@6.19.3_prism_d64af47a59fcb41d9af9f96
85cee22aa/node_modules/@prisma/client/src/runtime/RequestHandler.ts:[2m228:13[22m[39m
[90m [2mΓ¥»[22m ei.handleAndLogRequestError ../node_modules/.pnpm/@prisma+client@6.19.3_prism_d64af47a59fcb41d9
af9f9685cee22aa/node_modules/@prisma/client/src/runtime/RequestHandler.ts:[2m174:12[22m[39m
[90m [2mΓ¥»[22m ei.request ../node_modules/.pnpm/@prisma+client@6.19.3_prism_d64af47a59fcb41d9af9f9685cee22aa/n
ode_modules/@prisma/client/src/runtime/RequestHandler.ts:[2m143:12[22m[39m
[90m [2mΓ¥»[22m a ../node_modules/.pnpm/@prisma+client@6.19.3_prism_d64af47a59fcb41d9af9f9685cee22aa/node_modul
es/@prisma/client/src/runtime/getPrismaClient.ts:[2m833:24[22m[39m
[36m [2mΓ¥»[22m Object.startOnboarding onboarding/onboarding.service.ts:[2m50:23[22m[39m
    [90m 48| [39m    }
    [90m 49| [39m
    [90m 50| [39m    [35mconst[39m alternate [33m=[39m [35mawait[39m 
prisma[33m.[39malternate[33m.[39m[34mcreate[39m({
    [90m   | [39m                      [31m^[39m
    [90m 51| [39m      data[33m:[39m {
    [90m 52| [39m        userId[33m,[39m
[90m [2mΓ¥»[22m utils/__tests__/alternates.test.ts:[2m228:31[22m[39m

[31m[2mΓÄ»ΓÄ»ΓÄ»ΓÄ»ΓÄ»ΓÄ»ΓÄ»ΓÄ»ΓÄ»ΓÄ»ΓÄ»ΓÄ»ΓÄ»ΓÄ»ΓÄ»ΓÄ»ΓÄ»ΓÄ»ΓÄ»ΓÄ»ΓÄ»ΓÄ»ΓÄ»ΓÄ»ΓÄ»ΓÄ»ΓÄ»ΓÄ»ΓÄ»ΓÄ»[22m[39m
[31m[1mSerialized Error:[22m[39m [90m{ code: 'P2022', meta: { modelName: 'Alternate', column: 
'memoryEnabled' }, clientVersion: '6.19.3', batchRequestIdx: undefined }[39m
[31m[2mΓÄ»ΓÄ»ΓÄ»ΓÄ»ΓÄ»ΓÄ»ΓÄ»ΓÄ»ΓÄ»ΓÄ»ΓÄ»ΓÄ»ΓÄ»ΓÄ»ΓÄ»ΓÄ»ΓÄ»ΓÄ»ΓÄ»ΓÄ»ΓÄ»ΓÄ»[55/69]ΓÄ»[22m[39m

[41m[1m FAIL [22m[49m utils/__tests__/alternates.test.ts[2m > [22mAlternates Module[2m > 
[22mOnboarding[2m > [22mshould configure voice with consent for cloned voice
[31m[1mPrismaClientKnownRequestError[22m: 
Invalid `prisma.alternate.create()` invocation in
C:\Users\User\Alternate me\backend\src\onboarding\onboarding.service.ts:50:46

  47   throw new ConflictError('Username is already taken');
  48 }
  49 
ΓåÆ 50 const alternate = await prisma.alternate.create(
The column `memoryEnabled` does not exist in the current database.[39m
[90m [2mΓ¥»[22m ei.handleRequestError ../node_modules/.pnpm/@prisma+client@6.19.3_prism_d64af47a59fcb41d9af9f96
85cee22aa/node_modules/@prisma/client/src/runtime/RequestHandler.ts:[2m228:13[22m[39m
[90m [2mΓ¥»[22m ei.handleAndLogRequestError ../node_modules/.pnpm/@prisma+client@6.19.3_prism_d64af47a59fcb41d9
af9f9685cee22aa/node_modules/@prisma/client/src/runtime/RequestHandler.ts:[2m174:12[22m[39m
[90m [2mΓ¥»[22m ei.request ../node_modules/.pnpm/@prisma+client@6.19.3_prism_d64af47a59fcb41d9af9f9685cee22aa/n
ode_modules/@prisma/client/src/runtime/RequestHandler.ts:[2m143:12[22m[39m
[90m [2mΓ¥»[22m a ../node_modules/.pnpm/@prisma+client@6.19.3_prism_d64af47a59fcb41d9af9f9685cee22aa/node_modul
es/@prisma/client/src/runtime/getPrismaClient.ts:[2m833:24[22m[39m
[36m [2mΓ¥»[22m Object.startOnboarding onboarding/onboarding.service.ts:[2m50:23[22m[39m
    [90m 48| [39m    }
    [90m 49| [39m
    [90m 50| [39m    [35mconst[39m alternate [33m=[39m [35mawait[39m 
prisma[33m.[39malternate[33m.[39m[34mcreate[39m({
    [90m   | [39m                      [31m^[39m
    [90m 51| [39m      data[33m:[39m {
    [90m 52| [39m        userId[33m,[39m
[90m [2mΓ¥»[22m utils/__tests__/alternates.test.ts:[2m246:31[22m[39m

[31m[2mΓÄ»ΓÄ»ΓÄ»ΓÄ»ΓÄ»ΓÄ»ΓÄ»ΓÄ»ΓÄ»ΓÄ»ΓÄ»ΓÄ»ΓÄ»ΓÄ»ΓÄ»ΓÄ»ΓÄ»ΓÄ»ΓÄ»ΓÄ»ΓÄ»ΓÄ»ΓÄ»ΓÄ»ΓÄ»ΓÄ»ΓÄ»ΓÄ»ΓÄ»ΓÄ»[22m[39m
[31m[1mSerialized Error:[22m[39m [90m{ code: 'P2022', meta: { modelName: 'Alternate', column: 
'memoryEnabled' }, clientVersion: '6.19.3', batchRequestIdx: undefined }[39m
[31m[2mΓÄ»ΓÄ»ΓÄ»ΓÄ»ΓÄ»ΓÄ»ΓÄ»ΓÄ»ΓÄ»ΓÄ»ΓÄ»ΓÄ»ΓÄ»ΓÄ»ΓÄ»ΓÄ»ΓÄ»ΓÄ»ΓÄ»ΓÄ»ΓÄ»ΓÄ»[56/69]ΓÄ»[22m[39m

[41m[1m FAIL [22m[49m utils/__tests__/alternates.test.ts[2m > [22mAlternates Module[2m > 
[22mOnboarding[2m > [22mshould reject cloned voice without consent
[31m[1mPrismaClientKnownRequestError[22m: 
Invalid `prisma.alternate.create()` invocation in
C:\Users\User\Alternate me\backend\src\onboarding\onboarding.service.ts:50:46

  47   throw new ConflictError('Username is already taken');
  48 }
  49 
ΓåÆ 50 const alternate = await prisma.alternate.create(
The column `memoryEnabled` does not exist in the current database.[39m
[90m [2mΓ¥»[22m ei.handleRequestError ../node_modules/.pnpm/@prisma+client@6.19.3_prism_d64af47a59fcb41d9af9f96
85cee22aa/node_modules/@prisma/client/src/runtime/RequestHandler.ts:[2m228:13[22m[39m
[90m [2mΓ¥»[22m ei.handleAndLogRequestError ../node_modules/.pnpm/@prisma+client@6.19.3_prism_d64af47a59fcb41d9
af9f9685cee22aa/node_modules/@prisma/client/src/runtime/RequestHandler.ts:[2m174:12[22m[39m
[90m [2mΓ¥»[22m ei.request ../node_modules/.pnpm/@prisma+client@6.19.3_prism_d64af47a59fcb41d9af9f9685cee22aa/n
ode_modules/@prisma/client/src/runtime/RequestHandler.ts:[2m143:12[22m[39m
[90m [2mΓ¥»[22m a ../node_modules/.pnpm/@prisma+client@6.19.3_prism_d64af47a59fcb41d9af9f9685cee22aa/node_modul
es/@prisma/client/src/runtime/getPrismaClient.ts:[2m833:24[22m[39m
[36m [2mΓ¥»[22m Object.startOnboarding onboarding/onboarding.service.ts:[2m50:23[22m[39m
    [90m 48| [39m    }
    [90m 49| [39m
    [90m 50| [39m    [35mconst[39m alternate [33m=[39m [35mawait[39m 
prisma[33m.[39malternate[33m.[39m[34mcreate[39m({
    [90m   | [39m                      [31m^[39m
    [90m 51| [39m      data[33m:[39m {
    [90m 52| [39m        userId[33m,[39m
[90m [2mΓ¥»[22m utils/__tests__/alternates.test.ts:[2m268:31[22m[39m

[31m[2mΓÄ»ΓÄ»ΓÄ»ΓÄ»ΓÄ»ΓÄ»ΓÄ»ΓÄ»ΓÄ»ΓÄ»ΓÄ»ΓÄ»ΓÄ»ΓÄ»ΓÄ»ΓÄ»ΓÄ»ΓÄ»ΓÄ»ΓÄ»ΓÄ»ΓÄ»ΓÄ»ΓÄ»ΓÄ»ΓÄ»ΓÄ»ΓÄ»ΓÄ»ΓÄ»[22m[39m
[31m[1mSerialized Error:[22m[39m [90m{ code: 'P2022', meta: { modelName: 'Alternate', column: 
'memoryEnabled' }, clientVersion: '6.19.3', batchRequestIdx: undefined }[39m
[31m[2mΓÄ»ΓÄ»ΓÄ»ΓÄ»ΓÄ»ΓÄ»ΓÄ»ΓÄ»ΓÄ»ΓÄ»ΓÄ»ΓÄ»ΓÄ»ΓÄ»ΓÄ»ΓÄ»ΓÄ»ΓÄ»ΓÄ»ΓÄ»ΓÄ»ΓÄ»[57/69]ΓÄ»[22m[39m

[41m[1m FAIL [22m[49m utils/__tests__/alternates.test.ts[2m > [22mAlternates Module[2m > 
[22mOnboarding[2m > [22mshould configure AI provider with encrypted key
[31m[1mPrismaClientKnownRequestError[22m: 
Invalid `prisma.alternate.create()` invocation in
C:\Users\User\Alternate me\backend\src\onboarding\onboarding.service.ts:50:46

  47   throw new ConflictError('Username is already taken');
  48 }
  49 
ΓåÆ 50 const alternate = await prisma.alternate.create(
The column `memoryEnabled` does not exist in the current database.[39m
[90m [2mΓ¥»[22m ei.handleRequestError ../node_modules/.pnpm/@prisma+client@6.19.3_prism_d64af47a59fcb41d9af9f96
85cee22aa/node_modules/@prisma/client/src/runtime/RequestHandler.ts:[2m228:13[22m[39m
[90m [2mΓ¥»[22m ei.handleAndLogRequestError ../node_modules/.pnpm/@prisma+client@6.19.3_prism_d64af47a59fcb41d9
af9f9685cee22aa/node_modules/@prisma/client/src/runtime/RequestHandler.ts:[2m174:12[22m[39m
[90m [2mΓ¥»[22m ei.request ../node_modules/.pnpm/@prisma+client@6.19.3_prism_d64af47a59fcb41d9af9f9685cee22aa/n
ode_modules/@prisma/client/src/runtime/RequestHandler.ts:[2m143:12[22m[39m
[90m [2mΓ¥»[22m a ../node_modules/.pnpm/@prisma+client@6.19.3_prism_d64af47a59fcb41d9af9f9685cee22aa/node_modul
es/@prisma/client/src/runtime/getPrismaClient.ts:[2m833:24[22m[39m
[36m [2mΓ¥»[22m Object.startOnboarding onboarding/onboarding.service.ts:[2m50:23[22m[39m
    [90m 48| [39m    }
    [90m 49| [39m
    [90m 50| [39m    [35mconst[39m alternate [33m=[39m [35mawait[39m 
prisma[33m.[39malternate[33m.[39m[34mcreate[39m({
    [90m   | [39m                      [31m^[39m
    [90m 51| [39m      data[33m:[39m {
    [90m 52| [39m        userId[33m,[39m
[90m [2mΓ¥»[22m utils/__tests__/alternates.test.ts:[2m287:31[22m[39m

[31m[2mΓÄ»ΓÄ»ΓÄ»ΓÄ»ΓÄ»ΓÄ»ΓÄ»ΓÄ»ΓÄ»ΓÄ»ΓÄ»ΓÄ»ΓÄ»ΓÄ»ΓÄ»ΓÄ»ΓÄ»ΓÄ»ΓÄ»ΓÄ»ΓÄ»ΓÄ»ΓÄ»ΓÄ»ΓÄ»ΓÄ»ΓÄ»ΓÄ»ΓÄ»ΓÄ»[22m[39m
[31m[1mSerialized Error:[22m[39m [90m{ code: 'P2022', meta: { modelName: 'Alternate', column: 
'memoryEnabled' }, clientVersion: '6.19.3', batchRequestIdx: undefined }[39m
[31m[2mΓÄ»ΓÄ»ΓÄ»ΓÄ»ΓÄ»ΓÄ»ΓÄ»ΓÄ»ΓÄ»ΓÄ»ΓÄ»ΓÄ»ΓÄ»ΓÄ»ΓÄ»ΓÄ»ΓÄ»ΓÄ»ΓÄ»ΓÄ»ΓÄ»ΓÄ»[58/69]ΓÄ»[22m[39m

[41m[1m FAIL [22m[49m utils/__tests__/alternates.test.ts[2m > [22mAlternates Module[2m > 
[22mOnboarding[2m > [22mshould not publish without persona
[31m[1mPrismaClientKnownRequestError[22m: 
Invalid `prisma.alternate.create()` invocation in
C:\Users\User\Alternate me\backend\src\onboarding\onboarding.service.ts:50:46

  47   throw new ConflictError('Username is already taken');
  48 }
  49 
ΓåÆ 50 const alternate = await prisma.alternate.create(
The column `memoryEnabled` does not exist in the current database.[39m
[90m [2mΓ¥»[22m ei.handleRequestError ../node_modules/.pnpm/@prisma+client@6.19.3_prism_d64af47a59fcb41d9af9f96
85cee22aa/node_modules/@prisma/client/src/runtime/RequestHandler.ts:[2m228:13[22m[39m
[90m [2mΓ¥»[22m ei.handleAndLogRequestError ../node_modules/.pnpm/@prisma+client@6.19.3_prism_d64af47a59fcb41d9
af9f9685cee22aa/node_modules/@prisma/client/src/runtime/RequestHandler.ts:[2m174:12[22m[39m
[90m [2mΓ¥»[22m ei.request ../node_modules/.pnpm/@prisma+client@6.19.3_prism_d64af47a59fcb41d9af9f9685cee22aa/n
ode_modules/@prisma/client/src/runtime/RequestHandler.ts:[2m143:12[22m[39m
[90m [2mΓ¥»[22m a ../node_modules/.pnpm/@prisma+client@6.19.3_prism_d64af47a59fcb41d9af9f9685cee22aa/node_modul
es/@prisma/client/src/runtime/getPrismaClient.ts:[2m833:24[22m[39m
[36m [2mΓ¥»[22m Object.startOnboarding onboarding/onboarding.service.ts:[2m50:23[22m[39m
    [90m 48| [39m    }
    [90m 49| [39m
    [90m 50| [39m    [35mconst[39m alternate [33m=[39m [35mawait[39m 
prisma[33m.[39malternate[33m.[39m[34mcreate[39m({
    [90m   | [39m                      [31m^[39m
    [90m 51| [39m      data[33m:[39m {
    [90m 52| [39m        userId[33m,[39m
[90m [2mΓ¥»[22m utils/__tests__/alternates.test.ts:[2m313:31[22m[39m

[31m[2mΓÄ»ΓÄ»ΓÄ»ΓÄ»ΓÄ»ΓÄ»ΓÄ»ΓÄ»ΓÄ»ΓÄ»ΓÄ»ΓÄ»ΓÄ»ΓÄ»ΓÄ»ΓÄ»ΓÄ»ΓÄ»ΓÄ»ΓÄ»ΓÄ»ΓÄ»ΓÄ»ΓÄ»ΓÄ»ΓÄ»ΓÄ»ΓÄ»ΓÄ»ΓÄ»[22m[39m
[31m[1mSerialized Error:[22m[39m [90m{ code: 'P2022', meta: { modelName: 'Alternate', column: 
'memoryEnabled' }, clientVersion: '6.19.3', batchRequestIdx: undefined }[39m
[31m[2mΓÄ»ΓÄ»ΓÄ»ΓÄ»ΓÄ»ΓÄ»ΓÄ»ΓÄ»ΓÄ»ΓÄ»ΓÄ»ΓÄ»ΓÄ»ΓÄ»ΓÄ»ΓÄ»ΓÄ»ΓÄ»ΓÄ»ΓÄ»ΓÄ»ΓÄ»[59/69]ΓÄ»[22m[39m

[41m[1m FAIL [22m[49m utils/__tests__/alternates.test.ts[2m > [22mAlternates Module[2m > 
[22mOnboarding[2m > [22mshould not publish without AI provider
[31m[1mPrismaClientKnownRequestError[22m: 
Invalid `prisma.alternate.create()` invocation in
C:\Users\User\Alternate me\backend\src\onboarding\onboarding.service.ts:50:46

  47   throw new ConflictError('Username is already taken');
  48 }
  49 
ΓåÆ 50 const alternate = await prisma.alternate.create(
The column `memoryEnabled` does not exist in the current database.[39m
[90m [2mΓ¥»[22m ei.handleRequestError ../node_modules/.pnpm/@prisma+client@6.19.3_prism_d64af47a59fcb41d9af9f96
85cee22aa/node_modules/@prisma/client/src/runtime/RequestHandler.ts:[2m228:13[22m[39m
[90m [2mΓ¥»[22m ei.handleAndLogRequestError ../node_modules/.pnpm/@prisma+client@6.19.3_prism_d64af47a59fcb41d9
af9f9685cee22aa/node_modules/@prisma/client/src/runtime/RequestHandler.ts:[2m174:12[22m[39m
[90m [2mΓ¥»[22m ei.request ../node_modules/.pnpm/@prisma+client@6.19.3_prism_d64af47a59fcb41d9af9f9685cee22aa/n
ode_modules/@prisma/client/src/runtime/RequestHandler.ts:[2m143:12[22m[39m
[90m [2mΓ¥»[22m a ../node_modules/.pnpm/@prisma+client@6.19.3_prism_d64af47a59fcb41d9af9f9685cee22aa/node_modul
es/@prisma/client/src/runtime/getPrismaClient.ts:[2m833:24[22m[39m
[36m [2mΓ¥»[22m Object.startOnboarding onboarding/onboarding.service.ts:[2m50:23[22m[39m
    [90m 48| [39m    }
    [90m 49| [39m
    [90m 50| [39m    [35mconst[39m alternate [33m=[39m [35mawait[39m 
prisma[33m.[39malternate[33m.[39m[34mcreate[39m({
    [90m   | [39m                      [31m^[39m
    [90m 51| [39m      data[33m:[39m {
    [90m 52| [39m        userId[33m,[39m
[90m [2mΓ¥»[22m utils/__tests__/alternates.test.ts:[2m331:31[22m[39m

[31m[2mΓÄ»ΓÄ»ΓÄ»ΓÄ»ΓÄ»ΓÄ»ΓÄ»ΓÄ»ΓÄ»ΓÄ»ΓÄ»ΓÄ»ΓÄ»ΓÄ»ΓÄ»ΓÄ»ΓÄ»ΓÄ»ΓÄ»ΓÄ»ΓÄ»ΓÄ»ΓÄ»ΓÄ»ΓÄ»ΓÄ»ΓÄ»ΓÄ»ΓÄ»ΓÄ»[22m[39m
[31m[1mSerialized Error:[22m[39m [90m{ code: 'P2022', meta: { modelName: 'Alternate', column: 
'memoryEnabled' }, clientVersion: '6.19.3', batchRequestIdx: undefined }[39m
[31m[2mΓÄ»ΓÄ»ΓÄ»ΓÄ»ΓÄ»ΓÄ»ΓÄ»ΓÄ»ΓÄ»ΓÄ»ΓÄ»ΓÄ»ΓÄ»ΓÄ»ΓÄ»ΓÄ»ΓÄ»ΓÄ»ΓÄ»ΓÄ»ΓÄ»ΓÄ»[60/69]ΓÄ»[22m[39m

[41m[1m FAIL [22m[49m utils/__tests__/alternates.test.ts[2m > [22mAlternates Module[2m > 
[22mOnboarding[2m > [22mshould publish successfully with required steps completed
[31m[1mPrismaClientKnownRequestError[22m: 
Invalid `prisma.alternate.create()` invocation in
C:\Users\User\Alternate me\backend\src\onboarding\onboarding.service.ts:50:46

  47   throw new ConflictError('Username is already taken');
  48 }
  49 
ΓåÆ 50 const alternate = await prisma.alternate.create(
The column `memoryEnabled` does not exist in the current database.[39m
[90m [2mΓ¥»[22m ei.handleRequestError ../node_modules/.pnpm/@prisma+client@6.19.3_prism_d64af47a59fcb41d9af9f96
85cee22aa/node_modules/@prisma/client/src/runtime/RequestHandler.ts:[2m228:13[22m[39m
[90m [2mΓ¥»[22m ei.handleAndLogRequestError ../node_modules/.pnpm/@prisma+client@6.19.3_prism_d64af47a59fcb41d9
af9f9685cee22aa/node_modules/@prisma/client/src/runtime/RequestHandler.ts:[2m174:12[22m[39m
[90m [2mΓ¥»[22m ei.request ../node_modules/.pnpm/@prisma+client@6.19.3_prism_d64af47a59fcb41d9af9f9685cee22aa/n
ode_modules/@prisma/client/src/runtime/RequestHandler.ts:[2m143:12[22m[39m
[90m [2mΓ¥»[22m a ../node_modules/.pnpm/@prisma+client@6.19.3_prism_d64af47a59fcb41d9af9f9685cee22aa/node_modul
es/@prisma/client/src/runtime/getPrismaClient.ts:[2m833:24[22m[39m
[36m [2mΓ¥»[22m Object.startOnboarding onboarding/onboarding.service.ts:[2m50:23[22m[39m
    [90m 48| [39m    }
    [90m 49| [39m
    [90m 50| [39m    [35mconst[39m alternate [33m=[39m [35mawait[39m 
prisma[33m.[39malternate[33m.[39m[34mcreate[39m({
    [90m   | [39m                      [31m^[39m
    [90m 51| [39m      data[33m:[39m {
    [90m 52| [39m        userId[33m,[39m
[90m [2mΓ¥»[22m utils/__tests__/alternates.test.ts:[2m356:31[22m[39m

[31m[2mΓÄ»ΓÄ»ΓÄ»ΓÄ»ΓÄ»ΓÄ»ΓÄ»ΓÄ»ΓÄ»ΓÄ»ΓÄ»ΓÄ»ΓÄ»ΓÄ»ΓÄ»ΓÄ»ΓÄ»ΓÄ»ΓÄ»ΓÄ»ΓÄ»ΓÄ»ΓÄ»ΓÄ»ΓÄ»ΓÄ»ΓÄ»ΓÄ»ΓÄ»ΓÄ»[22m[39m
[31m[1mSerialized Error:[22m[39m [90m{ code: 'P2022', meta: { modelName: 'Alternate', column: 
'memoryEnabled' }, clientVersion: '6.19.3', batchRequestIdx: undefined }[39m
[31m[2mΓÄ»ΓÄ»ΓÄ»ΓÄ»ΓÄ»ΓÄ»ΓÄ»ΓÄ»ΓÄ»ΓÄ»ΓÄ»ΓÄ»ΓÄ»ΓÄ»ΓÄ»ΓÄ»ΓÄ»ΓÄ»ΓÄ»ΓÄ»ΓÄ»ΓÄ»[61/69]ΓÄ»[22m[39m

[41m[1m FAIL [22m[49m utils/__tests__/alternates.test.ts[2m > [22mAlternates Module[2m > 
[22mOnboarding[2m > [22mshould not allow user B to publish user A alternate
[31m[1mPrismaClientKnownRequestError[22m: 
Invalid `prisma.alternate.create()` invocation in
C:\Users\User\Alternate me\backend\src\onboarding\onboarding.service.ts:50:46

  47   throw new ConflictError('Username is already taken');
  48 }
  49 
ΓåÆ 50 const alternate = await prisma.alternate.create(
The column `memoryEnabled` does not exist in the current database.[39m
[90m [2mΓ¥»[22m ei.handleRequestError ../node_modules/.pnpm/@prisma+client@6.19.3_prism_d64af47a59fcb41d9af9f96
85cee22aa/node_modules/@prisma/client/src/runtime/RequestHandler.ts:[2m228:13[22m[39m
[90m [2mΓ¥»[22m ei.handleAndLogRequestError ../node_modules/.pnpm/@prisma+client@6.19.3_prism_d64af47a59fcb41d9
af9f9685cee22aa/node_modules/@prisma/client/src/runtime/RequestHandler.ts:[2m174:12[22m[39m
[90m [2mΓ¥»[22m ei.request ../node_modules/.pnpm/@prisma+client@6.19.3_prism_d64af47a59fcb41d9af9f9685cee22aa/n
ode_modules/@prisma/client/src/runtime/RequestHandler.ts:[2m143:12[22m[39m
[90m [2mΓ¥»[22m a ../node_modules/.pnpm/@prisma+client@6.19.3_prism_d64af47a59fcb41d9af9f9685cee22aa/node_modul
es/@prisma/client/src/runtime/getPrismaClient.ts:[2m833:24[22m[39m
[36m [2mΓ¥»[22m Object.startOnboarding onboarding/onboarding.service.ts:[2m50:23[22m[39m
    [90m 48| [39m    }
    [90m 49| [39m
    [90m 50| [39m    [35mconst[39m alternate [33m=[39m [35mawait[39m 
prisma[33m.[39malternate[33m.[39m[34mcreate[39m({
    [90m   | [39m                      [31m^[39m
    [90m 51| [39m      data[33m:[39m {
    [90m 52| [39m        userId[33m,[39m
[90m [2mΓ¥»[22m utils/__tests__/alternates.test.ts:[2m397:31[22m[39m

[31m[2mΓÄ»ΓÄ»ΓÄ»ΓÄ»ΓÄ»ΓÄ»ΓÄ»ΓÄ»ΓÄ»ΓÄ»ΓÄ»ΓÄ»ΓÄ»ΓÄ»ΓÄ»ΓÄ»ΓÄ»ΓÄ»ΓÄ»ΓÄ»ΓÄ»ΓÄ»ΓÄ»ΓÄ»ΓÄ»ΓÄ»ΓÄ»ΓÄ»ΓÄ»ΓÄ»[22m[39m
[31m[1mSerialized Error:[22m[39m [90m{ code: 'P2022', meta: { modelName: 'Alternate', column: 
'memoryEnabled' }, clientVersion: '6.19.3', batchRequestIdx: undefined }[39m
[31m[2mΓÄ»ΓÄ»ΓÄ»ΓÄ»ΓÄ»ΓÄ»ΓÄ»ΓÄ»ΓÄ»ΓÄ»ΓÄ»ΓÄ»ΓÄ»ΓÄ»ΓÄ»ΓÄ»ΓÄ»ΓÄ»ΓÄ»ΓÄ»ΓÄ»ΓÄ»[62/69]ΓÄ»[22m[39m

[41m[1m FAIL [22m[49m utils/__tests__/alternates.test.ts[2m > [22mAlternates Module[2m > 
[22mOnboarding[2m > [22mshould reject duplicate username during onboarding
[31m[1mPrismaClientKnownRequestError[22m: 
Invalid `prisma.alternate.create()` invocation in
C:\Users\User\Alternate me\backend\src\onboarding\onboarding.service.ts:50:46

  47   throw new ConflictError('Username is already taken');
  48 }
  49 
ΓåÆ 50 const alternate = await prisma.alternate.create(
The column `memoryEnabled` does not exist in the current database.[39m
[90m [2mΓ¥»[22m ei.handleRequestError ../node_modules/.pnpm/@prisma+client@6.19.3_prism_d64af47a59fcb41d9af9f96
85cee22aa/node_modules/@prisma/client/src/runtime/RequestHandler.ts:[2m228:13[22m[39m
[90m [2mΓ¥»[22m ei.handleAndLogRequestError ../node_modules/.pnpm/@prisma+client@6.19.3_prism_d64af47a59fcb41d9
af9f9685cee22aa/node_modules/@prisma/client/src/runtime/RequestHandler.ts:[2m174:12[22m[39m
[90m [2mΓ¥»[22m ei.request ../node_modules/.pnpm/@prisma+client@6.19.3_prism_d64af47a59fcb41d9af9f9685cee22aa/n
ode_modules/@prisma/client/src/runtime/RequestHandler.ts:[2m143:12[22m[39m
[90m [2mΓ¥»[22m a ../node_modules/.pnpm/@prisma+client@6.19.3_prism_d64af47a59fcb41d9af9f9685cee22aa/node_modul
es/@prisma/client/src/runtime/getPrismaClient.ts:[2m833:24[22m[39m
[36m [2mΓ¥»[22m Object.startOnboarding onboarding/onboarding.service.ts:[2m50:23[22m[39m
    [90m 48| [39m    }
    [90m 49| [39m
    [90m 50| [39m    [35mconst[39m alternate [33m=[39m [35mawait[39m 
prisma[33m.[39malternate[33m.[39m[34mcreate[39m({
    [90m   | [39m                      [31m^[39m
    [90m 51| [39m      data[33m:[39m {
    [90m 52| [39m        userId[33m,[39m
[90m [2mΓ¥»[22m utils/__tests__/alternates.test.ts:[2m409:7[22m[39m

[31m[2mΓÄ»ΓÄ»ΓÄ»ΓÄ»ΓÄ»ΓÄ»ΓÄ»ΓÄ»ΓÄ»ΓÄ»ΓÄ»ΓÄ»ΓÄ»ΓÄ»ΓÄ»ΓÄ»ΓÄ»ΓÄ»ΓÄ»ΓÄ»ΓÄ»ΓÄ»ΓÄ»ΓÄ»ΓÄ»ΓÄ»ΓÄ»ΓÄ»ΓÄ»ΓÄ»[22m[39m
[31m[1mSerialized Error:[22m[39m [90m{ code: 'P2022', meta: { modelName: 'Alternate', column: 
'memoryEnabled' }, clientVersion: '6.19.3', batchRequestIdx: undefined }[39m
[31m[2mΓÄ»ΓÄ»ΓÄ»ΓÄ»ΓÄ»ΓÄ»ΓÄ»ΓÄ»ΓÄ»ΓÄ»ΓÄ»ΓÄ»ΓÄ»ΓÄ»ΓÄ»ΓÄ»ΓÄ»ΓÄ»ΓÄ»ΓÄ»ΓÄ»ΓÄ»[63/69]ΓÄ»[22m[39m

[41m[1m FAIL [22m[49m utils/__tests__/alternates.test.ts[2m > [22mAlternates Module[2m > 
[22mOnboarding[2m > [22mshould verify server-side step completion
[31m[1mPrismaClientKnownRequestError[22m: 
Invalid `prisma.alternate.create()` invocation in
C:\Users\User\Alternate me\backend\src\onboarding\onboarding.service.ts:50:46

  47   throw new ConflictError('Username is already taken');
  48 }
  49 
ΓåÆ 50 const alternate = await prisma.alternate.create(
The column `memoryEnabled` does not exist in the current database.[39m
[90m [2mΓ¥»[22m ei.handleRequestError ../node_modules/.pnpm/@prisma+client@6.19.3_prism_d64af47a59fcb41d9af9f96
85cee22aa/node_modules/@prisma/client/src/runtime/RequestHandler.ts:[2m228:13[22m[39m
[90m [2mΓ¥»[22m ei.handleAndLogRequestError ../node_modules/.pnpm/@prisma+client@6.19.3_prism_d64af47a59fcb41d9
af9f9685cee22aa/node_modules/@prisma/client/src/runtime/RequestHandler.ts:[2m174:12[22m[39m
[90m [2mΓ¥»[22m ei.request ../node_modules/.pnpm/@prisma+client@6.19.3_prism_d64af47a59fcb41d9af9f9685cee22aa/n
ode_modules/@prisma/client/src/runtime/RequestHandler.ts:[2m143:12[22m[39m
[90m [2mΓ¥»[22m a ../node_modules/.pnpm/@prisma+client@6.19.3_prism_d64af47a59fcb41d9af9f9685cee22aa/node_modul
es/@prisma/client/src/runtime/getPrismaClient.ts:[2m833:24[22m[39m
[36m [2mΓ¥»[22m Object.startOnboarding onboarding/onboarding.service.ts:[2m50:23[22m[39m
    [90m 48| [39m    }
    [90m 49| [39m
    [90m 50| [39m    [35mconst[39m alternate [33m=[39m [35mawait[39m 
prisma[33m.[39malternate[33m.[39m[34mcreate[39m({
    [90m   | [39m                      [31m^[39m
    [90m 51| [39m      data[33m:[39m {
    [90m 52| [39m        userId[33m,[39m
[90m [2mΓ¥»[22m utils/__tests__/alternates.test.ts:[2m424:31[22m[39m

[31m[2mΓÄ»ΓÄ»ΓÄ»ΓÄ»ΓÄ»ΓÄ»ΓÄ»ΓÄ»ΓÄ»ΓÄ»ΓÄ»ΓÄ»ΓÄ»ΓÄ»ΓÄ»ΓÄ»ΓÄ»ΓÄ»ΓÄ»ΓÄ»ΓÄ»ΓÄ»ΓÄ»ΓÄ»ΓÄ»ΓÄ»ΓÄ»ΓÄ»ΓÄ»ΓÄ»[22m[39m
[31m[1mSerialized Error:[22m[39m [90m{ code: 'P2022', meta: { modelName: 'Alternate', column: 
'memoryEnabled' }, clientVersion: '6.19.3', batchRequestIdx: undefined }[39m
[31m[2mΓÄ»ΓÄ»ΓÄ»ΓÄ»ΓÄ»ΓÄ»ΓÄ»ΓÄ»ΓÄ»ΓÄ»ΓÄ»ΓÄ»ΓÄ»ΓÄ»ΓÄ»ΓÄ»ΓÄ»ΓÄ»ΓÄ»ΓÄ»ΓÄ»ΓÄ»[64/69]ΓÄ»[22m[39m

[41m[1m FAIL [22m[49m utils/__tests__/alternates.test.ts[2m > [22mAlternates Module[2m > 
[22mOnboarding[2m > [22mshould preview alternate without exposing secrets
[31m[1mPrismaClientKnownRequestError[22m: 
Invalid `prisma.alternate.create()` invocation in
C:\Users\User\Alternate me\backend\src\onboarding\onboarding.service.ts:50:46

  47   throw new ConflictError('Username is already taken');
  48 }
  49 
ΓåÆ 50 const alternate = await prisma.alternate.create(
The column `memoryEnabled` does not exist in the current database.[39m
[90m [2mΓ¥»[22m ei.handleRequestError ../node_modules/.pnpm/@prisma+client@6.19.3_prism_d64af47a59fcb41d9af9f96
85cee22aa/node_modules/@prisma/client/src/runtime/RequestHandler.ts:[2m228:13[22m[39m
[90m [2mΓ¥»[22m ei.handleAndLogRequestError ../node_modules/.pnpm/@prisma+client@6.19.3_prism_d64af47a59fcb41d9
af9f9685cee22aa/node_modules/@prisma/client/src/runtime/RequestHandler.ts:[2m174:12[22m[39m
[90m [2mΓ¥»[22m ei.request ../node_modules/.pnpm/@prisma+client@6.19.3_prism_d64af47a59fcb41d9af9f9685cee22aa/n
ode_modules/@prisma/client/src/runtime/RequestHandler.ts:[2m143:12[22m[39m
[90m [2mΓ¥»[22m a ../node_modules/.pnpm/@prisma+client@6.19.3_prism_d64af47a59fcb41d9af9f9685cee22aa/node_modul
es/@prisma/client/src/runtime/getPrismaClient.ts:[2m833:24[22m[39m
[36m [2mΓ¥»[22m Object.startOnboarding onboarding/onboarding.service.ts:[2m50:23[22m[39m
    [90m 48| [39m    }
    [90m 49| [39m
    [90m 50| [39m    [35mconst[39m alternate [33m=[39m [35mawait[39m 
prisma[33m.[39malternate[33m.[39m[34mcreate[39m({
    [90m   | [39m                      [31m^[39m
    [90m 51| [39m      data[33m:[39m {
    [90m 52| [39m        userId[33m,[39m
[90m [2mΓ¥»[22m utils/__tests__/alternates.test.ts:[2m437:31[22m[39m

[31m[2mΓÄ»ΓÄ»ΓÄ»ΓÄ»ΓÄ»ΓÄ»ΓÄ»ΓÄ»ΓÄ»ΓÄ»ΓÄ»ΓÄ»ΓÄ»ΓÄ»ΓÄ»ΓÄ»ΓÄ»ΓÄ»ΓÄ»ΓÄ»ΓÄ»ΓÄ»ΓÄ»ΓÄ»ΓÄ»ΓÄ»ΓÄ»ΓÄ»ΓÄ»ΓÄ»[22m[39m
[31m[1mSerialized Error:[22m[39m [90m{ code: 'P2022', meta: { modelName: 'Alternate', column: 
'memoryEnabled' }, clientVersion: '6.19.3', batchRequestIdx: undefined }[39m
[31m[2mΓÄ»ΓÄ»ΓÄ»ΓÄ»ΓÄ»ΓÄ»ΓÄ»ΓÄ»ΓÄ»ΓÄ»ΓÄ»ΓÄ»ΓÄ»ΓÄ»ΓÄ»ΓÄ»ΓÄ»ΓÄ»ΓÄ»ΓÄ»ΓÄ»ΓÄ»[65/69]ΓÄ»[22m[39m

[41m[1m FAIL [22m[49m utils/__tests__/alternates.test.ts[2m > [22mAlternates Module[2m > 
[22mOnboarding[2m > [22mshould not allow preview of another user alternate
[31m[1mPrismaClientKnownRequestError[22m: 
Invalid `prisma.alternate.create()` invocation in
C:\Users\User\Alternate me\backend\src\onboarding\onboarding.service.ts:50:46

  47   throw new ConflictError('Username is already taken');
  48 }
  49 
ΓåÆ 50 const alternate = await prisma.alternate.create(
The column `memoryEnabled` does not exist in the current database.[39m
[90m [2mΓ¥»[22m ei.handleRequestError ../node_modules/.pnpm/@prisma+client@6.19.3_prism_d64af47a59fcb41d9af9f96
85cee22aa/node_modules/@prisma/client/src/runtime/RequestHandler.ts:[2m228:13[22m[39m
[90m [2mΓ¥»[22m ei.handleAndLogRequestError ../node_modules/.pnpm/@prisma+client@6.19.3_prism_d64af47a59fcb41d9
af9f9685cee22aa/node_modules/@prisma/client/src/runtime/RequestHandler.ts:[2m174:12[22m[39m
[90m [2mΓ¥»[22m ei.request ../node_modules/.pnpm/@prisma+client@6.19.3_prism_d64af47a59fcb41d9af9f9685cee22aa/n
ode_modules/@prisma/client/src/runtime/RequestHandler.ts:[2m143:12[22m[39m
[90m [2mΓ¥»[22m a ../node_modules/.pnpm/@prisma+client@6.19.3_prism_d64af47a59fcb41d9af9f9685cee22aa/node_modul
es/@prisma/client/src/runtime/getPrismaClient.ts:[2m833:24[22m[39m
[36m [2mΓ¥»[22m Object.startOnboarding onboarding/onboarding.service.ts:[2m50:23[22m[39m
    [90m 48| [39m    }
    [90m 49| [39m
    [90m 50| [39m    [35mconst[39m alternate [33m=[39m [35mawait[39m 
prisma[33m.[39malternate[33m.[39m[34mcreate[39m({
    [90m   | [39m                      [31m^[39m
    [90m 51| [39m      data[33m:[39m {
    [90m 52| [39m        userId[33m,[39m
[90m [2mΓ¥»[22m utils/__tests__/alternates.test.ts:[2m464:31[22m[39m

[31m[2mΓÄ»ΓÄ»ΓÄ»ΓÄ»ΓÄ»ΓÄ»ΓÄ»ΓÄ»ΓÄ»ΓÄ»ΓÄ»ΓÄ»ΓÄ»ΓÄ»ΓÄ»ΓÄ»ΓÄ»ΓÄ»ΓÄ»ΓÄ»ΓÄ»ΓÄ»ΓÄ»ΓÄ»ΓÄ»ΓÄ»ΓÄ»ΓÄ»ΓÄ»ΓÄ»[22m[39m
[31m[1mSerialized Error:[22m[39m [90m{ code: 'P2022', meta: { modelName: 'Alternate', column: 
'memoryEnabled' }, clientVersion: '6.19.3', batchRequestIdx: undefined }[39m
[31m[2mΓÄ»ΓÄ»ΓÄ»ΓÄ»ΓÄ»ΓÄ»ΓÄ»ΓÄ»ΓÄ»ΓÄ»ΓÄ»ΓÄ»ΓÄ»ΓÄ»ΓÄ»ΓÄ»ΓÄ»ΓÄ»ΓÄ»ΓÄ»ΓÄ»ΓÄ»[66/69]ΓÄ»[22m[39m

[41m[1m FAIL [22m[49m utils/__tests__/alternates.test.ts[2m > [22mAlternates Module[2m > [22mSources[2m 
> [22mshould add a source and return PENDING status
[31m[1mPrismaClientKnownRequestError[22m: 
Invalid `prisma.alternate.create()` invocation in
C:\Users\User\Alternate me\backend\src\onboarding\onboarding.service.ts:50:46

  47   throw new ConflictError('Username is already taken');
  48 }
  49 
ΓåÆ 50 const alternate = await prisma.alternate.create(
The column `memoryEnabled` does not exist in the current database.[39m
[90m [2mΓ¥»[22m ei.handleRequestError ../node_modules/.pnpm/@prisma+client@6.19.3_prism_d64af47a59fcb41d9af9f96
85cee22aa/node_modules/@prisma/client/src/runtime/RequestHandler.ts:[2m228:13[22m[39m
[90m [2mΓ¥»[22m ei.handleAndLogRequestError ../node_modules/.pnpm/@prisma+client@6.19.3_prism_d64af47a59fcb41d9
af9f9685cee22aa/node_modules/@prisma/client/src/runtime/RequestHandler.ts:[2m174:12[22m[39m
[90m [2mΓ¥»[22m ei.request ../node_modules/.pnpm/@prisma+client@6.19.3_prism_d64af47a59fcb41d9af9f9685cee22aa/n
ode_modules/@prisma/client/src/runtime/RequestHandler.ts:[2m143:12[22m[39m
[90m [2mΓ¥»[22m a ../node_modules/.pnpm/@prisma+client@6.19.3_prism_d64af47a59fcb41d9af9f9685cee22aa/node_modul
es/@prisma/client/src/runtime/getPrismaClient.ts:[2m833:24[22m[39m
[36m [2mΓ¥»[22m Object.startOnboarding onboarding/onboarding.service.ts:[2m50:23[22m[39m
    [90m 48| [39m    }
    [90m 49| [39m
    [90m 50| [39m    [35mconst[39m alternate [33m=[39m [35mawait[39m 
prisma[33m.[39malternate[33m.[39m[34mcreate[39m({
    [90m   | [39m                      [31m^[39m
    [90m 51| [39m      data[33m:[39m {
    [90m 52| [39m        userId[33m,[39m
[90m [2mΓ¥»[22m utils/__tests__/alternates.test.ts:[2m478:31[22m[39m

[31m[2mΓÄ»ΓÄ»ΓÄ»ΓÄ»ΓÄ»ΓÄ»ΓÄ»ΓÄ»ΓÄ»ΓÄ»ΓÄ»ΓÄ»ΓÄ»ΓÄ»ΓÄ»ΓÄ»ΓÄ»ΓÄ»ΓÄ»ΓÄ»ΓÄ»ΓÄ»ΓÄ»ΓÄ»ΓÄ»ΓÄ»ΓÄ»ΓÄ»ΓÄ»ΓÄ»[22m[39m
[31m[1mSerialized Error:[22m[39m [90m{ code: 'P2022', meta: { modelName: 'Alternate', column: 
'memoryEnabled' }, clientVersion: '6.19.3', batchRequestIdx: undefined }[39m
[31m[2mΓÄ»ΓÄ»ΓÄ»ΓÄ»ΓÄ»ΓÄ»ΓÄ»ΓÄ»ΓÄ»ΓÄ»ΓÄ»ΓÄ»ΓÄ»ΓÄ»ΓÄ»ΓÄ»ΓÄ»ΓÄ»ΓÄ»ΓÄ»ΓÄ»ΓÄ»[67/69]ΓÄ»[22m[39m

[41m[1m FAIL [22m[49m utils/__tests__/alternates.test.ts[2m > [22mAlternates Module[2m > [22mSources[2m 
> [22mshould list sources for an alternate
[31m[1mPrismaClientKnownRequestError[22m: 
Invalid `prisma.alternate.create()` invocation in
C:\Users\User\Alternate me\backend\src\onboarding\onboarding.service.ts:50:46

  47   throw new ConflictError('Username is already taken');
  48 }
  49 

[2m Test Files [22m [1m[31m6 failed[39m[22m[2m | [22m[1m[32m6 passed[39m[22m[90m (12)[39m
[2m      Tests [22m [1m[31m62 failed[39m[22m[2m | [22m[1m[32m71 passed[39m[22m[2m | [22m[33m21 skipped[39m[90m (154)[39m
[2m   Start at [22m 14:59:32
[2m   Duration [22m 385.83s[2m (transform 3.89s, setup 8.32s, collect 19.66s, tests 435.84s, environment 9ms, prepare 9.69s)[22m
ΓåÆ 50 const alternate = await prisma.alternate.create(
The column `memoryEnabled` does not exist in the current database.[39m
[90m [2mΓ¥»[22m ei.handleRequestError ../node_modules/.pnpm/@prisma+client@6.19.3_prism_d64af47a59fcb41d9af9f96
85cee22aa/node_modules/@prisma/client/src/runtime/RequestHandler.ts:[2m228:13[22m[39m
[90m [2mΓ¥»[22m ei.handleAndLogRequestError ../node_modules/.pnpm/@prisma+client@6.19.3_prism_d64af47a59fcb41d9
af9f9685cee22aa/node_modules/@prisma/client/src/runtime/RequestHandler.ts:[2m174:12[22m[39m
[90m [2mΓ¥»[22m ei.request ../node_modules/.pnpm/@prisma+client@6.19.3_prism_d64af47a59fcb41d9af9f9685cee22aa/n
ode_modules/@prisma/client/src/runtime/RequestHandler.ts:[2m143:12[22m[39m
[90m [2mΓ¥»[22m a ../node_modules/.pnpm/@prisma+client@6.19.3_prism_d64af47a59fcb41d9af9f9685cee22aa/node_modul
es/@prisma/client/src/runtime/getPrismaClient.ts:[2m833:24[22m[39m
[36m [2mΓ¥»[22m Object.startOnboarding onboarding/onboarding.service.ts:[2m50:23[22m[39m
    [90m 48| [39m    }
    [90m 49| [39m
    [90m 50| [39m    [35mconst[39m alternate [33m=[39m [35mawait[39m 
prisma[33m.[39malternate[33m.[39m[34mcreate[39m({
    [90m   | [39m                      [31m^[39m
    [90m 51| [39m      data[33m:[39m {
    [90m 52| [39m        userId[33m,[39m
[90m [2mΓ¥»[22m utils/__tests__/alternates.test.ts:[2m496:31[22m[39m

[31m[2mΓÄ»ΓÄ»ΓÄ»ΓÄ»ΓÄ»ΓÄ»ΓÄ»ΓÄ»ΓÄ»ΓÄ»ΓÄ»ΓÄ»ΓÄ»ΓÄ»ΓÄ»ΓÄ»ΓÄ»ΓÄ»ΓÄ»ΓÄ»ΓÄ»ΓÄ»ΓÄ»ΓÄ»ΓÄ»ΓÄ»ΓÄ»ΓÄ»ΓÄ»ΓÄ»[22m[39m
[31m[1mSerialized Error:[22m[39m [90m{ code: 'P2022', meta: { modelName: 'Alternate', column: 
'memoryEnabled' }, clientVersion: '6.19.3', batchRequestIdx: undefined }[39m
[31m[2mΓÄ»ΓÄ»ΓÄ»ΓÄ»ΓÄ»ΓÄ»ΓÄ»ΓÄ»ΓÄ»ΓÄ»ΓÄ»ΓÄ»ΓÄ»ΓÄ»ΓÄ»ΓÄ»ΓÄ»ΓÄ»ΓÄ»ΓÄ»ΓÄ»ΓÄ»[68/69]ΓÄ»[22m[39m

[41m[1m FAIL [22m[49m utils/__tests__/alternates.test.ts[2m > [22mAlternates Module[2m > [22mSources[2m 
> [22mshould delete a source with soft delete
[31m[1mPrismaClientKnownRequestError[22m: 
Invalid `prisma.alternate.create()` invocation in
C:\Users\User\Alternate me\backend\src\onboarding\onboarding.service.ts:50:46

  47   throw new ConflictError('Username is already taken');
  48 }
  49 
ΓåÆ 50 const alternate = await prisma.alternate.create(
The column `memoryEnabled` does not exist in the current database.[39m
[90m [2mΓ¥»[22m ei.handleRequestError ../node_modules/.pnpm/@prisma+client@6.19.3_prism_d64af47a59fcb41d9af9f96
85cee22aa/node_modules/@prisma/client/src/runtime/RequestHandler.ts:[2m228:13[22m[39m
[90m [2mΓ¥»[22m ei.handleAndLogRequestError ../node_modules/.pnpm/@prisma+client@6.19.3_prism_d64af47a59fcb41d9
af9f9685cee22aa/node_modules/@prisma/client/src/runtime/RequestHandler.ts:[2m174:12[22m[39m
[90m [2mΓ¥»[22m ei.request ../node_modules/.pnpm/@prisma+client@6.19.3_prism_d64af47a59fcb41d9af9f9685cee22aa/n
ode_modules/@prisma/client/src/runtime/RequestHandler.ts:[2m143:12[22m[39m
[90m [2mΓ¥»[22m a ../node_modules/.pnpm/@prisma+client@6.19.3_prism_d64af47a59fcb41d9af9f9685cee22aa/node_modul
es/@prisma/client/src/runtime/getPrismaClient.ts:[2m833:24[22m[39m
[36m [2mΓ¥»[22m Object.startOnboarding onboarding/onboarding.service.ts:[2m50:23[22m[39m
    [90m 48| [39m    }
    [90m 49| [39m
    [90m 50| [39m    [35mconst[39m alternate [33m=[39m [35mawait[39m 
prisma[33m.[39malternate[33m.[39m[34mcreate[39m({
    [90m   | [39m                      [31m^[39m
    [90m 51| [39m      data[33m:[39m {
    [90m 52| [39m        userId[33m,[39m
[90m [2mΓ¥»[22m utils/__tests__/alternates.test.ts:[2m514:31[22m[39m

[31m[2mΓÄ»ΓÄ»ΓÄ»ΓÄ»ΓÄ»ΓÄ»ΓÄ»ΓÄ»ΓÄ»ΓÄ»ΓÄ»ΓÄ»ΓÄ»ΓÄ»ΓÄ»ΓÄ»ΓÄ»ΓÄ»ΓÄ»ΓÄ»ΓÄ»ΓÄ»ΓÄ»ΓÄ»ΓÄ»ΓÄ»ΓÄ»ΓÄ»ΓÄ»ΓÄ»[22m[39m
[31m[1mSerialized Error:[22m[39m [90m{ code: 'P2022', meta: { modelName: 'Alternate', column: 
'memoryEnabled' }, clientVersion: '6.19.3', batchRequestIdx: undefined }[39m
[31m[2mΓÄ»ΓÄ»ΓÄ»ΓÄ»ΓÄ»ΓÄ»ΓÄ»ΓÄ»ΓÄ»ΓÄ»ΓÄ»ΓÄ»ΓÄ»ΓÄ»ΓÄ»ΓÄ»ΓÄ»ΓÄ»ΓÄ»ΓÄ»ΓÄ»ΓÄ»[69/69]ΓÄ»[22m[39m


